2026-02-11 19:24:30.700 Db AnalyticsReactNativeE2E[22143:1af5f25] [com.apple.CFBundle:resources] Resource lookup at CFBundle 0x600003b101c0 </Users/abueide/Library/Developer/CoreSimulator/Devices/651CE25F-D2F4-404C-AC47-0364AA5C94A1/data/Containers/Bundle/Application/9D866461-291B-48FB-B6E1-BD13006561BC/AnalyticsReactNativeE2E.app> (executable, loaded)
	Request       : RNSViewController type: nib
	Result        : None
2026-02-11 19:24:30.701 Db AnalyticsReactNativeE2E[22143:1af5f25] [com.apple.CFBundle:resources] Resource lookup at CFBundle 0x600003b101c0 </Users/abueide/Library/Developer/CoreSimulator/Devices/651CE25F-D2F4-404C-AC47-0364AA5C94A1/data/Containers/Bundle/Application/9D866461-291B-48FB-B6E1-BD13006561BC/AnalyticsReactNativeE2E.app> (executable, loaded)
	Request       : RNSView type: nib
	Result        : None
2026-02-11 19:24:30.701 Db AnalyticsReactNativeE2E[22143:1af604b] [com.apple.defaults:User Defaults] looked up value 1 for key RCTI18nUtil_makeRTLFlipLeftAndRightStyles in CFPrefsPlistSource<0x600002c00100> (Domain: org.reactjs.native.example.AnalyticsReactNativeE2E, User: kCFPreferencesCurrentUser, ByHost: No, Container: (null), Contents Need Refresh: No) via CFPrefsSearchListSource<0x600002c08100> (Domain: org.reactjs.native.example.AnalyticsReactNativeE2E, Container: (null) Non-launch persona: 0)
2026-02-11 19:24:30.701 Db AnalyticsReactNativeE2E[22143:1af604b] [com.apple.defaults:User Defaults] looked up value 1 for key RCTI18nUtil_makeRTLFlipLeftAndRightStyles in CFPrefsPlistSource<0x600002c00100> (Domain: org.reactjs.native.example.AnalyticsReactNativeE2E, User: kCFPreferencesCurrentUser, ByHost: No, Container: (null), Contents Need Refresh: No) via CFPrefsSearchListSource<0x600002c08100> (Domain: org.reactjs.native.example.AnalyticsReactNativeE2E, Container: (null) Non-launch persona: 0)
2026-02-11 19:24:30.701 Db AnalyticsReactNativeE2E[22143:1af604b] [com.apple.defaults:User Defaults] looked up value 1 for key RCTI18nUtil_makeRTLFlipLeftAndRightStyles in CFPrefsPlistSource<0x600002c00100> (Domain: org.reactjs.native.example.AnalyticsReactNativeE2E, User: kCFPreferencesCurrentUser, ByHost: No, Container: (null), Contents Need Refresh: No) via CFPrefsSearchListSource<0x600002c08100> (Domain: org.reactjs.native.example.AnalyticsReactNativeE2E, Container: (null) Non-launch persona: 0)
2026-02-11 19:24:30.701 Db AnalyticsReactNativeE2E[22143:1af5f25] [com.apple.CFBundle:resources] Resource lookup at CFBundle 0x600003b101c0 </Users/abueide/Library/Developer/CoreSimulator/Devices/651CE25F-D2F4-404C-AC47-0364AA5C94A1/data/Containers/Bundle/Application/9D866461-291B-48FB-B6E1-BD13006561BC/AnalyticsReactNativeE2E.app> (executable, loaded)
	Request       : RNSViewController type: nib
	Result        : None
2026-02-11 19:24:30.701 Db AnalyticsReactNativeE2E[22143:1af604b] [com.apple.defaults:User Defaults] looked up value 1 for key RCTI18nUtil_makeRTLFlipLeftAndRightStyles in CFPrefsPlistSource<0x600002c00100> (Domain: org.reactjs.native.example.AnalyticsReactNativeE2E, User: kCFPreferencesCurrentUser, ByHost: No, Container: (null), Contents Need Refresh: No) via CFPrefsSearchListSource<0x600002c08100> (Domain: org.reactjs.native.example.AnalyticsReactNativeE2E, Container: (null) Non-launch persona: 0)
2026-02-11 19:24:30.701 Db AnalyticsReactNativeE2E[22143:1af604b] [com.apple.defaults:User Defaults] looked up value 1 for key RCTI18nUtil_makeRTLFlipLeftAndRightStyles in CFPrefsPlistSource<0x600002c00100> (Domain: org.reactjs.native.example.AnalyticsReactNativeE2E, User: kCFPreferencesCurrentUser, ByHost: No, Container: (null), Contents Need Refresh: No) via CFPrefsSearchListSource<0x600002c08100> (Domain: org.reactjs.native.example.AnalyticsReactNativeE2E, Container: (null) Non-launch persona: 0)
2026-02-11 19:24:30.701 Db AnalyticsReactNativeE2E[22143:1af5f25] [com.apple.CFBundle:resources] Resource lookup at CFBundle 0x600003b101c0 </Users/abueide/Library/Developer/CoreSimulator/Devices/651CE25F-D2F4-404C-AC47-0364AA5C94A1/data/Containers/Bundle/Application/9D866461-291B-48FB-B6E1-BD13006561BC/AnalyticsReactNativeE2E.app> (executable, loaded)
	Request       : RNSView type: nib
	Result        : None
2026-02-11 19:24:30.701 Db AnalyticsReactNativeE2E[22143:1af604b] [com.apple.defaults:User Defaults] looked up value 1 for key RCTI18nUtil_makeRTLFlipLeftAndRightStyles in CFPrefsPlistSource<0x600002c00100> (Domain: org.reactjs.native.example.AnalyticsReactNativeE2E, User: kCFPreferencesCurrentUser, ByHost: No, Container: (null), Contents Need Refresh: No) via CFPrefsSearchListSource<0x600002c08100> (Domain: org.reactjs.native.example.AnalyticsReactNativeE2E, Container: (null) Non-launch persona: 0)
2026-02-11 19:24:30.701 Db AnalyticsReactNativeE2E[22143:1af604b] [com.apple.defaults:User Defaults] looked up value 1 for key RCTI18nUtil_makeRTLFlipLeftAndRightStyles in CFPrefsPlistSource<0x600002c00100> (Domain: org.reactjs.native.example.AnalyticsReactNativeE2E, User: kCFPreferencesCurrentUser, ByHost: No, Container: (null), Contents Need Refresh: No) via CFPrefsSearchListSource<0x600002c08100> (Domain: org.reactjs.native.example.AnalyticsReactNativeE2E, Container: (null) Non-launch persona: 0)
2026-02-11 19:24:30.701 Db AnalyticsReactNativeE2E[22143:1af604b] [com.apple.defaults:User Defaults] looked up value 1 for key RCTI18nUtil_makeRTLFlipLeftAndRightStyles in CFPrefsPlistSource<0x600002c00100> (Domain: org.reactjs.native.example.AnalyticsReactNativeE2E, User: kCFPreferencesCurrentUser, ByHost: No, Container: (null), Contents Need Refresh: No) via CFPrefsSearchListSource<0x600002c08100> (Domain: org.reactjs.native.example.AnalyticsReactNativeE2E, Container: (null) Non-launch persona: 0)
2026-02-11 19:24:30.701 Db AnalyticsReactNativeE2E[22143:1af604b] [com.apple.defaults:User Defaults] looked up value 1 for key RCTI18nUtil_makeRTLFlipLeftAndRightStyles in CFPrefsPlistSource<0x600002c00100> (Domain: org.reactjs.native.example.AnalyticsReactNativeE2E, User: kCFPreferencesCurrentUser, ByHost: No, Container: (null), Contents Need Refresh: No) via CFPrefsSearchListSource<0x600002c08100> (Domain: org.reactjs.native.example.AnalyticsReactNativeE2E, Container: (null) Non-launch persona: 0)
2026-02-11 19:24:30.701 Db AnalyticsReactNativeE2E[22143:1af604b] [com.apple.defaults:User Defaults] looked up value 1 for key RCTI18nUtil_makeRTLFlipLeftAndRightStyles in CFPrefsPlistSource<0x600002c00100> (Domain: org.reactjs.native.example.AnalyticsReactNativeE2E, User: kCFPreferencesCurrentUser, ByHost: No, Container: (null), Contents Need Refresh: No) via CFPrefsSearchListSource<0x600002c08100> (Domain: org.reactjs.native.example.AnalyticsReactNativeE2E, Container: (null) Non-launch persona: 0)
2026-02-11 19:24:30.701 Db AnalyticsReactNativeE2E[22143:1af604b] [com.apple.defaults:User Defaults] looked up value 1 for key RCTI18nUtil_makeRTLFlipLeftAndRightStyles in CFPrefsPlistSource<0x600002c00100> (Domain: org.reactjs.native.example.AnalyticsReactNativeE2E, User: kCFPreferencesCurrentUser, ByHost: No, Container: (null), Contents Need Refresh: No) via CFPrefsSearchListSource<0x600002c08100> (Domain: org.reactjs.native.example.AnalyticsReactNativeE2E, Container: (null) Non-launch persona: 0)
2026-02-11 19:24:30.701 Db AnalyticsReactNativeE2E[22143:1af604b] [com.apple.defaults:User Defaults] looked up value 1 for key RCTI18nUtil_makeRTLFlipLeftAndRightStyles in CFPrefsPlistSource<0x600002c00100> (Domain: org.reactjs.native.example.AnalyticsReactNativeE2E, User: kCFPreferencesCurrentUser, ByHost: No, Container: (null), Contents Need Refresh: No) via CFPrefsSearchListSource<0x600002c08100> (Domain: org.reactjs.native.example.AnalyticsReactNativeE2E, Container: (null) Non-launch persona: 0)
2026-02-11 19:24:30.701 Db AnalyticsReactNativeE2E[22143:1af604b] [com.apple.defaults:User Defaults] looked up value 1 for key RCTI18nUtil_makeRTLFlipLeftAndRightStyles in CFPrefsPlistSource<0x600002c00100> (Domain: org.reactjs.native.example.AnalyticsReactNativeE2E, User: kCFPreferencesCurrentUser, ByHost: No, Container: (null), Contents Need Refresh: No) via CFPrefsSearchListSource<0x600002c08100> (Domain: org.reactjs.native.example.AnalyticsReactNativeE2E, Container: (null) Non-launch persona: 0)
2026-02-11 19:24:30.701 Db AnalyticsReactNativeE2E[22143:1af604b] [com.apple.defaults:User Defaults] looked up value 1 for key RCTI18nUtil_makeRTLFlipLeftAndRightStyles in CFPrefsPlistSource<0x600002c00100> (Domain: org.reactjs.native.example.AnalyticsReactNativeE2E, User: kCFPreferencesCurrentUser, ByHost: No, Container: (null), Contents Need Refresh: No) via CFPrefsSearchListSource<0x600002c08100> (Domain: org.reactjs.native.example.AnalyticsReactNativeE2E, Container: (null) Non-launch persona: 0)
2026-02-11 19:24:30.701 Db AnalyticsReactNativeE2E[22143:1af604b] [com.apple.defaults:User Defaults] looked up value 1 for key RCTI18nUtil_makeRTLFlipLeftAndRightStyles in CFPrefsPlistSource<0x600002c00100> (Domain: org.reactjs.native.example.AnalyticsReactNativeE2E, User: kCFPreferencesCurrentUser, ByHost: No, Container: (null), Contents Need Refresh: No) via CFPrefsSearchListSource<0x600002c08100> (Domain: org.reactjs.native.example.AnalyticsReactNativeE2E, Container: (null) Non-launch persona: 0)
2026-02-11 19:24:30.701 Db AnalyticsReactNativeE2E[22143:1af604b] [com.apple.defaults:User Defaults] looked up value 1 for key RCTI18nUtil_makeRTLFlipLeftAndRightStyles in CFPrefsPlistSource<0x600002c00100> (Domain: org.reactjs.native.example.AnalyticsReactNativeE2E, User: kCFPreferencesCurrentUser, ByHost: No, Container: (null), Contents Need Refresh: No) via CFPrefsSearchListSource<0x600002c08100> (Domain: org.reactjs.native.example.AnalyticsReactNativeE2E, Container: (null) Non-launch persona: 0)
2026-02-11 19:24:30.701 Db AnalyticsReactNativeE2E[22143:1af604b] [com.apple.defaults:User Defaults] looked up value 1 for key RCTI18nUtil_makeRTLFlipLeftAndRightStyles in CFPrefsPlistSource<0x600002c00100> (Domain: org.reactjs.native.example.AnalyticsReactNativeE2E, User: kCFPreferencesCurrentUser, ByHost: No, Container: (null), Contents Need Refresh: No) via CFPrefsSearchListSource<0x600002c08100> (Domain: org.reactjs.native.example.AnalyticsReactNativeE2E, Container: (null) Non-launch persona: 0)
2026-02-11 19:24:30.701 Db AnalyticsReactNativeE2E[22143:1af604b] [com.apple.defaults:User Defaults] looked up value 1 for key RCTI18nUtil_makeRTLFlipLeftAndRightStyles in CFPrefsPlistSource<0x600002c00100> (Domain: org.reactjs.native.example.AnalyticsReactNativeE2E, User: kCFPreferencesCurrentUser, ByHost: No, Container: (null), Contents Need Refresh: No) via CFPrefsSearchListSource<0x600002c08100> (Domain: org.reactjs.native.example.AnalyticsReactNativeE2E, Container: (null) Non-launch persona: 0)
2026-02-11 19:24:30.701 Db AnalyticsReactNativeE2E[22143:1af604b] [com.apple.defaults:User Defaults] looked up value 1 for key RCTI18nUtil_makeRTLFlipLeftAndRightStyles in CFPrefsPlistSource<0x600002c00100> (Domain: org.reactjs.native.example.AnalyticsReactNativeE2E, User: kCFPreferencesCurrentUser, ByHost: No, Container: (null), Contents Need Refresh: No) via CFPrefsSearchListSource<0x600002c08100> (Domain: org.reactjs.native.example.AnalyticsReactNativeE2E, Container: (null) Non-launch persona: 0)
2026-02-11 19:24:30.701 Db AnalyticsReactNativeE2E[22143:1af604b] [com.apple.defaults:User Defaults] looked up value 1 for key RCTI18nUtil_makeRTLFlipLeftAndRightStyles in CFPrefsPlistSource<0x600002c00100> (Domain: org.reactjs.native.example.AnalyticsReactNativeE2E, User: kCFPreferencesCurrentUser, ByHost: No, Container: (null), Contents Need Refresh: No) via CFPrefsSearchListSource<0x600002c08100> (Domain: org.reactjs.native.example.AnalyticsReactNativeE2E, Container: (null) Non-launch persona: 0)
2026-02-11 19:24:30.701 Db AnalyticsReactNativeE2E[22143:1af604b] [com.apple.defaults:User Defaults] looked up value 1 for key RCTI18nUtil_makeRTLFlipLeftAndRightStyles in CFPrefsPlistSource<0x600002c00100> (Domain: org.reactjs.native.example.AnalyticsReactNativeE2E, User: kCFPreferencesCurrentUser, ByHost: No, Container: (null), Contents Need Refresh: No) via CFPrefsSearchListSource<0x600002c08100> (Domain: org.reactjs.native.example.AnalyticsReactNativeE2E, Container: (null) Non-launch persona: 0)
2026-02-11 19:24:30.701 Db AnalyticsReactNativeE2E[22143:1af604b] [com.apple.defaults:User Defaults] looked up value 1 for key RCTI18nUtil_makeRTLFlipLeftAndRightStyles in CFPrefsPlistSource<0x600002c00100> (Domain: org.reactjs.native.example.AnalyticsReactNativeE2E, User: kCFPreferencesCurrentUser, ByHost: No, Container: (null), Contents Need Refresh: No) via CFPrefsSearchListSource<0x600002c08100> (Domain: org.reactjs.native.example.AnalyticsReactNativeE2E, Container: (null) Non-launch persona: 0)
2026-02-11 19:24:30.701 Db AnalyticsReactNativeE2E[22143:1af604b] [com.apple.defaults:User Defaults] looked up value 1 for key RCTI18nUtil_makeRTLFlipLeftAndRightStyles in CFPrefsPlistSource<0x600002c00100> (Domain: org.reactjs.native.example.AnalyticsReactNativeE2E, User: kCFPreferencesCurrentUser, ByHost: No, Container: (null), Contents Need Refresh: No) via CFPrefsSearchListSource<0x600002c08100> (Domain: org.reactjs.native.example.AnalyticsReactNativeE2E, Container: (null) Non-launch persona: 0)
2026-02-11 19:24:30.701 Db AnalyticsReactNativeE2E[22143:1af604b] [com.apple.defaults:User Defaults] looked up value 1 for key RCTI18nUtil_makeRTLFlipLeftAndRightStyles in CFPrefsPlistSource<0x600002c00100> (Domain: org.reactjs.native.example.AnalyticsReactNativeE2E, User: kCFPreferencesCurrentUser, ByHost: No, Container: (null), Contents Need Refresh: No) via CFPrefsSearchListSource<0x600002c08100> (Domain: org.reactjs.native.example.AnalyticsReactNativeE2E, Container: (null) Non-launch persona: 0)
2026-02-11 19:24:30.701 Db AnalyticsReactNativeE2E[22143:1af604b] [com.apple.defaults:User Defaults] looked up value 1 for key RCTI18nUtil_makeRTLFlipLeftAndRightStyles in CFPrefsPlistSource<0x600002c00100> (Domain: org.reactjs.native.example.AnalyticsReactNativeE2E, User: kCFPreferencesCurrentUser, ByHost: No, Container: (null), Contents Need Refresh: No) via CFPrefsSearchListSource<0x600002c08100> (Domain: org.reactjs.native.example.AnalyticsReactNativeE2E, Container: (null) Non-launch persona: 0)
2026-02-11 19:24:30.701 Db AnalyticsReactNativeE2E[22143:1af604b] [com.apple.defaults:User Defaults] looked up value 1 for key RCTI18nUtil_makeRTLFlipLeftAndRightStyles in CFPrefsPlistSource<0x600002c00100> (Domain: org.reactjs.native.example.AnalyticsReactNativeE2E, User: kCFPreferencesCurrentUser, ByHost: No, Container: (null), Contents Need Refresh: No) via CFPrefsSearchListSource<0x600002c08100> (Domain: org.reactjs.native.example.AnalyticsReactNativeE2E, Container: (null) Non-launch persona: 0)
2026-02-11 19:24:30.701 Db AnalyticsReactNativeE2E[22143:1af604b] [com.apple.defaults:User Defaults] looked up value 1 for key RCTI18nUtil_makeRTLFlipLeftAndRightStyles in CFPrefsPlistSource<0x600002c00100> (Domain: org.reactjs.native.example.AnalyticsReactNativeE2E, User: kCFPreferencesCurrentUser, ByHost: No, Container: (null), Contents Need Refresh: No) via CFPrefsSearchListSource<0x600002c08100> (Domain: org.reactjs.native.example.AnalyticsReactNativeE2E, Container: (null) Non-launch persona: 0)
2026-02-11 19:24:30.701 Db AnalyticsReactNativeE2E[22143:1af604b] [com.apple.defaults:User Defaults] found no value for key NSUsesScreenFonts in CFPrefsSearchListSource<0x600002c08100> (Domain: org.reactjs.native.example.AnalyticsReactNativeE2E, Container: (null) Non-launch persona: 0)
2026-02-11 19:24:30.701 Db AnalyticsReactNativeE2E[22143:1af604b] [com.apple.defaults:User Defaults] found no value for key NSIgnoresViewTransformations in CFPrefsSearchListSource<0x600002c08100> (Domain: org.reactjs.native.example.AnalyticsReactNativeE2E, Container: (null) Non-launch persona: 0)
2026-02-11 19:24:30.701 Db AnalyticsReactNativeE2E[22143:1af604b] [com.apple.defaults:User Defaults] found no value for key NSTextShowsInvisibleCharacters in CFPrefsSearchListSource<0x600002c08100> (Domain: org.reactjs.native.example.AnalyticsReactNativeE2E, Container: (null) Non-launch persona: 0)
2026-02-11 19:24:30.701 Db AnalyticsReactNativeE2E[22143:1af604b] [com.apple.defaults:User Defaults] found no value for key NSTextShowsControlCharacters in CFPrefsSearchListSource<0x600002c08100> (Domain: org.reactjs.native.example.AnalyticsReactNativeE2E, Container: (null) Non-launch persona: 0)
2026-02-11 19:24:30.701 Db AnalyticsReactNativeE2E[22143:1af604b] [com.apple.defaults:User Defaults] found no value for key NSTextAllowsNonContiguousLayout in CFPrefsSearchListSource<0x600002c08100> (Domain: org.reactjs.native.example.AnalyticsReactNativeE2E, Container: (null) Non-launch persona: 0)
2026-02-11 19:24:30.701 Db AnalyticsReactNativeE2E[22143:1af604b] [com.apple.defaults:User Defaults] found no value for key NSTextBackgroundLayoutEnabled in CFPrefsSearchListSource<0x600002c08100> (Domain: org.reactjs.native.example.AnalyticsReactNativeE2E, Container: (null) Non-launch persona: 0)
2026-02-11 19:24:30.701 Db AnalyticsReactNativeE2E[22143:1af604b] [com.apple.defaults:User Defaults] found no value for key NSLayoutManagerForcesShowPackedGlyphs in CFPrefsSearchListSource<0x600002c08100> (Domain: org.reactjs.native.example.AnalyticsReactNativeE2E, Container: (null) Non-launch persona: 0)
2026-02-11 19:24:30.701 Db AnalyticsReactNativeE2E[22143:1af604b] [com.apple.defaults:User Defaults] found no value for key NSTypesetterBehavior in CFPrefsSearchListSource<0x600002c08100> (Domain: org.reactjs.native.example.AnalyticsReactNativeE2E, Container: (null) Non-launch persona: 0)
2026-02-11 19:24:30.701 Db AnalyticsReactNativeE2E[22143:1af604b] [com.apple.defaults:User Defaults] found no value for key NSTypesetterCompatibilityLevel in CFPrefsSearchListSource<0x600002c08100> (Domain: org.reactjs.native.example.AnalyticsReactNativeE2E, Container: (null) Non-launch persona: 0)
2026-02-11 19:24:30.701 Db AnalyticsReactNativeE2E[22143:1af604b] [com.apple.defaults:User Defaults] found no value for key NSStringDrawingTypesetterBehavior in CFPrefsSearchListSource<0x600002c08100> (Domain: org.reactjs.native.example.AnalyticsReactNativeE2E, Container: (null) Non-launch persona: 0)
2026-02-11 19:24:30.701 Db AnalyticsReactNativeE2E[22143:1af604b] [com.apple.defaults:User Defaults] setting new value 1 for key NSHyphenatesAsLastResort in CFPrefsSource<0x600001700180> (Domain: Volatile, User: , ByHost: No, Container: , Contents Need Refresh: No)
2026-02-11 19:24:30.701 Db AnalyticsReactNativeE2E[22143:1af604b] [com.apple.defaults:User Defaults] setting new value 1 for key NSUsesCFStringTokenizerForLineBreaks in CFPrefsSource<0x600001700180> (Domain: Volatile, User: , ByHost: No, Container: , Contents Need Refresh: No)
2026-02-11 19:24:30.701 Db AnalyticsReactNativeE2E[22143:1af604b] [com.apple.defaults:User Defaults] setting new value 1 for key NSUsesTextStylesForLineBreaks in CFPrefsSource<0x600001700180> (Domain: Volatile, User: , ByHost: No, Container: , Contents Need Refresh: No)
2026-02-11 19:24:30.701 Db AnalyticsReactNativeE2E[22143:1af604b] [com.apple.defaults:User Defaults] found no value for key NSUsesDefaultHyphenation in CFPrefsSearchListSource<0x600002c08100> (Domain: org.reactjs.native.example.AnalyticsReactNativeE2E, Container: (null) Non-launch persona: 0)
2026-02-11 19:24:30.703 Df AnalyticsReactNativeE2E[22143:1af5fc4] [com.apple.xpc:connection] [0x10240d230] activating connection: mach=true listener=false peer=false name=com.apple.fontservicesd
2026-02-11 19:24:30.703 Db AnalyticsReactNativeE2E[22143:1af604b] [com.apple.defaults:User Defaults] found no value for key NSTallLocalizedStrings in CFPrefsSearchListSource<0x600002c08100> (Domain: org.reactjs.native.example.AnalyticsReactNativeE2E, Container: (null) Non-launch persona: 0)
2026-02-11 19:24:30.703 Db AnalyticsReactNativeE2E[22143:1af604b] [com.apple.defaults:User Defaults] looked up value (
    "en-US"
) for key AppleLanguages in CFPrefsPlistSource<0x600002c00580> (Domain: kCFPreferencesAnyApplication, User: kCFPreferencesCurrentUser, ByHost: No, Container: /Users/abueide/Library/Developer/CoreSimulator/Devices/651CE25F-D2F4-404C-AC47-0364AA5C94A1/data, Contents Need Refresh: No) via CFPrefsSearchListSource<0x600002c08100> (Domain: org.reactjs.native.example.AnalyticsReactNativeE2E, Container: (null) Non-launch persona: 0)
2026-02-11 19:24:30.703 Db AnalyticsReactNativeE2E[22143:1af604b] [com.apple.defaults:User Defaults] looked up value (
    "en-US"
) for key AppleLanguages in CFPrefsPlistSource<0x600002c00580> (Domain: kCFPreferencesAnyApplication, User: kCFPreferencesCurrentUser, ByHost: No, Container: /Users/abueide/Library/Developer/CoreSimulator/Devices/651CE25F-D2F4-404C-AC47-0364AA5C94A1/data, Contents Need Refresh: No) via CFPrefsSearchListSource<0x600002c08100> (Domain: org.reactjs.native.example.AnalyticsReactNativeE2E, Container: (null) Non-launch persona: 0)
2026-02-11 19:24:30.704 Db AnalyticsReactNativeE2E[22143:1af604b] [com.apple.defaults:User Defaults] found no value for key NSPreTigerAttributedStringHash in CFPrefsSearchListSource<0x600002c08100> (Domain: org.reactjs.native.example.AnalyticsReactNativeE2E, Container: (null) Non-launch persona: 0)
2026-02-11 19:24:30.704 Db AnalyticsReactNativeE2E[22143:1af604b] [com.apple.defaults:User Defaults] found no value for key NSAlwaysFixAttributesLazily in CFPrefsSearchListSource<0x600002c08100> (Domain: org.reactjs.native.example.AnalyticsReactNativeE2E, Container: (null) Non-launch persona: 0)
2026-02-11 19:24:30.709 Db AnalyticsReactNativeE2E[22143:1af604b] [com.apple.defaults:User Defaults] found no value for key AppleLanguages in CFPrefsPlistSource<0x600002c00400> (Domain: kCFPreferencesAnyApplication, User: kCFPreferencesCurrentUser, ByHost: No, Container: (null), Contents Need Refresh: No)
2026-02-11 19:24:30.709 Db AnalyticsReactNativeE2E[22143:1af604b] [com.apple.defaults:User Defaults] found no value for key AppleLanguages in CFPrefsPlistSource<0x600002c00400> (Domain: kCFPreferencesAnyApplication, User: kCFPreferencesCurrentUser, ByHost: No, Container: (null), Contents Need Refresh: No)
2026-02-11 19:24:30.709 Db AnalyticsReactNativeE2E[22143:1af604b] [com.apple.defaults:User Defaults] found no value for key NSGlyphGeneratorConcreteClassName in CFPrefsSearchListSource<0x600002c08100> (Domain: org.reactjs.native.example.AnalyticsReactNativeE2E, Container: (null) Non-launch persona: 0)
2026-02-11 19:24:30.709 Db AnalyticsReactNativeE2E[22143:1af604b] [com.apple.defaults:User Defaults] found no value for key CGAllowDebuggingDefaults in CFPrefsPlistSource<0x600002c00400> (Domain: kCFPreferencesAnyApplication, User: kCFPreferencesCurrentUser, ByHost: No, Container: (null), Contents Need Refresh: No)
2026-02-11 19:24:30.710 Db AnalyticsReactNativeE2E[22143:1af604b] [com.apple.defaults:User Defaults] found no value for key _NSRaiseWithRecursiveLayoutRequest in CFPrefsSearchListSource<0x600002c08100> (Domain: org.reactjs.native.example.AnalyticsReactNativeE2E, Container: (null) Non-launch persona: 0)
2026-02-11 19:24:30.710 Db AnalyticsReactNativeE2E[22143:1af604b] [com.apple.defaults:User Defaults] found no value for key _NSAllowsScreenFontKerning in CFPrefsSearchListSource<0x600002c08100> (Domain: org.reactjs.native.example.AnalyticsReactNativeE2E, Container: (null) Non-launch persona: 0)
2026-02-11 19:24:30.710 Db AnalyticsReactNativeE2E[22143:1af604b] [com.apple.defaults:User Defaults] found no value for key AppleSystemUIFontDefaultTrack in CFPrefsPlistSource<0x600002c00400> (Domain: kCFPreferencesAnyApplication, User: kCFPreferencesCurrentUser, ByHost: No, Container: (null), Contents Need Refresh: No)
2026-02-11 19:24:30.710 Db AnalyticsReactNativeE2E[22143:1af604b] [com.apple.defaults:User Defaults] looked up value (
    "en-US"
) for key AppleLanguages in CFPrefsPlistSource<0x600002c00580> (Domain: kCFPreferencesAnyApplication, User: kCFPreferencesCurrentUser, ByHost: No, Container: /Users/abueide/Library/Developer/CoreSimulator/Devices/651CE25F-D2F4-404C-AC47-0364AA5C94A1/data, Contents Need Refresh: No) via CFPrefsSearchListSource<0x600002c08100> (Domain: org.reactjs.native.example.AnalyticsReactNativeE2E, Container: (null) Non-launch persona: 0)
2026-02-11 19:24:30.710 Df AnalyticsReactNativeE2E[22143:1af603b] [com.apple.CFNetwork:Default] Task <E0D6FF47-370C-4786-8829-378F3D851FE3>.<1> resuming, timeouts(0.0, 604800.0) qos(0x19) voucher((null)) activity(00000000-0000-0000-0000-000000000000)
2026-02-11 19:24:30.710 Db AnalyticsReactNativeE2E[22143:1af603b] [com.apple.network:activity] Returning should log: 0 for activity cfnetwork:foreground_task
2026-02-11 19:24:30.710 Db AnalyticsReactNativeE2E[22143:1af603b] [com.apple.network:activity] Activity <nw_activity 12:2 [No UUID] (parent is global) (reporting strategy default)> inheriting reporting strategy from parent <nw_activity 50:1 [DF14321C-5637-46B2-96BA-996982AFCE5C] (reporting strategy default)>
2026-02-11 19:24:30.710 Db AnalyticsReactNativeE2E[22143:1af603b] [com.apple.network:activity] Returning should log: 0 for activity cfnetwork:foreground_task
2026-02-11 19:24:30.710 Db AnalyticsReactNativeE2E[22143:1af603b] [com.apple.network:activity] Returning should log: 0 for activity cfnetwork:foreground_task
2026-02-11 19:24:30.710 Db AnalyticsReactNativeE2E[22143:1af603b] [com.apple.CFNetwork:Default] [Telemetry]: Activity <nw_activity 12:2 [AD855A66-34B9-47FC-9D62-EF00700E59AE] (parent is global) (reporting strategy default)> on Task <E0D6FF47-370C-4786-8829-378F3D851FE3>.<1> was not selected for reporting
2026-02-11 19:24:30.710 Db AnalyticsReactNativeE2E[22143:1af6038] [com.apple.defaults:User Defaults] looked up value (
    "en-US"
) for key AppleLanguages in CFPrefsPlistSource<0x600002c00580> (Domain: kCFPreferencesAnyApplication, User: kCFPreferencesCurrentUser, ByHost: No, Container: /Users/abueide/Library/Developer/CoreSimulator/Devices/651CE25F-D2F4-404C-AC47-0364AA5C94A1/data, Contents Need Refresh: No) via CFPrefsSearchListSource<0x600002c08100> (Domain: org.reactjs.native.example.AnalyticsReactNativeE2E, Container: (null) Non-launch persona: 0)
2026-02-11 19:24:30.711 Db AnalyticsReactNativeE2E[22143:1af5f25] [com.apple.defaults:User Defaults] found no value for key AssistiveTouchScannerEnabled in CFPrefsSearchListSource<0x600002c00a80> (Domain: com.apple.Accessibility, Container: (null) Non-launch persona: 0)
2026-02-11 19:24:30.711 Db AnalyticsReactNativeE2E[22143:1af5f25] [com.apple.Accessibility:AXSupportCommon] CF Read: domain = com.apple.Accessibility, preference = AssistiveTouchScannerEnabled, appID = (null) result = (null) (-1 - empty, 0 - false, 1 - true)
2026-02-11 19:24:30.711 Db AnalyticsReactNativeE2E[22143:1af5f25] [com.apple.defaults:User Defaults] found no value for key AssistiveTouchScannerEnabled in CFPrefsPlistSource<0x600002c00e80> (Domain: com.apple.Accessibility, User: kCFPreferencesCurrentUser, ByHost: No, Container: /Users/abueide/Library/Developer/CoreSimulator/Devices/651CE25F-D2F4-404C-AC47-0364AA5C94A1/data, Contents Need Refresh: No)
2026-02-11 19:24:30.713 Db AnalyticsReactNativeE2E[22143:1af5f25] [com.apple.defaults:User Defaults] found no value for key UIBarsApplyChromelessEverywhere in CFPrefsSearchListSource<0x600002c08100> (Domain: org.reactjs.native.example.AnalyticsReactNativeE2E, Container: (null) Non-launch persona: 0)
2026-02-11 19:24:30.716 I  AnalyticsReactNativeE2E[22143:1af5f25] [com.facebook.react.log:native] [GESTURE HANDLER] Initialize gesture handler for view <RCTRootContentView: 0x102425740; frame = (0 0; 402 874); gestureRecognizers = <NSArray: 0x600000015890>; layer = <CALayer: 0x600000c407b0>> reactTag: 1; frame = {{0, 0}, {402, 874}}; layer = <CALayer: 0x600000c407b0>
2026-02-11 19:24:30.717 Db AnalyticsReactNativeE2E[22143:1af604b] [com.apple.defaults:User Defaults] looked up value 1 for key RCTI18nUtil_makeRTLFlipLeftAndRightStyles in CFPrefsPlistSource<0x600002c00100> (Domain: org.reactjs.native.example.AnalyticsReactNativeE2E, User: kCFPreferencesCurrentUser, ByHost: No, Container: (null), Contents Need Refresh: No) via CFPrefsSearchListSource<0x600002c08100> (Domain: org.reactjs.native.example.AnalyticsReactNativeE2E, Container: (null) Non-launch persona: 0)
2026-02-11 19:24:30.717 Db AnalyticsReactNativeE2E[22143:1af5f25] [com.apple.defaults:User Defaults] found no value for key UIObservationTrackingLoggingEnabled in CFPrefsSearchListSource<0x600002c08100> (Domain: org.reactjs.native.example.AnalyticsReactNativeE2E, Container: (null) Non-launch persona: 0)
2026-02-11 19:24:30.718 Db AnalyticsReactNativeE2E[22143:1af5f25] [com.apple.defaults:User Defaults] found no value for key UIScrollPocketDebug in CFPrefsSearchListSource<0x600002c06a00> (Domain: com.apple.UIKit, Container: (null) Non-launch persona: 0)
2026-02-11 19:24:30.718 Db AnalyticsReactNativeE2E[22143:1af5f25] [com.apple.defaults:User Defaults] found no value for key UIScrollPocketDebugMask in CFPrefsSearchListSource<0x600002c06a00> (Domain: com.apple.UIKit, Container: (null) Non-launch persona: 0)
2026-02-11 19:24:30.718 Db AnalyticsReactNativeE2E[22143:1af5f25] [com.apple.defaults:User Defaults] found no value for key MPBackgroundScale in CFPrefsSearchListSource<0x600002c06a00> (Domain: com.apple.UIKit, Container: (null) Non-launch persona: 0)
2026-02-11 19:24:30.718 Db AnalyticsReactNativeE2E[22143:1af5f25] [com.apple.defaults:User Defaults] found no value for key MPBackgroundEnabled in CFPrefsSearchListSource<0x600002c06a00> (Domain: com.apple.UIKit, Container: (null) Non-launch persona: 0)
2026-02-11 19:24:30.718 Db AnalyticsReactNativeE2E[22143:1af5f25] [com.apple.defaults:User Defaults] found no value for key MPEffectScale in CFPrefsSearchListSource<0x600002c06a00> (Domain: com.apple.UIKit, Container: (null) Non-launch persona: 0)
2026-02-11 19:24:30.718 Db AnalyticsReactNativeE2E[22143:1af5f25] [com.apple.defaults:User Defaults] found no value for key MPEffectSoftFilter in CFPrefsSearchListSource<0x600002c06a00> (Domain: com.apple.UIKit, Container: (null) Non-launch persona: 0)
2026-02-11 19:24:30.718 Db AnalyticsReactNativeE2E[22143:1af5f25] [com.apple.defaults:User Defaults] found no value for key MPEffectHardFilter in CFPrefsSearchListSource<0x600002c06a00> (Domain: com.apple.UIKit, Container: (null) Non-launch persona: 0)
2026-02-11 19:24:30.718 Db AnalyticsReactNativeE2E[22143:1af5f25] [com.apple.defaults:User Defaults] found no value for key MPDimmingTopAlpha in CFPrefsSearchListSource<0x600002c06a00> (Domain: com.apple.UIKit, Container: (null) Non-launch persona: 0)
2026-02-11 19:24:30.718 Db AnalyticsReactNativeE2E[22143:1af5f25] [com.apple.defaults:User Defaults] found no value for key MPDimmingBottomAlpha in CFPrefsSearchListSource<0x600002c06a00> (Domain: com.apple.UIKit, Container: (null) Non-launch persona: 0)
2026-02-11 19:24:30.718 Db AnalyticsReactNativeE2E[22143:1af5f25] [com.apple.defaults:User Defaults] found no value for key MPRasterizePortals in CFPrefsSearchListSource<0x600002c06a00> (Domain: com.apple.UIKit, Container: (null) Non-launch persona: 0)
2026-02-11 19:24:30.718 Db AnalyticsReactNativeE2E[22143:1af5f25] [com.apple.defaults:User Defaults] found no value for key MPPocketRasterScale in CFPrefsSearchListSource<0x600002c06a00> (Domain: com.apple.UIKit, Container: (null) Non-launch persona: 0)
2026-02-11 19:24:30.721 Db AnalyticsReactNativeE2E[22143:1af5f25] [com.apple.defaults:User Defaults] CFPrefsManagedSource<0x600002c75780> (Domain: com.apple.SwiftUI, User: kCFPreferencesCurrentUser, ByHost: Yes, Container: (null), Contents Need Refresh: No) loaded: an empty base plist and no additional changes from the base plist
2026-02-11 19:24:30.721 Db AnalyticsReactNativeE2E[22143:1af5f25] [com.apple.defaults:User Defaults] CFPrefsManagedSource<0x600002c75800> (Domain: com.apple.SwiftUI, User: kCFPreferencesAnyUser, ByHost: Yes, Container: (null), Contents Need Refresh: No) loaded: an empty base plist and no additional changes from the base plist
2026-02-11 19:24:30.721 Db AnalyticsReactNativeE2E[22143:1af5f25] [com.apple.defaults:User Defaults] CFPrefsPlistSource<0x600002c75680> (Domain: com.apple.SwiftUI, User: kCFPreferencesCurrentUser, ByHost: No, Container: (null), Contents Need Refresh: No) loaded: an empty base plist and no additional changes from the base plist
2026-02-11 19:24:30.721 Db AnalyticsReactNativeE2E[22143:1af5f25] [com.apple.defaults:User Defaults] CFPrefsPlistSource<0x600002c75980> (Domain: com.apple.SwiftUI, User: kCFPreferencesCurrentUser, ByHost: No, Container: /Users/abueide/Library/Developer/CoreSimulator/Devices/651CE25F-D2F4-404C-AC47-0364AA5C94A1/data, Contents Need Refresh: No) loaded: an empty base plist and no additional changes from the base plist
2026-02-11 19:24:30.721 Db AnalyticsReactNativeE2E[22143:1af5f25] [com.apple.defaults:User Defaults] CFPrefsPlistSource<0x600002c75a80> (Domain: com.apple.SwiftUI, User: kCFPreferencesCurrentUser, ByHost: Yes, Container: (null), Contents Need Refresh: No) loaded: an empty base plist and no additional changes from the base plist
2026-02-11 19:24:30.721 Db AnalyticsReactNativeE2E[22143:1af5f25] [com.apple.defaults:User Defaults] found no value for key AdaptiveGlassHysteresisLightRangeArray in CFPrefsSearchListSource<0x600002c75700> (Domain: com.apple.SwiftUI, Container: (null) Non-launch persona: 0)
2026-02-11 19:24:30.721 Db AnalyticsReactNativeE2E[22143:1af5f25] [com.apple.defaults:User Defaults] found no value for key AdaptiveGlassHysteresisDarkRangeArray in CFPrefsSearchListSource<0x600002c75700> (Domain: com.apple.SwiftUI, Container: (null) Non-launch persona: 0)
2026-02-11 19:24:30.721 Db AnalyticsReactNativeE2E[22143:1af5f25] [com.apple.defaults:User Defaults] found no value for key MPLumaTrackingAnimationDuration in CFPrefsSearchListSource<0x600002c06a00> (Domain: com.apple.UIKit, Container: (null) Non-launch persona: 0)
2026-02-11 19:24:30.721 Db AnalyticsReactNativeE2E[22143:1af5f25] [com.apple.defaults:User Defaults] found no value for key MPLumaTrackingEMAWeight in CFPrefsSearchListSource<0x600002c06a00> (Domain: com.apple.UIKit, Container: (null) Non-launch persona: 0)
2026-02-11 19:24:30.721 Db AnalyticsReactNativeE2E[22143:1af5f25] [com.apple.defaults:User Defaults] found no value for key MPLumaTrackingEMASettleDelay in CFPrefsSearchListSource<0x600002c06a00> (Domain: com.apple.UIKit, Container: (null) Non-launch persona: 0)
2026-02-11 19:24:30.721 Db AnalyticsReactNativeE2E[22143:1af5f25] [com.apple.defaults:User Defaults] found no value for key MPMinimumAnimationFPS in CFPrefsSearchListSource<0x600002c06a00> (Domain: com.apple.UIKit, Container: (null) Non-launch persona: 0)
2026-02-11 19:24:30.721 Db AnalyticsReactNativeE2E[22143:1af5f25] [com.apple.CFBundle:resources] Language lookup at CFBundle 0x600003b01c00 </Library/Developer/CoreSimulator/Volumes/iOS_23C54/Library/Developer/CoreSimulator/Profiles/Runtimes/iOS 26.2.simruntime/Contents/Resources/RuntimeRoot/System/Library/PrivateFrameworks/UIKitCore.framework/Artwork.bundle> (not loaded)
	Localizations : [en]
	Dev language  : en
	User prefs    : [en-US]
	Main bundle   : [en]
	Allow mixed   : 0 
	Result        : [en]
2026-02-11 19:24:30.722 Db AnalyticsReactNativeE2E[22143:1af5f25] [com.apple.CFBundle:resources] Resource lookup at CFBundle 0x600003b01c00 </Library/Developer/CoreSimulator/Volumes/iOS_23C54/Library/Developer/CoreSimulator/Profiles/Runtimes/iOS 26.2.simruntime/Contents/Resources/RuntimeRoot/System/Library/PrivateFrameworks/UIKitCore.framework/Artwork.bundle> (not loaded)
	Request       : Assets type: car
	Result        : file:///Library/Developer/CoreSimulator/Volumes/iOS_23C54/Library/Developer/CoreSimulator/Profiles/Runtimes/iOS%2026.2.simruntime/Contents/Resources/RuntimeRoot/System/Library/PrivateFrameworks/UIKitCore.framework/Artwork.bundle/Assets.car
2026-02-11 19:24:30.723 Db AnalyticsReactNativeE2E[22143:1af6038] [com.apple.CFNetwork:ATS] Uploading ATS exception ATSAllowsLocalNetworking
2026-02-11 19:24:30.723 Db AnalyticsReactNativeE2E[22143:1af6038] [com.apple.CFNetwork:ATS] Uploading ATS exception ATSExceptionDomains
2026-02-11 19:24:30.723 A  AnalyticsReactNativeE2E[22143:1af603b] (Security) SecTrustReportNetworkingAnalytics
2026-02-11 19:24:30.723 I  AnalyticsReactNativeE2E[22143:1af6038] [com.apple.network:connection] nw_connection_create_with_id [C2] create connection to Hostname#ce1541e9:9091
2026-02-11 19:24:30.723 Df AnalyticsReactNativeE2E[22143:1af6038] [com.apple.CFNetwork:Default] Connection 2: starting, TC(0x0)
2026-02-11 19:24:30.723 Df AnalyticsReactNativeE2E[22143:1af6038] [com.apple.network:connection] [C2 CB0E8AD6-403A-47AF-A6BA-21F30EA403AA Hostname#ce1541e9:9091 tcp, url: http://localhost:9091/v1/projects/yup/settings, definite, attribution: developer, context: com.apple.CFNetwork.NSURLSession.{29291EF8-C4BC-4AFF-A6C8-FB9ECA09FBED}{(null)}{Y}{2}{0x0} (private), proc: CB006202-EEE5-3423-9C99-5026C6A5357A, delegated upid: 0] start
2026-02-11 19:24:30.723 I  AnalyticsReactNativeE2E[22143:1af6038] [com.apple.network:connection] nw_endpoint_handler_start [C2 Hostname#ce1541e9:9091 initial parent-flow ((null))]
2026-02-11 19:24:30.723 Df AnalyticsReactNativeE2E[22143:1af6038] [com.apple.network:connection] [C2 Hostname#ce1541e9:9091 initial parent-flow ((null))] event: path:start @0.000s
2026-02-11 19:24:30.723 Db AnalyticsReactNativeE2E[22143:1af5f25] [com.apple.defaults:User Defaults] looked up value 1 for key RCTI18nUtil_makeRTLFlipLeftAndRightStyles in CFPrefsPlistSource<0x600002c00100> (Domain: org.reactjs.native.example.AnalyticsReactNativeE2E, User: kCFPreferencesCurrentUser, ByHost: No, Container: (null), Contents Need Refresh: No) via CFPrefsSearchListSource<0x600002c08100> (Domain: org.reactjs.native.example.AnalyticsReactNativeE2E, Container: (null) Non-launch persona: 0)
2026-02-11 19:24:30.723 Db AnalyticsReactNativeE2E[22143:1af5f25] [com.apple.defaults:User Defaults] looked up value 1 for key RCTI18nUtil_makeRTLFlipLeftAndRightStyles in CFPrefsPlistSource<0x600002c00100> (Domain: org.reactjs.native.example.AnalyticsReactNativeE2E, User: kCFPreferencesCurrentUser, ByHost: No, Container: (null), Contents Need Refresh: No) via CFPrefsSearchListSource<0x600002c08100> (Domain: org.reactjs.native.example.AnalyticsReactNativeE2E, Container: (null) Non-launch persona: 0)
2026-02-11 19:24:30.723 Db AnalyticsReactNativeE2E[22143:1af5f25] [com.apple.defaults:User Defaults] looked up value 1 for key RCTI18nUtil_makeRTLFlipLeftAndRightStyles in CFPrefsPlistSource<0x600002c00100> (Domain: org.reactjs.native.example.AnalyticsReactNativeE2E, User: kCFPreferencesCurrentUser, ByHost: No, Container: (null), Contents Need Refresh: No) via CFPrefsSearchListSource<0x600002c08100> (Domain: org.reactjs.native.example.AnalyticsReactNativeE2E, Container: (null) Non-launch persona: 0)
2026-02-11 19:24:30.723 Db AnalyticsReactNativeE2E[22143:1af5f25] [com.apple.defaults:User Defaults] looked up value 1 for key RCTI18nUtil_makeRTLFlipLeftAndRightStyles in CFPrefsPlistSource<0x600002c00100> (Domain: org.reactjs.native.example.AnalyticsReactNativeE2E, User: kCFPreferencesCurrentUser, ByHost: No, Container: (null), Contents Need Refresh: No) via CFPrefsSearchListSource<0x600002c08100> (Domain: org.reactjs.native.example.AnalyticsReactNativeE2E, Container: (null) Non-launch persona: 0)
2026-02-11 19:24:30.723 Db AnalyticsReactNativeE2E[22143:1af5f25] [com.apple.defaults:User Defaults] looked up value 1 for key RCTI18nUtil_makeRTLFlipLeftAndRightStyles in CFPrefsPlistSource<0x600002c00100> (Domain: org.reactjs.native.example.AnalyticsReactNativeE2E, User: kCFPreferencesCurrentUser, ByHost: No, Container: (null), Contents Need Refresh: No) via CFPrefsSearchListSource<0x600002c08100> (Domain: org.reactjs.native.example.AnalyticsReactNativeE2E, Container: (null) Non-launch persona: 0)
2026-02-11 19:24:30.723 Db AnalyticsReactNativeE2E[22143:1af5f25] [com.apple.defaults:User Defaults] looked up value 1 for key RCTI18nUtil_makeRTLFlipLeftAndRightStyles in CFPrefsPlistSource<0x600002c00100> (Domain: org.reactjs.native.example.AnalyticsReactNativeE2E, User: kCFPreferencesCurrentUser, ByHost: No, Container: (null), Contents Need Refresh: No) via CFPrefsSearchListSource<0x600002c08100> (Domain: org.reactjs.native.example.AnalyticsReactNativeE2E, Container: (null) Non-launch persona: 0)
2026-02-11 19:24:30.723 Db AnalyticsReactNativeE2E[22143:1af5f25] [com.apple.defaults:User Defaults] looked up value 1 for key RCTI18nUtil_makeRTLFlipLeftAndRightStyles in CFPrefsPlistSource<0x600002c00100> (Domain: org.reactjs.native.example.AnalyticsReactNativeE2E, User: kCFPreferencesCurrentUser, ByHost: No, Container: (null), Contents Need Refresh: No) via CFPrefsSearchListSource<0x600002c08100> (Domain: org.reactjs.native.example.AnalyticsReactNativeE2E, Container: (null) Non-launch persona: 0)
2026-02-11 19:24:30.723 Df AnalyticsReactNativeE2E[22143:1af603b] [com.apple.securityd:SecError] SecTrustReportNetworkingAnalytics failed with error: -4
2026-02-11 19:24:30.723 Db AnalyticsReactNativeE2E[22143:1af6038] [com.apple.network:connection] nw_endpoint_handler_path_change [C2 Hostname#ce1541e9:9091 waiting parent-flow (satisfied (Path is satisfied), interface: en0[802.11], uses wifi, LQM: unknown)]
2026-02-11 19:24:30.723 Db AnalyticsReactNativeE2E[22143:1af5f25] [com.apple.defaults:User Defaults] looked up value 1 for key RCTI18nUtil_makeRTLFlipLeftAndRightStyles in CFPrefsPlistSource<0x600002c00100> (Domain: org.reactjs.native.example.AnalyticsReactNativeE2E, User: kCFPreferencesCurrentUser, ByHost: No, Container: (null), Contents Need Refresh: No) via CFPrefsSearchListSource<0x600002c08100> (Domain: org.reactjs.native.example.AnalyticsReactNativeE2E, Container: (null) Non-launch persona: 0)
2026-02-11 19:24:30.723 A  AnalyticsReactNativeE2E[22143:1af603b] (Security) SecTrustReportNetworkingAnalytics
2026-02-11 19:24:30.723 Db AnalyticsReactNativeE2E[22143:1af5f25] [com.apple.defaults:User Defaults] looked up value 1 for key RCTI18nUtil_makeRTLFlipLeftAndRightStyles in CFPrefsPlistSource<0x600002c00100> (Domain: org.reactjs.native.example.AnalyticsReactNativeE2E, User: kCFPreferencesCurrentUser, ByHost: No, Container: (null), Contents Need Refresh: No) via CFPrefsSearchListSource<0x600002c08100> (Domain: org.reactjs.native.example.AnalyticsReactNativeE2E, Container: (null) Non-launch persona: 0)
2026-02-11 19:24:30.723 Db AnalyticsReactNativeE2E[22143:1af5f25] [com.apple.defaults:User Defaults] looked up value 1 for key RCTI18nUtil_makeRTLFlipLeftAndRightStyles in CFPrefsPlistSource<0x600002c00100> (Domain: org.reactjs.native.example.AnalyticsReactNativeE2E, User: kCFPreferencesCurrentUser, ByHost: No, Container: (null), Contents Need Refresh: No) via CFPrefsSearchListSource<0x600002c08100> (Domain: org.reactjs.native.example.AnalyticsReactNativeE2E, Container: (null) Non-launch persona: 0)
2026-02-11 19:24:30.723 Db AnalyticsReactNativeE2E[22143:1af6038] [com.apple.networkextension:] ne_tracker_check_is_hostname_blocked() proceeding with the in_the_app check for hostname: localhost
2026-02-11 19:24:30.724 Db AnalyticsReactNativeE2E[22143:1af5f25] [com.apple.defaults:User Defaults] looked up value 1 for key RCTI18nUtil_makeRTLFlipLeftAndRightStyles in CFPrefsPlistSource<0x600002c00100> (Domain: org.reactjs.native.example.AnalyticsReactNativeE2E, User: kCFPreferencesCurrentUser, ByHost: No, Container: (null), Contents Need Refresh: No) via CFPrefsSearchListSource<0x600002c08100> (Domain: org.reactjs.native.example.AnalyticsReactNativeE2E, Container: (null) Non-launch persona: 0)
2026-02-11 19:24:30.724 Db AnalyticsReactNativeE2E[22143:1af5f25] [com.apple.defaults:User Defaults] looked up value 1 for key RCTI18nUtil_makeRTLFlipLeftAndRightStyles in CFPrefsPlistSource<0x600002c00100> (Domain: org.reactjs.native.example.AnalyticsReactNativeE2E, User: kCFPreferencesCurrentUser, ByHost: No, Container: (null), Contents Need Refresh: No) via CFPrefsSearchListSource<0x600002c08100> (Domain: org.reactjs.native.example.AnalyticsReactNativeE2E, Container: (null) Non-launch persona: 0)
2026-02-11 19:24:30.724 Db AnalyticsReactNativeE2E[22143:1af6038] [com.apple.CFBundle:resources] Resource lookup at CFBundle 0x600003b101c0 </Users/abueide/Library/Developer/CoreSimulator/Devices/651CE25F-D2F4-404C-AC47-0364AA5C94A1/data/Containers/Bundle/Application/9D866461-291B-48FB-B6E1-BD13006561BC/AnalyticsReactNativeE2E.app> (executable, loaded)
	Request       : InfoPlist type: strings
	Result        : None
2026-02-11 19:24:30.724 Db AnalyticsReactNativeE2E[22143:1af5f25] [com.apple.defaults:User Defaults] looked up value 1 for key RCTI18nUtil_makeRTLFlipLeftAndRightStyles in CFPrefsPlistSource<0x600002c00100> (Domain: org.reactjs.native.example.AnalyticsReactNativeE2E, User: kCFPreferencesCurrentUser, ByHost: No, Container: (null), Contents Need Refresh: No) via CFPrefsSearchListSource<0x600002c08100> (Domain: org.reactjs.native.example.AnalyticsReactNativeE2E, Container: (null) Non-launch persona: 0)
2026-02-11 19:24:30.724 Db AnalyticsReactNativeE2E[22143:1af6038] [com.apple.CFBundle:resources] Resource lookup at CFBundle 0x600003b101c0 </Users/abueide/Library/Developer/CoreSimulator/Devices/651CE25F-D2F4-404C-AC47-0364AA5C94A1/data/Containers/Bundle/Application/9D866461-291B-48FB-B6E1-BD13006561BC/AnalyticsReactNativeE2E.app> (executable, loaded)
	Request       : InfoPlist type: stringsdict
	Result        : None
2026-02-11 19:24:30.724 Db AnalyticsReactNativeE2E[22143:1af5f25] [com.apple.defaults:User Defaults] looked up value 1 for key RCTI18nUtil_makeRTLFlipLeftAndRightStyles in CFPrefsPlistSource<0x600002c00100> (Domain: org.reactjs.native.example.AnalyticsReactNativeE2E, User: kCFPreferencesCurrentUser, ByHost: No, Container: (null), Contents Need Refresh: No) via CFPrefsSearchListSource<0x600002c08100> (Domain: org.reactjs.native.example.AnalyticsReactNativeE2E, Container: (null) Non-launch persona: 0)
2026-02-11 19:24:30.724 Db AnalyticsReactNativeE2E[22143:1af6038] [com.apple.networkextension:] ne_tracker_check_is_hostname_blocked(): hostname localhost is not a tracker. Returning: ne_tracker_status_none
2026-02-11 19:24:30.724 Db AnalyticsReactNativeE2E[22143:1af5f25] [com.apple.defaults:User Defaults] looked up value 1 for key RCTI18nUtil_makeRTLFlipLeftAndRightStyles in CFPrefsPlistSource<0x600002c00100> (Domain: org.reactjs.native.example.AnalyticsReactNativeE2E, User: kCFPreferencesCurrentUser, ByHost: No, Container: (null), Contents Need Refresh: No) via CFPrefsSearchListSource<0x600002c08100> (Domain: org.reactjs.native.example.AnalyticsReactNativeE2E, Container: (null) Non-launch persona: 0)
2026-02-11 19:24:30.724 Db AnalyticsReactNativeE2E[22143:1af5f25] [com.apple.defaults:User Defaults] looked up value 1 for key RCTI18nUtil_makeRTLFlipLeftAndRightStyles in CFPrefsPlistSource<0x600002c00100> (Domain: org.reactjs.native.example.AnalyticsReactNativeE2E, User: kCFPreferencesCurrentUser, ByHost: No, Container: (null), Contents Need Refresh: No) via CFPrefsSearchListSource<0x600002c08100> (Domain: org.reactjs.native.example.AnalyticsReactNativeE2E, Container: (null) Non-launch persona: 0)
2026-02-11 19:24:30.724 Df AnalyticsReactNativeE2E[22143:1af6038] [com.apple.network:connection] [C2 Hostname#ce1541e9:9091 waiting parent-flow (satisfied (Path is satisfied), interface: en0[802.11], uses wifi, LQM: unknown)] event: path:satisfied @0.000s, uuid: D3D07D93-5255-4D7C-BF81-F195CA71DAED
2026-02-11 19:24:30.724 Db AnalyticsReactNativeE2E[22143:1af5f25] [com.apple.defaults:User Defaults] looked up value 1 for key RCTI18nUtil_makeRTLFlipLeftAndRightStyles in CFPrefsPlistSource<0x600002c00100> (Domain: org.reactjs.native.example.AnalyticsReactNativeE2E, User: kCFPreferencesCurrentUser, ByHost: No, Container: (null), Contents Need Refresh: No) via CFPrefsSearchListSource<0x600002c08100> (Domain: org.reactjs.native.example.AnalyticsReactNativeE2E, Container: (null) Non-launch persona: 0)
2026-02-11 19:24:30.724 Db AnalyticsReactNativeE2E[22143:1af5f25] [com.apple.defaults:User Defaults] looked up value 1 for key RCTI18nUtil_makeRTLFlipLeftAndRightStyles in CFPrefsPlistSource<0x600002c00100> (Domain: org.reactjs.native.example.AnalyticsReactNativeE2E, User: kCFPreferencesCurrentUser, ByHost: No, Container: (null), Contents Need Refresh: No) via CFPrefsSearchListSource<0x600002c08100> (Domain: org.reactjs.native.example.AnalyticsReactNativeE2E, Container: (null) Non-launch persona: 0)
2026-02-11 19:24:30.724 I  AnalyticsReactNativeE2E[22143:1af6038] [com.apple.network:connection] nw_connection_endpoint_report_on_nw_queue_block_invoke [C2 Hostname#ce1541e9:9091 waiting parent-flow (satisfied (Path is satisfied), interface: en0[802.11], uses wifi, LQM: unknown)] skipping state update
2026-02-11 19:24:30.724 Db AnalyticsReactNativeE2E[22143:1af5f25] [com.apple.defaults:User Defaults] looked up value 1 for key RCTI18nUtil_makeRTLFlipLeftAndRightStyles in CFPrefsPlistSource<0x600002c00100> (Domain: org.reactjs.native.example.AnalyticsReactNativeE2E, User: kCFPreferencesCurrentUser, ByHost: No, Container: (null), Contents Need Refresh: No) via CFPrefsSearchListSource<0x600002c08100> (Domain: org.reactjs.native.example.AnalyticsReactNativeE2E, Container: (null) Non-launch persona: 0)
2026-02-11 19:24:30.724 Db AnalyticsReactNativeE2E[22143:1af5f25] [com.apple.defaults:User Defaults] looked up value 1 for key RCTI18nUtil_makeRTLFlipLeftAndRightStyles in CFPrefsPlistSource<0x600002c00100> (Domain: org.reactjs.native.example.AnalyticsReactNativeE2E, User: kCFPreferencesCurrentUser, ByHost: No, Container: (null), Contents Need Refresh: No) via CFPrefsSearchListSource<0x600002c08100> (Domain: org.reactjs.native.example.AnalyticsReactNativeE2E, Container: (null) Non-launch persona: 0)
