2026-02-11 19:21:00.716 Db AnalyticsReactNativeE2E[21069:1af283b] [com.apple.SystemConfiguration:SCPreferences] release <SCPreferences 0x10431e190 [0x1e578fa80]> {name = SCDynamicStoreCopyProxiesWithOptions, id = /Library/Managed Preferences/mobile/com.apple.SystemConfiguration.plist, path = /Library/Managed Preferences/mobile/com.apple.SystemConfiguration.plist, accessed}
2026-02-11 19:21:00.716 Df AnalyticsReactNativeE2E[21069:1af282f] [com.apple.securityd:SecError] SecTrustReportNetworkingAnalytics failed with error: -4
2026-02-11 19:21:00.716 Db AnalyticsReactNativeE2E[21069:1af283b] [com.apple.network:connection] -[NWConcrete_nw_endpoint_resolver startWithHandler:] [C2.1 Hostname#4aa8a16c:9091 waiting resolver (satisfied (Path is satisfied), interface: en0[802.11], uses wifi, LQM: unknown)]
2026-02-11 19:21:00.716 Db AnalyticsReactNativeE2E[21069:1af2809] [com.apple.CFBundle:resources] Language lookup at CFBundle 0x600003b195e0 </Library/Developer/CoreSimulator/Volumes/iOS_23C54/Library/Developer/CoreSimulator/Profiles/Runtimes/iOS 26.2.simruntime/Contents/Resources/RuntimeRoot/System/Library/PrivateFrameworks/UIKitCore.framework/Artwork.bundle> (not loaded)
	Localizations : [en]
	Dev language  : en
	User prefs    : [en-US]
	Main bundle   : [en]
	Allow mixed   : 0 
	Result        : [en]
2026-02-11 19:21:00.716 Db AnalyticsReactNativeE2E[21069:1af283b] [com.apple.network:connection] nw_endpoint_flow_receive_report [C2 Hostname#4aa8a16c:9091 in_progress parent-flow (satisfied (Path is satisfied), interface: en0[802.11], uses wifi, LQM: unknown)] received child report: [C2.1 Hostname#4aa8a16c:9091 in_progress resolver (satisfied (Path is satisfied), interface: en0[802.11], uses wifi, LQM: unknown)]
2026-02-11 19:21:00.716 Df AnalyticsReactNativeE2E[21069:1af283b] [com.apple.network:connection] [C2.1 Hostname#4aa8a16c:9091 in_progress resolver (satisfied (Path is satisfied), interface: en0[802.11], uses wifi, LQM: unknown)] event: resolver:start_dns @0.001s
2026-02-11 19:21:00.716 Db AnalyticsReactNativeE2E[21069:1af2809] [com.apple.CFBundle:resources] Resource lookup at CFBundle 0x600003b195e0 </Library/Developer/CoreSimulator/Volumes/iOS_23C54/Library/Developer/CoreSimulator/Profiles/Runtimes/iOS 26.2.simruntime/Contents/Resources/RuntimeRoot/System/Library/PrivateFrameworks/UIKitCore.framework/Artwork.bundle> (not loaded)
	Request       : Assets type: car
	Result        : file:///Library/Developer/CoreSimulator/Volumes/iOS_23C54/Library/Developer/CoreSimulator/Profiles/Runtimes/iOS%2026.2.simruntime/Contents/Resources/RuntimeRoot/System/Library/PrivateFrameworks/UIKitCore.framework/Artwork.bundle/Assets.car
2026-02-11 19:21:00.716 Db AnalyticsReactNativeE2E[21069:1af283b] [com.apple.networkextension:] ne_tracker_check_is_hostname_blocked() proceeding with the in_the_app check for hostname: localhost
2026-02-11 19:21:00.716 Db AnalyticsReactNativeE2E[21069:1af283b] [com.apple.CFBundle:resources] Resource lookup at CFBundle 0x600003b000e0 </Users/abueide/Library/Developer/CoreSimulator/Devices/651CE25F-D2F4-404C-AC47-0364AA5C94A1/data/Containers/Bundle/Application/EE7D5645-3D09-41B7-9BE5-741B512BFF76/AnalyticsReactNativeE2E.app> (executable, loaded)
	Request       : InfoPlist type: strings
	Result        : None
2026-02-11 19:21:00.716 Db AnalyticsReactNativeE2E[21069:1af283b] [com.apple.CFBundle:resources] Resource lookup at CFBundle 0x600003b000e0 </Users/abueide/Library/Developer/CoreSimulator/Devices/651CE25F-D2F4-404C-AC47-0364AA5C94A1/data/Containers/Bundle/Application/EE7D5645-3D09-41B7-9BE5-741B512BFF76/AnalyticsReactNativeE2E.app> (executable, loaded)
	Request       : InfoPlist type: stringsdict
	Result        : None
2026-02-11 19:21:00.717 Db AnalyticsReactNativeE2E[21069:1af283b] [com.apple.networkextension:] ne_tracker_check_is_hostname_blocked(): hostname localhost is not a tracker. Returning: ne_tracker_status_none
2026-02-11 19:21:00.717 I  AnalyticsReactNativeE2E[21069:1af283b] [com.apple.network:connection] nw_resolver_create_dns_service_locked [C2.1] Starting host resolution Hostname#4aa8a16c:9091, flags 0xc000d000 proto 0
2026-02-11 19:21:00.717 Df AnalyticsReactNativeE2E[21069:1af283b] [com.apple.CFNetwork:Default] Task <CC50D9B8-3448-439D-A4E0-F274B29D6971>.<1> setting up Connection 2
2026-02-11 19:21:00.717 Db AnalyticsReactNativeE2E[21069:1af283b] [com.apple.network:activity] Returning should log: 0 for activity cfnetwork:foreground_task
2026-02-11 19:21:00.717 I  AnalyticsReactNativeE2E[21069:1af283b] [com.apple.network:connection] nw_resolver_host_resolve_callback [C2.1] flags=0x40000003 ifindex=4294967295 error=NoError(0) hostname=localhost. addr=IPv6#2c9c2f50 ttl=1
2026-02-11 19:21:00.717 I  AnalyticsReactNativeE2E[21069:1af283b] [com.apple.network:connection] nw_resolver_host_resolve_callback [C2.1] flags=0x40000002 ifindex=4294967295 error=NoError(0) hostname=localhost. addr=IPv4#59f269d3 ttl=1
2026-02-11 19:21:00.717 Db AnalyticsReactNativeE2E[21069:1af283b] [com.apple.network:] sa_dst_compare_rfc6724 Rule 6, prefer d2, d2 precedence 50 > d1 precedence 35
2026-02-11 19:21:00.717 Db AnalyticsReactNativeE2E[21069:1af283b] [com.apple.network:] sa_dst_compare_internal <private>@0 < <private>@0
2026-02-11 19:21:00.717 Db AnalyticsReactNativeE2E[21069:1af283b] [com.apple.network:connection] nw_endpoint_resolver_update [C2.1 Hostname#4aa8a16c:9091 in_progress resolver (satisfied (Path is satisfied), interface: en0[802.11], uses wifi, LQM: unknown)] resolver is complete
2026-02-11 19:21:00.717 Df AnalyticsReactNativeE2E[21069:1af283b] [com.apple.network:connection] nw_endpoint_resolver_update [C2.1 Hostname#4aa8a16c:9091 in_progress resolver (satisfied (Path is satisfied), interface: en0[802.11], uses wifi, LQM: unknown)] Adding endpoint handler for IPv6#21de5f2f.9091
2026-02-11 19:21:00.717 Db AnalyticsReactNativeE2E[21069:1af2809] [com.apple.defaults:User Defaults] looked up value 1 for key RCTI18nUtil_makeRTLFlipLeftAndRightStyles in CFPrefsPlistSource<0x600002c10080> (Domain: org.reactjs.native.example.AnalyticsReactNativeE2E, User: kCFPreferencesCurrentUser, ByHost: No, Container: (null), Contents Need Refresh: No) via CFPrefsSearchListSource<0x600002c04300> (Domain: org.reactjs.native.example.AnalyticsReactNativeE2E, Container: (null) Non-launch persona: 0)
2026-02-11 19:21:00.717 Db AnalyticsReactNativeE2E[21069:1af2809] [com.apple.defaults:User Defaults] looked up value 1 for key RCTI18nUtil_makeRTLFlipLeftAndRightStyles in CFPrefsPlistSource<0x600002c10080> (Domain: org.reactjs.native.example.AnalyticsReactNativeE2E, User: kCFPreferencesCurrentUser, ByHost: No, Container: (null), Contents Need Refresh: No) via CFPrefsSearchListSource<0x600002c04300> (Domain: org.reactjs.native.example.AnalyticsReactNativeE2E, Container: (null) Non-launch persona: 0)
2026-02-11 19:21:00.717 Db AnalyticsReactNativeE2E[21069:1af2809] [com.apple.defaults:User Defaults] looked up value 1 for key RCTI18nUtil_makeRTLFlipLeftAndRightStyles in CFPrefsPlistSource<0x600002c10080> (Domain: org.reactjs.native.example.AnalyticsReactNativeE2E, User: kCFPreferencesCurrentUser, ByHost: No, Container: (null), Contents Need Refresh: No) via CFPrefsSearchListSource<0x600002c04300> (Domain: org.reactjs.native.example.AnalyticsReactNativeE2E, Container: (null) Non-launch persona: 0)
2026-02-11 19:21:00.717 Db AnalyticsReactNativeE2E[21069:1af2809] [com.apple.defaults:User Defaults] looked up value 1 for key RCTI18nUtil_makeRTLFlipLeftAndRightStyles in CFPrefsPlistSource<0x600002c10080> (Domain: org.reactjs.native.example.AnalyticsReactNativeE2E, User: kCFPreferencesCurrentUser, ByHost: No, Container: (null), Contents Need Refresh: No) via CFPrefsSearchListSource<0x600002c04300> (Domain: org.reactjs.native.example.AnalyticsReactNativeE2E, Container: (null) Non-launch persona: 0)
2026-02-11 19:21:00.717 Db AnalyticsReactNativeE2E[21069:1af2809] [com.apple.defaults:User Defaults] looked up value 1 for key RCTI18nUtil_makeRTLFlipLeftAndRightStyles in CFPrefsPlistSource<0x600002c10080> (Domain: org.reactjs.native.example.AnalyticsReactNativeE2E, User: kCFPreferencesCurrentUser, ByHost: No, Container: (null), Contents Need Refresh: No) via CFPrefsSearchListSource<0x600002c04300> (Domain: org.reactjs.native.example.AnalyticsReactNativeE2E, Container: (null) Non-launch persona: 0)
2026-02-11 19:21:00.717 Db AnalyticsReactNativeE2E[21069:1af2809] [com.apple.defaults:User Defaults] looked up value 1 for key RCTI18nUtil_makeRTLFlipLeftAndRightStyles in CFPrefsPlistSource<0x600002c10080> (Domain: org.reactjs.native.example.AnalyticsReactNativeE2E, User: kCFPreferencesCurrentUser, ByHost: No, Container: (null), Contents Need Refresh: No) via CFPrefsSearchListSource<0x600002c04300> (Domain: org.reactjs.native.example.AnalyticsReactNativeE2E, Container: (null) Non-launch persona: 0)
2026-02-11 19:21:00.717 Db AnalyticsReactNativeE2E[21069:1af2809] [com.apple.defaults:User Defaults] looked up value 1 for key RCTI18nUtil_makeRTLFlipLeftAndRightStyles in CFPrefsPlistSource<0x600002c10080> (Domain: org.reactjs.native.example.AnalyticsReactNativeE2E, User: kCFPreferencesCurrentUser, ByHost: No, Container: (null), Contents Need Refresh: No) via CFPrefsSearchListSource<0x600002c04300> (Domain: org.reactjs.native.example.AnalyticsReactNativeE2E, Container: (null) Non-launch persona: 0)
2026-02-11 19:21:00.717 Db AnalyticsReactNativeE2E[21069:1af2809] [com.apple.defaults:User Defaults] looked up value 1 for key RCTI18nUtil_makeRTLFlipLeftAndRightStyles in CFPrefsPlistSource<0x600002c10080> (Domain: org.reactjs.native.example.AnalyticsReactNativeE2E, User: kCFPreferencesCurrentUser, ByHost: No, Container: (null), Contents Need Refresh: No) via CFPrefsSearchListSource<0x600002c04300> (Domain: org.reactjs.native.example.AnalyticsReactNativeE2E, Container: (null) Non-launch persona: 0)
2026-02-11 19:21:00.717 Db AnalyticsReactNativeE2E[21069:1af2809] [com.apple.defaults:User Defaults] looked up value 1 for key RCTI18nUtil_makeRTLFlipLeftAndRightStyles in CFPrefsPlistSource<0x600002c10080> (Domain: org.reactjs.native.example.AnalyticsReactNativeE2E, User: kCFPreferencesCurrentUser, ByHost: No, Container: (null), Contents Need Refresh: No) via CFPrefsSearchListSource<0x600002c04300> (Domain: org.reactjs.native.example.AnalyticsReactNativeE2E, Container: (null) Non-launch persona: 0)
2026-02-11 19:21:00.717 Db AnalyticsReactNativeE2E[21069:1af2809] [com.apple.defaults:User Defaults] looked up value 1 for key RCTI18nUtil_makeRTLFlipLeftAndRightStyles in CFPrefsPlistSource<0x600002c10080> (Domain: org.reactjs.native.example.AnalyticsReactNativeE2E, User: kCFPreferencesCurrentUser, ByHost: No, Container: (null), Contents Need Refresh: No) via CFPrefsSearchListSource<0x600002c04300> (Domain: org.reactjs.native.example.AnalyticsReactNativeE2E, Container: (null) Non-launch persona: 0)
2026-02-11 19:21:00.717 Db AnalyticsReactNativeE2E[21069:1af2809] [com.apple.defaults:User Defaults] looked up value 1 for key RCTI18nUtil_makeRTLFlipLeftAndRightStyles in CFPrefsPlistSource<0x600002c10080> (Domain: org.reactjs.native.example.AnalyticsReactNativeE2E, User: kCFPreferencesCurrentUser, ByHost: No, Container: (null), Contents Need Refresh: No) via CFPrefsSearchListSource<0x600002c04300> (Domain: org.reactjs.native.example.AnalyticsReactNativeE2E, Container: (null) Non-launch persona: 0)
2026-02-11 19:21:00.718 Db AnalyticsReactNativeE2E[21069:1af2809] [com.apple.defaults:User Defaults] looked up value 1 for key RCTI18nUtil_makeRTLFlipLeftAndRightStyles in CFPrefsPlistSource<0x600002c10080> (Domain: org.reactjs.native.example.AnalyticsReactNativeE2E, User: kCFPreferencesCurrentUser, ByHost: No, Container: (null), Contents Need Refresh: No) via CFPrefsSearchListSource<0x600002c04300> (Domain: org.reactjs.native.example.AnalyticsReactNativeE2E, Container: (null) Non-launch persona: 0)
2026-02-11 19:21:00.718 Db AnalyticsReactNativeE2E[21069:1af2809] [com.apple.defaults:User Defaults] looked up value 1 for key RCTI18nUtil_makeRTLFlipLeftAndRightStyles in CFPrefsPlistSource<0x600002c10080> (Domain: org.reactjs.native.example.AnalyticsReactNativeE2E, User: kCFPreferencesCurrentUser, ByHost: No, Container: (null), Contents Need Refresh: No) via CFPrefsSearchListSource<0x600002c04300> (Domain: org.reactjs.native.example.AnalyticsReactNativeE2E, Container: (null) Non-launch persona: 0)
2026-02-11 19:21:00.718 Db AnalyticsReactNativeE2E[21069:1af2809] [com.apple.defaults:User Defaults] looked up value 1 for key RCTI18nUtil_makeRTLFlipLeftAndRightStyles in CFPrefsPlistSource<0x600002c10080> (Domain: org.reactjs.native.example.AnalyticsReactNativeE2E, User: kCFPreferencesCurrentUser, ByHost: No, Container: (null), Contents Need Refresh: No) via CFPrefsSearchListSource<0x600002c04300> (Domain: org.reactjs.native.example.AnalyticsReactNativeE2E, Container: (null) Non-launch persona: 0)
2026-02-11 19:21:00.718 Db AnalyticsReactNativeE2E[21069:1af2809] [com.apple.defaults:User Defaults] looked up value 1 for key RCTI18nUtil_makeRTLFlipLeftAndRightStyles in CFPrefsPlistSource<0x600002c10080> (Domain: org.reactjs.native.example.AnalyticsReactNativeE2E, User: kCFPreferencesCurrentUser, ByHost: No, Container: (null), Contents Need Refresh: No) via CFPrefsSearchListSource<0x600002c04300> (Domain: org.reactjs.native.example.AnalyticsReactNativeE2E, Container: (null) Non-launch persona: 0)
2026-02-11 19:21:00.718 Db AnalyticsReactNativeE2E[21069:1af2809] [com.apple.defaults:User Defaults] looked up value 1 for key RCTI18nUtil_makeRTLFlipLeftAndRightStyles in CFPrefsPlistSource<0x600002c10080> (Domain: org.reactjs.native.example.AnalyticsReactNativeE2E, User: kCFPreferencesCurrentUser, ByHost: No, Container: (null), Contents Need Refresh: No) via CFPrefsSearchListSource<0x600002c04300> (Domain: org.reactjs.native.example.AnalyticsReactNativeE2E, Container: (null) Non-launch persona: 0)
2026-02-11 19:21:00.718 Db AnalyticsReactNativeE2E[21069:1af2809] [com.apple.defaults:User Defaults] looked up value 1 for key RCTI18nUtil_makeRTLFlipLeftAndRightStyles in CFPrefsPlistSource<0x600002c10080> (Domain: org.reactjs.native.example.AnalyticsReactNativeE2E, User: kCFPreferencesCurrentUser, ByHost: No, Container: (null), Contents Need Refresh: No) via CFPrefsSearchListSource<0x600002c04300> (Domain: org.reactjs.native.example.AnalyticsReactNativeE2E, Container: (null) Non-launch persona: 0)
2026-02-11 19:21:00.718 Db AnalyticsReactNativeE2E[21069:1af2809] [com.apple.defaults:User Defaults] looked up value 1 for key RCTI18nUtil_makeRTLFlipLeftAndRightStyles in CFPrefsPlistSource<0x600002c10080> (Domain: org.reactjs.native.example.AnalyticsReactNativeE2E, User: kCFPreferencesCurrentUser, ByHost: No, Container: (null), Contents Need Refresh: No) via CFPrefsSearchListSource<0x600002c04300> (Domain: org.reactjs.native.example.AnalyticsReactNativeE2E, Container: (null) Non-launch persona: 0)
2026-02-11 19:21:00.718 Db AnalyticsReactNativeE2E[21069:1af2809] [com.apple.defaults:User Defaults] looked up value 1 for key RCTI18nUtil_makeRTLFlipLeftAndRightStyles in CFPrefsPlistSource<0x600002c10080> (Domain: org.reactjs.native.example.AnalyticsReactNativeE2E, User: kCFPreferencesCurrentUser, ByHost: No, Container: (null), Contents Need Refresh: No) via CFPrefsSearchListSource<0x600002c04300> (Domain: org.reactjs.native.example.AnalyticsReactNativeE2E, Container: (null) Non-launch persona: 0)
2026-02-11 19:21:00.718 Db AnalyticsReactNativeE2E[21069:1af2809] [com.apple.defaults:User Defaults] looked up value 1 for key RCTI18nUtil_makeRTLFlipLeftAndRightStyles in CFPrefsPlistSource<0x600002c10080> (Domain: org.reactjs.native.example.AnalyticsReactNativeE2E, User: kCFPreferencesCurrentUser, ByHost: No, Container: (null), Contents Need Refresh: No) via CFPrefsSearchListSource<0x600002c04300> (Domain: org.reactjs.native.example.AnalyticsReactNativeE2E, Container: (null) Non-launch persona: 0)
2026-02-11 19:21:00.718 Db AnalyticsReactNativeE2E[21069:1af2809] [com.apple.defaults:User Defaults] looked up value 1 for key RCTI18nUtil_makeRTLFlipLeftAndRightStyles in CFPrefsPlistSource<0x600002c10080> (Domain: org.reactjs.native.example.AnalyticsReactNativeE2E, User: kCFPreferencesCurrentUser, ByHost: No, Container: (null), Contents Need Refresh: No) via CFPrefsSearchListSource<0x600002c04300> (Domain: org.reactjs.native.example.AnalyticsReactNativeE2E, Container: (null) Non-launch persona: 0)
2026-02-11 19:21:00.718 Db AnalyticsReactNativeE2E[21069:1af2809] [com.apple.defaults:User Defaults] looked up value 1 for key RCTI18nUtil_makeRTLFlipLeftAndRightStyles in CFPrefsPlistSource<0x600002c10080> (Domain: org.reactjs.native.example.AnalyticsReactNativeE2E, User: kCFPreferencesCurrentUser, ByHost: No, Container: (null), Contents Need Refresh: No) via CFPrefsSearchListSource<0x600002c04300> (Domain: org.reactjs.native.example.AnalyticsReactNativeE2E, Container: (null) Non-launch persona: 0)
2026-02-11 19:21:00.718 Db AnalyticsReactNativeE2E[21069:1af2809] [com.apple.defaults:User Defaults] looked up value 1 for key RCTI18nUtil_makeRTLFlipLeftAndRightStyles in CFPrefsPlistSource<0x600002c10080> (Domain: org.reactjs.native.example.AnalyticsReactNativeE2E, User: kCFPreferencesCurrentUser, ByHost: No, Container: (null), Contents Need Refresh: No) via CFPrefsSearchListSource<0x600002c04300> (Domain: org.reactjs.native.example.AnalyticsReactNativeE2E, Container: (null) Non-launch persona: 0)
2026-02-11 19:21:00.718 Db AnalyticsReactNativeE2E[21069:1af2809] [com.apple.defaults:User Defaults] looked up value 1 for key RCTI18nUtil_makeRTLFlipLeftAndRightStyles in CFPrefsPlistSource<0x600002c10080> (Domain: org.reactjs.native.example.AnalyticsReactNativeE2E, User: kCFPreferencesCurrentUser, ByHost: No, Container: (null), Contents Need Refresh: No) via CFPrefsSearchListSource<0x600002c04300> (Domain: org.reactjs.native.example.AnalyticsReactNativeE2E, Container: (null) Non-launch persona: 0)
2026-02-11 19:21:00.718 Db AnalyticsReactNativeE2E[21069:1af2809] [com.apple.defaults:User Defaults] looked up value 1 for key RCTI18nUtil_makeRTLFlipLeftAndRightStyles in CFPrefsPlistSource<0x600002c10080> (Domain: org.reactjs.native.example.AnalyticsReactNativeE2E, User: kCFPreferencesCurrentUser, ByHost: No, Container: (null), Contents Need Refresh: No) via CFPrefsSearchListSource<0x600002c04300> (Domain: org.reactjs.native.example.AnalyticsReactNativeE2E, Container: (null) Non-launch persona: 0)
2026-02-11 19:21:00.718 Db AnalyticsReactNativeE2E[21069:1af2809] [com.apple.defaults:User Defaults] looked up value 1 for key RCTI18nUtil_makeRTLFlipLeftAndRightStyles in CFPrefsPlistSource<0x600002c10080> (Domain: org.reactjs.native.example.AnalyticsReactNativeE2E, User: kCFPreferencesCurrentUser, ByHost: No, Container: (null), Contents Need Refresh: No) via CFPrefsSearchListSource<0x600002c04300> (Domain: org.reactjs.native.example.AnalyticsReactNativeE2E, Container: (null) Non-launch persona: 0)
2026-02-11 19:21:00.718 Db AnalyticsReactNativeE2E[21069:1af2809] [com.apple.defaults:User Defaults] looked up value 1 for key RCTI18nUtil_makeRTLFlipLeftAndRightStyles in CFPrefsPlistSource<0x600002c10080> (Domain: org.reactjs.native.example.AnalyticsReactNativeE2E, User: kCFPreferencesCurrentUser, ByHost: No, Container: (null), Contents Need Refresh: No) via CFPrefsSearchListSource<0x600002c04300> (Domain: org.reactjs.native.example.AnalyticsReactNativeE2E, Container: (null) Non-launch persona: 0)
2026-02-11 19:21:00.718 Db AnalyticsReactNativeE2E[21069:1af2809] [com.apple.defaults:User Defaults] looked up value 1 for key RCTI18nUtil_makeRTLFlipLeftAndRightStyles in CFPrefsPlistSource<0x600002c10080> (Domain: org.reactjs.native.example.AnalyticsReactNativeE2E, User: kCFPreferencesCurrentUser, ByHost: No, Container: (null), Contents Need Refresh: No) via CFPrefsSearchListSource<0x600002c04300> (Domain: org.reactjs.native.example.AnalyticsReactNativeE2E, Container: (null) Non-launch persona: 0)
2026-02-11 19:21:00.718 Db AnalyticsReactNativeE2E[21069:1af2809] [com.apple.defaults:User Defaults] looked up value 1 for key RCTI18nUtil_makeRTLFlipLeftAndRightStyles in CFPrefsPlistSource<0x600002c10080> (Domain: org.reactjs.native.example.AnalyticsReactNativeE2E, User: kCFPreferencesCurrentUser, ByHost: No, Container: (null), Contents Need Refresh: No) via CFPrefsSearchListSource<0x600002c04300> (Domain: org.reactjs.native.example.AnalyticsReactNativeE2E, Container: (null) Non-launch persona: 0)
2026-02-11 19:21:00.718 Db AnalyticsReactNativeE2E[21069:1af2809] [com.apple.defaults:User Defaults] looked up value 1 for key RCTI18nUtil_makeRTLFlipLeftAndRightStyles in CFPrefsPlistSource<0x600002c10080> (Domain: org.reactjs.native.example.AnalyticsReactNativeE2E, User: kCFPreferencesCurrentUser, ByHost: No, Container: (null), Contents Need Refresh: No) via CFPrefsSearchListSource<0x600002c04300> (Domain: org.reactjs.native.example.AnalyticsReactNativeE2E, Container: (null) Non-launch persona: 0)
2026-02-11 19:21:00.718 Db AnalyticsReactNativeE2E[21069:1af282f] [com.apple.runningboard:message] PERF: [app<org.reactjs.native.example.AnalyticsReactNativeE2E((null))>:21069] Received message from runningboardd: async_didChangeInheritances:completion:
2026-02-11 19:21:00.718 Db AnalyticsReactNativeE2E[21069:1af2809] [com.apple.defaults:User Defaults] looked up value 1 for key RCTI18nUtil_makeRTLFlipLeftAndRightStyles in CFPrefsPlistSource<0x600002c10080> (Domain: org.reactjs.native.example.AnalyticsReactNativeE2E, User: kCFPreferencesCurrentUser, ByHost: No, Container: (null), Contents Need Refresh: No) via CFPrefsSearchListSource<0x600002c04300> (Domain: org.reactjs.native.example.AnalyticsReactNativeE2E, Container: (null) Non-launch persona: 0)
2026-02-11 19:21:00.718 Db AnalyticsReactNativeE2E[21069:1af2809] [com.apple.defaults:User Defaults] looked up value 1 for key RCTI18nUtil_makeRTLFlipLeftAndRightStyles in CFPrefsPlistSource<0x600002c10080> (Domain: org.reactjs.native.example.AnalyticsReactNativeE2E, User: kCFPreferencesCurrentUser, ByHost: No, Container: (null), Contents Need Refresh: No) via CFPrefsSearchListSource<0x600002c04300> (Domain: org.reactjs.native.example.AnalyticsReactNativeE2E, Container: (null) Non-launch persona: 0)
2026-02-11 19:21:00.718 Db AnalyticsReactNativeE2E[21069:1af2809] [com.apple.defaults:User Defaults] looked up value 1 for key RCTI18nUtil_makeRTLFlipLeftAndRightStyles in CFPrefsPlistSource<0x600002c10080> (Domain: org.reactjs.native.example.AnalyticsReactNativeE2E, User: kCFPreferencesCurrentUser, ByHost: No, Container: (null), Contents Need Refresh: No) via CFPrefsSearchListSource<0x600002c04300> (Domain: org.reactjs.native.example.AnalyticsReactNativeE2E, Container: (null) Non-launch persona: 0)
2026-02-11 19:21:00.718 A  AnalyticsReactNativeE2E[21069:1af282f] (RunningBoardServices) didChangeInheritances
2026-02-11 19:21:00.718 Db AnalyticsReactNativeE2E[21069:1af2809] [com.apple.defaults:User Defaults] looked up value 1 for key RCTI18nUtil_makeRTLFlipLeftAndRightStyles in CFPrefsPlistSource<0x600002c10080> (Domain: org.reactjs.native.example.AnalyticsReactNativeE2E, User: kCFPreferencesCurrentUser, ByHost: No, Container: (null), Contents Need Refresh: No) via CFPrefsSearchListSource<0x600002c04300> (Domain: org.reactjs.native.example.AnalyticsReactNativeE2E, Container: (null) Non-launch persona: 0)
2026-02-11 19:21:00.718 Db AnalyticsReactNativeE2E[21069:1af2809] [com.apple.defaults:User Defaults] looked up value 1 for key RCTI18nUtil_makeRTLFlipLeftAndRightStyles in CFPrefsPlistSource<0x600002c10080> (Domain: org.reactjs.native.example.AnalyticsReactNativeE2E, User: kCFPreferencesCurrentUser, ByHost: No, Container: (null), Contents Need Refresh: No) via CFPrefsSearchListSource<0x600002c04300> (Domain: org.reactjs.native.example.AnalyticsReactNativeE2E, Container: (null) Non-launch persona: 0)
2026-02-11 19:21:00.718 Db AnalyticsReactNativeE2E[21069:1af2809] [com.apple.defaults:User Defaults] looked up value 1 for key RCTI18nUtil_makeRTLFlipLeftAndRightStyles in CFPrefsPlistSource<0x600002c10080> (Domain: org.reactjs.native.example.AnalyticsReactNativeE2E, User: kCFPreferencesCurrentUser, ByHost: No, Container: (null), Contents Need Refresh: No) via CFPrefsSearchListSource<0x600002c04300> (Domain: org.reactjs.native.example.AnalyticsReactNativeE2E, Container: (null) Non-launch persona: 0)
2026-02-11 19:21:00.718 Db AnalyticsReactNativeE2E[21069:1af2809] [com.apple.defaults:User Defaults] looked up value 1 for key RCTI18nUtil_makeRTLFlipLeftAndRightStyles in CFPrefsPlistSource<0x600002c10080> (Domain: org.reactjs.native.example.AnalyticsReactNativeE2E, User: kCFPreferencesCurrentUser, ByHost: No, Container: (null), Contents Need Refresh: No) via CFPrefsSearchListSource<0x600002c04300> (Domain: org.reactjs.native.example.AnalyticsReactNativeE2E, Container: (null) Non-launch persona: 0)
2026-02-11 19:21:00.718 Db AnalyticsReactNativeE2E[21069:1af282f] [com.apple.runningboard:connection] didChangeInheritances: <RBSInheritanceChangeSet| gained:(null) lost:{(
    <RBSInheritance| environment:UIScene:com.apple.frontboard.systemappservices/FBSceneManager:sceneID%3Aorg.reactjs.native.example.AnalyticsReactNativeE2E-default name:com.apple.frontboard.visibility origID:1422-1419-1317 payload 18348668041502042917>
)}>
2026-02-11 19:21:00.718 Db AnalyticsReactNativeE2E[21069:1af2809] [com.apple.defaults:User Defaults] looked up value 1 for key RCTI18nUtil_makeRTLFlipLeftAndRightStyles in CFPrefsPlistSource<0x600002c10080> (Domain: org.reactjs.native.example.AnalyticsReactNativeE2E, User: kCFPreferencesCurrentUser, ByHost: No, Container: (null), Contents Need Refresh: No) via CFPrefsSearchListSource<0x600002c04300> (Domain: org.reactjs.native.example.AnalyticsReactNativeE2E, Container: (null) Non-launch persona: 0)
2026-02-11 19:21:00.718 Db AnalyticsReactNativeE2E[21069:1af2809] [com.apple.defaults:User Defaults] looked up value 1 for key RCTI18nUtil_makeRTLFlipLeftAndRightStyles in CFPrefsPlistSource<0x600002c10080> (Domain: org.reactjs.native.example.AnalyticsReactNativeE2E, User: kCFPreferencesCurrentUser, ByHost: No, Container: (null), Contents Need Refresh: No) via CFPrefsSearchListSource<0x600002c04300> (Domain: org.reactjs.native.example.AnalyticsReactNativeE2E, Container: (null) Non-launch persona: 0)
2026-02-11 19:21:00.717 Df AnalyticsReactNativeE2E[21069:1af283b] [com.apple.network:connection] nw_endpoint_resolver_update [C2.1 Hostname#4aa8a16c:9091 in_progress resolver (satisfied (Path is satisfied), interface: en0[802.11], uses wifi, LQM: unknown)] Adding endpoint handler for IPv4#9b61d8b8:9091
2026-02-11 19:21:00.718 Db AnalyticsReactNativeE2E[21069:1af2809] [com.apple.defaults:User Defaults] looked up value 1 for key RCTI18nUtil_makeRTLFlipLeftAndRightStyles in CFPrefsPlistSource<0x600002c10080> (Domain: org.reactjs.native.example.AnalyticsReactNativeE2E, User: kCFPreferencesCurrentUser, ByHost: No, Container: (null), Contents Need Refresh: No) via CFPrefsSearchListSource<0x600002c04300> (Domain: org.reactjs.native.example.AnalyticsReactNativeE2E, Container: (null) Non-launch persona: 0)
2026-02-11 19:21:00.718 Db AnalyticsReactNativeE2E[21069:1af283b] [com.apple.network:connection] nw_endpoint_resolver_update [C2.1 Hostname#4aa8a16c:9091 in_progress resolver (satisfied (Path is satisfied), interface: en0[802.11], uses wifi, LQM: unknown)] Updated endpoint list is (IPv6#21de5f2f.9091,IPv4#9b61d8b8:9091)
2026-02-11 19:21:00.719 Db AnalyticsReactNativeE2E[21069:1af2809] [com.apple.defaults:User Defaults] looked up value 1 for key RCTI18nUtil_makeRTLFlipLeftAndRightStyles in CFPrefsPlistSource<0x600002c10080> (Domain: org.reactjs.native.example.AnalyticsReactNativeE2E, User: kCFPreferencesCurrentUser, ByHost: No, Container: (null), Contents Need Refresh: No) via CFPrefsSearchListSource<0x600002c04300> (Domain: org.reactjs.native.example.AnalyticsReactNativeE2E, Container: (null) Non-launch persona: 0)
2026-02-11 19:21:00.719 Db AnalyticsReactNativeE2E[21069:1af2809] [com.apple.defaults:User Defaults] looked up value 1 for key RCTI18nUtil_makeRTLFlipLeftAndRightStyles in CFPrefsPlistSource<0x600002c10080> (Domain: org.reactjs.native.example.AnalyticsReactNativeE2E, User: kCFPreferencesCurrentUser, ByHost: No, Container: (null), Contents Need Refresh: No) via CFPrefsSearchListSource<0x600002c04300> (Domain: org.reactjs.native.example.AnalyticsReactNativeE2E, Container: (null) Non-launch persona: 0)
2026-02-11 19:21:00.719 Db AnalyticsReactNativeE2E[21069:1af2809] [com.apple.defaults:User Defaults] looked up value 1 for key RCTI18nUtil_makeRTLFlipLeftAndRightStyles in CFPrefsPlistSource<0x600002c10080> (Domain: org.reactjs.native.example.AnalyticsReactNativeE2E, User: kCFPreferencesCurrentUser, ByHost: No, Container: (null), Contents Need Refresh: No) via CFPrefsSearchListSource<0x600002c04300> (Domain: org.reactjs.native.example.AnalyticsReactNativeE2E, Container: (null) Non-launch persona: 0)
2026-02-11 19:21:00.719 Db AnalyticsReactNativeE2E[21069:1af2809] [com.apple.defaults:User Defaults] looked up value 1 for key RCTI18nUtil_makeRTLFlipLeftAndRightStyles in CFPrefsPlistSource<0x600002c10080> (Domain: org.reactjs.native.example.AnalyticsReactNativeE2E, User: kCFPreferencesCurrentUser, ByHost: No, Container: (null), Contents Need Refresh: No) via CFPrefsSearchListSource<0x600002c04300> (Domain: org.reactjs.native.example.AnalyticsReactNativeE2E, Container: (null) Non-launch persona: 0)
2026-02-11 19:21:00.719 Db AnalyticsReactNativeE2E[21069:1af2809] [com.apple.defaults:User Defaults] looked up value 1 for key RCTI18nUtil_makeRTLFlipLeftAndRightStyles in CFPrefsPlistSource<0x600002c10080> (Domain: org.reactjs.native.example.AnalyticsReactNativeE2E, User: kCFPreferencesCurrentUser, ByHost: No, Container: (null), Contents Need Refresh: No) via CFPrefsSearchListSource<0x600002c04300> (Domain: org.reactjs.native.example.AnalyticsReactNativeE2E, Container: (null) Non-launch persona: 0)
2026-02-11 19:21:00.719 Db AnalyticsReactNativeE2E[21069:1af2809] [com.apple.defaults:User Defaults] looked up value 1 for key RCTI18nUtil_makeRTLFlipLeftAndRightStyles in CFPrefsPlistSource<0x600002c10080> (Domain: org.reactjs.native.example.AnalyticsReactNativeE2E, User: kCFPreferencesCurrentUser, ByHost: No, Container: (null), Contents Need Refresh: No) via CFPrefsSearchListSource<0x600002c04300> (Domain: org.reactjs.native.example.AnalyticsReactNativeE2E, Container: (null) Non-launch persona: 0)
2026-02-11 19:21:00.719 Db AnalyticsReactNativeE2E[21069:1af2809] [com.apple.defaults:User Defaults] looked up value 1 for key RCTI18nUtil_makeRTLFlipLeftAndRightStyles in CFPrefsPlistSource<0x600002c10080> (Domain: org.reactjs.native.example.AnalyticsReactNativeE2E, User: kCFPreferencesCurrentUser, ByHost: No, Container: (null), Contents Need Refresh: No) via CFPrefsSearchListSource<0x600002c04300> (Domain: org.reactjs.native.example.AnalyticsReactNativeE2E, Container: (null) Non-launch persona: 0)
2026-02-11 19:21:00.719 Db AnalyticsReactNativeE2E[21069:1af2809] [com.apple.defaults:User Defaults] looked up value 1 for key RCTI18nUtil_makeRTLFlipLeftAndRightStyles in CFPrefsPlistSource<0x600002c10080> (Domain: org.reactjs.native.example.AnalyticsReactNativeE2E, User: kCFPreferencesCurrentUser, ByHost: No, Container: (null), Contents Need Refresh: No) via CFPrefsSearchListSource<0x600002c04300> (Domain: org.reactjs.native.example.AnalyticsReactNativeE2E, Container: (null) Non-launch persona: 0)
2026-02-11 19:21:00.719 Db AnalyticsReactNativeE2E[21069:1af2809] [com.apple.defaults:User Defaults] looked up value 1 for key RCTI18nUtil_makeRTLFlipLeftAndRightStyles in CFPrefsPlistSource<0x600002c10080> (Domain: org.reactjs.native.example.AnalyticsReactNativeE2E, User: kCFPreferencesCurrentUser, ByHost: No, Container: (null), Contents Need Refresh: No) via CFPrefsSearchListSource<0x600002c04300> (Domain: org.reactjs.native.example.AnalyticsReactNativeE2E, Container: (null) Non-launch persona: 0)
2026-02-11 19:21:00.719 Db AnalyticsReactNativeE2E[21069:1af2809] [com.apple.defaults:User Defaults] looked up value 1 for key RCTI18nUtil_makeRTLFlipLeftAndRightStyles in CFPrefsPlistSource<0x600002c10080> (Domain: org.reactjs.native.example.AnalyticsReactNativeE2E, User: kCFPreferencesCurrentUser, ByHost: No, Container: (null), Contents Need Refresh: No) via CFPrefsSearchListSource<0x600002c04300> (Domain: org.reactjs.native.example.AnalyticsReactNativeE2E, Container: (null) Non-launch persona: 0)
2026-02-11 19:21:00.719 Db AnalyticsReactNativeE2E[21069:1af283b] [com.apple.network:connection] nw_endpoint_flow_receive_report [C2 Hostname#4aa8a16c:9091 in_progress parent-flow (satisfied (Path is satisfied), interface: en0[802.11], uses wifi, LQM: unknown)] received child report: [C2.1 Hostname#4aa8a16c:9091 in_progress resolver (satisfied (Path is satisfied), interface: en0[802.11], uses wifi, LQM: unknown)]
2026-02-11 19:21:00.719 Db AnalyticsReactNativeE2E[21069:1af2809] [com.apple.defaults:User Defaults] looked up value 1 for key RCTI18nUtil_makeRTLFlipLeftAndRightStyles in CFPrefsPlistSource<0x600002c10080> (Domain: org.reactjs.native.example.AnalyticsReactNativeE2E, User: kCFPreferencesCurrentUser, ByHost: No, Container: (null), Contents Need Refresh: No) via CFPrefsSearchListSource<0x600002c04300> (Domain: org.reactjs.native.example.AnalyticsReactNativeE2E, Container: (null) Non-launch persona: 0)
2026-02-11 19:21:00.719 Db AnalyticsReactNativeE2E[21069:1af2809] [com.apple.defaults:User Defaults] looked up value 1 for key RCTI18nUtil_makeRTLFlipLeftAndRightStyles in CFPrefsPlistSource<0x600002c10080> (Domain: org.reactjs.native.example.AnalyticsReactNativeE2E, User: kCFPreferencesCurrentUser, ByHost: No, Container: (null), Contents Need Refresh: No) via CFPrefsSearchListSource<0x600002c04300> (Domain: org.reactjs.native.example.AnalyticsReactNativeE2E, Container: (null) Non-launch persona: 0)
2026-02-11 19:21:00.719 Db AnalyticsReactNativeE2E[21069:1af2809] [com.apple.defaults:User Defaults] looked up value 1 for key RCTI18nUtil_makeRTLFlipLeftAndRightStyles in CFPrefsPlistSource<0x600002c10080> (Domain: org.reactjs.native.example.AnalyticsReactNativeE2E, User: kCFPreferencesCurrentUser, ByHost: No, Container: (null), Contents Need Refresh: No) via CFPrefsSearchListSource<0x600002c04300> (Domain: org.reactjs.native.example.AnalyticsReactNativeE2E, Container: (null) Non-launch persona: 0)
2026-02-11 19:21:00.719 Db AnalyticsReactNativeE2E[21069:1af2809] [com.apple.defaults:User Defaults] looked up value 1 for key RCTI18nUtil_makeRTLFlipLeftAndRightStyles in CFPrefsPlistSource<0x600002c10080> (Domain: org.reactjs.native.example.AnalyticsReactNativeE2E, User: kCFPreferencesCurrentUser, ByHost: No, Container: (null), Contents Need Refresh: No) via CFPrefsSearchListSource<0x600002c04300> (Domain: org.reactjs.native.example.AnalyticsReactNativeE2E, Container: (null) Non-launch persona: 0)
2026-02-11 19:21:00.719 Db AnalyticsReactNativeE2E[21069:1af2809] [com.apple.defaults:User Defaults] looked up value 1 for key RCTI18nUtil_makeRTLFlipLeftAndRightStyles in CFPrefsPlistSource<0x600002c10080> (Domain: org.reactjs.native.example.AnalyticsReactNativeE2E, User: kCFPreferencesCurrentUser, ByHost: No, Container: (null), Contents Need Refresh: No) via CFPrefsSearchListSource<0x600002c04300> (Domain: org.reactjs.native.example.AnalyticsReactNativeE2E, Container: (null) Non-launch persona: 0)
2026-02-11 19:21:00.719 Db AnalyticsReactNativeE2E[21069:1af2809] [com.apple.defaults:User Defaults] looked up value 1 for key RCTI18nUtil_makeRTLFlipLeftAndRightStyles in CFPrefsPlistSource<0x600002c10080> (Domain: org.reactjs.native.example.AnalyticsReactNativeE2E, User: kCFPreferencesCurrentUser, ByHost: No, Container: (null), Contents Need Refresh: No) via CFPrefsSearchListSource<0x600002c04300> (Domain: org.reactjs.native.example.AnalyticsReactNativeE2E, Container: (null) Non-launch persona: 0)
2026-02-11 19:21:00.719 Df AnalyticsReactNativeE2E[21069:1af283b] [com.apple.network:connection] [C2.1 Hostname#4aa8a16c:9091 in_progress resolver (satisfied (Path is satisfied), interface: en0[802.11], uses wifi, LQM: unknown)] event: resolver:receive_dns @0.004s
2026-02-11 19:21:00.719 Db AnalyticsReactNativeE2E[21069:1af2809] [com.apple.defaults:User Defaults] looked up value 1 for key RCTI18nUtil_makeRTLFlipLeftAndRightStyles in CFPrefsPlistSource<0x600002c10080> (Domain: org.reactjs.native.example.AnalyticsReactNativeE2E, User: kCFPreferencesCurrentUser, ByHost: No, Container: (null), Contents Need Refresh: No) via CFPrefsSearchListSource<0x600002c04300> (Domain: org.reactjs.native.example.AnalyticsReactNativeE2E, Container: (null) Non-launch persona: 0)
2026-02-11 19:21:00.719 I  AnalyticsReactNativeE2E[21069:1af283b] [com.apple.network:connection] nw_endpoint_resolver_start_next_child [C2.1 Hostname#4aa8a16c:9091 in_progress resolver (satisfied (Path is satisfied), interface: en0[802.11], uses wifi, LQM: unknown)] starting child endpoint IPv6#21de5f2f.9091
2026-02-11 19:21:00.719 Db AnalyticsReactNativeE2E[21069:1af2809] [com.apple.defaults:User Defaults] looked up value 1 for key RCTI18nUtil_makeRTLFlipLeftAndRightStyles in CFPrefsPlistSource<0x600002c10080> (Domain: org.reactjs.native.example.AnalyticsReactNativeE2E, User: kCFPreferencesCurrentUser, ByHost: No, Container: (null), Contents Need Refresh: No) via CFPrefsSearchListSource<0x600002c04300> (Domain: org.reactjs.native.example.AnalyticsReactNativeE2E, Container: (null) Non-launch persona: 0)
2026-02-11 19:21:00.719 Db AnalyticsReactNativeE2E[21069:1af2809] [com.apple.defaults:User Defaults] looked up value 1 for key RCTI18nUtil_makeRTLFlipLeftAndRightStyles in CFPrefsPlistSource<0x600002c10080> (Domain: org.reactjs.native.example.AnalyticsReactNativeE2E, User: kCFPreferencesCurrentUser, ByHost: No, Container: (null), Contents Need Refresh: No) via CFPrefsSearchListSource<0x600002c04300> (Domain: org.reactjs.native.example.AnalyticsReactNativeE2E, Container: (null) Non-launch persona: 0)
2026-02-11 19:21:00.719 I  AnalyticsReactNativeE2E[21069:1af283b] [com.apple.network:connection] nw_endpoint_handler_start [C2.1.1 IPv6#21de5f2f.9091 initial path ((null))]
2026-02-11 19:21:00.719 Db AnalyticsReactNativeE2E[21069:1af2809] [com.apple.defaults:User Defaults] looked up value 1 for key RCTI18nUtil_makeRTLFlipLeftAndRightStyles in CFPrefsPlistSource<0x600002c10080> (Domain: org.reactjs.native.example.AnalyticsReactNativeE2E, User: kCFPreferencesCurrentUser, ByHost: No, Container: (null), Contents Need Refresh: No) via CFPrefsSearchListSource<0x600002c04300> (Domain: org.reactjs.native.example.AnalyticsReactNativeE2E, Container: (null) Non-launch persona: 0)
2026-02-11 19:21:00.719 Db AnalyticsReactNativeE2E[21069:1af2809] [com.apple.defaults:User Defaults] looked up value 1 for key RCTI18nUtil_makeRTLFlipLeftAndRightStyles in CFPrefsPlistSource<0x600002c10080> (Domain: org.reactjs.native.example.AnalyticsReactNativeE2E, User: kCFPreferencesCurrentUser, ByHost: No, Container: (null), Contents Need Refresh: No) via CFPrefsSearchListSource<0x600002c04300> (Domain: org.reactjs.native.example.AnalyticsReactNativeE2E, Container: (null) Non-launch persona: 0)
2026-02-11 19:21:00.719 Db AnalyticsReactNativeE2E[21069:1af2809] [com.apple.defaults:User Defaults] looked up value 1 for key RCTI18nUtil_makeRTLFlipLeftAndRightStyles in CFPrefsPlistSource<0x600002c10080> (Domain: org.reactjs.native.example.AnalyticsReactNativeE2E, User: kCFPreferencesCurrentUser, ByHost: No, Container: (null), Contents Need Refresh: No) via CFPrefsSearchListSource<0x600002c04300> (Domain: org.reactjs.native.example.AnalyticsReactNativeE2E, Container: (null) Non-launch persona: 0)
2026-02-11 19:21:00.719 Db AnalyticsReactNativeE2E[21069:1af2809] [com.apple.defaults:User Defaults] looked up value 1 for key RCTI18nUtil_makeRTLFlipLeftAndRightStyles in CFPrefsPlistSource<0x600002c10080> (Domain: org.reactjs.native.example.AnalyticsReactNativeE2E, User: kCFPreferencesCurrentUser, ByHost: No, Container: (null), Contents Need Refresh: No) via CFPrefsSearchListSource<0x600002c04300> (Domain: org.reactjs.native.example.AnalyticsReactNativeE2E, Container: (null) Non-launch persona: 0)
2026-02-11 19:21:00.719 Db AnalyticsReactNativeE2E[21069:1af2809] [com.apple.defaults:User Defaults] looked up value 1 for key RCTI18nUtil_makeRTLFlipLeftAndRightStyles in CFPrefsPlistSource<0x600002c10080> (Domain: org.reactjs.native.example.AnalyticsReactNativeE2E, User: kCFPreferencesCurrentUser, ByHost: No, Container: (null), Contents Need Refresh: No) via CFPrefsSearchListSource<0x600002c04300> (Domain: org.reactjs.native.example.AnalyticsReactNativeE2E, Container: (null) Non-launch persona: 0)
2026-02-11 19:21:00.719 Db AnalyticsReactNativeE2E[21069:1af2809] [com.apple.defaults:User Defaults] looked up value 1 for key RCTI18nUtil_makeRTLFlipLeftAndRightStyles in CFPrefsPlistSource<0x600002c10080> (Domain: org.reactjs.native.example.AnalyticsReactNativeE2E, User: kCFPreferencesCurrentUser, ByHost: No, Container: (null), Contents Need Refresh: No) via CFPrefsSearchListSource<0x600002c04300> (Domain: org.reactjs.native.example.AnalyticsReactNativeE2E, Container: (null) Non-launch persona: 0)
2026-02-11 19:21:00.719 Db AnalyticsReactNativeE2E[21069:1af2809] [com.apple.defaults:User Defaults] looked up value 1 for key RCTI18nUtil_makeRTLFlipLeftAndRightStyles in CFPrefsPlistSource<0x600002c10080> (Domain: org.reactjs.native.example.AnalyticsReactNativeE2E, User: kCFPreferencesCurrentUser, ByHost: No, Container: (null), Contents Need Refresh: No) via CFPrefsSearchListSource<0x600002c04300> (Domain: org.reactjs.native.example.AnalyticsReactNativeE2E, Container: (null) Non-launch persona: 0)
2026-02-11 19:21:00.719 Db AnalyticsReactNativeE2E[21069:1af283b] [com.apple.network:connection] nw_endpoint_resolver_receive_report [C2.1 Hostname#4aa8a16c:9091 in_progress resolver (satisfied (Path is satisfied), interface: en0[802.11], uses wifi, LQM: unknown)] received child report: [C2.1.1 IPv6#21de5f2f.9091 initial path ((null))]
2026-02-11 19:21:00.719 Db AnalyticsReactNativeE2E[21069:1af2809] [com.apple.defaults:User Defaults] looked up value 1 for key RCTI18nUtil_makeRTLFlipLeftAndRightStyles in CFPrefsPlistSource<0x600002c10080> (Domain: org.reactjs.native.example.AnalyticsReactNativeE2E, User: kCFPreferencesCurrentUser, ByHost: No, Container: (null), Contents Need Refresh: No) via CFPrefsSearchListSource<0x600002c04300> (Domain: org.reactjs.native.example.AnalyticsReactNativeE2E, Container: (null) Non-launch persona: 0)
2026-02-11 19:21:00.719 Db AnalyticsReactNativeE2E[21069:1af2809] [com.apple.defaults:User Defaults] looked up value 1 for key RCTI18nUtil_makeRTLFlipLeftAndRightStyles in CFPrefsPlistSource<0x600002c10080> (Domain: org.reactjs.native.example.AnalyticsReactNativeE2E, User: kCFPreferencesCurrentUser, ByHost: No, Container: (null), Contents Need Refresh: No) via CFPrefsSearchListSource<0x600002c04300> (Domain: org.reactjs.native.example.AnalyticsReactNativeE2E, Container: (null) Non-launch persona: 0)
2026-02-11 19:21:00.719 Db AnalyticsReactNativeE2E[21069:1af2809] [com.apple.defaults:User Defaults] looked up value 1 for key RCTI18nUtil_makeRTLFlipLeftAndRightStyles in CFPrefsPlistSource<0x600002c10080> (Domain: org.reactjs.native.example.AnalyticsReactNativeE2E, User: kCFPreferencesCurrentUser, ByHost: No, Container: (null), Contents Need Refresh: No) via CFPrefsSearchListSource<0x600002c04300> (Domain: org.reactjs.native.example.AnalyticsReactNativeE2E, Container: (null) Non-launch persona: 0)
2026-02-11 19:21:00.719 Db AnalyticsReactNativeE2E[21069:1af283b] [com.apple.network:connection] nw_endpoint_flow_receive_report [C2 Hostname#4aa8a16c:9091 in_progress parent-flow (satisfied (Path is satisfied), interface: en0[802.11], uses wifi, LQM: unknown)] received child report: [C2.1.1 IPv6#21de5f2f.9091 initial path ((null))]
2026-02-11 19:21:00.719 Db AnalyticsReactNativeE2E[21069:1af2809] [com.apple.defaults:User Defaults] looked up value 1 for key RCTI18nUtil_makeRTLFlipLeftAndRightStyles in CFPrefsPlistSource<0x600002c10080> (Domain: org.reactjs.native.example.AnalyticsReactNativeE2E, User: kCFPreferencesCurrentUser, ByHost: No, Container: (null), Contents Need Refresh: No) via CFPrefsSearchListSource<0x600002c04300> (Domain: org.reactjs.native.example.AnalyticsReactNativeE2E, Container: (null) Non-launch persona: 0)
2026-02-11 19:21:00.719 Db AnalyticsReactNativeE2E[21069:1af2809] [com.apple.defaults:User Defaults] looked up value 1 for key RCTI18nUtil_makeRTLFlipLeftAndRightStyles in CFPrefsPlistSource<0x600002c10080> (Domain: org.reactjs.native.example.AnalyticsReactNativeE2E, User: kCFPreferencesCurrentUser, ByHost: No, Container: (null), Contents Need Refresh: No) via CFPrefsSearchListSource<0x600002c04300> (Domain: org.reactjs.native.example.AnalyticsReactNativeE2E, Container: (null) Non-launch persona: 0)
2026-02-11 19:21:00.719 Db AnalyticsReactNativeE2E[21069:1af2809] [com.apple.defaults:User Defaults] looked up value 1 for key RCTI18nUtil_makeRTLFlipLeftAndRightStyles in CFPrefsPlistSource<0x600002c10080> (Domain: org.reactjs.native.example.AnalyticsReactNativeE2E, User: kCFPreferencesCurrentUser, ByHost: No, Container: (null), Contents Need Refresh: No) via CFPrefsSearchListSource<0x600002c04300> (Domain: org.reactjs.native.example.AnalyticsReactNativeE2E, Container: (null) Non-launch persona: 0)
2026-02-11 19:21:00.719 Db AnalyticsReactNativeE2E[21069:1af2809] [com.apple.defaults:User Defaults] looked up value 1 for key RCTI18nUtil_makeRTLFlipLeftAndRightStyles in CFPrefsPlistSource<0x600002c10080> (Domain: org.reactjs.native.example.AnalyticsReactNativeE2E, User: kCFPreferencesCurrentUser, ByHost: No, Container: (null), Contents Need Refresh: No) via CFPrefsSearchListSource<0x600002c04300> (Domain: org.reactjs.native.example.AnalyticsReactNativeE2E, Container: (null) Non-launch persona: 0)
2026-02-11 19:21:00.719 Db AnalyticsReactNativeE2E[21069:1af2809] [com.apple.defaults:User Defaults] looked up value 1 for key RCTI18nUtil_makeRTLFlipLeftAndRightStyles in CFPrefsPlistSource<0x600002c10080> (Domain: org.reactjs.native.example.AnalyticsReactNativeE2E, User: kCFPreferencesCurrentUser, ByHost: No, Container: (null), Contents Need Refresh: No) via CFPrefsSearchListSource<0x600002c04300> (Domain: org.reactjs.native.example.AnalyticsReactNativeE2E, Container: (null) Non-launch persona: 0)
2026-02-11 19:21:00.719 Db AnalyticsReactNativeE2E[21069:1af2809] [com.apple.defaults:User Defaults] looked up value 1 for key RCTI18nUtil_makeRTLFlipLeftAndRightStyles in CFPrefsPlistSource<0x600002c10080> (Domain: org.reactjs.native.example.AnalyticsReactNativeE2E, User: kCFPreferencesCurrentUser, ByHost: No, Container: (null), Contents Need Refresh: No) via CFPrefsSearchListSource<0x600002c04300> (Domain: org.reactjs.native.example.AnalyticsReactNativeE2E, Container: (null) Non-launch persona: 0)
2026-02-11 19:21:00.719 Df AnalyticsReactNativeE2E[21069:1af283b] [com.apple.network:connection] [C2.1.1 IPv6#21de5f2f.9091 initial path ((null))] event: path:start @0.004s
2026-02-11 19:21:00.719 Db AnalyticsReactNativeE2E[21069:1af2809] [com.apple.defaults:User Defaults] looked up value 1 for key RCTI18nUtil_makeRTLFlipLeftAndRightStyles in CFPrefsPlistSource<0x600002c10080> (Domain: org.reactjs.native.example.AnalyticsReactNativeE2E, User: kCFPreferencesCurrentUser, ByHost: No, Container: (null), Contents Need Refresh: No) via CFPrefsSearchListSource<0x600002c04300> (Domain: org.reactjs.native.example.AnalyticsReactNativeE2E, Container: (null) Non-launch persona: 0)
2026-02-11 19:21:00.719 Db AnalyticsReactNativeE2E[21069:1af2809] [com.apple.defaults:User Defaults] looked up value 1 for key RCTI18nUtil_makeRTLFlipLeftAndRightStyles in CFPrefsPlistSource<0x600002c10080> (Domain: org.reactjs.native.example.AnalyticsReactNativeE2E, User: kCFPreferencesCurrentUser, ByHost: No, Container: (null), Contents Need Refresh: No) via CFPrefsSearchListSource<0x600002c04300> (Domain: org.reactjs.native.example.AnalyticsReactNativeE2E, Container: (null) Non-launch persona: 0)
2026-02-11 19:21:00.719 Db AnalyticsReactNativeE2E[21069:1af2809] [com.apple.defaults:User Defaults] looked up value 1 for key RCTI18nUtil_makeRTLFlipLeftAndRightStyles in CFPrefsPlistSource<0x600002c10080> (Domain: org.reactjs.native.example.AnalyticsReactNativeE2E, User: kCFPreferencesCurrentUser, ByHost: No, Container: (null), Contents Need Refresh: No) via CFPrefsSearchListSource<0x600002c04300> (Domain: org.reactjs.native.example.AnalyticsReactNativeE2E, Container: (null) Non-launch persona: 0)
2026-02-11 19:21:00.719 Db AnalyticsReactNativeE2E[21069:1af2809] [com.apple.defaults:User Defaults] looked up value 1 for key RCTI18nUtil_makeRTLFlipLeftAndRightStyles in CFPrefsPlistSource<0x600002c10080> (Domain: org.reactjs.native.example.AnalyticsReactNativeE2E, User: kCFPreferencesCurrentUser, ByHost: No, Container: (null), Contents Need Refresh: No) via CFPrefsSearchListSource<0x600002c04300> (Domain: org.reactjs.native.example.AnalyticsReactNativeE2E, Container: (null) Non-launch persona: 0)
2026-02-11 19:21:00.719 Db AnalyticsReactNativeE2E[21069:1af2809] [com.apple.defaults:User Defaults] looked up value 1 for key RCTI18nUtil_makeRTLFlipLeftAndRightStyles in CFPrefsPlistSource<0x600002c10080> (Domain: org.reactjs.native.example.AnalyticsReactNativeE2E, User: kCFPreferencesCurrentUser, ByHost: No, Container: (null), Contents Need Refresh: No) via CFPrefsSearchListSource<0x600002c04300> (Domain: org.reactjs.native.example.AnalyticsReactNativeE2E, Container: (null) Non-launch persona: 0)
