2026-02-11 19:29:50.794 I  AnalyticsReactNativeE2E[27152:1afd135] [com.apple.network:connection] nw_resolver_create_dns_service_locked [C2.1] Starting host resolution Hostname#3f440756:9091, flags 0xc000d000 proto 0
2026-02-11 19:29:50.794 Df AnalyticsReactNativeE2E[27152:1afd135] [com.apple.CFNetwork:Default] Task <5B9B8B16-5BE2-4EA8-8FAD-163DD232E522>.<1> setting up Connection 2
2026-02-11 19:29:50.794 Db AnalyticsReactNativeE2E[27152:1afd135] [com.apple.network:activity] Returning should log: 0 for activity cfnetwork:foreground_task
2026-02-11 19:29:50.794 I  AnalyticsReactNativeE2E[27152:1afd135] [com.apple.network:connection] nw_resolver_host_resolve_callback [C2.1] flags=0x40000003 ifindex=4294967295 error=NoError(0) hostname=localhost. addr=IPv6#c0160c67 ttl=1
2026-02-11 19:29:50.794 I  AnalyticsReactNativeE2E[27152:1afd135] [com.apple.network:connection] nw_resolver_host_resolve_callback [C2.1] flags=0x40000002 ifindex=4294967295 error=NoError(0) hostname=localhost. addr=IPv4#458b066a ttl=1
2026-02-11 19:29:50.794 Db AnalyticsReactNativeE2E[27152:1afd135] [com.apple.network:] sa_dst_compare_rfc6724 Rule 6, prefer d2, d2 precedence 50 > d1 precedence 35
2026-02-11 19:29:50.794 Db AnalyticsReactNativeE2E[27152:1afd135] [com.apple.network:] sa_dst_compare_internal <private>@0 < <private>@0
2026-02-11 19:29:50.794 Db AnalyticsReactNativeE2E[27152:1afd135] [com.apple.network:connection] nw_endpoint_resolver_update [C2.1 Hostname#3f440756:9091 in_progress resolver (satisfied (Path is satisfied), interface: en0[802.11], uses wifi, LQM: unknown)] resolver is complete
2026-02-11 19:29:50.799 Df AnalyticsReactNativeE2E[27152:1afd135] [com.apple.network:connection] nw_endpoint_resolver_update [C2.1 Hostname#3f440756:9091 in_progress resolver (satisfied (Path is satisfied), interface: en0[802.11], uses wifi, LQM: unknown)] Adding endpoint handler for IPv6#91cc1a5c.9091
2026-02-11 19:29:50.799 Df AnalyticsReactNativeE2E[27152:1afd135] [com.apple.network:connection] nw_endpoint_resolver_update [C2.1 Hostname#3f440756:9091 in_progress resolver (satisfied (Path is satisfied), interface: en0[802.11], uses wifi, LQM: unknown)] Adding endpoint handler for IPv4#6714c8f2:9091
2026-02-11 19:29:50.800 Db AnalyticsReactNativeE2E[27152:1afd135] [com.apple.network:connection] nw_endpoint_resolver_update [C2.1 Hostname#3f440756:9091 in_progress resolver (satisfied (Path is satisfied), interface: en0[802.11], uses wifi, LQM: unknown)] Updated endpoint list is (IPv6#91cc1a5c.9091,IPv4#6714c8f2:9091)
2026-02-11 19:29:50.800 Db AnalyticsReactNativeE2E[27152:1afd135] [com.apple.network:connection] nw_endpoint_flow_receive_report [C2 Hostname#3f440756:9091 in_progress parent-flow (satisfied (Path is satisfied), interface: en0[802.11], uses wifi, LQM: unknown)] received child report: [C2.1 Hostname#3f440756:9091 in_progress resolver (satisfied (Path is satisfied), interface: en0[802.11], uses wifi, LQM: unknown)]
2026-02-11 19:29:50.800 Df AnalyticsReactNativeE2E[27152:1afd135] [com.apple.network:connection] [C2.1 Hostname#3f440756:9091 in_progress resolver (satisfied (Path is satisfied), interface: en0[802.11], uses wifi, LQM: unknown)] event: resolver:receive_dns @0.007s
2026-02-11 19:29:50.800 I  AnalyticsReactNativeE2E[27152:1afd135] [com.apple.network:connection] nw_endpoint_resolver_start_next_child [C2.1 Hostname#3f440756:9091 in_progress resolver (satisfied (Path is satisfied), interface: en0[802.11], uses wifi, LQM: unknown)] starting child endpoint IPv6#91cc1a5c.9091
2026-02-11 19:29:50.800 I  AnalyticsReactNativeE2E[27152:1afd135] [com.apple.network:connection] nw_endpoint_handler_start [C2.1.1 IPv6#91cc1a5c.9091 initial path ((null))]
2026-02-11 19:29:50.800 Db AnalyticsReactNativeE2E[27152:1afd135] [com.apple.network:connection] nw_endpoint_resolver_receive_report [C2.1 Hostname#3f440756:9091 in_progress resolver (satisfied (Path is satisfied), interface: en0[802.11], uses wifi, LQM: unknown)] received child report: [C2.1.1 IPv6#91cc1a5c.9091 initial path ((null))]
2026-02-11 19:29:50.800 Db AnalyticsReactNativeE2E[27152:1afd135] [com.apple.network:connection] nw_endpoint_flow_receive_report [C2 Hostname#3f440756:9091 in_progress parent-flow (satisfied (Path is satisfied), interface: en0[802.11], uses wifi, LQM: unknown)] received child report: [C2.1.1 IPv6#91cc1a5c.9091 initial path ((null))]
2026-02-11 19:29:50.800 Df AnalyticsReactNativeE2E[27152:1afd135] [com.apple.network:connection] [C2.1.1 IPv6#91cc1a5c.9091 initial path ((null))] event: path:start @0.007s
2026-02-11 19:29:50.800 Db AnalyticsReactNativeE2E[27152:1afd08d] [com.apple.defaults:User Defaults] looked up value 1 for key RCTI18nUtil_makeRTLFlipLeftAndRightStyles in CFPrefsPlistSource<0x600002c00080> (Domain: org.reactjs.native.example.AnalyticsReactNativeE2E, User: kCFPreferencesCurrentUser, ByHost: No, Container: (null), Contents Need Refresh: No) via CFPrefsSearchListSource<0x600002c0c000> (Domain: org.reactjs.native.example.AnalyticsReactNativeE2E, Container: (null) Non-launch persona: 0)
2026-02-11 19:29:50.800 Db AnalyticsReactNativeE2E[27152:1afd08d] [com.apple.defaults:User Defaults] looked up value 1 for key RCTI18nUtil_makeRTLFlipLeftAndRightStyles in CFPrefsPlistSource<0x600002c00080> (Domain: org.reactjs.native.example.AnalyticsReactNativeE2E, User: kCFPreferencesCurrentUser, ByHost: No, Container: (null), Contents Need Refresh: No) via CFPrefsSearchListSource<0x600002c0c000> (Domain: org.reactjs.native.example.AnalyticsReactNativeE2E, Container: (null) Non-launch persona: 0)
2026-02-11 19:29:50.800 Db AnalyticsReactNativeE2E[27152:1afd08d] [com.apple.defaults:User Defaults] looked up value 1 for key RCTI18nUtil_makeRTLFlipLeftAndRightStyles in CFPrefsPlistSource<0x600002c00080> (Domain: org.reactjs.native.example.AnalyticsReactNativeE2E, User: kCFPreferencesCurrentUser, ByHost: No, Container: (null), Contents Need Refresh: No) via CFPrefsSearchListSource<0x600002c0c000> (Domain: org.reactjs.native.example.AnalyticsReactNativeE2E, Container: (null) Non-launch persona: 0)
2026-02-11 19:29:50.800 Db AnalyticsReactNativeE2E[27152:1afd135] [com.apple.network:connection] nw_endpoint_handler_path_change [C2.1.1 IPv6#91cc1a5c.9091 waiting path (satisfied (Path is satisfied), interface: lo0)]
2026-02-11 19:29:50.800 Db AnalyticsReactNativeE2E[27152:1afd135] [com.apple.network:connection] nw_endpoint_resolver_receive_report [C2.1 Hostname#3f440756:9091 in_progress resolver (satisfied (Path is satisfied), interface: en0[802.11], uses wifi, LQM: unknown)] received child report: [C2.1.1 IPv6#91cc1a5c.9091 waiting path (satisfied (Path is satisfied), interface: lo0)]
2026-02-11 19:29:50.800 Db AnalyticsReactNativeE2E[27152:1afd135] [com.apple.network:connection] nw_endpoint_flow_receive_report [C2 Hostname#3f440756:9091 in_progress parent-flow (satisfied (Path is satisfied), interface: en0[802.11], uses wifi, LQM: unknown)] received child report: [C2.1.1 IPv6#91cc1a5c.9091 waiting path (satisfied (Path is satisfied), interface: lo0)]
2026-02-11 19:29:50.800 Df AnalyticsReactNativeE2E[27152:1afd135] [com.apple.network:connection] [C2.1.1 IPv6#91cc1a5c.9091 waiting path (satisfied (Path is satisfied), interface: lo0)] event: path:satisfied @0.007s, uuid: 56F98662-53D2-4417-BD2E-C7C8C8473BDA
2026-02-11 19:29:50.800 Db AnalyticsReactNativeE2E[27152:1afd135] [com.apple.network:] nw_endpoint_proxy_handler_should_use_proxy Looking up proxy for hostname: <nil>, ifindex: 0
2026-02-11 19:29:50.800 Db AnalyticsReactNativeE2E[27152:1afd135] [com.apple.SystemConfiguration:SCPreferences] create <SCPreferences 0x104b04a60 [0x1e578fa80]> {name = SCDynamicStoreCopyProxiesWithOptions, id = /Library/Managed Preferences/mobile/com.apple.SystemConfiguration.plist, path = /Library/Managed Preferences/mobile/com.apple.SystemConfiguration.plist}
2026-02-11 19:29:50.800 Db AnalyticsReactNativeE2E[27152:1afd135] [com.apple.SystemConfiguration:SCPreferences] SCPreferences() access: /Library/Managed Preferences/mobile/com.apple.SystemConfiguration.plist, size=0
2026-02-11 19:29:50.800 Db AnalyticsReactNativeE2E[27152:1afd135] [com.apple.SystemConfiguration:SCPreferences] release <SCPreferences 0x104b04a60 [0x1e578fa80]> {name = SCDynamicStoreCopyProxiesWithOptions, id = /Library/Managed Preferences/mobile/com.apple.SystemConfiguration.plist, path = /Library/Managed Preferences/mobile/com.apple.SystemConfiguration.plist, accessed}
2026-02-11 19:29:50.800 I  AnalyticsReactNativeE2E[27152:1afd135] [com.apple.network:connection] nw_association_create_flow <nw_association IPv6#91cc1a5c.9091> Added association flow ID E91392BD-1B9C-42E2-8105-A3CF0469BAEE
2026-02-11 19:29:50.800 I  AnalyticsReactNativeE2E[27152:1afd135] [com.apple.network:connection] nw_endpoint_flow_setup_protocols [C2.1.1 IPv6#91cc1a5c.9091 in_progress socket-flow (satisfied (Path is satisfied), interface: lo0)] setup flow id E91392BD-1B9C-42E2-8105-A3CF0469BAEE
2026-02-11 19:29:50.800 Db AnalyticsReactNativeE2E[27152:1afd08d] [com.apple.defaults:User Defaults] looked up value 1 for key RCTI18nUtil_makeRTLFlipLeftAndRightStyles in CFPrefsPlistSource<0x600002c00080> (Domain: org.reactjs.native.example.AnalyticsReactNativeE2E, User: kCFPreferencesCurrentUser, ByHost: No, Container: (null), Contents Need Refresh: No) via CFPrefsSearchListSource<0x600002c0c000> (Domain: org.reactjs.native.example.AnalyticsReactNativeE2E, Container: (null) Non-launch persona: 0)
2026-02-11 19:29:50.800 Db AnalyticsReactNativeE2E[27152:1afd135] [com.apple.network:connection] nw_endpoint_flow_attach_protocols [C2.1.1 IPv6#91cc1a5c.9091 in_progress socket-flow (satisfied (Path is satisfied), interface: lo0)]
2026-02-11 19:29:50.800 Db AnalyticsReactNativeE2E[27152:1afd08d] [com.apple.defaults:User Defaults] looked up value 1 for key RCTI18nUtil_makeRTLFlipLeftAndRightStyles in CFPrefsPlistSource<0x600002c00080> (Domain: org.reactjs.native.example.AnalyticsReactNativeE2E, User: kCFPreferencesCurrentUser, ByHost: No, Container: (null), Contents Need Refresh: No) via CFPrefsSearchListSource<0x600002c0c000> (Domain: org.reactjs.native.example.AnalyticsReactNativeE2E, Container: (null) Non-launch persona: 0)
2026-02-11 19:29:50.800 Db AnalyticsReactNativeE2E[27152:1afd08d] [com.apple.defaults:User Defaults] looked up value 1 for key RCTI18nUtil_makeRTLFlipLeftAndRightStyles in CFPrefsPlistSource<0x600002c00080> (Domain: org.reactjs.native.example.AnalyticsReactNativeE2E, User: kCFPreferencesCurrentUser, ByHost: No, Container: (null), Contents Need Refresh: No) via CFPrefsSearchListSource<0x600002c0c000> (Domain: org.reactjs.native.example.AnalyticsReactNativeE2E, Container: (null) Non-launch persona: 0)
2026-02-11 19:29:50.800 Db AnalyticsReactNativeE2E[27152:1afd135] [com.apple.network:connection] nw_endpoint_flow_attach_protocols_block_invoke [C2.1.1 IPv6#91cc1a5c.9091 in_progress socket-flow (satisfied (Path is satisfied), interface: lo0)] Attached application protocol: CFNetworkConnection-3912968570
2026-02-11 19:29:50.800 Db AnalyticsReactNativeE2E[27152:1afd08d] [com.apple.defaults:User Defaults] looked up value 1 for key RCTI18nUtil_makeRTLFlipLeftAndRightStyles in CFPrefsPlistSource<0x600002c00080> (Domain: org.reactjs.native.example.AnalyticsReactNativeE2E, User: kCFPreferencesCurrentUser, ByHost: No, Container: (null), Contents Need Refresh: No) via CFPrefsSearchListSource<0x600002c0c000> (Domain: org.reactjs.native.example.AnalyticsReactNativeE2E, Container: (null) Non-launch persona: 0)
2026-02-11 19:29:50.800 Db AnalyticsReactNativeE2E[27152:1afd08d] [com.apple.defaults:User Defaults] looked up value 1 for key RCTI18nUtil_makeRTLFlipLeftAndRightStyles in CFPrefsPlistSource<0x600002c00080> (Domain: org.reactjs.native.example.AnalyticsReactNativeE2E, User: kCFPreferencesCurrentUser, ByHost: No, Container: (null), Contents Need Refresh: No) via CFPrefsSearchListSource<0x600002c0c000> (Domain: org.reactjs.native.example.AnalyticsReactNativeE2E, Container: (null) Non-launch persona: 0)
2026-02-11 19:29:50.800 Db AnalyticsReactNativeE2E[27152:1afd08d] [com.apple.defaults:User Defaults] looked up value 1 for key RCTI18nUtil_makeRTLFlipLeftAndRightStyles in CFPrefsPlistSource<0x600002c00080> (Domain: org.reactjs.native.example.AnalyticsReactNativeE2E, User: kCFPreferencesCurrentUser, ByHost: No, Container: (null), Contents Need Refresh: No) via CFPrefsSearchListSource<0x600002c0c000> (Domain: org.reactjs.native.example.AnalyticsReactNativeE2E, Container: (null) Non-launch persona: 0)
2026-02-11 19:29:50.800 Db AnalyticsReactNativeE2E[27152:1afd135] [com.apple.network:] nw_fd_wrapper_create Created <fd_wrapper 13, guarded: false>
2026-02-11 19:29:50.800 Db AnalyticsReactNativeE2E[27152:1afd135] [com.apple.network:connection] nw_endpoint_flow_attach_protocols [C2.1.1 IPv6#91cc1a5c.9091 in_progress socket-flow (satisfied (Path is satisfied), interface: lo0)] Attached socket protocol
2026-02-11 19:29:50.800 Db AnalyticsReactNativeE2E[27152:1afd135] [com.apple.network:connection] nw_endpoint_flow_setup_protocols [C2.1.1 IPv6#91cc1a5c.9091 in_progress socket-flow (satisfied (Path is satisfied), interface: lo0)] leaf flow starting
2026-02-11 19:29:50.800 Db AnalyticsReactNativeE2E[27152:1afd135] [com.apple.network:connection] nw_endpoint_resolver_receive_report [C2.1 Hostname#3f440756:9091 in_progress resolver (satisfied (Path is satisfied), interface: en0[802.11], uses wifi, LQM: unknown)] received child report: [C2.1.1 IPv6#91cc1a5c.9091 in_progress socket-flow (satisfied (Path is satisfied), interface: lo0)]
2026-02-11 19:29:50.800 Db AnalyticsReactNativeE2E[27152:1afd135] [com.apple.network:connection] nw_endpoint_flow_receive_report [C2 Hostname#3f440756:9091 in_progress parent-flow (satisfied (Path is satisfied), interface: en0[802.11], uses wifi, LQM: unknown)] received child report: [C2.1.1 IPv6#91cc1a5c.9091 in_progress socket-flow (satisfied (Path is satisfied), interface: lo0)]
2026-02-11 19:29:50.800 Df AnalyticsReactNativeE2E[27152:1afd135] [com.apple.network:connection] [C2.1.1 IPv6#91cc1a5c.9091 in_progress socket-flow (satisfied (Path is satisfied), interface: lo0)] event: flow:start_connect @0.008s
2026-02-11 19:29:50.800 Db AnalyticsReactNativeE2E[27152:1afd08d] [com.apple.defaults:User Defaults] looked up value 1 for key RCTI18nUtil_makeRTLFlipLeftAndRightStyles in CFPrefsPlistSource<0x600002c00080> (Domain: org.reactjs.native.example.AnalyticsReactNativeE2E, User: kCFPreferencesCurrentUser, ByHost: No, Container: (null), Contents Need Refresh: No) via CFPrefsSearchListSource<0x600002c0c000> (Domain: org.reactjs.native.example.AnalyticsReactNativeE2E, Container: (null) Non-launch persona: 0)
2026-02-11 19:29:50.800 Db AnalyticsReactNativeE2E[27152:1afd08d] [com.apple.defaults:User Defaults] looked up value 1 for key RCTI18nUtil_makeRTLFlipLeftAndRightStyles in CFPrefsPlistSource<0x600002c00080> (Domain: org.reactjs.native.example.AnalyticsReactNativeE2E, User: kCFPreferencesCurrentUser, ByHost: No, Container: (null), Contents Need Refresh: No) via CFPrefsSearchListSource<0x600002c0c000> (Domain: org.reactjs.native.example.AnalyticsReactNativeE2E, Container: (null) Non-launch persona: 0)
2026-02-11 19:29:50.800 Db AnalyticsReactNativeE2E[27152:1afd08d] [com.apple.defaults:User Defaults] looked up value 1 for key RCTI18nUtil_makeRTLFlipLeftAndRightStyles in CFPrefsPlistSource<0x600002c00080> (Domain: org.reactjs.native.example.AnalyticsReactNativeE2E, User: kCFPreferencesCurrentUser, ByHost: No, Container: (null), Contents Need Refresh: No) via CFPrefsSearchListSource<0x600002c0c000> (Domain: org.reactjs.native.example.AnalyticsReactNativeE2E, Container: (null) Non-launch persona: 0)
2026-02-11 19:29:50.800 I  AnalyticsReactNativeE2E[27152:1afd135] [com.apple.network:connection] nw_endpoint_resolver_start_next_child [C2.1 Hostname#3f440756:9091 in_progress resolver (satisfied (Path is satisfied), interface: en0[802.11], uses wifi, LQM: unknown)] starting next child endpoint in 100ms
2026-02-11 19:29:50.800 Db AnalyticsReactNativeE2E[27152:1afd08d] [com.apple.defaults:User Defaults] looked up value 1 for key RCTI18nUtil_makeRTLFlipLeftAndRightStyles in CFPrefsPlistSource<0x600002c00080> (Domain: org.reactjs.native.example.AnalyticsReactNativeE2E, User: kCFPreferencesCurrentUser, ByHost: No, Container: (null), Contents Need Refresh: No) via CFPrefsSearchListSource<0x600002c0c000> (Domain: org.reactjs.native.example.AnalyticsReactNativeE2E, Container: (null) Non-launch persona: 0)
2026-02-11 19:29:50.800 Db AnalyticsReactNativeE2E[27152:1afd135] [com.apple.network:connection] nw_socket_handle_socket_event [C2.1.1:2] Event mask: 0x800
2026-02-11 19:29:50.800 Db AnalyticsReactNativeE2E[27152:1afd08d] [com.apple.defaults:User Defaults] looked up value 1 for key RCTI18nUtil_makeRTLFlipLeftAndRightStyles in CFPrefsPlistSource<0x600002c00080> (Domain: org.reactjs.native.example.AnalyticsReactNativeE2E, User: kCFPreferencesCurrentUser, ByHost: No, Container: (null), Contents Need Refresh: No) via CFPrefsSearchListSource<0x600002c0c000> (Domain: org.reactjs.native.example.AnalyticsReactNativeE2E, Container: (null) Non-launch persona: 0)
2026-02-11 19:29:50.800 Df AnalyticsReactNativeE2E[27152:1afd135] [com.apple.network:connection] nw_socket_handle_socket_event [C2.1.1:2] Socket received CONNECTED event
2026-02-11 19:29:50.800 Db AnalyticsReactNativeE2E[27152:1afd08d] [com.apple.defaults:User Defaults] looked up value 1 for key RCTI18nUtil_makeRTLFlipLeftAndRightStyles in CFPrefsPlistSource<0x600002c00080> (Domain: org.reactjs.native.example.AnalyticsReactNativeE2E, User: kCFPreferencesCurrentUser, ByHost: No, Container: (null), Contents Need Refresh: No) via CFPrefsSearchListSource<0x600002c0c000> (Domain: org.reactjs.native.example.AnalyticsReactNativeE2E, Container: (null) Non-launch persona: 0)
2026-02-11 19:29:50.800 Db AnalyticsReactNativeE2E[27152:1afd135] [com.apple.network:connection] nw_socket_setup_notsent_lowat [C2.1.1:2] Set TCP_NOTSENT_LOWAT(16384)
2026-02-11 19:29:50.800 Db AnalyticsReactNativeE2E[27152:1afd08d] [com.apple.defaults:User Defaults] looked up value 1 for key RCTI18nUtil_makeRTLFlipLeftAndRightStyles in CFPrefsPlistSource<0x600002c00080> (Domain: org.reactjs.native.example.AnalyticsReactNativeE2E, User: kCFPreferencesCurrentUser, ByHost: No, Container: (null), Contents Need Refresh: No) via CFPrefsSearchListSource<0x600002c0c000> (Domain: org.reactjs.native.example.AnalyticsReactNativeE2E, Container: (null) Non-launch persona: 0)
2026-02-11 19:29:50.800 Db AnalyticsReactNativeE2E[27152:1afd08d] [com.apple.defaults:User Defaults] looked up value 1 for key RCTI18nUtil_makeRTLFlipLeftAndRightStyles in CFPrefsPlistSource<0x600002c00080> (Domain: org.reactjs.native.example.AnalyticsReactNativeE2E, User: kCFPreferencesCurrentUser, ByHost: No, Container: (null), Contents Need Refresh: No) via CFPrefsSearchListSource<0x600002c0c000> (Domain: org.reactjs.native.example.AnalyticsReactNativeE2E, Container: (null) Non-launch persona: 0)
2026-02-11 19:29:50.800 Db AnalyticsReactNativeE2E[27152:1afd08d] [com.apple.defaults:User Defaults] looked up value 1 for key RCTI18nUtil_makeRTLFlipLeftAndRightStyles in CFPrefsPlistSource<0x600002c00080> (Domain: org.reactjs.native.example.AnalyticsReactNativeE2E, User: kCFPreferencesCurrentUser, ByHost: No, Container: (null), Contents Need Refresh: No) via CFPrefsSearchListSource<0x600002c0c000> (Domain: org.reactjs.native.example.AnalyticsReactNativeE2E, Container: (null) Non-launch persona: 0)
2026-02-11 19:29:50.800 Df AnalyticsReactNativeE2E[27152:1afd135] [com.apple.network:connection] nw_flow_connected [C2.1.1 IPv6#91cc1a5c.9091 in_progress socket-flow (satisfied (Path is satisfied), interface: lo0)] Transport protocol connected (socket)
2026-02-11 19:29:50.800 Db AnalyticsReactNativeE2E[27152:1afd08d] [com.apple.defaults:User Defaults] looked up value 1 for key RCTI18nUtil_makeRTLFlipLeftAndRightStyles in CFPrefsPlistSource<0x600002c00080> (Domain: org.reactjs.native.example.AnalyticsReactNativeE2E, User: kCFPreferencesCurrentUser, ByHost: No, Container: (null), Contents Need Refresh: No) via CFPrefsSearchListSource<0x600002c0c000> (Domain: org.reactjs.native.example.AnalyticsReactNativeE2E, Container: (null) Non-launch persona: 0)
2026-02-11 19:29:50.800 Db AnalyticsReactNativeE2E[27152:1afd135] [com.apple.network:connection] nw_endpoint_resolver_receive_report [C2.1 Hostname#3f440756:9091 in_progress resolver (satisfied (Path is satisfied), interface: en0[802.11], uses wifi, LQM: unknown)] received child report: [C2.1.1 IPv6#91cc1a5c.9091 in_progress socket-flow (satisfied (Path is satisfied), interface: lo0)]
2026-02-11 19:29:50.800 Db AnalyticsReactNativeE2E[27152:1afd08d] [com.apple.defaults:User Defaults] looked up value 1 for key RCTI18nUtil_makeRTLFlipLeftAndRightStyles in CFPrefsPlistSource<0x600002c00080> (Domain: org.reactjs.native.example.AnalyticsReactNativeE2E, User: kCFPreferencesCurrentUser, ByHost: No, Container: (null), Contents Need Refresh: No) via CFPrefsSearchListSource<0x600002c0c000> (Domain: org.reactjs.native.example.AnalyticsReactNativeE2E, Container: (null) Non-launch persona: 0)
2026-02-11 19:29:50.800 Db AnalyticsReactNativeE2E[27152:1afd135] [com.apple.network:connection] nw_endpoint_flow_receive_report [C2 Hostname#3f440756:9091 in_progress parent-flow (satisfied (Path is satisfied), interface: en0[802.11], uses wifi, LQM: unknown)] received child report: [C2.1.1 IPv6#91cc1a5c.9091 in_progress socket-flow (satisfied (Path is satisfied), interface: lo0)]
2026-02-11 19:29:50.800 Db AnalyticsReactNativeE2E[27152:1afd08d] [com.apple.defaults:User Defaults] looked up value 1 for key RCTI18nUtil_makeRTLFlipLeftAndRightStyles in CFPrefsPlistSource<0x600002c00080> (Domain: org.reactjs.native.example.AnalyticsReactNativeE2E, User: kCFPreferencesCurrentUser, ByHost: No, Container: (null), Contents Need Refresh: No) via CFPrefsSearchListSource<0x600002c0c000> (Domain: org.reactjs.native.example.AnalyticsReactNativeE2E, Container: (null) Non-launch persona: 0)
2026-02-11 19:29:50.800 Df AnalyticsReactNativeE2E[27152:1afd135] [com.apple.network:connection] [C2.1.1 IPv6#91cc1a5c.9091 in_progress socket-flow (satisfied (Path is satisfied), interface: lo0)] event: flow:finish_transport @0.008s
2026-02-11 19:29:50.801 I  AnalyticsReactNativeE2E[27152:1afd135] [com.apple.network:connection] nw_endpoint_resolver_receive_report [C2.1 Hostname#3f440756:9091 in_progress resolver (satisfied (Path is satisfied), interface: en0[802.11], uses wifi, LQM: unknown)] pushing out endpoint race by 2000ms
2026-02-11 19:29:50.801 Df AnalyticsReactNativeE2E[27152:1afd135] [com.apple.network:connection] nw_flow_connected [C2.1.1 IPv6#91cc1a5c.9091 in_progress socket-flow (satisfied (Path is satisfied), interface: lo0)] Output protocol connected (CFNetworkConnection-3912968570)
2026-02-11 19:29:50.801 Db AnalyticsReactNativeE2E[27152:1afd135] [com.apple.network:connection] nw_endpoint_flow_connected_path_change [C2.1.1 IPv6#91cc1a5c.9091 ready socket-flow (satisfied (Path is satisfied), interface: lo0)]
2026-02-11 19:29:50.801 I  AnalyticsReactNativeE2E[27152:1afd135] [com.apple.network:connection] nw_endpoint_flow_connected_path_change [C2.1.1 IPv6#91cc1a5c.9091 ready socket-flow (satisfied (Path is satisfied), interface: lo0)] Connected path is satisfied, not viable
2026-02-11 19:29:50.801 Db AnalyticsReactNativeE2E[27152:1afd135] [com.apple.network:connection] nw_endpoint_resolver_receive_report [C2.1 Hostname#3f440756:9091 in_progress resolver (satisfied (Path is satisfied), interface: en0[802.11], uses wifi, LQM: unknown)] received child report: [C2.1.1 IPv6#91cc1a5c.9091 ready socket-flow (satisfied (Path is satisfied), interface: lo0)]
2026-02-11 19:29:50.801 Db AnalyticsReactNativeE2E[27152:1afd135] [com.apple.network:connection] nw_endpoint_flow_receive_report [C2 Hostname#3f440756:9091 in_progress parent-flow (satisfied (Path is satisfied), interface: en0[802.11], uses wifi, LQM: unknown)] received child report: [C2.1.1 IPv6#91cc1a5c.9091 ready socket-flow (satisfied (Path is satisfied), interface: lo0)]
2026-02-11 19:29:50.801 Db AnalyticsReactNativeE2E[27152:1afd08d] [com.apple.defaults:User Defaults] looked up value 1 for key RCTI18nUtil_makeRTLFlipLeftAndRightStyles in CFPrefsPlistSource<0x600002c00080> (Domain: org.reactjs.native.example.AnalyticsReactNativeE2E, User: kCFPreferencesCurrentUser, ByHost: No, Container: (null), Contents Need Refresh: No) via CFPrefsSearchListSource<0x600002c0c000> (Domain: org.reactjs.native.example.AnalyticsReactNativeE2E, Container: (null) Non-launch persona: 0)
2026-02-11 19:29:50.801 Db AnalyticsReactNativeE2E[27152:1afd08d] [com.apple.defaults:User Defaults] looked up value 1 for key RCTI18nUtil_makeRTLFlipLeftAndRightStyles in CFPrefsPlistSource<0x600002c00080> (Domain: org.reactjs.native.example.AnalyticsReactNativeE2E, User: kCFPreferencesCurrentUser, ByHost: No, Container: (null), Contents Need Refresh: No) via CFPrefsSearchListSource<0x600002c0c000> (Domain: org.reactjs.native.example.AnalyticsReactNativeE2E, Container: (null) Non-launch persona: 0)
2026-02-11 19:29:50.801 Db AnalyticsReactNativeE2E[27152:1afd08d] [com.apple.defaults:User Defaults] looked up value 1 for key RCTI18nUtil_makeRTLFlipLeftAndRightStyles in CFPrefsPlistSource<0x600002c00080> (Domain: org.reactjs.native.example.AnalyticsReactNativeE2E, User: kCFPreferencesCurrentUser, ByHost: No, Container: (null), Contents Need Refresh: No) via CFPrefsSearchListSource<0x600002c0c000> (Domain: org.reactjs.native.example.AnalyticsReactNativeE2E, Container: (null) Non-launch persona: 0)
2026-02-11 19:29:50.801 Df AnalyticsReactNativeE2E[27152:1afd135] [com.apple.network:connection] [C2.1.1 IPv6#91cc1a5c.9091 ready socket-flow (satisfied (Path is satisfied), interface: lo0)] event: flow:child_finish_connect @0.008s
2026-02-11 19:29:50.801 Db AnalyticsReactNativeE2E[27152:1afd135] [com.apple.network:connection] nw_endpoint_flow_receive_report [C2 IPv6#91cc1a5c.9091 in_progress parent-flow (satisfied (Path is satisfied), interface: en0[802.11], uses wifi, LQM: unknown)] connecting endpoint_flow to child's shared protocol
2026-02-11 19:29:50.801 Db AnalyticsReactNativeE2E[27152:1afd135] [com.apple.network:connection] nw_endpoint_flow_setup_protocols [C2 IPv6#91cc1a5c.9091 in_progress parent-flow (satisfied (Path is satisfied), interface: en0[802.11], uses wifi, LQM: unknown)] already set up
2026-02-11 19:29:50.801 Db AnalyticsReactNativeE2E[27152:1afd135] [com.apple.network:connection] nw_endpoint_flow_setup_protocols [C2 IPv6#91cc1a5c.9091 in_progress parent-flow (satisfied (Path is satisfied), interface: en0[802.11], uses wifi, LQM: unknown)] child flow connected, starting
2026-02-11 19:29:50.801 Db AnalyticsReactNativeE2E[27152:1afd135] [com.apple.network:connection] nw_endpoint_flow_setup_protocols [C2 IPv6#91cc1a5c.9091 in_progress parent-flow (satisfied (Path is satisfied), interface: en0[802.11], uses wifi, LQM: unknown)] already started
2026-02-11 19:29:50.801 Db AnalyticsReactNativeE2E[27152:1afd08d] [com.apple.defaults:User Defaults] looked up value 1 for key RCTI18nUtil_makeRTLFlipLeftAndRightStyles in CFPrefsPlistSource<0x600002c00080> (Domain: org.reactjs.native.example.AnalyticsReactNativeE2E, User: kCFPreferencesCurrentUser, ByHost: No, Container: (null), Contents Need Refresh: No) via CFPrefsSearchListSource<0x600002c0c000> (Domain: org.reactjs.native.example.AnalyticsReactNativeE2E, Container: (null) Non-launch persona: 0)
2026-02-11 19:29:50.801 Db AnalyticsReactNativeE2E[27152:1afd135] [com.apple.network:connection] nw_endpoint_flow_receive_report [C2 IPv6#91cc1a5c.9091 in_progress parent-flow (satisfied (Path is satisfied), interface: en0[802.11], uses wifi, LQM: unknown)] received child report: [C2.1 Hostname#3f440756:9091 ready resolver (satisfied (Path is satisfied), interface: en0[802.11], uses wifi, LQM: unknown)]
2026-02-11 19:29:50.801 Db AnalyticsReactNativeE2E[27152:1afd08d] [com.apple.defaults:User Defaults] looked up value 1 for key RCTI18nUtil_makeRTLFlipLeftAndRightStyles in CFPrefsPlistSource<0x600002c00080> (Domain: org.reactjs.native.example.AnalyticsReactNativeE2E, User: kCFPreferencesCurrentUser, ByHost: No, Container: (null), Contents Need Refresh: No) via CFPrefsSearchListSource<0x600002c0c000> (Domain: org.reactjs.native.example.AnalyticsReactNativeE2E, Container: (null) Non-launch persona: 0)
2026-02-11 19:29:50.801 Df AnalyticsReactNativeE2E[27152:1afd135] [com.apple.network:connection] [C2.1 Hostname#3f440756:9091 ready resolver (satisfied (Path is satisfied), interface: en0[802.11], uses wifi, LQM: unknown)] event: flow:child_finish_connect @0.008s
2026-02-11 19:29:50.801 Db AnalyticsReactNativeE2E[27152:1afd08d] [com.apple.defaults:User Defaults] looked up value 1 for key RCTI18nUtil_makeRTLFlipLeftAndRightStyles in CFPrefsPlistSource<0x600002c00080> (Domain: org.reactjs.native.example.AnalyticsReactNativeE2E, User: kCFPreferencesCurrentUser, ByHost: No, Container: (null), Contents Need Refresh: No) via CFPrefsSearchListSource<0x600002c0c000> (Domain: org.reactjs.native.example.AnalyticsReactNativeE2E, Container: (null) Non-launch persona: 0)
2026-02-11 19:29:50.801 I  AnalyticsReactNativeE2E[27152:1afd135] [com.apple.network:connection] nw_endpoint_handler_cancel [C2.1.2 IPv4#6714c8f2:9091 initial path ((null))]
2026-02-11 19:29:50.801 Df AnalyticsReactNativeE2E[27152:1afd135] [com.apple.network:connection] nw_flow_connected [C2 IPv6#91cc1a5c.9091 in_progress parent-flow (satisfied (Path is satisfied), interface: en0[802.11], uses wifi, LQM: unknown)] Output protocol connected (endpoint_flow)
2026-02-11 19:29:50.801 Db AnalyticsReactNativeE2E[27152:1afd135] [com.apple.network:connection] nw_endpoint_flow_connected_path_change [C2 IPv6#91cc1a5c.9091 ready parent-flow (satisfied (Path is satisfied), interface: en0[802.11], uses wifi, LQM: unknown)]
2026-02-11 19:29:50.801 I  AnalyticsReactNativeE2E[27152:1afd135] [com.apple.network:connection] nw_endpoint_flow_connected_path_change [C2 IPv6#91cc1a5c.9091 ready parent-flow (satisfied (Path is satisfied), interface: en0[802.11], uses wifi, LQM: unknown)] Connected path is satisfied, child is not viable
2026-02-11 19:29:50.801 Df AnalyticsReactNativeE2E[27152:1afd135] [com.apple.network:connection] [C2 IPv6#91cc1a5c.9091 ready parent-flow (satisfied (Path is satisfied), interface: en0[802.11], uses wifi, LQM: unknown)] event: flow:finish_connect @0.008s
2026-02-11 19:29:50.801 Db AnalyticsReactNativeE2E[27152:1afd08d] [com.apple.defaults:User Defaults] looked up value 1 for key RCTI18nUtil_makeRTLFlipLeftAndRightStyles in CFPrefsPlistSource<0x600002c00080> (Domain: org.reactjs.native.example.AnalyticsReactNativeE2E, User: kCFPreferencesCurrentUser, ByHost: No, Container: (null), Contents Need Refresh: No) via CFPrefsSearchListSource<0x600002c0c000> (Domain: org.reactjs.native.example.AnalyticsReactNativeE2E, Container: (null) Non-launch persona: 0)
2026-02-11 19:29:50.801 Db AnalyticsReactNativeE2E[27152:1afd135] [com.apple.network:connection] nw_connection_run_pqtls_probe_locked_on_nw_queue [C2] No TLS metadata; not running PQ-TLS probe
2026-02-11 19:29:50.801 Db AnalyticsReactNativeE2E[27152:1afd08d] [com.apple.defaults:User Defaults] looked up value 1 for key RCTI18nUtil_makeRTLFlipLeftAndRightStyles in CFPrefsPlistSource<0x600002c00080> (Domain: org.reactjs.native.example.AnalyticsReactNativeE2E, User: kCFPreferencesCurrentUser, ByHost: No, Container: (null), Contents Need Refresh: No) via CFPrefsSearchListSource<0x600002c0c000> (Domain: org.reactjs.native.example.AnalyticsReactNativeE2E, Container: (null) Non-launch persona: 0)
2026-02-11 19:29:50.801 Db AnalyticsReactNativeE2E[27152:1afd08d] [com.apple.defaults:User Defaults] looked up value 1 for key RCTI18nUtil_makeRTLFlipLeftAndRightStyles in CFPrefsPlistSource<0x600002c00080> (Domain: org.reactjs.native.example.AnalyticsReactNativeE2E, User: kCFPreferencesCurrentUser, ByHost: No, Container: (null), Contents Need Refresh: No) via CFPrefsSearchListSource<0x600002c0c000> (Domain: org.reactjs.native.example.AnalyticsReactNativeE2E, Container: (null) Non-launch persona: 0)
2026-02-11 19:29:50.801 Db AnalyticsReactNativeE2E[27152:1afd135] [com.apple.network:connection] nw_connection_run_ech_probe_locked_on_nw_queue [C2] stack doesn't include TLS; not running ECH probe
2026-02-11 19:29:50.801 Db AnalyticsReactNativeE2E[27152:1afd135] [com.apple.network:connection] nw_connection_endpoint_report_on_nw_queue_block_invoke [C2] Connected fallback generation 0
2026-02-11 19:29:50.801 I  AnalyticsReactNativeE2E[27152:1afd135] [com.apple.network:connection] nw_connection_start_candidate_manager_if_needed_locked [C2] Checking whether to start candidate manager
2026-02-11 19:29:50.801 Db AnalyticsReactNativeE2E[27152:1afd135] [com.apple.network:connection] nw_connection_start_candidate_manager_if_needed_locked [C2] Connection does not support multipath, not starting candidate manager
2026-02-11 19:29:50.801 Df AnalyticsReactNativeE2E[27152:1afd135] [com.apple.network:connection] nw_connection_report_state_with_handler_on_nw_queue [C2] reporting state ready
2026-02-11 19:29:50.801 Df AnalyticsReactNativeE2E[27152:1afd135] [com.apple.CFNetwork:Default] Connection 2: connected successfully
2026-02-11 19:29:50.801 Db AnalyticsReactNativeE2E[27152:1afd08d] [com.apple.defaults:User Defaults] looked up value 1 for key RCTI18nUtil_makeRTLFlipLeftAndRightStyles in CFPrefsPlistSource<0x600002c00080> (Domain: org.reactjs.native.example.AnalyticsReactNativeE2E, User: kCFPreferencesCurrentUser, ByHost: No, Container: (null), Contents Need Refresh: No) via CFPrefsSearchListSource<0x600002c0c000> (Domain: org.reactjs.native.example.AnalyticsReactNativeE2E, Container: (null) Non-launch persona: 0)
2026-02-11 19:29:50.801 Db AnalyticsReactNativeE2E[27152:1afd08d] [com.apple.defaults:User Defaults] looked up value 1 for key RCTI18nUtil_makeRTLFlipLeftAndRightStyles in CFPrefsPlistSource<0x600002c00080> (Domain: org.reactjs.native.example.AnalyticsReactNativeE2E, User: kCFPreferencesCurrentUser, ByHost: No, Container: (null), Contents Need Refresh: No) via CFPrefsSearchListSource<0x600002c0c000> (Domain: org.reactjs.native.example.AnalyticsReactNativeE2E, Container: (null) Non-launch persona: 0)
2026-02-11 19:29:50.801 Db AnalyticsReactNativeE2E[27152:1afd08d] [com.apple.defaults:User Defaults] looked up value 1 for key RCTI18nUtil_makeRTLFlipLeftAndRightStyles in CFPrefsPlistSource<0x600002c00080> (Domain: org.reactjs.native.example.AnalyticsReactNativeE2E, User: kCFPreferencesCurrentUser, ByHost: No, Container: (null), Contents Need Refresh: No) via CFPrefsSearchListSource<0x600002c0c000> (Domain: org.reactjs.native.example.AnalyticsReactNativeE2E, Container: (null) Non-launch persona: 0)
2026-02-11 19:29:50.801 Db AnalyticsReactNativeE2E[27152:1afd08d] [com.apple.defaults:User Defaults] looked up value 1 for key RCTI18nUtil_makeRTLFlipLeftAndRightStyles in CFPrefsPlistSource<0x600002c00080> (Domain: org.reactjs.native.example.AnalyticsReactNativeE2E, User: kCFPreferencesCurrentUser, ByHost: No, Container: (null), Contents Need Refresh: No) via CFPrefsSearchListSource<0x600002c0c000> (Domain: org.reactjs.native.example.AnalyticsReactNativeE2E, Container: (null) Non-launch persona: 0)
2026-02-11 19:29:50.801 Df AnalyticsReactNativeE2E[27152:1afd135] [com.apple.CFNetwork:Default] Connection 2: ready C(N) E(N)
2026-02-11 19:29:50.801 Db AnalyticsReactNativeE2E[27152:1afd08d] [com.apple.defaults:User Defaults] looked up value 1 for key RCTI18nUtil_makeRTLFlipLeftAndRightStyles in CFPrefsPlistSource<0x600002c00080> (Domain: org.reactjs.native.example.AnalyticsReactNativeE2E, User: kCFPreferencesCurrentUser, ByHost: No, Container: (null), Contents Need Refresh: No) via CFPrefsSearchListSource<0x600002c0c000> (Domain: org.reactjs.native.example.AnalyticsReactNativeE2E, Container: (null) Non-launch persona: 0)
2026-02-11 19:29:50.801 Db AnalyticsReactNativeE2E[27152:1afd08d] [com.apple.defaults:User Defaults] looked up value 1 for key RCTI18nUtil_makeRTLFlipLeftAndRightStyles in CFPrefsPlistSource<0x600002c00080> (Domain: org.reactjs.native.example.AnalyticsReactNativeE2E, User: kCFPreferencesCurrentUser, ByHost: No, Container: (null), Contents Need Refresh: No) via CFPrefsSearchListSource<0x600002c0c000> (Domain: org.reactjs.native.example.AnalyticsReactNativeE2E, Container: (null) Non-launch persona: 0)
2026-02-11 19:29:50.801 Db AnalyticsReactNativeE2E[27152:1afd135] [com.apple.CFNetwork:Default] Task <5B9B8B16-5BE2-4EA8-8FAD-163DD232E522>.<1> done setting up Connection 2
2026-02-11 19:29:50.801 Db AnalyticsReactNativeE2E[27152:1afd08d] [com.apple.defaults:User Defaults] looked up value 1 for key RCTI18nUtil_makeRTLFlipLeftAndRightStyles in CFPrefsPlistSource<0x600002c00080> (Domain: org.reactjs.native.example.AnalyticsReactNativeE2E, User: kCFPreferencesCurrentUser, ByHost: No, Container: (null), Contents Need Refresh: No) via CFPrefsSearchListSource<0x600002c0c000> (Domain: org.reactjs.native.example.AnalyticsReactNativeE2E, Container: (null) Non-launch persona: 0)
2026-02-11 19:29:50.801 Db AnalyticsReactNativeE2E[27152:1afd135] [com.apple.network:activity] Returning should log: 0 for activity cfnetwork:foreground_task
2026-02-11 19:29:50.801 Db AnalyticsReactNativeE2E[27152:1afd08d] [com.apple.defaults:User Defaults] looked up value 1 for key RCTI18nUtil_makeRTLFlipLeftAndRightStyles in CFPrefsPlistSource<0x600002c00080> (Domain: org.reactjs.native.example.AnalyticsReactNativeE2E, User: kCFPreferencesCurrentUser, ByHost: No, Container: (null), Contents Need Refresh: No) via CFPrefsSearchListSource<0x600002c0c000> (Domain: org.reactjs.native.example.AnalyticsReactNativeE2E, Container: (null) Non-launch persona: 0)
2026-02-11 19:29:50.801 Db AnalyticsReactNativeE2E[27152:1afd08d] [com.apple.defaults:User Defaults] looked up value 1 for key RCTI18nUtil_makeRTLFlipLeftAndRightStyles in CFPrefsPlistSource<0x600002c00080> (Domain: org.reactjs.native.example.AnalyticsReactNativeE2E, User: kCFPreferencesCurrentUser, ByHost: No, Container: (null), Contents Need Refresh: No) via CFPrefsSearchListSource<0x600002c0c000> (Domain: org.reactjs.native.example.AnalyticsReactNativeE2E, Container: (null) Non-launch persona: 0)
2026-02-11 19:29:50.801 Df AnalyticsReactNativeE2E[27152:1afd135] [com.apple.CFNetwork:Default] Task <5B9B8B16-5BE2-4EA8-8FAD-163DD232E522>.<1> now using Connection 2
2026-02-11 19:29:50.801 Db AnalyticsReactNativeE2E[27152:1afd08d] [com.apple.defaults:User Defaults] looked up value 1 for key RCTI18nUtil_makeRTLFlipLeftAndRightStyles in CFPrefsPlistSource<0x600002c00080> (Domain: org.reactjs.native.example.AnalyticsReactNativeE2E, User: kCFPreferencesCurrentUser, ByHost: No, Container: (null), Contents Need Refresh: No) via CFPrefsSearchListSource<0x600002c0c000> (Domain: org.reactjs.native.example.AnalyticsReactNativeE2E, Container: (null) Non-launch persona: 0)
2026-02-11 19:29:50.801 Db AnalyticsReactNativeE2E[27152:1afd135] [com.apple.network:activity] Returning should log: 0 for activity cfnetwork:foreground_task
2026-02-11 19:29:50.801 Db AnalyticsReactNativeE2E[27152:1afd08d] [com.apple.defaults:User Defaults] looked up value 1 for key RCTI18nUtil_makeRTLFlipLeftAndRightStyles in CFPrefsPlistSource<0x600002c00080> (Domain: org.reactjs.native.example.AnalyticsReactNativeE2E, User: kCFPreferencesCurrentUser, ByHost: No, Container: (null), Contents Need Refresh: No) via CFPrefsSearchListSource<0x600002c0c000> (Domain: org.reactjs.native.example.AnalyticsReactNativeE2E, Container: (null) Non-launch persona: 0)
2026-02-11 19:29:50.801 Db AnalyticsReactNativeE2E[27152:1afd08d] [com.apple.defaults:User Defaults] looked up value 1 for key RCTI18nUtil_makeRTLFlipLeftAndRightStyles in CFPrefsPlistSource<0x600002c00080> (Domain: org.reactjs.native.example.AnalyticsReactNativeE2E, User: kCFPreferencesCurrentUser, ByHost: No, Container: (null), Contents Need Refresh: No) via CFPrefsSearchListSource<0x600002c0c000> (Domain: org.reactjs.native.example.AnalyticsReactNativeE2E, Container: (null) Non-launch persona: 0)
2026-02-11 19:29:50.801 Df AnalyticsReactNativeE2E[27152:1afd135] [com.apple.CFNetwork:Default] Task <5B9B8B16-5BE2-4EA8-8FAD-163DD232E522>.<1> sent request, body N 0
2026-02-11 19:29:50.802 Db AnalyticsReactNativeE2E[27152:1afd08d] [com.apple.BackBoard:EventDelivery] no-op flush
2026-02-11 19:29:50.802 Db AnalyticsReactNativeE2E[27152:1afd08d] [com.apple.defaults:User Defaults] found no value for key LogUpdateCycle.Stalls in CFPrefsSearchListSource<0x600002c09d80> (Domain: com.apple.UIKit, Container: (null) Non-launch persona: 0)
2026-02-11 19:29:50.803 Db AnalyticsReactNativeE2E[27152:1afd08d] [com.apple.defaults:User Defaults] looked up value 1 for key RCTI18nUtil_makeRTLFlipLeftAndRightStyles in CFPrefsPlistSource<0x600002c00080> (Domain: org.reactjs.native.example.AnalyticsReactNativeE2E, User: kCFPreferencesCurrentUser, ByHost: No, Container: (null), Contents Need Refresh: No) via CFPrefsSearchListSource<0x600002c0c000> (Domain: org.reactjs.native.example.AnalyticsReactNativeE2E, Container: (null) Non-launch persona: 0)
2026-02-11 19:29:50.803 Db AnalyticsReactNativeE2E[27152:1afd08d] [com.apple.defaults:User Defaults] looked up value 1 for key RCTI18nUtil_makeRTLFlipLeftAndRightStyles in CFPrefsPlistSource<0x600002c00080> (Domain: org.reactjs.native.example.AnalyticsReactNativeE2E, User: kCFPreferencesCurrentUser, ByHost: No, Container: (null), Contents Need Refresh: No) via CFPrefsSearchListSource<0x600002c0c000> (Domain: org.reactjs.native.example.AnalyticsReactNativeE2E, Container: (null) Non-launch persona: 0)
2026-02-11 19:29:50.803 Db AnalyticsReactNativeE2E[27152:1afd08d] [com.apple.defaults:User Defaults] looked up value 1 for key RCTI18nUtil_makeRTLFlipLeftAndRightStyles in CFPrefsPlistSource<0x600002c00080> (Domain: org.reactjs.native.example.AnalyticsReactNativeE2E, User: kCFPreferencesCurrentUser, ByHost: No, Container: (null), Contents Need Refresh: No) via CFPrefsSearchListSource<0x600002c0c000> (Domain: org.reactjs.native.example.AnalyticsReactNativeE2E, Container: (null) Non-launch persona: 0)
2026-02-11 19:29:50.803 Db AnalyticsReactNativeE2E[27152:1afd08d] [com.apple.defaults:User Defaults] looked up value 1 for key RCTI18nUtil_makeRTLFlipLeftAndRightStyles in CFPrefsPlistSource<0x600002c00080> (Domain: org.reactjs.native.example.AnalyticsReactNativeE2E, User: kCFPreferencesCurrentUser, ByHost: No, Container: (null), Contents Need Refresh: No) via CFPrefsSearchListSource<0x600002c0c000> (Domain: org.reactjs.native.example.AnalyticsReactNativeE2E, Container: (null) Non-launch persona: 0)
2026-02-11 19:29:50.803 Db AnalyticsReactNativeE2E[27152:1afd08d] [com.apple.defaults:User Defaults] looked up value 1 for key RCTI18nUtil_makeRTLFlipLeftAndRightStyles in CFPrefsPlistSource<0x600002c00080> (Domain: org.reactjs.native.example.AnalyticsReactNativeE2E, User: kCFPreferencesCurrentUser, ByHost: No, Container: (null), Contents Need Refresh: No) via CFPrefsSearchListSource<0x600002c0c000> (Domain: org.reactjs.native.example.AnalyticsReactNativeE2E, Container: (null) Non-launch persona: 0)
2026-02-11 19:29:50.803 Db AnalyticsReactNativeE2E[27152:1afd08d] [com.apple.defaults:User Defaults] looked up value 1 for key RCTI18nUtil_makeRTLFlipLeftAndRightStyles in CFPrefsPlistSource<0x600002c00080> (Domain: org.reactjs.native.example.AnalyticsReactNativeE2E, User: kCFPreferencesCurrentUser, ByHost: No, Container: (null), Contents Need Refresh: No) via CFPrefsSearchListSource<0x600002c0c000> (Domain: org.reactjs.native.example.AnalyticsReactNativeE2E, Container: (null) Non-launch persona: 0)
2026-02-11 19:29:50.803 Df AnalyticsReactNativeE2E[27152:1afd13f] [com.apple.CFNetwork:Default] Task <5B9B8B16-5BE2-4EA8-8FAD-163DD232E522>.<1> received response, status 200 content K
2026-02-11 19:29:50.803 Db AnalyticsReactNativeE2E[27152:1afd13f] [com.apple.network:connection] nw_connection_modify_estimated_bytes_block_invoke [C2] Incremented estimated bytes to receive by 375, total now 375
2026-02-11 19:29:50.803 Db AnalyticsReactNativeE2E[27152:1afd13f] [com.apple.network:connection] nw_connection_modify_estimated_bytes_block_invoke [C2] Using lower threshold 12582912, upper threshold 31457280
2026-02-11 19:29:50.803 Df AnalyticsReactNativeE2E[27152:1afd13f] [com.apple.CFNetwork:Default] Task <5B9B8B16-5BE2-4EA8-8FAD-163DD232E522>.<1> response ended
2026-02-11 19:29:50.803 Df AnalyticsReactNativeE2E[27152:1afd13f] [com.apple.CFNetwork:Default] Task <5B9B8B16-5BE2-4EA8-8FAD-163DD232E522>.<1> done using Connection 2
2026-02-11 19:29:50.803 Db AnalyticsReactNativeE2E[27152:1afd13f] [com.apple.network:activity] Returning should log: 0 for activity cfnetwork:foreground_task
2026-02-11 19:29:50.803 Db AnalyticsReactNativeE2E[27152:1afd13f] [com.apple.CFNetwork:Default] Connection 2: set is idle true
2026-02-11 19:29:50.803 Df AnalyticsReactNativeE2E[27152:1afd13f] [com.apple.network:connection] [C2] event: client:connection_idle @0.011s
2026-02-11 19:29:50.803 I  AnalyticsReactNativeE2E[27152:1afd13f] [com.apple.network:connection] nw_endpoint_handler_report_connection_idle [C2 IPv6#91cc1a5c.9091 ready parent-flow (satisfied (Path is satisfied), interface: en0[802.11], uses wifi, LQM: unknown)] Reporting connection idle to protocols
2026-02-11 19:29:50.803 I  AnalyticsReactNativeE2E[27152:1afd13f] [com.apple.network:connection] nw_flow_passthrough_notify [C2.1.1 IPv6#91cc1a5c.9091 ready socket-flow (satisfied (Path is satisfied), interface: lo0)] received notification connection_idle
2026-02-11 19:29:50.803 Df AnalyticsReactNativeE2E[27152:1afd13f] [com.apple.network:connection] nw_protocol_socket_notify [C2.1.1:2] nw_protocol_notification_type_connection_idle is true
2026-02-11 19:29:50.803 E  AnalyticsReactNativeE2E[27152:1afd13f] [com.apple.network:connection] nw_socket_set_connection_idle [C2.1.1:2] setsockopt SO_CONNECTION_IDLE failed [42: Protocol not available]
2026-02-11 19:29:50.804 Db AnalyticsReactNativeE2E[27152:1afd13f] [com.apple.CFNetwork:Default] Connection 2: set is idle true
2026-02-11 19:29:50.804 Df AnalyticsReactNativeE2E[27152:1afd13f] [com.apple.network:connection] [C2] event: client:connection_idle @0.011s
2026-02-11 19:29:50.804 Df AnalyticsReactNativeE2E[27152:1afd137] [com.apple.CFNetwork:Summary] Task <5B9B8B16-5BE2-4EA8-8FAD-163DD232E522>.<1> summary for task success {transaction_duration_ms=24, response_status=200, connection=2, protocol="http/1.1", domain_lookup_duration_ms=6, connect_duration_ms=0, secure_connection_duration_ms=0, private_relay=false, request_start_ms=22, request_duration_ms=0, response_start_ms=24, response_duration_ms=0, request_bytes=266, request_throughput_kbps=45306, response_bytes=612, response_throughput_kbps=36539, cache_hit=false}
2026-02-11 19:29:50.804 I  AnalyticsReactNativeE2E[27152:1afd13f] [com.apple.network:connection] nw_endpoint_handler_report_connection_idle [C2 IPv6#91cc1a5c.9091 ready parent-flow (satisfied (Path is satisfied), interface: en0[802.11], uses wifi, LQM: unknown)] Reporting connection idle to protocols
2026-02-11 19:29:50.804 I  AnalyticsReactNativeE2E[27152:1afd13f] [com.apple.network:connection] nw_flow_passthrough_notify [C2.1.1 IPv6#91cc1a5c.9091 ready socket-flow (satisfied (Path is satisfied), interface: lo0)] received notification connection_idle
2026-02-11 19:29:50.804 Df AnalyticsReactNativeE2E[27152:1afd13f] [com.apple.network:connection] nw_protocol_socket_notify [C2.1.1:2] nw_protocol_notification_type_connection_idle is true
2026-02-11 19:29:50.804 Df AnalyticsReactNativeE2E[27152:1afd137] [com.apple.CoreAnalytics:client] No XPC connection in Simulator
2026-02-11 19:29:50.804 E  AnalyticsReactNativeE2E[27152:1afd13f] [com.apple.network:connection] nw_socket_set_connection_idle [C2.1.1:2] setsockopt SO_CONNECTION_IDLE failed [42: Protocol not available]
2026-02-11 19:29:50.804 Df AnalyticsReactNativeE2E[27152:1afd137] [com.apple.CFNetwork:Default] Task <5B9B8B16-5BE2-4EA8-8FAD-163DD232E522>.<1> finished successfully
2026-02-11 19:29:50.804 Db AnalyticsReactNativeE2E[27152:1afd137] [com.apple.network:activity] Returning should log: 0 for activity cfnetwork:foreground_task
2026-02-11 19:29:50.804 Db AnalyticsReactNativeE2E[27152:1afd137] [com.apple.network:activity] Returning should log: 0 for activity cfnetwork:foreground_task
2026-02-11 19:29:50.804 Db AnalyticsReactNativeE2E[27152:1afd137] [com.apple.network:activity] No threshold for cfnetwork:foreground_task, returning NW_ACTIVITY_DURATION_INVALID
2026-02-11 19:29:50.804 Db AnalyticsReactNativeE2E[27152:1afd137] [com.apple.network:activity] No threshold for activity <nw_activity 12:2 [464E34AF-10B8-43D3-8EA2-C178B46393DD] (parent is global) (reporting strategy default) complete (reason success)>
2026-02-11 19:29:50.805 I  AnalyticsReactNativeE2E[27152:1afd159] [com.facebook.react.log:javascript] Received settings from Segment succesfully.
2026-02-11 19:29:50.805 Db AnalyticsReactNativeE2E[27152:1afd13b] [com.apple.SystemConfiguration:SCNetworkReachability] [0x1042b1280] create w/name <SCNetworkReachability 0x1042b1280 [0x1e578fa80]> {name = google.com}
2026-02-11 19:29:50.805 Db AnalyticsReactNativeE2E[27152:1afd13b] [com.apple.SystemConfiguration:SCNetworkReachability] [0x1042b1280] __SCNetworkReachabilityGetFlagsFromPath(GetFlags), flags = 0x00000002, nw_path_status_satisfied
2026-02-11 19:29:50.805 Db AnalyticsReactNativeE2E[27152:1afd13b] [com.apple.SystemConfiguration:SCNetworkReachability] [0x1042b1280] release
2026-02-11 19:29:50.805 Df AnalyticsReactNativeE2E[27152:1afd13b] [com.apple.xpc:connection] [0x1042b1280] activating connection: mach=true listener=false peer=false name=com.apple.lsd.advertisingidentifiers
2026-02-11 19:29:50.809 I  AnalyticsReactNativeE2E[27152:1afd159] [com.facebook.react.log:javascript] 'TRACK (Application Installed) event saved', { type: 'track',
  event: 'Application Installed',
