Filtering the log data using "processImagePath BEGINSWITH "/Users/abueide/Library/Developer/CoreSimulator/Devices/651CE25F-D2F4-404C-AC47-0364AA5C94A1/data/Containers/Bundle/Application/2CE46EE6-15A7-4764-BACE-8BE27226907A/AnalyticsReactNativeE2E.app""
Timestamp               Ty Process[PID:TID]
2026-02-11 19:02:56.952 I  AnalyticsReactNativeE2E[3658:1adebdb] [com.wix.Detox:WebSocket] Action received: invoke
2026-02-11 19:02:57.085 Df AnalyticsReactNativeE2E[3658:1adebdb] [com.apple.UIKit:EventDispatch] Sending UIEvent type: 0; subtype: 0; to windows: 1
2026-02-11 19:02:57.085 Df AnalyticsReactNativeE2E[3658:1adebdb] [com.apple.UIKit:EventDispatch] Sending UIEvent type: 0; subtype: 0; to window: <UIWindow: 0x102309070>; contextId: 0x290368A9
2026-02-11 19:02:57.086 A  AnalyticsReactNativeE2E[3658:1adebdb] (UIKitCore) send gesture actions
2026-02-11 19:02:57.101 Df AnalyticsReactNativeE2E[3658:1adebdb] [com.apple.UIKit:EventDispatch] Sending UIEvent type: 0; subtype: 0; to windows: 1
2026-02-11 19:02:57.102 Df AnalyticsReactNativeE2E[3658:1adebdb] [com.apple.UIKit:EventDispatch] Sending UIEvent type: 0; subtype: 0; to window: <UIWindow: 0x102309070>; contextId: 0x290368A9
2026-02-11 19:02:57.102 A  AnalyticsReactNativeE2E[3658:1adebdb] (UIKitCore) send gesture actions
2026-02-11 19:02:57.102 Df AnalyticsReactNativeE2E[3658:1adec4e] [com.apple.CFNetwork:Default] Task <191AC237-FCBD-4742-81AF-2F7C5A8ED53C>.<2> resuming, timeouts(0.0, 604800.0) qos(0x19) voucher((null)) activity(00000000-0000-0000-0000-000000000000)
2026-02-11 19:02:57.102 Db AnalyticsReactNativeE2E[3658:1adec4e] [com.apple.network:activity] Returning should log: 0 for activity cfnetwork:foreground_task
2026-02-11 19:02:57.103 Db AnalyticsReactNativeE2E[3658:1adec4e] [com.apple.network:activity] Domain cfnetwork rate configured in registry as 1 / 20000
2026-02-11 19:02:57.103 Db AnalyticsReactNativeE2E[3658:1adec4e] [com.apple.network:activity] Domain cfnetwork rate configured after remote default override as 1 / 20000
2026-02-11 19:02:57.103 Db AnalyticsReactNativeE2E[3658:1adec4e] [com.apple.network:activity] After reading settings plist, domain cfnetwork rate configured as 1 / 2000000
2026-02-11 19:02:57.103 Db AnalyticsReactNativeE2E[3658:1adec4e] [com.apple.network:activity] After settings override, domain cfnetwork rate configured as 1 / 2000000
2026-02-11 19:02:57.103 Db AnalyticsReactNativeE2E[3658:1adec4e] [com.apple.network:activity] Final domain cfnetwork rate configured as 1 / 2000000
2026-02-11 19:02:57.103 Db AnalyticsReactNativeE2E[3658:1adec4e] [com.apple.network:activity] <nw_activity 12:2 [No UUID] (reporting strategy default)> sampled at 1 / 2000000
2026-02-11 19:02:57.103 Db AnalyticsReactNativeE2E[3658:1adec4e] [com.apple.network:activity] Returning should log: 0 for activity cfnetwork:foreground_task
2026-02-11 19:02:57.103 Db AnalyticsReactNativeE2E[3658:1adec4e] [com.apple.network:activity] Returning should log: 0 for activity cfnetwork:foreground_task
2026-02-11 19:02:57.103 Db AnalyticsReactNativeE2E[3658:1adec4e] [com.apple.CFNetwork:Default] [Telemetry]: Activity <nw_activity 12:2 [ECFAC916-FB1A-4298-B730-B1597FFC113C] (reporting strategy default)> on Task <191AC237-FCBD-4742-81AF-2F7C5A8ED53C>.<2> was not selected for reporting
2026-02-11 19:02:57.103 Db AnalyticsReactNativeE2E[3658:1adf47e] [com.apple.networkextension:] ne_tracker_check_is_hostname_blocked() proceeding with the in_the_app check for hostname: localhost
2026-02-11 19:02:57.103 Db AnalyticsReactNativeE2E[3658:1adf47e] [com.apple.CFBundle:resources] Resource lookup at CFBundle 0x600003b00000 </Users/abueide/Library/Developer/CoreSimulator/Devices/651CE25F-D2F4-404C-AC47-0364AA5C94A1/data/Containers/Bundle/Application/2CE46EE6-15A7-4764-BACE-8BE27226907A/AnalyticsReactNativeE2E.app> (executable, loaded)
	Request       : InfoPlist type: strings
	Result        : None
2026-02-11 19:02:57.103 Db AnalyticsReactNativeE2E[3658:1adf47e] [com.apple.CFBundle:resources] Resource lookup at CFBundle 0x600003b00000 </Users/abueide/Library/Developer/CoreSimulator/Devices/651CE25F-D2F4-404C-AC47-0364AA5C94A1/data/Containers/Bundle/Application/2CE46EE6-15A7-4764-BACE-8BE27226907A/AnalyticsReactNativeE2E.app> (executable, loaded)
	Request       : InfoPlist type: stringsdict
	Result        : None
2026-02-11 19:02:57.103 Db AnalyticsReactNativeE2E[3658:1adf47e] [com.apple.networkextension:] ne_tracker_check_is_hostname_blocked(): hostname localhost is not a tracker. Returning: ne_tracker_status_none
2026-02-11 19:02:57.103 Db AnalyticsReactNativeE2E[3658:1adf47e] [com.apple.CFNetwork:ATS] Uploading ATS exception ATSAllowsLocalNetworking
2026-02-11 19:02:57.103 Db AnalyticsReactNativeE2E[3658:1adf47e] [com.apple.CFNetwork:ATS] Uploading ATS exception ATSExceptionDomains
2026-02-11 19:02:57.103 A  AnalyticsReactNativeE2E[3658:1adec4e] (Security) SecTrustReportNetworkingAnalytics
2026-02-11 19:02:57.103 Db AnalyticsReactNativeE2E[3658:1adf47e] [com.apple.CFNetwork:Default] Connection 17: set is idle true
2026-02-11 19:02:57.103 Df AnalyticsReactNativeE2E[3658:1adf47e] [com.apple.network:connection] [C17] event: client:connection_idle @2.189s
2026-02-11 19:02:57.103 I  AnalyticsReactNativeE2E[3658:1adf47e] [com.apple.network:connection] nw_endpoint_handler_report_connection_idle [C17 IPv6#379a4a20.9091 ready parent-flow (satisfied (Path is satisfied), interface: en0[802.11], uses wifi, LQM: unknown)] Reporting connection idle to protocols
2026-02-11 19:02:57.103 I  AnalyticsReactNativeE2E[3658:1adf47e] [com.apple.network:connection] nw_flow_passthrough_notify [C17.1.1 IPv6#379a4a20.9091 ready socket-flow (satisfied (Path is satisfied), interface: lo0)] received notification connection_idle
2026-02-11 19:02:57.103 Df AnalyticsReactNativeE2E[3658:1adf47e] [com.apple.network:connection] nw_protocol_socket_notify [C17.1.1:2] nw_protocol_notification_type_connection_idle is true
2026-02-11 19:02:57.103 E  AnalyticsReactNativeE2E[3658:1adf47e] [com.apple.network:connection] nw_socket_set_connection_idle [C17.1.1:2] setsockopt SO_CONNECTION_IDLE failed [42: Protocol not available]
2026-02-11 19:02:57.103 Df AnalyticsReactNativeE2E[3658:1adf47e] [com.apple.CFNetwork:Default] Task <191AC237-FCBD-4742-81AF-2F7C5A8ED53C>.<2> now using Connection 17
2026-02-11 19:02:57.103 Db AnalyticsReactNativeE2E[3658:1adf47e] [com.apple.network:activity] Returning should log: 0 for activity cfnetwork:foreground_task
2026-02-11 19:02:57.103 Db AnalyticsReactNativeE2E[3658:1adf47e] [com.apple.network:connection] nw_connection_modify_estimated_bytes_block_invoke [C17] Incremented estimated bytes to send by 1795, total now 1795
2026-02-11 19:02:57.103 Db AnalyticsReactNativeE2E[3658:1adf47e] [com.apple.network:connection] nw_connection_modify_estimated_bytes_block_invoke [C17] Using lower threshold 12582912, upper threshold 31457280
2026-02-11 19:02:57.103 Db AnalyticsReactNativeE2E[3658:1adf47e] [com.apple.CFNetwork:Default] Connection 17: set is idle false
2026-02-11 19:02:57.103 Df AnalyticsReactNativeE2E[3658:1adf47e] [com.apple.network:connection] [C17] event: client:connection_reused @2.189s
2026-02-11 19:02:57.103 I  AnalyticsReactNativeE2E[3658:1adf47e] [com.apple.network:connection] nw_endpoint_handler_report_connection_idle [C17 IPv6#379a4a20.9091 ready parent-flow (satisfied (Path is satisfied), interface: en0[802.11], uses wifi, LQM: unknown)] Reporting connection not idle to protocols
2026-02-11 19:02:57.103 I  AnalyticsReactNativeE2E[3658:1adf47e] [com.apple.network:connection] nw_flow_passthrough_notify [C17.1.1 IPv6#379a4a20.9091 ready socket-flow (satisfied (Path is satisfied), interface: lo0)] received notification connection_idle
2026-02-11 19:02:57.103 Df AnalyticsReactNativeE2E[3658:1adf47e] [com.apple.network:connection] nw_protocol_socket_notify [C17.1.1:2] nw_protocol_notification_type_connection_idle is false
2026-02-11 19:02:57.103 E  AnalyticsReactNativeE2E[3658:1adf47e] [com.apple.network:connection] nw_socket_set_connection_idle [C17.1.1:2] setsockopt SO_CONNECTION_IDLE failed [42: Protocol not available]
2026-02-11 19:02:57.104 Df AnalyticsReactNativeE2E[3658:1adec48] [com.apple.CFNetwork:Default] Task <191AC237-FCBD-4742-81AF-2F7C5A8ED53C>.<2> sent request, body S 1795
2026-02-11 19:02:57.105 Df AnalyticsReactNativeE2E[3658:1adec4e] [com.apple.securityd:SecError] SecTrustReportNetworkingAnalytics failed with error: -4
2026-02-11 19:02:57.105 A  AnalyticsReactNativeE2E[3658:1adec4e] (Security) SecTrustReportNetworkingAnalytics
2026-02-11 19:02:57.105 Df AnalyticsReactNativeE2E[3658:1adf47e] [com.apple.CFNetwork:Default] Task <191AC237-FCBD-4742-81AF-2F7C5A8ED53C>.<2> received response, status 200 content K
2026-02-11 19:02:57.105 Db AnalyticsReactNativeE2E[3658:1adf47e] [com.apple.network:connection] nw_connection_modify_estimated_bytes_block_invoke [C17] Incremented estimated bytes to receive by 20, total now 395
2026-02-11 19:02:57.105 Db AnalyticsReactNativeE2E[3658:1adf47e] [com.apple.network:connection] nw_connection_modify_estimated_bytes_block_invoke [C17] Using lower threshold 12582912, upper threshold 31457280
2026-02-11 19:02:57.105 Df AnalyticsReactNativeE2E[3658:1adec4e] [com.apple.securityd:SecError] SecTrustReportNetworkingAnalytics failed with error: -4
2026-02-11 19:02:57.105 Df AnalyticsReactNativeE2E[3658:1adf47e] [com.apple.CFNetwork:Default] Task <191AC237-FCBD-4742-81AF-2F7C5A8ED53C>.<2> response ended
2026-02-11 19:02:57.105 Df AnalyticsReactNativeE2E[3658:1adf47e] [com.apple.CFNetwork:Default] Task <191AC237-FCBD-4742-81AF-2F7C5A8ED53C>.<2> done using Connection 17
2026-02-11 19:02:57.105 Db AnalyticsReactNativeE2E[3658:1adf47e] [com.apple.network:activity] Returning should log: 0 for activity cfnetwork:foreground_task
2026-02-11 19:02:57.105 Db AnalyticsReactNativeE2E[3658:1adf47e] [com.apple.CFNetwork:Default] Connection 17: set is idle true
2026-02-11 19:02:57.105 Df AnalyticsReactNativeE2E[3658:1adf47e] [com.apple.network:connection] [C17] event: client:connection_idle @2.191s
2026-02-11 19:02:57.105 I  AnalyticsReactNativeE2E[3658:1adf47e] [com.apple.network:connection] nw_endpoint_handler_report_connection_idle [C17 IPv6#379a4a20.9091 ready parent-flow (satisfied (Path is satisfied), interface: en0[802.11], uses wifi, LQM: unknown)] Reporting connection idle to protocols
2026-02-11 19:02:57.105 I  AnalyticsReactNativeE2E[3658:1adf47e] [com.apple.network:connection] nw_flow_passthrough_notify [C17.1.1 IPv6#379a4a20.9091 ready socket-flow (satisfied (Path is satisfied), interface: lo0)] received notification connection_idle
2026-02-11 19:02:57.105 I  AnalyticsReactNativeE2E[3658:1adec48] [com.apple.runningboard:assertion] Acquiring assertion: <RBSAssertionDescriptor| "com.apple.CFNetwork.StorageDB" ID:(null) target:3658>
2026-02-11 19:02:57.105 Df AnalyticsReactNativeE2E[3658:1adf47e] [com.apple.network:connection] nw_protocol_socket_notify [C17.1.1:2] nw_protocol_notification_type_connection_idle is true
2026-02-11 19:02:57.105 Df AnalyticsReactNativeE2E[3658:1adec4e] [com.apple.CFNetwork:Summary] Task <191AC237-FCBD-4742-81AF-2F7C5A8ED53C>.<2> summary for task success {transaction_duration_ms=2, response_status=200, connection=17, reused=1, reused_after_ms=0, request_start_ms=0, request_duration_ms=0, response_start_ms=2, response_duration_ms=0, request_bytes=2086, request_throughput_kbps=67562, response_bytes=255, response_throughput_kbps=11523, cache_hit=true}
2026-02-11 19:02:57.105 E  AnalyticsReactNativeE2E[3658:1adf47e] [com.apple.network:connection] nw_socket_set_connection_idle [C17.1.1:2] setsockopt SO_CONNECTION_IDLE failed [42: Protocol not available]
2026-02-11 19:02:57.105 Db AnalyticsReactNativeE2E[3658:1adf47e] [com.apple.CFNetwork:Default] Connection 17: set is idle true
2026-02-11 19:02:57.105 Df AnalyticsReactNativeE2E[3658:1adec4e] [com.apple.CFNetwork:Default] Task <191AC237-FCBD-4742-81AF-2F7C5A8ED53C>.<2> finished successfully
2026-02-11 19:02:57.105 Df AnalyticsReactNativeE2E[3658:1adf47e] [com.apple.network:connection] [C17] event: client:connection_idle @2.191s
2026-02-11 19:02:57.105 Db AnalyticsReactNativeE2E[3658:1adec4e] [com.apple.network:activity] Returning should log: 0 for activity cfnetwork:foreground_task
2026-02-11 19:02:57.106 I  AnalyticsReactNativeE2E[3658:1adf47e] [com.apple.network:connection] nw_endpoint_handler_report_connection_idle [C17 IPv6#379a4a20.9091 ready parent-flow (satisfied (Path is satisfied), interface: en0[802.11], uses wifi, LQM: unknown)] Reporting connection idle to protocols
2026-02-11 19:02:57.106 Db AnalyticsReactNativeE2E[3658:1adec4e] [com.apple.network:activity] Returning should log: 0 for activity cfnetwork:foreground_task
2026-02-11 19:02:57.106 I  AnalyticsReactNativeE2E[3658:1adf47e] [com.apple.network:connection] nw_flow_passthrough_notify [C17.1.1 IPv6#379a4a20.9091 ready socket-flow (satisfied (Path is satisfied), interface: lo0)] received notification connection_idle
2026-02-11 19:02:57.106 Db AnalyticsReactNativeE2E[3658:1adec4e] [com.apple.network:activity] No threshold for cfnetwork:foreground_task, returning NW_ACTIVITY_DURATION_INVALID
2026-02-11 19:02:57.106 Df AnalyticsReactNativeE2E[3658:1adf47e] [com.apple.network:connection] nw_protocol_socket_notify [C17.1.1:2] nw_protocol_notification_type_connection_idle is true
2026-02-11 19:02:57.106 Db AnalyticsReactNativeE2E[3658:1adec4e] [com.apple.network:activity] No threshold for activity <nw_activity 12:2 [ECFAC916-FB1A-4298-B730-B1597FFC113C] (reporting strategy default) complete (reason success)>
2026-02-11 19:02:57.106 E  AnalyticsReactNativeE2E[3658:1adf47e] [com.apple.network:connection] nw_socket_set_connection_idle [C17.1.1:2] setsockopt SO_CONNECTION_IDLE failed [42: Protocol not available]
2026-02-11 19:02:57.106 I  AnalyticsReactNativeE2E[3658:1ae0a24] [com.facebook.react.log:javascript] Sent 2 events
2026-02-11 19:02:57.106 Db AnalyticsReactNativeE2E[3658:1adec48] [com.apple.runningboard:assertion] Adding assertion 1422-3658-965 to dictionary
2026-02-11 19:02:58.494 I  AnalyticsReactNativeE2E[3658:1adebdb] [com.wix.Detox:WebSocket] Action received: invoke
2026-02-11 19:02:58.537 Db AnalyticsReactNativeE2E[3658:1adf47c] [com.apple.network:connection] nw_association_schedule_deactivation_block_invoke <nw_association Hostname#a6e87fda:9091> becoming dormant
2026-02-11 19:02:58.537 Db AnalyticsReactNativeE2E[3658:1adf47c] [com.apple.network:connection] nw_association_schedule_deactivation_block_invoke <nw_association IPv6#379a4a20.9091> becoming dormant
2026-02-11 19:02:58.537 Db AnalyticsReactNativeE2E[3658:1adf47c] [com.apple.CFNetwork:Coalescing] removing all entries config 0x600000255ba0
2026-02-11 19:02:58.537 I  AnalyticsReactNativeE2E[3658:1adf47c] [com.apple.network:] nw_context_dealloc Deallocating context <nw_context (null) (private)>
2026-02-11 19:02:58.537 I  AnalyticsReactNativeE2E[3658:1adf47c] [com.apple.network:] nw_context_purge_endpoints Context <nw_context com.apple.CFNetwork.NSURLSession.{21A5811B-1F3A-45D8-B7F3-FD33DDA89174}{(null)}{Y}{2}{0x0} (private)> has more than 0 cache entries, purging 1 from 1 down to 0
2026-02-11 19:02:58.537 Db AnalyticsReactNativeE2E[3658:1adf47c] [com.apple.network:endpoint] endpoint IPv6#379a4a20.9091 has nothing to cleanup, no protocol instance registrars
2026-02-11 19:02:58.537 Db AnalyticsReactNativeE2E[3658:1adf47c] [com.apple.network:endpoint] endpoint Hostname#a6e87fda:9091 has nothing to cleanup, no protocol instance registrars
2026-02-11 19:02:58.537 I  AnalyticsReactNativeE2E[3658:1adf47c] [com.apple.network:] nw_context_dealloc Deallocating context <nw_context (null) (private)>
2026-02-11 19:02:58.618 Df AnalyticsReactNativeE2E[3658:1adebdb] [com.apple.UIKit:EventDispatch] Sending UIEvent type: 0; subtype: 0; to windows: 1
2026-02-11 19:02:58.618 Df AnalyticsReactNativeE2E[3658:1adebdb] [com.apple.UIKit:EventDispatch] Sending UIEvent type: 0; subtype: 0; to window: <UIWindow: 0x102309070>; contextId: 0x290368A9
2026-02-11 19:02:58.619 A  AnalyticsReactNativeE2E[3658:1adebdb] (UIKitCore) send gesture actions
2026-02-11 19:02:58.635 Df AnalyticsReactNativeE2E[3658:1adebdb] [com.apple.UIKit:EventDispatch] Sending UIEvent type: 0; subtype: 0; to windows: 1
2026-02-11 19:02:58.635 Df AnalyticsReactNativeE2E[3658:1adebdb] [com.apple.UIKit:EventDispatch] Sending UIEvent type: 0; subtype: 0; to window: <UIWindow: 0x102309070>; contextId: 0x290368A9
2026-02-11 19:02:58.635 A  AnalyticsReactNativeE2E[3658:1adebdb] (UIKitCore) send gesture actions
2026-02-11 19:02:58.636 I  AnalyticsReactNativeE2E[3658:1ae0a24] [com.facebook.react.log:javascript] 'TRACK event saved', { type: 'track',
  event: 'Track pressed',
  properties: { foo: 'bar' } }
2026-02-11 19:02:59.327 I  AnalyticsReactNativeE2E[3658:1adebdb] [com.wix.Detox:WebSocket] Action received: invoke
2026-02-11 19:02:59.451 Df AnalyticsReactNativeE2E[3658:1adebdb] [com.apple.UIKit:EventDispatch] Sending UIEvent type: 0; subtype: 0; to windows: 1
2026-02-11 19:02:59.451 Df AnalyticsReactNativeE2E[3658:1adebdb] [com.apple.UIKit:EventDispatch] Sending UIEvent type: 0; subtype: 0; to window: <UIWindow: 0x102309070>; contextId: 0x290368A9
2026-02-11 19:02:59.452 A  AnalyticsReactNativeE2E[3658:1adebdb] (UIKitCore) send gesture actions
2026-02-11 19:02:59.468 Df AnalyticsReactNativeE2E[3658:1adebdb] [com.apple.UIKit:EventDispatch] Sending UIEvent type: 0; subtype: 0; to windows: 1
2026-02-11 19:02:59.468 Df AnalyticsReactNativeE2E[3658:1adebdb] [com.apple.UIKit:EventDispatch] Sending UIEvent type: 0; subtype: 0; to window: <UIWindow: 0x102309070>; contextId: 0x290368A9
2026-02-11 19:02:59.468 A  AnalyticsReactNativeE2E[3658:1adebdb] (UIKitCore) send gesture actions
2026-02-11 19:02:59.469 Df AnalyticsReactNativeE2E[3658:1adf47c] [com.apple.CFNetwork:Default] Task <4BBB289B-C8D1-45EB-A75B-1E4B00706864>.<3> resuming, timeouts(0.0, 604800.0) qos(0x19) voucher((null)) activity(00000000-0000-0000-0000-000000000000)
2026-02-11 19:02:59.469 Db AnalyticsReactNativeE2E[3658:1adf47c] [com.apple.network:activity] Returning should log: 0 for activity cfnetwork:foreground_task
2026-02-11 19:02:59.469 Db AnalyticsReactNativeE2E[3658:1adf47c] [com.apple.network:activity] Domain cfnetwork rate configured in registry as 1 / 20000
2026-02-11 19:02:59.469 Db AnalyticsReactNativeE2E[3658:1adf47c] [com.apple.network:activity] Domain cfnetwork rate configured after remote default override as 1 / 20000
2026-02-11 19:02:59.469 Db AnalyticsReactNativeE2E[3658:1adf47c] [com.apple.network:activity] After reading settings plist, domain cfnetwork rate configured as 1 / 2000000
2026-02-11 19:02:59.469 Db AnalyticsReactNativeE2E[3658:1adf47c] [com.apple.network:activity] After settings override, domain cfnetwork rate configured as 1 / 2000000
2026-02-11 19:02:59.469 Db AnalyticsReactNativeE2E[3658:1adf47c] [com.apple.network:activity] Final domain cfnetwork rate configured as 1 / 2000000
2026-02-11 19:02:59.469 Db AnalyticsReactNativeE2E[3658:1adf47c] [com.apple.network:activity] <nw_activity 12:2 [No UUID] (reporting strategy default)> sampled at 1 / 2000000
2026-02-11 19:02:59.469 Db AnalyticsReactNativeE2E[3658:1adf47c] [com.apple.network:activity] Returning should log: 0 for activity cfnetwork:foreground_task
2026-02-11 19:02:59.469 Db AnalyticsReactNativeE2E[3658:1adf47c] [com.apple.network:activity] Returning should log: 0 for activity cfnetwork:foreground_task
2026-02-11 19:02:59.469 Db AnalyticsReactNativeE2E[3658:1adf47c] [com.apple.CFNetwork:Default] [Telemetry]: Activity <nw_activity 12:2 [7B34084A-4ECE-45CA-9404-2547DC6900DB] (reporting strategy default)> on Task <4BBB289B-C8D1-45EB-A75B-1E4B00706864>.<3> was not selected for reporting
2026-02-11 19:02:59.469 Db AnalyticsReactNativeE2E[3658:1adec48] [com.apple.networkextension:] ne_tracker_check_is_hostname_blocked() proceeding with the in_the_app check for hostname: localhost
2026-02-11 19:02:59.469 Db AnalyticsReactNativeE2E[3658:1adec48] [com.apple.CFBundle:resources] Resource lookup at CFBundle 0x600003b00000 </Users/abueide/Library/Developer/CoreSimulator/Devices/651CE25F-D2F4-404C-AC47-0364AA5C94A1/data/Containers/Bundle/Application/2CE46EE6-15A7-4764-BACE-8BE27226907A/AnalyticsReactNativeE2E.app> (executable, loaded)
	Request       : InfoPlist type: strings
	Result        : None
2026-02-11 19:02:59.469 Db AnalyticsReactNativeE2E[3658:1adec48] [com.apple.CFBundle:resources] Resource lookup at CFBundle 0x600003b00000 </Users/abueide/Library/Developer/CoreSimulator/Devices/651CE25F-D2F4-404C-AC47-0364AA5C94A1/data/Containers/Bundle/Application/2CE46EE6-15A7-4764-BACE-8BE27226907A/AnalyticsReactNativeE2E.app> (executable, loaded)
	Request       : InfoPlist type: stringsdict
	Result        : None
2026-02-11 19:02:59.469 Db AnalyticsReactNativeE2E[3658:1adec48] [com.apple.networkextension:] ne_tracker_check_is_hostname_blocked(): hostname localhost is not a tracker. Returning: ne_tracker_status_none
2026-02-11 19:02:59.469 Db AnalyticsReactNativeE2E[3658:1adec48] [com.apple.CFNetwork:ATS] Uploading ATS exception ATSAllowsLocalNetworking
2026-02-11 19:02:59.469 Db AnalyticsReactNativeE2E[3658:1adec48] [com.apple.CFNetwork:ATS] Uploading ATS exception ATSExceptionDomains
2026-02-11 19:02:59.469 A  AnalyticsReactNativeE2E[3658:1adf47c] (Security) SecTrustReportNetworkingAnalytics
2026-02-11 19:02:59.469 Db AnalyticsReactNativeE2E[3658:1adec48] [com.apple.CFNetwork:Default] Connection 17: set is idle true
2026-02-11 19:02:59.469 Df AnalyticsReactNativeE2E[3658:1adec48] [com.apple.network:connection] [C17] event: client:connection_idle @4.555s
2026-02-11 19:02:59.469 I  AnalyticsReactNativeE2E[3658:1adec48] [com.apple.network:connection] nw_endpoint_handler_report_connection_idle [C17 IPv6#379a4a20.9091 ready parent-flow (satisfied (Path is satisfied), interface: en0[802.11], uses wifi, LQM: unknown)] Reporting connection idle to protocols
2026-02-11 19:02:59.469 I  AnalyticsReactNativeE2E[3658:1adec48] [com.apple.network:connection] nw_flow_passthrough_notify [C17.1.1 IPv6#379a4a20.9091 ready socket-flow (satisfied (Path is satisfied), interface: lo0)] received notification connection_idle
2026-02-11 19:02:59.469 Df AnalyticsReactNativeE2E[3658:1adec48] [com.apple.network:connection] nw_protocol_socket_notify [C17.1.1:2] nw_protocol_notification_type_connection_idle is true
2026-02-11 19:02:59.469 E  AnalyticsReactNativeE2E[3658:1adec48] [com.apple.network:connection] nw_socket_set_connection_idle [C17.1.1:2] setsockopt SO_CONNECTION_IDLE failed [42: Protocol not available]
2026-02-11 19:02:59.469 Df AnalyticsReactNativeE2E[3658:1adec48] [com.apple.CFNetwork:Default] Task <4BBB289B-C8D1-45EB-A75B-1E4B00706864>.<3> now using Connection 17
2026-02-11 19:02:59.469 Db AnalyticsReactNativeE2E[3658:1adec48] [com.apple.network:activity] Returning should log: 0 for activity cfnetwork:foreground_task
2026-02-11 19:02:59.469 Db AnalyticsReactNativeE2E[3658:1adec48] [com.apple.network:connection] nw_connection_modify_estimated_bytes_block_invoke [C17] Incremented estimated bytes to send by 907, total now 2702
2026-02-11 19:02:59.469 Db AnalyticsReactNativeE2E[3658:1adec48] [com.apple.network:connection] nw_connection_modify_estimated_bytes_block_invoke [C17] Using lower threshold 12582912, upper threshold 31457280
2026-02-11 19:02:59.470 Db AnalyticsReactNativeE2E[3658:1adec48] [com.apple.CFNetwork:Default] Connection 17: set is idle false
2026-02-11 19:02:59.470 Df AnalyticsReactNativeE2E[3658:1adec48] [com.apple.network:connection] [C17] event: client:connection_reused @4.555s
2026-02-11 19:02:59.470 I  AnalyticsReactNativeE2E[3658:1adec48] [com.apple.network:connection] nw_endpoint_handler_report_connection_idle [C17 IPv6#379a4a20.9091 ready parent-flow (satisfied (Path is satisfied), interface: en0[802.11], uses wifi, LQM: unknown)] Reporting connection not idle to protocols
2026-02-11 19:02:59.470 I  AnalyticsReactNativeE2E[3658:1adec48] [com.apple.network:connection] nw_flow_passthrough_notify [C17.1.1 IPv6#379a4a20.9091 ready socket-flow (satisfied (Path is satisfied), interface: lo0)] received notification connection_idle
2026-02-11 19:02:59.470 Df AnalyticsReactNativeE2E[3658:1adec48] [com.apple.network:connection] nw_protocol_socket_notify [C17.1.1:2] nw_protocol_notification_type_connection_idle is false
2026-02-11 19:02:59.470 E  AnalyticsReactNativeE2E[3658:1adec48] [com.apple.network:connection] nw_socket_set_connection_idle [C17.1.1:2] setsockopt SO_CONNECTION_IDLE failed [42: Protocol not available]
2026-02-11 19:02:59.470 Df AnalyticsReactNativeE2E[3658:1adf47c] [com.apple.securityd:SecError] SecTrustReportNetworkingAnalytics failed with error: -4
2026-02-11 19:02:59.470 A  AnalyticsReactNativeE2E[3658:1adf47c] (Security) SecTrustReportNetworkingAnalytics
2026-02-11 19:02:59.470 Df AnalyticsReactNativeE2E[3658:1adec4e] [com.apple.CFNetwork:Default] Task <4BBB289B-C8D1-45EB-A75B-1E4B00706864>.<3> sent request, body S 907
2026-02-11 19:02:59.470 Df AnalyticsReactNativeE2E[3658:1adf47c] [com.apple.securityd:SecError] SecTrustReportNetworkingAnalytics failed with error: -4
2026-02-11 19:02:59.471 Df AnalyticsReactNativeE2E[3658:1adf47c] [com.apple.CFNetwork:Default] Task <4BBB289B-C8D1-45EB-A75B-1E4B00706864>.<3> received response, status 429 content K
2026-02-11 19:02:59.471 Db AnalyticsReactNativeE2E[3658:1adf47c] [com.apple.network:connection] nw_connection_modify_estimated_bytes_block_invoke [C17] Incremented estimated bytes to receive by 24, total now 419
2026-02-11 19:02:59.471 Db AnalyticsReactNativeE2E[3658:1adf47c] [com.apple.network:connection] nw_connection_modify_estimated_bytes_block_invoke [C17] Using lower threshold 12582912, upper threshold 31457280
2026-02-11 19:02:59.471 Df AnalyticsReactNativeE2E[3658:1adf47c] [com.apple.CFNetwork:Default] Task <4BBB289B-C8D1-45EB-A75B-1E4B00706864>.<3> response ended
2026-02-11 19:02:59.471 Df AnalyticsReactNativeE2E[3658:1adf47c] [com.apple.CFNetwork:Default] Task <4BBB289B-C8D1-45EB-A75B-1E4B00706864>.<3> done using Connection 17
2026-02-11 19:02:59.471 Db AnalyticsReactNativeE2E[3658:1adf47c] [com.apple.network:activity] Returning should log: 0 for activity cfnetwork:foreground_task
2026-02-11 19:02:59.471 Db AnalyticsReactNativeE2E[3658:1adf47c] [com.apple.CFNetwork:Default] Connection 17: set is idle true
2026-02-11 19:02:59.471 Df AnalyticsReactNativeE2E[3658:1adf47c] [com.apple.network:connection] [C17] event: client:connection_idle @4.557s
2026-02-11 19:02:59.471 I  AnalyticsReactNativeE2E[3658:1adf47c] [com.apple.network:connection] nw_endpoint_handler_report_connection_idle [C17 IPv6#379a4a20.9091 ready parent-flow (satisfied (Path is satisfied), interface: en0[802.11], uses wifi, LQM: unknown)] Reporting connection idle to protocols
2026-02-11 19:02:59.471 I  AnalyticsReactNativeE2E[3658:1adf47c] [com.apple.network:connection] nw_flow_passthrough_notify [C17.1.1 IPv6#379a4a20.9091 ready socket-flow (satisfied (Path is satisfied), interface: lo0)] received notification connection_idle
2026-02-11 19:02:59.471 Df AnalyticsReactNativeE2E[3658:1adf47c] [com.apple.network:connection] nw_protocol_socket_notify [C17.1.1:2] nw_protocol_notification_type_connection_idle is true
2026-02-11 19:02:59.471 E  AnalyticsReactNativeE2E[3658:1adf47c] [com.apple.network:connection] nw_socket_set_connection_idle [C17.1.1:2] setsockopt SO_CONNECTION_IDLE failed [42: Protocol not available]
2026-02-11 19:02:59.471 Df AnalyticsReactNativeE2E[3658:1adec48] [com.apple.CFNetwork:Summary] Task <4BBB289B-C8D1-45EB-A75B-1E4B00706864>.<3> summary for task success {transaction_duration_ms=2, response_status=429, connection=17, reused=1, reused_after_ms=0, request_start_ms=0, request_duration_ms=0, response_start_ms=2, response_duration_ms=0, request_bytes=1197, request_throughput_kbps=59813, response_bytes=318, response_throughput_kbps=24699, cache_hit=true}
2026-02-11 19:02:59.471 Db AnalyticsReactNativeE2E[3658:1adf47c] [com.apple.CFNetwork:Default] Connection 17: set is idle true
2026-02-11 19:02:59.471 Df AnalyticsReactNativeE2E[3658:1adec48] [com.apple.CFNetwork:Default] Task <4BBB289B-C8D1-45EB-A75B-1E4B00706864>.<3> finished successfully
2026-02-11 19:02:59.471 Db AnalyticsReactNativeE2E[3658:1adec48] [com.apple.network:activity] Returning should log: 0 for activity cfnetwork:foreground_task
2026-02-11 19:02:59.472 Db AnalyticsReactNativeE2E[3658:1adec48] [com.apple.network:activity] Returning should log: 0 for activity cfnetwork:foreground_task
2026-02-11 19:02:59.472 Db AnalyticsReactNativeE2E[3658:1adec48] [com.apple.network:activity] No threshold for cfnetwork:foreground_task, returning NW_ACTIVITY_DURATION_INVALID
2026-02-11 19:02:59.472 Db AnalyticsReactNativeE2E[3658:1adec48] [com.apple.network:activity] No threshold for activity <nw_activity 12:2 [7B34084A-4ECE-45CA-9404-2547DC6900DB] (reporting strategy default) complete (reason success)>
2026-02-11 19:02:59.471 Df AnalyticsReactNativeE2E[3658:1adf47c] [com.apple.network:connection] [C17] event: client:connection_idle @4.557s
2026-02-11 19:02:59.472 I  AnalyticsReactNativeE2E[3658:1adf47c] [com.apple.network:connection] nw_endpoint_handler_report_connection_idle [C17 IPv6#379a4a20.9091 ready parent-flow (satisfied (Path is satisfied), interface: en0[802.11], uses wifi, LQM: unknown)] Reporting connection idle to protocols
2026-02-11 19:02:59.472 I  AnalyticsReactNativeE2E[3658:1adf47c] [com.apple.network:connection] nw_flow_passthrough_notify [C17.1.1 IPv6#379a4a20.9091 ready socket-flow (satisfied (Path is satisfied), interface: lo0)] received notification connection_idle
2026-02-11 19:02:59.472 Df AnalyticsReactNativeE2E[3658:1adf47c] [com.apple.network:connection] nw_protocol_socket_notify [C17.1.1:2] nw_protocol_notification_type_connection_idle is true
2026-02-11 19:02:59.472 E  AnalyticsReactNativeE2E[3658:1adf47c] [com.apple.network:connection] nw_socket_set_connection_idle [C17.1.1:2] setsockopt SO_CONNECTION_IDLE failed [42: Protocol not available]
2026-02-11 19:02:59.472 I  AnalyticsReactNativeE2E[3658:1ae0a24] [com.facebook.react.log:javascript] 'An internal error occurred: ', { [Error] type: 1, innerError: undefined, statusCode: 429 }
2026-02-11 19:02:59.472 I  AnalyticsReactNativeE2E[3658:1ae0a24] [com.facebook.react.log:javascript] { [Error] type: 1, innerError: undefined, statusCode: 429 }
2026-02-11 19:02:59.472 E  AnalyticsReactNativeE2E[3658:1ae0a24] [com.facebook.react.log:javascript] Failed to send 1 events.
2026-02-11 19:03:00.159 I  AnalyticsReactNativeE2E[3658:1adebdb] [com.wix.Detox:WebSocket] Action received: invoke
2026-02-11 19:03:00.284 Df AnalyticsReactNativeE2E[3658:1adebdb] [com.apple.UIKit:EventDispatch] Sending UIEvent type: 0; subtype: 0; to windows: 1
2026-02-11 19:03:00.285 Df AnalyticsReactNativeE2E[3658:1adebdb] [com.apple.UIKit:EventDispatch] Sending UIEvent type: 0; subtype: 0; to window: <UIWindow: 0x102309070>; contextId: 0x290368A9
2026-02-11 19:03:00.285 A  AnalyticsReactNativeE2E[3658:1adebdb] (UIKitCore) send gesture actions
2026-02-11 19:03:00.301 Df AnalyticsReactNativeE2E[3658:1adebdb] [com.apple.UIKit:EventDispatch] Sending UIEvent type: 0; subtype: 0; to windows: 1
2026-02-11 19:03:00.302 Df AnalyticsReactNativeE2E[3658:1adebdb] [com.apple.UIKit:EventDispatch] Sending UIEvent type: 0; subtype: 0; to window: <UIWindow: 0x102309070>; contextId: 0x290368A9
2026-02-11 19:03:00.302 A  AnalyticsReactNativeE2E[3658:1adebdb] (UIKitCore) send gesture actions
2026-02-11 19:03:00.302 Df AnalyticsReactNativeE2E[3658:1adf47c] [com.apple.CFNetwork:Default] Task <4CAF32AF-2B86-4369-92B1-6187DC5A6309>.<4> resuming, timeouts(0.0, 604800.0) qos(0x19) voucher((null)) activity(00000000-0000-0000-0000-000000000000)
2026-02-11 19:03:00.302 Db AnalyticsReactNativeE2E[3658:1adf47c] [com.apple.network:activity] Returning should log: 0 for activity cfnetwork:foreground_task
2026-02-11 19:03:00.302 Db AnalyticsReactNativeE2E[3658:1adf47c] [com.apple.network:activity] Domain cfnetwork rate configured in registry as 1 / 20000
2026-02-11 19:03:00.302 Db AnalyticsReactNativeE2E[3658:1adf47c] [com.apple.network:activity] Domain cfnetwork rate configured after remote default override as 1 / 20000
2026-02-11 19:03:00.302 Db AnalyticsReactNativeE2E[3658:1adf47c] [com.apple.network:activity] After reading settings plist, domain cfnetwork rate configured as 1 / 2000000
2026-02-11 19:03:00.302 Db AnalyticsReactNativeE2E[3658:1adf47c] [com.apple.network:activity] After settings override, domain cfnetwork rate configured as 1 / 2000000
2026-02-11 19:03:00.303 Db AnalyticsReactNativeE2E[3658:1adf47c] [com.apple.network:activity] Final domain cfnetwork rate configured as 1 / 2000000
2026-02-11 19:03:00.303 Db AnalyticsReactNativeE2E[3658:1adf47c] [com.apple.network:activity] <nw_activity 12:2 [No UUID] (reporting strategy default)> sampled at 1 / 2000000
2026-02-11 19:03:00.303 Db AnalyticsReactNativeE2E[3658:1adf47c] [com.apple.network:activity] Returning should log: 0 for activity cfnetwork:foreground_task
2026-02-11 19:03:00.303 Db AnalyticsReactNativeE2E[3658:1adf47c] [com.apple.network:activity] Returning should log: 0 for activity cfnetwork:foreground_task
2026-02-11 19:03:00.303 Db AnalyticsReactNativeE2E[3658:1adf47c] [com.apple.CFNetwork:Default] [Telemetry]: Activity <nw_activity 12:2 [329A3966-1A93-4360-AB9E-6851706381B0] (reporting strategy default)> on Task <4CAF32AF-2B86-4369-92B1-6187DC5A6309>.<4> was not selected for reporting
2026-02-11 19:03:00.303 Db AnalyticsReactNativeE2E[3658:1adf47c] [com.apple.networkextension:] ne_tracker_check_is_hostname_blocked() proceeding with the in_the_app check for hostname: localhost
2026-02-11 19:03:00.303 Db AnalyticsReactNativeE2E[3658:1adf47c] [com.apple.CFBundle:resources] Resource lookup at CFBundle 0x600003b00000 </Users/abueide/Library/Developer/CoreSimulator/Devices/651CE25F-D2F4-404C-AC47-0364AA5C94A1/data/Containers/Bundle/Application/2CE46EE6-15A7-4764-BACE-8BE27226907A/AnalyticsReactNativeE2E.app> (executable, loaded)
	Request       : InfoPlist type: strings
	Result        : None
2026-02-11 19:03:00.303 Db AnalyticsReactNativeE2E[3658:1adf47c] [com.apple.CFBundle:resources] Resource lookup at CFBundle 0x600003b00000 </Users/abueide/Library/Developer/CoreSimulator/Devices/651CE25F-D2F4-404C-AC47-0364AA5C94A1/data/Containers/Bundle/Application/2CE46EE6-15A7-4764-BACE-8BE27226907A/AnalyticsReactNativeE2E.app> (executable, loaded)
	Request       : InfoPlist type: stringsdict
	Result        : None
2026-02-11 19:03:00.303 Db AnalyticsReactNativeE2E[3658:1adf47c] [com.apple.networkextension:] ne_tracker_check_is_hostname_blocked(): hostname localhost is not a tracker. Returning: ne_tracker_status_none
2026-02-11 19:03:00.303 Db AnalyticsReactNativeE2E[3658:1adf47c] [com.apple.CFNetwork:ATS] Uploading ATS exception ATSAllowsLocalNetworking
2026-02-11 19:03:00.303 Db AnalyticsReactNativeE2E[3658:1adf47c] [com.apple.CFNetwork:ATS] Uploading ATS exception ATSExceptionDomains
2026-02-11 19:03:00.303 A  AnalyticsReactNativeE2E[3658:1adf47e] (Security) SecTrustReportNetworkingAnalytics
2026-02-11 19:03:00.303 Db AnalyticsReactNativeE2E[3658:1adf47c] [com.apple.CFNetwork:Default] Connection 17: set is idle true
2026-02-11 19:03:00.303 Df AnalyticsReactNativeE2E[3658:1adf47c] [com.apple.network:connection] [C17] event: client:connection_idle @5.389s
2026-02-11 19:03:00.303 I  AnalyticsReactNativeE2E[3658:1adf47c] [com.apple.network:connection] nw_endpoint_handler_report_connection_idle [C17 IPv6#379a4a20.9091 ready parent-flow (satisfied (Path is satisfied), interface: en0[802.11], uses wifi, LQM: unknown)] Reporting connection idle to protocols
2026-02-11 19:03:00.303 I  AnalyticsReactNativeE2E[3658:1adf47c] [com.apple.network:connection] nw_flow_passthrough_notify [C17.1.1 IPv6#379a4a20.9091 ready socket-flow (satisfied (Path is satisfied), interface: lo0)] received notification connection_idle
2026-02-11 19:03:00.303 Df AnalyticsReactNativeE2E[3658:1adf47c] [com.apple.network:connection] nw_protocol_socket_notify [C17.1.1:2] nw_protocol_notification_type_connection_idle is true
2026-02-11 19:03:00.303 E  AnalyticsReactNativeE2E[3658:1adf47c] [com.apple.network:connection] nw_socket_set_connection_idle [C17.1.1:2] setsockopt SO_CONNECTION_IDLE failed [42: Protocol not available]
2026-02-11 19:03:00.303 Df AnalyticsReactNativeE2E[3658:1adf47c] [com.apple.CFNetwork:Default] Task <4CAF32AF-2B86-4369-92B1-6187DC5A6309>.<4> now using Connection 17
2026-02-11 19:03:00.303 Db AnalyticsReactNativeE2E[3658:1adf47c] [com.apple.network:activity] Returning should log: 0 for activity cfnetwork:foreground_task
2026-02-11 19:03:00.303 Db AnalyticsReactNativeE2E[3658:1adf47c] [com.apple.network:connection] nw_connection_modify_estimated_bytes_block_invoke [C17] Incremented estimated bytes to send by 907, total now 3609
2026-02-11 19:03:00.303 Db AnalyticsReactNativeE2E[3658:1adf47c] [com.apple.network:connection] nw_connection_modify_estimated_bytes_block_invoke [C17] Using lower threshold 12582912, upper threshold 31457280
2026-02-11 19:03:00.303 Db AnalyticsReactNativeE2E[3658:1adf47c] [com.apple.CFNetwork:Default] Connection 17: set is idle false
2026-02-11 19:03:00.303 Df AnalyticsReactNativeE2E[3658:1adf47c] [com.apple.network:connection] [C17] event: client:connection_reused @5.389s
2026-02-11 19:03:00.303 I  AnalyticsReactNativeE2E[3658:1adf47c] [com.apple.network:connection] nw_endpoint_handler_report_connection_idle [C17 IPv6#379a4a20.9091 ready parent-flow (satisfied (Path is satisfied), interface: en0[802.11], uses wifi, LQM: unknown)] Reporting connection not idle to protocols
2026-02-11 19:03:00.303 I  AnalyticsReactNativeE2E[3658:1adf47c] [com.apple.network:connection] nw_flow_passthrough_notify [C17.1.1 IPv6#379a4a20.9091 ready socket-flow (satisfied (Path is satisfied), interface: lo0)] received notification connection_idle
2026-02-11 19:03:00.303 Df AnalyticsReactNativeE2E[3658:1adf47c] [com.apple.network:connection] nw_protocol_socket_notify [C17.1.1:2] nw_protocol_notification_type_connection_idle is false
2026-02-11 19:03:00.303 E  AnalyticsReactNativeE2E[3658:1adf47c] [com.apple.network:connection] nw_socket_set_connection_idle [C17.1.1:2] setsockopt SO_CONNECTION_IDLE failed [42: Protocol not available]
2026-02-11 19:03:00.303 Df AnalyticsReactNativeE2E[3658:1adf47e] [com.apple.securityd:SecError] SecTrustReportNetworkingAnalytics failed with error: -4
2026-02-11 19:03:00.303 A  AnalyticsReactNativeE2E[3658:1adf47e] (Security) SecTrustReportNetworkingAnalytics
2026-02-11 19:03:00.303 Df AnalyticsReactNativeE2E[3658:1adec4e] [com.apple.CFNetwork:Default] Task <4CAF32AF-2B86-4369-92B1-6187DC5A6309>.<4> sent request, body S 907
2026-02-11 19:03:00.304 Df AnalyticsReactNativeE2E[3658:1adf47e] [com.apple.securityd:SecError] SecTrustReportNetworkingAnalytics failed with error: -4
2026-02-11 19:03:00.305 Df AnalyticsReactNativeE2E[3658:1adf47e] [com.apple.CFNetwork:Default] Task <4CAF32AF-2B86-4369-92B1-6187DC5A6309>.<4> received response, status 429 content K
2026-02-11 19:03:00.305 Db AnalyticsReactNativeE2E[3658:1adf47e] [com.apple.network:connection] nw_connection_modify_estimated_bytes_block_invoke [C17] Incremented estimated bytes to receive by 24, total now 443
2026-02-11 19:03:00.305 Db AnalyticsReactNativeE2E[3658:1adf47e] [com.apple.network:connection] nw_connection_modify_estimated_bytes_block_invoke [C17] Using lower threshold 12582912, upper threshold 31457280
2026-02-11 19:03:00.305 Df AnalyticsReactNativeE2E[3658:1adf47e] [com.apple.CFNetwork:Default] Task <4CAF32AF-2B86-4369-92B1-6187DC5A6309>.<4> response ended
2026-02-11 19:03:00.305 Df AnalyticsReactNativeE2E[3658:1adf47e] [com.apple.CFNetwork:Default] Task <4CAF32AF-2B86-4369-92B1-6187DC5A6309>.<4> done using Connection 17
2026-02-11 19:03:00.305 Db AnalyticsReactNativeE2E[3658:1adf47e] [com.apple.network:activity] Returning should log: 0 for activity cfnetwork:foreground_task
2026-02-11 19:03:00.305 Db AnalyticsReactNativeE2E[3658:1adf47e] [com.apple.CFNetwork:Default] Connection 17: set is idle true
2026-02-11 19:03:00.305 Df AnalyticsReactNativeE2E[3658:1adf47e] [com.apple.network:connection] [C17] event: client:connection_idle @5.391s
2026-02-11 19:03:00.305 I  AnalyticsReactNativeE2E[3658:1adf47e] [com.apple.network:connection] nw_endpoint_handler_report_connection_idle [C17 IPv6#379a4a20.9091 ready parent-flow (satisfied (Path is satisfied), interface: en0[802.11], uses wifi, LQM: unknown)] Reporting connection idle to protocols
2026-02-11 19:03:00.305 Df AnalyticsReactNativeE2E[3658:1adf47c] [com.apple.CFNetwork:Summary] Task <4CAF32AF-2B86-4369-92B1-6187DC5A6309>.<4> summary for task success {transaction_duration_ms=2, response_status=429, connection=17, reused=1, reused_after_ms=0, request_start_ms=0, request_duration_ms=0, response_start_ms=1, response_duration_ms=0, request_bytes=1197, request_throughput_kbps=61791, response_bytes=318, response_throughput_kbps=18162, cache_hit=true}
2026-02-11 19:03:00.305 I  AnalyticsReactNativeE2E[3658:1adf47e] [com.apple.network:connection] nw_flow_passthrough_notify [C17.1.1 IPv6#379a4a20.9091 ready socket-flow (satisfied (Path is satisfied), interface: lo0)] received notification connection_idle
2026-02-11 19:03:00.305 Df AnalyticsReactNativeE2E[3658:1adf47c] [com.apple.CFNetwork:Default] Task <4CAF32AF-2B86-4369-92B1-6187DC5A6309>.<4> finished successfully
2026-02-11 19:03:00.305 Df AnalyticsReactNativeE2E[3658:1adf47e] [com.apple.network:connection] nw_protocol_socket_notify [C17.1.1:2] nw_protocol_notification_type_connection_idle is true
2026-02-11 19:03:00.305 Db AnalyticsReactNativeE2E[3658:1adf47c] [com.apple.network:activity] Returning should log: 0 for activity cfnetwork:foreground_task
2026-02-11 19:03:00.305 E  AnalyticsReactNativeE2E[3658:1adf47e] [com.apple.network:connection] nw_socket_set_connection_idle [C17.1.1:2] setsockopt SO_CONNECTION_IDLE failed [42: Protocol not available]
2026-02-11 19:03:00.305 Db AnalyticsReactNativeE2E[3658:1adf47c] [com.apple.network:activity] Returning should log: 0 for activity cfnetwork:foreground_task
2026-02-11 19:03:00.305 Db AnalyticsReactNativeE2E[3658:1adf47e] [com.apple.CFNetwork:Default] Connection 17: set is idle true
2026-02-11 19:03:00.305 Db AnalyticsReactNativeE2E[3658:1adf47c] [com.apple.network:activity] No threshold for cfnetwork:foreground_task, returning NW_ACTIVITY_DURATION_INVALID
2026-02-11 19:03:00.305 Df AnalyticsReactNativeE2E[3658:1adf47e] [com.apple.network:connection] [C17] event: client:connection_idle @5.391s
2026-02-11 19:03:00.305 Db AnalyticsReactNativeE2E[3658:1adf47c] [com.apple.network:activity] No threshold for activity <nw_activity 12:2 [329A3966-1A93-4360-AB9E-6851706381B0] (reporting strategy default) complete (reason success)>
2026-02-11 19:03:00.305 I  AnalyticsReactNativeE2E[3658:1adf47e] [com.apple.network:connection] nw_endpoint_handler_report_connection_idle [C17 IPv6#379a4a20.9091 ready parent-flow (satisfied (Path is satisfied), interface: en0[802.11], uses wifi, LQM: unknown)] Reporting connection idle to protocols
2026-02-11 19:03:00.305 I  AnalyticsReactNativeE2E[3658:1adf47e] [com.apple.network:connection] nw_flow_passthrough_notify [C17.1.1 IPv6#379a4a20.9091 ready socket-flow (satisfied (Path is satisfied), interface: lo0)] received notification connection_idle
2026-02-11 19:03:00.305 Df AnalyticsReactNativeE2E[3658:1adf47e] [com.apple.network:connection] nw_protocol_socket_notify [C17.1.1:2] nw_protocol_notification_type_connection_idle is true
2026-02-11 19:03:00.305 E  AnalyticsReactNativeE2E[3658:1adf47e] [com.apple.network:connection] nw_socket_set_connection_idle [C17.1.1:2] setsockopt SO_CONNECTION_IDLE failed [42: Protocol not available]
2026-02-11 19:03:00.305 I  AnalyticsReactNativeE2E[3658:1ae0a24] [com.facebook.react.log:javascript] 'An internal error occurred: ', { [Error] type: 1, innerError: undefined, statusCode: 429 }
2026-02-11 19:03:00.305 I  AnalyticsReactNativeE2E[3658:1ae0a24] [com.facebook.react.log:javascript] { [Error] type: 1, innerError: undefined, statusCode: 429 }
2026-02-11 19:03:00.305 E  AnalyticsReactNativeE2E[3658:1ae0a24] [com.facebook.react.log:javascript] Failed to send 1 events.

