Filtering the log data using "processImagePath BEGINSWITH "/Users/abueide/Library/Developer/CoreSimulator/Devices/651CE25F-D2F4-404C-AC47-0364AA5C94A1/data/Containers/Bundle/Application/7969B6BB-C361-4CD4-BCBA-583EB1B5035D/AnalyticsReactNativeE2E.app""
Timestamp               Ty Process[PID:TID]
2026-02-11 18:56:30.897 I  AnalyticsReactNativeE2E[1758:1ad914e] [com.wix.Detox:WebSocket] Action received: invoke
2026-02-11 18:56:31.043 Df AnalyticsReactNativeE2E[1758:1ad914e] [com.apple.UIKit:EventDispatch] Sending UIEvent type: 0; subtype: 0; to windows: 1
2026-02-11 18:56:31.044 Df AnalyticsReactNativeE2E[1758:1ad914e] [com.apple.UIKit:EventDispatch] Sending UIEvent type: 0; subtype: 0; to window: <UIWindow: 0x104e27e90>; contextId: 0xF0F7A29A
2026-02-11 18:56:31.044 A  AnalyticsReactNativeE2E[1758:1ad914e] (UIKitCore) send gesture actions
2026-02-11 18:56:31.060 Df AnalyticsReactNativeE2E[1758:1ad914e] [com.apple.UIKit:EventDispatch] Sending UIEvent type: 0; subtype: 0; to windows: 1
2026-02-11 18:56:31.060 Df AnalyticsReactNativeE2E[1758:1ad914e] [com.apple.UIKit:EventDispatch] Sending UIEvent type: 0; subtype: 0; to window: <UIWindow: 0x104e27e90>; contextId: 0xF0F7A29A
2026-02-11 18:56:31.060 A  AnalyticsReactNativeE2E[1758:1ad914e] (UIKitCore) send gesture actions
2026-02-11 18:56:31.061 Df AnalyticsReactNativeE2E[1758:1ad9866] [com.apple.CFNetwork:Default] Task <9F141C1A-2E18-49E9-B3E7-7FF95EF3F923>.<2> resuming, timeouts(0.0, 604800.0) qos(0x19) voucher((null)) activity(00000000-0000-0000-0000-000000000000)
2026-02-11 18:56:31.061 Db AnalyticsReactNativeE2E[1758:1ad9866] [com.apple.network:activity] Returning should log: 0 for activity cfnetwork:foreground_task
2026-02-11 18:56:31.061 Db AnalyticsReactNativeE2E[1758:1ad9866] [com.apple.network:activity] Domain cfnetwork rate configured in registry as 1 / 20000
2026-02-11 18:56:31.061 Db AnalyticsReactNativeE2E[1758:1ad9866] [com.apple.network:activity] Domain cfnetwork rate configured after remote default override as 1 / 20000
2026-02-11 18:56:31.061 Db AnalyticsReactNativeE2E[1758:1ad9866] [com.apple.network:activity] After reading settings plist, domain cfnetwork rate configured as 1 / 2000000
2026-02-11 18:56:31.061 Db AnalyticsReactNativeE2E[1758:1ad9866] [com.apple.network:activity] After settings override, domain cfnetwork rate configured as 1 / 2000000
2026-02-11 18:56:31.061 Db AnalyticsReactNativeE2E[1758:1ad9866] [com.apple.network:activity] Final domain cfnetwork rate configured as 1 / 2000000
2026-02-11 18:56:31.061 Db AnalyticsReactNativeE2E[1758:1ad9866] [com.apple.network:activity] <nw_activity 12:2 [No UUID] (reporting strategy default)> sampled at 1 / 2000000
2026-02-11 18:56:31.061 Db AnalyticsReactNativeE2E[1758:1ad9866] [com.apple.network:activity] Returning should log: 0 for activity cfnetwork:foreground_task
2026-02-11 18:56:31.061 Db AnalyticsReactNativeE2E[1758:1ad9866] [com.apple.network:activity] Returning should log: 0 for activity cfnetwork:foreground_task
2026-02-11 18:56:31.061 Db AnalyticsReactNativeE2E[1758:1ad9866] [com.apple.CFNetwork:Default] [Telemetry]: Activity <nw_activity 12:2 [BFAA4446-5F61-4BE4-94DC-1217A24B158C] (reporting strategy default)> on Task <9F141C1A-2E18-49E9-B3E7-7FF95EF3F923>.<2> was not selected for reporting
2026-02-11 18:56:31.061 Db AnalyticsReactNativeE2E[1758:1ad9183] [com.apple.networkextension:] ne_tracker_check_is_hostname_blocked() proceeding with the in_the_app check for hostname: localhost
2026-02-11 18:56:31.061 Db AnalyticsReactNativeE2E[1758:1ad9183] [com.apple.CFBundle:resources] Resource lookup at CFBundle 0x600003b0c000 </Users/abueide/Library/Developer/CoreSimulator/Devices/651CE25F-D2F4-404C-AC47-0364AA5C94A1/data/Containers/Bundle/Application/7969B6BB-C361-4CD4-BCBA-583EB1B5035D/AnalyticsReactNativeE2E.app> (executable, loaded)
	Request       : InfoPlist type: strings
	Result        : None
2026-02-11 18:56:31.061 Db AnalyticsReactNativeE2E[1758:1ad9183] [com.apple.CFBundle:resources] Resource lookup at CFBundle 0x600003b0c000 </Users/abueide/Library/Developer/CoreSimulator/Devices/651CE25F-D2F4-404C-AC47-0364AA5C94A1/data/Containers/Bundle/Application/7969B6BB-C361-4CD4-BCBA-583EB1B5035D/AnalyticsReactNativeE2E.app> (executable, loaded)
	Request       : InfoPlist type: stringsdict
	Result        : None
2026-02-11 18:56:31.061 Db AnalyticsReactNativeE2E[1758:1ad9183] [com.apple.networkextension:] ne_tracker_check_is_hostname_blocked(): hostname localhost is not a tracker. Returning: ne_tracker_status_none
2026-02-11 18:56:31.061 Db AnalyticsReactNativeE2E[1758:1ad9183] [com.apple.CFNetwork:ATS] Uploading ATS exception ATSAllowsLocalNetworking
2026-02-11 18:56:31.061 Db AnalyticsReactNativeE2E[1758:1ad9183] [com.apple.CFNetwork:ATS] Uploading ATS exception ATSExceptionDomains
2026-02-11 18:56:31.061 A  AnalyticsReactNativeE2E[1758:1ad9866] (Security) SecTrustReportNetworkingAnalytics
2026-02-11 18:56:31.061 Db AnalyticsReactNativeE2E[1758:1ad9183] [com.apple.CFNetwork:Default] Connection 14: set is idle true
2026-02-11 18:56:31.061 Df AnalyticsReactNativeE2E[1758:1ad9183] [com.apple.network:connection] [C14] event: client:connection_idle @2.190s
2026-02-11 18:56:31.061 I  AnalyticsReactNativeE2E[1758:1ad9183] [com.apple.network:connection] nw_endpoint_handler_report_connection_idle [C14 IPv6#ad87c312.9091 ready parent-flow (satisfied (Path is satisfied), interface: en0[802.11], uses wifi, LQM: unknown)] Reporting connection idle to protocols
2026-02-11 18:56:31.061 I  AnalyticsReactNativeE2E[1758:1ad9183] [com.apple.network:connection] nw_flow_passthrough_notify [C14.1.1 IPv6#ad87c312.9091 ready socket-flow (satisfied (Path is satisfied), interface: lo0)] received notification connection_idle
2026-02-11 18:56:31.062 Df AnalyticsReactNativeE2E[1758:1ad9183] [com.apple.network:connection] nw_protocol_socket_notify [C14.1.1:2] nw_protocol_notification_type_connection_idle is true
2026-02-11 18:56:31.062 E  AnalyticsReactNativeE2E[1758:1ad9183] [com.apple.network:connection] nw_socket_set_connection_idle [C14.1.1:2] setsockopt SO_CONNECTION_IDLE failed [42: Protocol not available]
2026-02-11 18:56:31.062 Df AnalyticsReactNativeE2E[1758:1ad9183] [com.apple.CFNetwork:Default] Task <9F141C1A-2E18-49E9-B3E7-7FF95EF3F923>.<2> now using Connection 14
2026-02-11 18:56:31.062 Db AnalyticsReactNativeE2E[1758:1ad9183] [com.apple.network:activity] Returning should log: 0 for activity cfnetwork:foreground_task
2026-02-11 18:56:31.062 Db AnalyticsReactNativeE2E[1758:1ad9183] [com.apple.network:connection] nw_connection_modify_estimated_bytes_block_invoke [C14] Incremented estimated bytes to send by 952, total now 952
2026-02-11 18:56:31.062 Db AnalyticsReactNativeE2E[1758:1ad9183] [com.apple.network:connection] nw_connection_modify_estimated_bytes_block_invoke [C14] Using lower threshold 12582912, upper threshold 31457280
2026-02-11 18:56:31.062 Db AnalyticsReactNativeE2E[1758:1ad9183] [com.apple.CFNetwork:Default] Connection 14: set is idle false
2026-02-11 18:56:31.062 Df AnalyticsReactNativeE2E[1758:1ad9183] [com.apple.network:connection] [C14] event: client:connection_reused @2.190s
2026-02-11 18:56:31.062 I  AnalyticsReactNativeE2E[1758:1ad9183] [com.apple.network:connection] nw_endpoint_handler_report_connection_idle [C14 IPv6#ad87c312.9091 ready parent-flow (satisfied (Path is satisfied), interface: en0[802.11], uses wifi, LQM: unknown)] Reporting connection not idle to protocols
2026-02-11 18:56:31.062 I  AnalyticsReactNativeE2E[1758:1ad9183] [com.apple.network:connection] nw_flow_passthrough_notify [C14.1.1 IPv6#ad87c312.9091 ready socket-flow (satisfied (Path is satisfied), interface: lo0)] received notification connection_idle
2026-02-11 18:56:31.062 Df AnalyticsReactNativeE2E[1758:1ad9183] [com.apple.network:connection] nw_protocol_socket_notify [C14.1.1:2] nw_protocol_notification_type_connection_idle is false
2026-02-11 18:56:31.062 E  AnalyticsReactNativeE2E[1758:1ad9183] [com.apple.network:connection] nw_socket_set_connection_idle [C14.1.1:2] setsockopt SO_CONNECTION_IDLE failed [42: Protocol not available]
2026-02-11 18:56:31.062 Df AnalyticsReactNativeE2E[1758:1ad9163] [com.apple.CFNetwork:Default] Task <9F141C1A-2E18-49E9-B3E7-7FF95EF3F923>.<2> sent request, body S 952
2026-02-11 18:56:31.062 Df AnalyticsReactNativeE2E[1758:1ad9866] [com.apple.securityd:SecError] SecTrustReportNetworkingAnalytics failed with error: -4
2026-02-11 18:56:31.062 A  AnalyticsReactNativeE2E[1758:1ad9866] (Security) SecTrustReportNetworkingAnalytics
2026-02-11 18:56:31.062 Df AnalyticsReactNativeE2E[1758:1ad9866] [com.apple.securityd:SecError] SecTrustReportNetworkingAnalytics failed with error: -4
2026-02-11 18:56:31.063 Df AnalyticsReactNativeE2E[1758:1ad9866] [com.apple.CFNetwork:Default] Task <9F141C1A-2E18-49E9-B3E7-7FF95EF3F923>.<2> received response, status 200 content K
2026-02-11 18:56:31.063 Db AnalyticsReactNativeE2E[1758:1ad9866] [com.apple.network:connection] nw_connection_modify_estimated_bytes_block_invoke [C14] Incremented estimated bytes to receive by 20, total now 395
2026-02-11 18:56:31.063 Db AnalyticsReactNativeE2E[1758:1ad9866] [com.apple.network:connection] nw_connection_modify_estimated_bytes_block_invoke [C14] Using lower threshold 12582912, upper threshold 31457280
2026-02-11 18:56:31.063 Df AnalyticsReactNativeE2E[1758:1ad9866] [com.apple.CFNetwork:Default] Task <9F141C1A-2E18-49E9-B3E7-7FF95EF3F923>.<2> response ended
2026-02-11 18:56:31.063 Df AnalyticsReactNativeE2E[1758:1ad9866] [com.apple.CFNetwork:Default] Task <9F141C1A-2E18-49E9-B3E7-7FF95EF3F923>.<2> done using Connection 14
2026-02-11 18:56:31.063 Db AnalyticsReactNativeE2E[1758:1ad9866] [com.apple.network:activity] Returning should log: 0 for activity cfnetwork:foreground_task
2026-02-11 18:56:31.063 Db AnalyticsReactNativeE2E[1758:1ad9866] [com.apple.CFNetwork:Default] Connection 14: set is idle true
2026-02-11 18:56:31.063 Df AnalyticsReactNativeE2E[1758:1ad9866] [com.apple.network:connection] [C14] event: client:connection_idle @2.191s
2026-02-11 18:56:31.063 I  AnalyticsReactNativeE2E[1758:1ad9866] [com.apple.network:connection] nw_endpoint_handler_report_connection_idle [C14 IPv6#ad87c312.9091 ready parent-flow (satisfied (Path is satisfied), interface: en0[802.11], uses wifi, LQM: unknown)] Reporting connection idle to protocols
2026-02-11 18:56:31.063 I  AnalyticsReactNativeE2E[1758:1ad9866] [com.apple.network:connection] nw_flow_passthrough_notify [C14.1.1 IPv6#ad87c312.9091 ready socket-flow (satisfied (Path is satisfied), interface: lo0)] received notification connection_idle
2026-02-11 18:56:31.063 Df AnalyticsReactNativeE2E[1758:1ad9866] [com.apple.network:connection] nw_protocol_socket_notify [C14.1.1:2] nw_protocol_notification_type_connection_idle is true
2026-02-11 18:56:31.063 E  AnalyticsReactNativeE2E[1758:1ad9866] [com.apple.network:connection] nw_socket_set_connection_idle [C14.1.1:2] setsockopt SO_CONNECTION_IDLE failed [42: Protocol not available]
2026-02-11 18:56:31.063 Df AnalyticsReactNativeE2E[1758:1ad9183] [com.apple.CFNetwork:Summary] Task <9F141C1A-2E18-49E9-B3E7-7FF95EF3F923>.<2> summary for task success {transaction_duration_ms=1, response_status=200, connection=14, reused=1, reused_after_ms=0, request_start_ms=0, request_duration_ms=0, response_start_ms=1, response_duration_ms=0, request_bytes=1242, request_throughput_kbps=58123, response_bytes=255, response_throughput_kbps=20203, cache_hit=true}
2026-02-11 18:56:31.063 I  AnalyticsReactNativeE2E[1758:1ad9163] [com.apple.runningboard:assertion] Acquiring assertion: <RBSAssertionDescriptor| "com.apple.CFNetwork.StorageDB" ID:(null) target:1758>
2026-02-11 18:56:31.063 Db AnalyticsReactNativeE2E[1758:1ad9866] [com.apple.CFNetwork:Default] Connection 14: set is idle true
2026-02-11 18:56:31.063 Df AnalyticsReactNativeE2E[1758:1ad9183] [com.apple.CFNetwork:Default] Task <9F141C1A-2E18-49E9-B3E7-7FF95EF3F923>.<2> finished successfully
2026-02-11 18:56:31.063 Df AnalyticsReactNativeE2E[1758:1ad9866] [com.apple.network:connection] [C14] event: client:connection_idle @2.192s
2026-02-11 18:56:31.063 Db AnalyticsReactNativeE2E[1758:1ad9183] [com.apple.network:activity] Returning should log: 0 for activity cfnetwork:foreground_task
2026-02-11 18:56:31.063 I  AnalyticsReactNativeE2E[1758:1ad9866] [com.apple.network:connection] nw_endpoint_handler_report_connection_idle [C14 IPv6#ad87c312.9091 ready parent-flow (satisfied (Path is satisfied), interface: en0[802.11], uses wifi, LQM: unknown)] Reporting connection idle to protocols
2026-02-11 18:56:31.063 Db AnalyticsReactNativeE2E[1758:1ad9183] [com.apple.network:activity] Returning should log: 0 for activity cfnetwork:foreground_task
2026-02-11 18:56:31.063 I  AnalyticsReactNativeE2E[1758:1ad9866] [com.apple.network:connection] nw_flow_passthrough_notify [C14.1.1 IPv6#ad87c312.9091 ready socket-flow (satisfied (Path is satisfied), interface: lo0)] received notification connection_idle
2026-02-11 18:56:31.063 Db AnalyticsReactNativeE2E[1758:1ad9183] [com.apple.network:activity] No threshold for cfnetwork:foreground_task, returning NW_ACTIVITY_DURATION_INVALID
2026-02-11 18:56:31.063 Df AnalyticsReactNativeE2E[1758:1ad9866] [com.apple.network:connection] nw_protocol_socket_notify [C14.1.1:2] nw_protocol_notification_type_connection_idle is true
2026-02-11 18:56:31.063 Db AnalyticsReactNativeE2E[1758:1ad9183] [com.apple.network:activity] No threshold for activity <nw_activity 12:2 [BFAA4446-5F61-4BE4-94DC-1217A24B158C] (reporting strategy default) complete (reason success)>
2026-02-11 18:56:31.063 E  AnalyticsReactNativeE2E[1758:1ad9866] [com.apple.network:connection] nw_socket_set_connection_idle [C14.1.1:2] setsockopt SO_CONNECTION_IDLE failed [42: Protocol not available]
2026-02-11 18:56:31.063 I  AnalyticsReactNativeE2E[1758:1ada41d] [com.facebook.react.log:javascript] Sent 1 events
2026-02-11 18:56:31.063 Db AnalyticsReactNativeE2E[1758:1ad9163] [com.apple.runningboard:assertion] Adding assertion 1422-1758-703 to dictionary
2026-02-11 18:56:32.450 I  AnalyticsReactNativeE2E[1758:1ad914e] [com.wix.Detox:WebSocket] Action received: invoke
2026-02-11 18:56:32.593 Df AnalyticsReactNativeE2E[1758:1ad914e] [com.apple.UIKit:EventDispatch] Sending UIEvent type: 0; subtype: 0; to windows: 1
2026-02-11 18:56:32.593 Df AnalyticsReactNativeE2E[1758:1ad914e] [com.apple.UIKit:EventDispatch] Sending UIEvent type: 0; subtype: 0; to window: <UIWindow: 0x104e27e90>; contextId: 0xF0F7A29A
2026-02-11 18:56:32.594 A  AnalyticsReactNativeE2E[1758:1ad914e] (UIKitCore) send gesture actions
2026-02-11 18:56:32.610 Df AnalyticsReactNativeE2E[1758:1ad914e] [com.apple.UIKit:EventDispatch] Sending UIEvent type: 0; subtype: 0; to windows: 1
2026-02-11 18:56:32.610 Df AnalyticsReactNativeE2E[1758:1ad914e] [com.apple.UIKit:EventDispatch] Sending UIEvent type: 0; subtype: 0; to window: <UIWindow: 0x104e27e90>; contextId: 0xF0F7A29A
2026-02-11 18:56:32.610 A  AnalyticsReactNativeE2E[1758:1ad914e] (UIKitCore) send gesture actions
2026-02-11 18:56:32.611 I  AnalyticsReactNativeE2E[1758:1ada41d] [com.facebook.react.log:javascript] 'TRACK event saved', { type: 'track',
  event: 'Track pressed',
  properties: { foo: 'bar' } }
2026-02-11 18:56:33.052 Db AnalyticsReactNativeE2E[1758:1ad9866] [com.apple.network:endpoint] endpoint IPv6#ad87c312.60215 has nothing to cleanup, no protocol instance registrars
2026-02-11 18:56:33.053 Db AnalyticsReactNativeE2E[1758:1ad9866] [com.apple.network:endpoint] endpoint IPv6#ad87c312.60215 has associations
2026-02-11 18:56:33.053 Db AnalyticsReactNativeE2E[1758:1ad9866] [com.apple.network:endpoint] endpoint Hostname#94df536b:60215 has nothing to cleanup, no protocol instance registrars
2026-02-11 18:56:33.053 Db AnalyticsReactNativeE2E[1758:1ad9866] [com.apple.network:endpoint] endpoint Hostname#94df536b:60215 has associations
2026-02-11 18:56:33.235 Db AnalyticsReactNativeE2E[1758:1ad9183] [com.apple.network:connection] nw_association_schedule_deactivation_block_invoke <nw_association Hostname#640a2913:9091> becoming dormant
2026-02-11 18:56:33.235 Db AnalyticsReactNativeE2E[1758:1ad9183] [com.apple.network:connection] nw_association_schedule_deactivation_block_invoke <nw_association IPv6#ad87c312.9091> becoming dormant
2026-02-11 18:56:33.235 Db AnalyticsReactNativeE2E[1758:1ad9183] [com.apple.CFNetwork:Coalescing] removing all entries config 0x600000770e40
2026-02-11 18:56:33.235 I  AnalyticsReactNativeE2E[1758:1ad9183] [com.apple.network:] nw_context_dealloc Deallocating context <nw_context (null) (private)>
2026-02-11 18:56:33.235 I  AnalyticsReactNativeE2E[1758:1ad9183] [com.apple.network:] nw_context_purge_endpoints Context <nw_context com.apple.CFNetwork.NSURLSession.{7C2A47D8-11BF-4782-80EF-A6A80FAF3B85}{(null)}{Y}{2}{0x0} (private)> has more than 0 cache entries, purging 1 from 1 down to 0
2026-02-11 18:56:33.235 Db AnalyticsReactNativeE2E[1758:1ad9183] [com.apple.network:endpoint] endpoint IPv6#ad87c312.9091 has nothing to cleanup, no protocol instance registrars
2026-02-11 18:56:33.235 Db AnalyticsReactNativeE2E[1758:1ad9183] [com.apple.network:endpoint] endpoint Hostname#640a2913:9091 has nothing to cleanup, no protocol instance registrars
2026-02-11 18:56:33.235 I  AnalyticsReactNativeE2E[1758:1ad9183] [com.apple.network:] nw_context_dealloc Deallocating context <nw_context (null) (private)>
2026-02-11 18:56:33.301 I  AnalyticsReactNativeE2E[1758:1ad914e] [com.wix.Detox:WebSocket] Action received: invoke
2026-02-11 18:56:33.443 Df AnalyticsReactNativeE2E[1758:1ad914e] [com.apple.UIKit:EventDispatch] Sending UIEvent type: 0; subtype: 0; to windows: 1
2026-02-11 18:56:33.443 Df AnalyticsReactNativeE2E[1758:1ad914e] [com.apple.UIKit:EventDispatch] Sending UIEvent type: 0; subtype: 0; to window: <UIWindow: 0x104e27e90>; contextId: 0xF0F7A29A
2026-02-11 18:56:33.444 A  AnalyticsReactNativeE2E[1758:1ad914e] (UIKitCore) send gesture actions
2026-02-11 18:56:33.459 Df AnalyticsReactNativeE2E[1758:1ad914e] [com.apple.UIKit:EventDispatch] Sending UIEvent type: 0; subtype: 0; to windows: 1
2026-02-11 18:56:33.460 Df AnalyticsReactNativeE2E[1758:1ad914e] [com.apple.UIKit:EventDispatch] Sending UIEvent type: 0; subtype: 0; to window: <UIWindow: 0x104e27e90>; contextId: 0xF0F7A29A
2026-02-11 18:56:33.460 A  AnalyticsReactNativeE2E[1758:1ad914e] (UIKitCore) send gesture actions
2026-02-11 18:56:33.460 Df AnalyticsReactNativeE2E[1758:1ad9866] [com.apple.CFNetwork:Default] Task <34CF7BB0-6945-4BC2-9039-C70895143E19>.<3> resuming, timeouts(0.0, 604800.0) qos(0x19) voucher((null)) activity(00000000-0000-0000-0000-000000000000)
2026-02-11 18:56:33.460 Db AnalyticsReactNativeE2E[1758:1ad9866] [com.apple.network:activity] Returning should log: 0 for activity cfnetwork:foreground_task
2026-02-11 18:56:33.460 Db AnalyticsReactNativeE2E[1758:1ad9866] [com.apple.network:activity] Domain cfnetwork rate configured in registry as 1 / 20000
2026-02-11 18:56:33.460 Db AnalyticsReactNativeE2E[1758:1ad9866] [com.apple.network:activity] Domain cfnetwork rate configured after remote default override as 1 / 20000
2026-02-11 18:56:33.460 Db AnalyticsReactNativeE2E[1758:1ad9866] [com.apple.network:activity] After reading settings plist, domain cfnetwork rate configured as 1 / 2000000
2026-02-11 18:56:33.460 Db AnalyticsReactNativeE2E[1758:1ad9866] [com.apple.network:activity] After settings override, domain cfnetwork rate configured as 1 / 2000000
2026-02-11 18:56:33.461 Db AnalyticsReactNativeE2E[1758:1ad9866] [com.apple.network:activity] Final domain cfnetwork rate configured as 1 / 2000000
2026-02-11 18:56:33.461 Db AnalyticsReactNativeE2E[1758:1ad9866] [com.apple.network:activity] <nw_activity 12:2 [No UUID] (reporting strategy default)> sampled at 1 / 2000000
2026-02-11 18:56:33.461 Db AnalyticsReactNativeE2E[1758:1ad9866] [com.apple.network:activity] Returning should log: 0 for activity cfnetwork:foreground_task
2026-02-11 18:56:33.461 Db AnalyticsReactNativeE2E[1758:1ad9866] [com.apple.network:activity] Returning should log: 0 for activity cfnetwork:foreground_task
2026-02-11 18:56:33.461 Db AnalyticsReactNativeE2E[1758:1ad9866] [com.apple.CFNetwork:Default] [Telemetry]: Activity <nw_activity 12:2 [A57D73DD-5825-456C-A8A8-B5B15F8776C5] (reporting strategy default)> on Task <34CF7BB0-6945-4BC2-9039-C70895143E19>.<3> was not selected for reporting
2026-02-11 18:56:33.461 Db AnalyticsReactNativeE2E[1758:1ad9183] [com.apple.networkextension:] ne_tracker_check_is_hostname_blocked() proceeding with the in_the_app check for hostname: localhost
2026-02-11 18:56:33.461 Db AnalyticsReactNativeE2E[1758:1ad9183] [com.apple.CFBundle:resources] Resource lookup at CFBundle 0x600003b0c000 </Users/abueide/Library/Developer/CoreSimulator/Devices/651CE25F-D2F4-404C-AC47-0364AA5C94A1/data/Containers/Bundle/Application/7969B6BB-C361-4CD4-BCBA-583EB1B5035D/AnalyticsReactNativeE2E.app> (executable, loaded)
	Request       : InfoPlist type: strings
	Result        : None
2026-02-11 18:56:33.461 Db AnalyticsReactNativeE2E[1758:1ad9183] [com.apple.CFBundle:resources] Resource lookup at CFBundle 0x600003b0c000 </Users/abueide/Library/Developer/CoreSimulator/Devices/651CE25F-D2F4-404C-AC47-0364AA5C94A1/data/Containers/Bundle/Application/7969B6BB-C361-4CD4-BCBA-583EB1B5035D/AnalyticsReactNativeE2E.app> (executable, loaded)
	Request       : InfoPlist type: stringsdict
	Result        : None
2026-02-11 18:56:33.461 Db AnalyticsReactNativeE2E[1758:1ad9183] [com.apple.networkextension:] ne_tracker_check_is_hostname_blocked(): hostname localhost is not a tracker. Returning: ne_tracker_status_none
2026-02-11 18:56:33.461 Db AnalyticsReactNativeE2E[1758:1ad9183] [com.apple.CFNetwork:ATS] Uploading ATS exception ATSAllowsLocalNetworking
2026-02-11 18:56:33.461 Db AnalyticsReactNativeE2E[1758:1ad9183] [com.apple.CFNetwork:ATS] Uploading ATS exception ATSExceptionDomains
2026-02-11 18:56:33.461 A  AnalyticsReactNativeE2E[1758:1ad9866] (Security) SecTrustReportNetworkingAnalytics
2026-02-11 18:56:33.461 Db AnalyticsReactNativeE2E[1758:1ad9183] [com.apple.CFNetwork:Default] Connection 14: set is idle true
2026-02-11 18:56:33.461 Df AnalyticsReactNativeE2E[1758:1ad9183] [com.apple.network:connection] [C14] event: client:connection_idle @4.590s
2026-02-11 18:56:33.461 I  AnalyticsReactNativeE2E[1758:1ad9183] [com.apple.network:connection] nw_endpoint_handler_report_connection_idle [C14 IPv6#ad87c312.9091 ready parent-flow (satisfied (Path is satisfied), interface: en0[802.11], uses wifi, LQM: unknown)] Reporting connection idle to protocols
2026-02-11 18:56:33.461 I  AnalyticsReactNativeE2E[1758:1ad9183] [com.apple.network:connection] nw_flow_passthrough_notify [C14.1.1 IPv6#ad87c312.9091 ready socket-flow (satisfied (Path is satisfied), interface: lo0)] received notification connection_idle
2026-02-11 18:56:33.461 Df AnalyticsReactNativeE2E[1758:1ad9183] [com.apple.network:connection] nw_protocol_socket_notify [C14.1.1:2] nw_protocol_notification_type_connection_idle is true
2026-02-11 18:56:33.461 E  AnalyticsReactNativeE2E[1758:1ad9183] [com.apple.network:connection] nw_socket_set_connection_idle [C14.1.1:2] setsockopt SO_CONNECTION_IDLE failed [42: Protocol not available]
2026-02-11 18:56:33.461 Df AnalyticsReactNativeE2E[1758:1ad9183] [com.apple.CFNetwork:Default] Task <34CF7BB0-6945-4BC2-9039-C70895143E19>.<3> now using Connection 14
2026-02-11 18:56:33.461 Db AnalyticsReactNativeE2E[1758:1ad9183] [com.apple.network:activity] Returning should log: 0 for activity cfnetwork:foreground_task
2026-02-11 18:56:33.461 Db AnalyticsReactNativeE2E[1758:1ad9183] [com.apple.network:connection] nw_connection_modify_estimated_bytes_block_invoke [C14] Incremented estimated bytes to send by 907, total now 1859
2026-02-11 18:56:33.461 Db AnalyticsReactNativeE2E[1758:1ad9183] [com.apple.network:connection] nw_connection_modify_estimated_bytes_block_invoke [C14] Using lower threshold 12582912, upper threshold 31457280
2026-02-11 18:56:33.461 Db AnalyticsReactNativeE2E[1758:1ad9183] [com.apple.CFNetwork:Default] Connection 14: set is idle false
2026-02-11 18:56:33.461 Df AnalyticsReactNativeE2E[1758:1ad9183] [com.apple.network:connection] [C14] event: client:connection_reused @4.590s
2026-02-11 18:56:33.461 I  AnalyticsReactNativeE2E[1758:1ad9183] [com.apple.network:connection] nw_endpoint_handler_report_connection_idle [C14 IPv6#ad87c312.9091 ready parent-flow (satisfied (Path is satisfied), interface: en0[802.11], uses wifi, LQM: unknown)] Reporting connection not idle to protocols
2026-02-11 18:56:33.461 I  AnalyticsReactNativeE2E[1758:1ad9183] [com.apple.network:connection] nw_flow_passthrough_notify [C14.1.1 IPv6#ad87c312.9091 ready socket-flow (satisfied (Path is satisfied), interface: lo0)] received notification connection_idle
2026-02-11 18:56:33.461 Df AnalyticsReactNativeE2E[1758:1ad9183] [com.apple.network:connection] nw_protocol_socket_notify [C14.1.1:2] nw_protocol_notification_type_connection_idle is false
2026-02-11 18:56:33.461 E  AnalyticsReactNativeE2E[1758:1ad9183] [com.apple.network:connection] nw_socket_set_connection_idle [C14.1.1:2] setsockopt SO_CONNECTION_IDLE failed [42: Protocol not available]
2026-02-11 18:56:33.461 Df AnalyticsReactNativeE2E[1758:1ad9866] [com.apple.securityd:SecError] SecTrustReportNetworkingAnalytics failed with error: -4
2026-02-11 18:56:33.461 A  AnalyticsReactNativeE2E[1758:1ad9866] (Security) SecTrustReportNetworkingAnalytics
2026-02-11 18:56:33.461 Df AnalyticsReactNativeE2E[1758:1ad9163] [com.apple.CFNetwork:Default] Task <34CF7BB0-6945-4BC2-9039-C70895143E19>.<3> sent request, body S 907
2026-02-11 18:56:33.462 Df AnalyticsReactNativeE2E[1758:1ad9866] [com.apple.securityd:SecError] SecTrustReportNetworkingAnalytics failed with error: -4
2026-02-11 18:56:33.463 Df AnalyticsReactNativeE2E[1758:1ad9866] [com.apple.CFNetwork:Default] Task <34CF7BB0-6945-4BC2-9039-C70895143E19>.<3> received response, status 429 content K
2026-02-11 18:56:33.463 Db AnalyticsReactNativeE2E[1758:1ad9866] [com.apple.network:connection] nw_connection_modify_estimated_bytes_block_invoke [C14] Incremented estimated bytes to receive by 24, total now 419
2026-02-11 18:56:33.463 Db AnalyticsReactNativeE2E[1758:1ad9866] [com.apple.network:connection] nw_connection_modify_estimated_bytes_block_invoke [C14] Using lower threshold 12582912, upper threshold 31457280
2026-02-11 18:56:33.463 Df AnalyticsReactNativeE2E[1758:1ad9866] [com.apple.CFNetwork:Default] Task <34CF7BB0-6945-4BC2-9039-C70895143E19>.<3> response ended
2026-02-11 18:56:33.463 Df AnalyticsReactNativeE2E[1758:1ad9866] [com.apple.CFNetwork:Default] Task <34CF7BB0-6945-4BC2-9039-C70895143E19>.<3> done using Connection 14
2026-02-11 18:56:33.463 Db AnalyticsReactNativeE2E[1758:1ad9866] [com.apple.network:activity] Returning should log: 0 for activity cfnetwork:foreground_task
2026-02-11 18:56:33.463 Db AnalyticsReactNativeE2E[1758:1ad9866] [com.apple.CFNetwork:Default] Connection 14: set is idle true
2026-02-11 18:56:33.463 Df AnalyticsReactNativeE2E[1758:1ad9866] [com.apple.network:connection] [C14] event: client:connection_idle @4.592s
2026-02-11 18:56:33.463 I  AnalyticsReactNativeE2E[1758:1ad9866] [com.apple.network:connection] nw_endpoint_handler_report_connection_idle [C14 IPv6#ad87c312.9091 ready parent-flow (satisfied (Path is satisfied), interface: en0[802.11], uses wifi, LQM: unknown)] Reporting connection idle to protocols
2026-02-11 18:56:33.463 I  AnalyticsReactNativeE2E[1758:1ad9866] [com.apple.network:connection] nw_flow_passthrough_notify [C14.1.1 IPv6#ad87c312.9091 ready socket-flow (satisfied (Path is satisfied), interface: lo0)] received notification connection_idle
2026-02-11 18:56:33.463 Df AnalyticsReactNativeE2E[1758:1ad9866] [com.apple.network:connection] nw_protocol_socket_notify [C14.1.1:2] nw_protocol_notification_type_connection_idle is true
2026-02-11 18:56:33.463 Df AnalyticsReactNativeE2E[1758:1ad9163] [com.apple.CFNetwork:Summary] Task <34CF7BB0-6945-4BC2-9039-C70895143E19>.<3> summary for task success {transaction_duration_ms=2, response_status=429, connection=14, reused=1, reused_after_ms=0, request_start_ms=0, request_duration_ms=0, response_start_ms=1, response_duration_ms=0, request_bytes=1197, request_throughput_kbps=50938, response_bytes=290, response_throughput_kbps=13734, cache_hit=true}
2026-02-11 18:56:33.463 E  AnalyticsReactNativeE2E[1758:1ad9866] [com.apple.network:connection] nw_socket_set_connection_idle [C14.1.1:2] setsockopt SO_CONNECTION_IDLE failed [42: Protocol not available]
2026-02-11 18:56:33.463 Db AnalyticsReactNativeE2E[1758:1ad9866] [com.apple.CFNetwork:Default] Connection 14: set is idle true
2026-02-11 18:56:33.463 Df AnalyticsReactNativeE2E[1758:1ad9866] [com.apple.network:connection] [C14] event: client:connection_idle @4.592s
2026-02-11 18:56:33.463 Df AnalyticsReactNativeE2E[1758:1ad9163] [com.apple.CFNetwork:Default] Task <34CF7BB0-6945-4BC2-9039-C70895143E19>.<3> finished successfully
2026-02-11 18:56:33.463 I  AnalyticsReactNativeE2E[1758:1ad9866] [com.apple.network:connection] nw_endpoint_handler_report_connection_idle [C14 IPv6#ad87c312.9091 ready parent-flow (satisfied (Path is satisfied), interface: en0[802.11], uses wifi, LQM: unknown)] Reporting connection idle to protocols
2026-02-11 18:56:33.463 Db AnalyticsReactNativeE2E[1758:1ad9163] [com.apple.network:activity] Returning should log: 0 for activity cfnetwork:foreground_task
2026-02-11 18:56:33.463 I  AnalyticsReactNativeE2E[1758:1ad9866] [com.apple.network:connection] nw_flow_passthrough_notify [C14.1.1 IPv6#ad87c312.9091 ready socket-flow (satisfied (Path is satisfied), interface: lo0)] received notification connection_idle
2026-02-11 18:56:33.463 Db AnalyticsReactNativeE2E[1758:1ad9163] [com.apple.network:activity] Returning should log: 0 for activity cfnetwork:foreground_task
2026-02-11 18:56:33.463 Db AnalyticsReactNativeE2E[1758:1ad9163] [com.apple.network:activity] No threshold for cfnetwork:foreground_task, returning NW_ACTIVITY_DURATION_INVALID
2026-02-11 18:56:33.463 Df AnalyticsReactNativeE2E[1758:1ad9866] [com.apple.network:connection] nw_protocol_socket_notify [C14.1.1:2] nw_protocol_notification_type_connection_idle is true
2026-02-11 18:56:33.463 Db AnalyticsReactNativeE2E[1758:1ad9163] [com.apple.network:activity] No threshold for activity <nw_activity 12:2 [A57D73DD-5825-456C-A8A8-B5B15F8776C5] (reporting strategy default) complete (reason success)>
2026-02-11 18:56:33.463 E  AnalyticsReactNativeE2E[1758:1ad9866] [com.apple.network:connection] nw_socket_set_connection_idle [C14.1.1:2] setsockopt SO_CONNECTION_IDLE failed [42: Protocol not available]
2026-02-11 18:56:33.463 I  AnalyticsReactNativeE2E[1758:1ada41d] [com.facebook.react.log:javascript] 'An internal error occurred: ', { [Error] type: 1, innerError: undefined, statusCode: 429 }
2026-02-11 18:56:33.463 I  AnalyticsReactNativeE2E[1758:1ada41d] [com.facebook.react.log:javascript] { [Error] type: 1, innerError: undefined, statusCode: 429 }
2026-02-11 18:56:33.463 E  AnalyticsReactNativeE2E[1758:1ada41d] [com.facebook.react.log:javascript] Failed to send 1 events.
2026-02-11 18:56:35.650 I  AnalyticsReactNativeE2E[1758:1ad914e] [com.wix.Detox:WebSocket] Action received: invoke
2026-02-11 18:56:35.793 Df AnalyticsReactNativeE2E[1758:1ad914e] [com.apple.UIKit:EventDispatch] Sending UIEvent type: 0; subtype: 0; to windows: 1
2026-02-11 18:56:35.793 Df AnalyticsReactNativeE2E[1758:1ad914e] [com.apple.UIKit:EventDispatch] Sending UIEvent type: 0; subtype: 0; to window: <UIWindow: 0x104e27e90>; contextId: 0xF0F7A29A
2026-02-11 18:56:35.794 A  AnalyticsReactNativeE2E[1758:1ad914e] (UIKitCore) send gesture actions
2026-02-11 18:56:35.809 Df AnalyticsReactNativeE2E[1758:1ad914e] [com.apple.UIKit:EventDispatch] Sending UIEvent type: 0; subtype: 0; to windows: 1
2026-02-11 18:56:35.809 Df AnalyticsReactNativeE2E[1758:1ad914e] [com.apple.UIKit:EventDispatch] Sending UIEvent type: 0; subtype: 0; to window: <UIWindow: 0x104e27e90>; contextId: 0xF0F7A29A
2026-02-11 18:56:35.810 A  AnalyticsReactNativeE2E[1758:1ad914e] (UIKitCore) send gesture actions
2026-02-11 18:56:35.810 Df AnalyticsReactNativeE2E[1758:1ad9163] [com.apple.CFNetwork:Default] Task <2569C37B-CA5A-41C9-95A5-496E15AB0376>.<4> resuming, timeouts(0.0, 604800.0) qos(0x19) voucher((null)) activity(00000000-0000-0000-0000-000000000000)
2026-02-11 18:56:35.810 Db AnalyticsReactNativeE2E[1758:1ad9163] [com.apple.network:activity] Returning should log: 0 for activity cfnetwork:foreground_task
2026-02-11 18:56:35.810 Db AnalyticsReactNativeE2E[1758:1ad9163] [com.apple.network:activity] Domain cfnetwork rate configured in registry as 1 / 20000
2026-02-11 18:56:35.810 Db AnalyticsReactNativeE2E[1758:1ad9163] [com.apple.network:activity] Domain cfnetwork rate configured after remote default override as 1 / 20000
2026-02-11 18:56:35.810 Db AnalyticsReactNativeE2E[1758:1ad9163] [com.apple.network:activity] After reading settings plist, domain cfnetwork rate configured as 1 / 2000000
2026-02-11 18:56:35.810 Db AnalyticsReactNativeE2E[1758:1ad9163] [com.apple.network:activity] After settings override, domain cfnetwork rate configured as 1 / 2000000
2026-02-11 18:56:35.810 Db AnalyticsReactNativeE2E[1758:1ad9163] [com.apple.network:activity] Final domain cfnetwork rate configured as 1 / 2000000
2026-02-11 18:56:35.810 Db AnalyticsReactNativeE2E[1758:1ad9163] [com.apple.network:activity] <nw_activity 12:2 [No UUID] (reporting strategy default)> sampled at 1 / 2000000
2026-02-11 18:56:35.810 Db AnalyticsReactNativeE2E[1758:1ad9163] [com.apple.network:activity] Returning should log: 0 for activity cfnetwork:foreground_task
2026-02-11 18:56:35.810 Db AnalyticsReactNativeE2E[1758:1ad9163] [com.apple.network:activity] Returning should log: 0 for activity cfnetwork:foreground_task
2026-02-11 18:56:35.810 Db AnalyticsReactNativeE2E[1758:1ad9163] [com.apple.CFNetwork:Default] [Telemetry]: Activity <nw_activity 12:2 [30074DFB-74DA-4AD2-91A8-74A7F12602C2] (reporting strategy default)> on Task <2569C37B-CA5A-41C9-95A5-496E15AB0376>.<4> was not selected for reporting
2026-02-11 18:56:35.810 Db AnalyticsReactNativeE2E[1758:1ad9163] [com.apple.networkextension:] ne_tracker_check_is_hostname_blocked() proceeding with the in_the_app check for hostname: localhost
2026-02-11 18:56:35.811 Db AnalyticsReactNativeE2E[1758:1ad9163] [com.apple.CFBundle:resources] Resource lookup at CFBundle 0x600003b0c000 </Users/abueide/Library/Developer/CoreSimulator/Devices/651CE25F-D2F4-404C-AC47-0364AA5C94A1/data/Containers/Bundle/Application/7969B6BB-C361-4CD4-BCBA-583EB1B5035D/AnalyticsReactNativeE2E.app> (executable, loaded)
	Request       : InfoPlist type: strings
	Result        : None
2026-02-11 18:56:35.811 Db AnalyticsReactNativeE2E[1758:1ad9163] [com.apple.CFBundle:resources] Resource lookup at CFBundle 0x600003b0c000 </Users/abueide/Library/Developer/CoreSimulator/Devices/651CE25F-D2F4-404C-AC47-0364AA5C94A1/data/Containers/Bundle/Application/7969B6BB-C361-4CD4-BCBA-583EB1B5035D/AnalyticsReactNativeE2E.app> (executable, loaded)
	Request       : InfoPlist type: stringsdict
	Result        : None
2026-02-11 18:56:35.811 Db AnalyticsReactNativeE2E[1758:1ad9163] [com.apple.networkextension:] ne_tracker_check_is_hostname_blocked(): hostname localhost is not a tracker. Returning: ne_tracker_status_none
2026-02-11 18:56:35.811 Db AnalyticsReactNativeE2E[1758:1ad9163] [com.apple.CFNetwork:ATS] Uploading ATS exception ATSAllowsLocalNetworking
2026-02-11 18:56:35.811 Db AnalyticsReactNativeE2E[1758:1ad9163] [com.apple.CFNetwork:ATS] Uploading ATS exception ATSExceptionDomains
2026-02-11 18:56:35.811 A  AnalyticsReactNativeE2E[1758:1ad9866] (Security) SecTrustReportNetworkingAnalytics
2026-02-11 18:56:35.811 Db AnalyticsReactNativeE2E[1758:1ad9163] [com.apple.CFNetwork:Default] Connection 14: set is idle true
2026-02-11 18:56:35.811 Df AnalyticsReactNativeE2E[1758:1ad9163] [com.apple.network:connection] [C14] event: client:connection_idle @6.939s
2026-02-11 18:56:35.811 I  AnalyticsReactNativeE2E[1758:1ad9163] [com.apple.network:connection] nw_endpoint_handler_report_connection_idle [C14 IPv6#ad87c312.9091 ready parent-flow (satisfied (Path is satisfied), interface: en0[802.11], uses wifi, LQM: unknown)] Reporting connection idle to protocols
2026-02-11 18:56:35.811 I  AnalyticsReactNativeE2E[1758:1ad9163] [com.apple.network:connection] nw_flow_passthrough_notify [C14.1.1 IPv6#ad87c312.9091 ready socket-flow (satisfied (Path is satisfied), interface: lo0)] received notification connection_idle
2026-02-11 18:56:35.811 Df AnalyticsReactNativeE2E[1758:1ad9163] [com.apple.network:connection] nw_protocol_socket_notify [C14.1.1:2] nw_protocol_notification_type_connection_idle is true
2026-02-11 18:56:35.811 E  AnalyticsReactNativeE2E[1758:1ad9163] [com.apple.network:connection] nw_socket_set_connection_idle [C14.1.1:2] setsockopt SO_CONNECTION_IDLE failed [42: Protocol not available]
2026-02-11 18:56:35.811 Df AnalyticsReactNativeE2E[1758:1ad9163] [com.apple.CFNetwork:Default] Task <2569C37B-CA5A-41C9-95A5-496E15AB0376>.<4> now using Connection 14
2026-02-11 18:56:35.811 Db AnalyticsReactNativeE2E[1758:1ad9163] [com.apple.network:activity] Returning should log: 0 for activity cfnetwork:foreground_task
2026-02-11 18:56:35.811 Db AnalyticsReactNativeE2E[1758:1ad9163] [com.apple.network:connection] nw_connection_modify_estimated_bytes_block_invoke [C14] Incremented estimated bytes to send by 907, total now 2766
2026-02-11 18:56:35.811 Db AnalyticsReactNativeE2E[1758:1ad9163] [com.apple.network:connection] nw_connection_modify_estimated_bytes_block_invoke [C14] Using lower threshold 12582912, upper threshold 31457280
2026-02-11 18:56:35.811 Db AnalyticsReactNativeE2E[1758:1ad9163] [com.apple.CFNetwork:Default] Connection 14: set is idle false
2026-02-11 18:56:35.811 Df AnalyticsReactNativeE2E[1758:1ad9163] [com.apple.network:connection] [C14] event: client:connection_reused @6.940s
2026-02-11 18:56:35.811 I  AnalyticsReactNativeE2E[1758:1ad9163] [com.apple.network:connection] nw_endpoint_handler_report_connection_idle [C14 IPv6#ad87c312.9091 ready parent-flow (satisfied (Path is satisfied), interface: en0[802.11], uses wifi, LQM: unknown)] Reporting connection not idle to protocols
2026-02-11 18:56:35.811 I  AnalyticsReactNativeE2E[1758:1ad9163] [com.apple.network:connection] nw_flow_passthrough_notify [C14.1.1 IPv6#ad87c312.9091 ready socket-flow (satisfied (Path is satisfied), interface: lo0)] received notification connection_idle
2026-02-11 18:56:35.811 Df AnalyticsReactNativeE2E[1758:1ad9163] [com.apple.network:connection] nw_protocol_socket_notify [C14.1.1:2] nw_protocol_notification_type_connection_idle is false
2026-02-11 18:56:35.811 E  AnalyticsReactNativeE2E[1758:1ad9163] [com.apple.network:connection] nw_socket_set_connection_idle [C14.1.1:2] setsockopt SO_CONNECTION_IDLE failed [42: Protocol not available]
2026-02-11 18:56:35.811 Df AnalyticsReactNativeE2E[1758:1ad9866] [com.apple.securityd:SecError] SecTrustReportNetworkingAnalytics failed with error: -4
2026-02-11 18:56:35.811 A  AnalyticsReactNativeE2E[1758:1ad9866] (Security) SecTrustReportNetworkingAnalytics
2026-02-11 18:56:35.811 Df AnalyticsReactNativeE2E[1758:1ad9183] [com.apple.CFNetwork:Default] Task <2569C37B-CA5A-41C9-95A5-496E15AB0376>.<4> sent request, body S 907
2026-02-11 18:56:35.811 Df AnalyticsReactNativeE2E[1758:1ad9866] [com.apple.securityd:SecError] SecTrustReportNetworkingAnalytics failed with error: -4
2026-02-11 18:56:35.812 Df AnalyticsReactNativeE2E[1758:1ad9866] [com.apple.CFNetwork:Default] Task <2569C37B-CA5A-41C9-95A5-496E15AB0376>.<4> received response, status 200 content K
2026-02-11 18:56:35.812 Db AnalyticsReactNativeE2E[1758:1ad9866] [com.apple.network:connection] nw_connection_modify_estimated_bytes_block_invoke [C14] Incremented estimated bytes to receive by 20, total now 439
2026-02-11 18:56:35.812 Db AnalyticsReactNativeE2E[1758:1ad9866] [com.apple.network:connection] nw_connection_modify_estimated_bytes_block_invoke [C14] Using lower threshold 12582912, upper threshold 31457280
2026-02-11 18:56:35.812 Df AnalyticsReactNativeE2E[1758:1ad9866] [com.apple.CFNetwork:Default] Task <2569C37B-CA5A-41C9-95A5-496E15AB0376>.<4> response ended
2026-02-11 18:56:35.812 Df AnalyticsReactNativeE2E[1758:1ad9866] [com.apple.CFNetwork:Default] Task <2569C37B-CA5A-41C9-95A5-496E15AB0376>.<4> done using Connection 14
2026-02-11 18:56:35.812 Db AnalyticsReactNativeE2E[1758:1ad9866] [com.apple.network:activity] Returning should log: 0 for activity cfnetwork:foreground_task
2026-02-11 18:56:35.812 Db AnalyticsReactNativeE2E[1758:1ad9866] [com.apple.CFNetwork:Default] Connection 14: set is idle true
2026-02-11 18:56:35.812 Df AnalyticsReactNativeE2E[1758:1ad9866] [com.apple.network:connection] [C14] event: client:connection_idle @6.941s
2026-02-11 18:56:35.812 I  AnalyticsReactNativeE2E[1758:1ad9866] [com.apple.network:connection] nw_endpoint_handler_report_connection_idle [C14 IPv6#ad87c312.9091 ready parent-flow (satisfied (Path is satisfied), interface: en0[802.11], uses wifi, LQM: unknown)] Reporting connection idle to protocols
2026-02-11 18:56:35.812 I  AnalyticsReactNativeE2E[1758:1ad9183] [com.apple.runningboard:assertion] Acquiring assertion: <RBSAssertionDescriptor| "com.apple.CFNetwork.StorageDB" ID:(null) target:1758>
2026-02-11 18:56:35.812 Df AnalyticsReactNativeE2E[1758:1ad9163] [com.apple.CFNetwork:Summary] Task <2569C37B-CA5A-41C9-95A5-496E15AB0376>.<4> summary for task success {transaction_duration_ms=1, response_status=200, connection=14, reused=1, reused_after_ms=0, request_start_ms=0, request_duration_ms=0, response_start_ms=1, response_duration_ms=0, request_bytes=1197, request_throughput_kbps=39727, response_bytes=255, response_throughput_kbps=21471, cache_hit=true}
2026-02-11 18:56:35.812 I  AnalyticsReactNativeE2E[1758:1ad9866] [com.apple.network:connection] nw_flow_passthrough_notify [C14.1.1 IPv6#ad87c312.9091 ready socket-flow (satisfied (Path is satisfied), interface: lo0)] received notification connection_idle
2026-02-11 18:56:35.812 Df AnalyticsReactNativeE2E[1758:1ad9163] [com.apple.CFNetwork:Default] Task <2569C37B-CA5A-41C9-95A5-496E15AB0376>.<4> finished successfully
2026-02-11 18:56:35.812 Df AnalyticsReactNativeE2E[1758:1ad9866] [com.apple.network:connection] nw_protocol_socket_notify [C14.1.1:2] nw_protocol_notification_type_connection_idle is true
2026-02-11 18:56:35.812 Db AnalyticsReactNativeE2E[1758:1ad9163] [com.apple.network:activity] Returning should log: 0 for activity cfnetwork:foreground_task
2026-02-11 18:56:35.812 Db AnalyticsReactNativeE2E[1758:1ad9163] [com.apple.network:activity] Returning should log: 0 for activity cfnetwork:foreground_task
2026-02-11 18:56:35.812 E  AnalyticsReactNativeE2E[1758:1ad9866] [com.apple.network:connection] nw_socket_set_connection_idle [C14.1.1:2] setsockopt SO_CONNECTION_IDLE failed [42: Protocol not available]
2026-02-11 18:56:35.812 Db AnalyticsReactNativeE2E[1758:1ad9163] [com.apple.network:activity] No threshold for cfnetwork:foreground_task, returning NW_ACTIVITY_DURATION_INVALID
2026-02-11 18:56:35.812 Db AnalyticsReactNativeE2E[1758:1ad9163] [com.apple.network:activity] No threshold for activity <nw_activity 12:2 [30074DFB-74DA-4AD2-91A8-74A7F12602C2] (reporting strategy default) complete (reason success)>
2026-02-11 18:56:35.812 Db AnalyticsReactNativeE2E[1758:1ad9183] [com.apple.runningboard:assertion] Adding assertion 1422-1758-704 to dictionary
2026-02-11 18:56:35.812 I  AnalyticsReactNativeE2E[1758:1ada41d] [com.facebook.react.log:javascript] Sent 1 events
2026-02-11 18:56:35.812 Db AnalyticsReactNativeE2E[1758:1ad9866] [com.apple.CFNetwork:Default] Connection 14: set is idle true
2026-02-11 18:56:35.813 Df AnalyticsReactNativeE2E[1758:1ad9866] [com.apple.network:connection] [C14] event: client:connection_idle @6.941s
2026-02-11 18:56:35.813 I  AnalyticsReactNativeE2E[1758:1ad9866] [com.apple.network:connection] nw_endpoint_handler_report_connection_idle [C14 IPv6#ad87c312.9091 ready parent-flow (satisfied (Path is satisfied), interface: en0[802.11], uses wifi, LQM: unknown)] Reporting connection idle to protocols
2026-02-11 18:56:35.813 I  AnalyticsReactNativeE2E[1758:1ad9866] [com.apple.network:connection] nw_flow_passthrough_notify [C14.1.1 IPv6#ad87c312.9091 ready socket-flow (satisfied (Path is satisfied), interface: lo0)] received notification connection_idle
2026-02-11 18:56:35.813 Df AnalyticsReactNativeE2E[1758:1ad9866] [com.apple.network:connection] nw_protocol_socket_notify [C14.1.1:2] nw_protocol_notification_type_connection_idle is true
2026-02-11 18:56:35.813 E  AnalyticsReactNativeE2E[1758:1ad9866] [com.apple.network:connection] nw_socket_set_connection_idle [C14.1.1:2] setsockopt SO_CONNECTION_IDLE failed [42: Protocol not available]

