2026-02-11 19:27:46.379 Df AnalyticsReactNativeE2E[24701:1af930e] [com.apple.network:connection] [C7] event: client:connection_idle @9.490s
2026-02-11 19:27:46.379 I  AnalyticsReactNativeE2E[24701:1af930e] [com.apple.network:connection] nw_endpoint_handler_report_connection_idle [C7 IPv6#5661fd3a.9091 ready parent-flow (satisfied (Path is satisfied), interface: en0[802.11], uses wifi, LQM: unknown)] Reporting connection idle to protocols
2026-02-11 19:27:46.379 I  AnalyticsReactNativeE2E[24701:1af930e] [com.apple.network:connection] nw_flow_passthrough_notify [C7.1.1 IPv6#5661fd3a.9091 ready socket-flow (satisfied (Path is satisfied), interface: lo0)] received notification connection_idle
2026-02-11 19:27:46.379 Df AnalyticsReactNativeE2E[24701:1af930e] [com.apple.network:connection] nw_protocol_socket_notify [C7.1.1:2] nw_protocol_notification_type_connection_idle is true
2026-02-11 19:27:46.379 E  AnalyticsReactNativeE2E[24701:1af930e] [com.apple.network:connection] nw_socket_set_connection_idle [C7.1.1:2] setsockopt SO_CONNECTION_IDLE failed [42: Protocol not available]
2026-02-11 19:27:46.379 Df AnalyticsReactNativeE2E[24701:1af930e] [com.apple.CFNetwork:Default] Task <8A28ABD8-3E75-4E1F-AC2A-E22A993B8E1D>.<5> now using Connection 7
2026-02-11 19:27:46.379 Db AnalyticsReactNativeE2E[24701:1af930e] [com.apple.network:activity] Returning should log: 0 for activity cfnetwork:foreground_task
2026-02-11 19:27:46.379 Db AnalyticsReactNativeE2E[24701:1af930e] [com.apple.network:connection] nw_connection_modify_estimated_bytes_block_invoke [C7] Incremented estimated bytes to send by 907, total now 4516
2026-02-11 19:27:46.379 Db AnalyticsReactNativeE2E[24701:1af930e] [com.apple.network:connection] nw_connection_modify_estimated_bytes_block_invoke [C7] Using lower threshold 12582912, upper threshold 31457280
2026-02-11 19:27:46.379 Db AnalyticsReactNativeE2E[24701:1af930e] [com.apple.CFNetwork:Default] Connection 7: set is idle false
2026-02-11 19:27:46.379 Df AnalyticsReactNativeE2E[24701:1af930e] [com.apple.network:connection] [C7] event: client:connection_reused @9.490s
2026-02-11 19:27:46.379 I  AnalyticsReactNativeE2E[24701:1af930e] [com.apple.network:connection] nw_endpoint_handler_report_connection_idle [C7 IPv6#5661fd3a.9091 ready parent-flow (satisfied (Path is satisfied), interface: en0[802.11], uses wifi, LQM: unknown)] Reporting connection not idle to protocols
2026-02-11 19:27:46.379 I  AnalyticsReactNativeE2E[24701:1af930e] [com.apple.network:connection] nw_flow_passthrough_notify [C7.1.1 IPv6#5661fd3a.9091 ready socket-flow (satisfied (Path is satisfied), interface: lo0)] received notification connection_idle
2026-02-11 19:27:46.379 Df AnalyticsReactNativeE2E[24701:1af930e] [com.apple.network:connection] nw_protocol_socket_notify [C7.1.1:2] nw_protocol_notification_type_connection_idle is false
2026-02-11 19:27:46.379 E  AnalyticsReactNativeE2E[24701:1af930e] [com.apple.network:connection] nw_socket_set_connection_idle [C7.1.1:2] setsockopt SO_CONNECTION_IDLE failed [42: Protocol not available]
2026-02-11 19:27:46.380 Df AnalyticsReactNativeE2E[24701:1af9a61] [com.apple.CFNetwork:Default] Task <8A28ABD8-3E75-4E1F-AC2A-E22A993B8E1D>.<5> sent request, body S 907
2026-02-11 19:27:46.380 Df AnalyticsReactNativeE2E[24701:1af9310] [com.apple.securityd:SecError] SecTrustReportNetworkingAnalytics failed with error: -4
2026-02-11 19:27:46.380 A  AnalyticsReactNativeE2E[24701:1af9310] (Security) SecTrustReportNetworkingAnalytics
2026-02-11 19:27:46.381 Df AnalyticsReactNativeE2E[24701:1af930e] [com.apple.CFNetwork:Default] Task <8A28ABD8-3E75-4E1F-AC2A-E22A993B8E1D>.<5> received response, status 200 content K
2026-02-11 19:27:46.381 Db AnalyticsReactNativeE2E[24701:1af930e] [com.apple.network:connection] nw_connection_modify_estimated_bytes_block_invoke [C7] Incremented estimated bytes to receive by 20, total now 464
2026-02-11 19:27:46.381 Db AnalyticsReactNativeE2E[24701:1af930e] [com.apple.network:connection] nw_connection_modify_estimated_bytes_block_invoke [C7] Using lower threshold 12582912, upper threshold 31457280
2026-02-11 19:27:46.381 Df AnalyticsReactNativeE2E[24701:1af930e] [com.apple.CFNetwork:Default] Task <8A28ABD8-3E75-4E1F-AC2A-E22A993B8E1D>.<5> response ended
2026-02-11 19:27:46.381 Df AnalyticsReactNativeE2E[24701:1af930e] [com.apple.CFNetwork:Default] Task <8A28ABD8-3E75-4E1F-AC2A-E22A993B8E1D>.<5> done using Connection 7
2026-02-11 19:27:46.381 Db AnalyticsReactNativeE2E[24701:1af930e] [com.apple.network:activity] Returning should log: 0 for activity cfnetwork:foreground_task
2026-02-11 19:27:46.381 Db AnalyticsReactNativeE2E[24701:1af930e] [com.apple.CFNetwork:Default] Connection 7: set is idle true
2026-02-11 19:27:46.381 Df AnalyticsReactNativeE2E[24701:1af930e] [com.apple.network:connection] [C7] event: client:connection_idle @9.491s
2026-02-11 19:27:46.381 I  AnalyticsReactNativeE2E[24701:1af930e] [com.apple.network:connection] nw_endpoint_handler_report_connection_idle [C7 IPv6#5661fd3a.9091 ready parent-flow (satisfied (Path is satisfied), interface: en0[802.11], uses wifi, LQM: unknown)] Reporting connection idle to protocols
2026-02-11 19:27:46.381 Df AnalyticsReactNativeE2E[24701:1af9a60] [com.apple.CFNetwork:Summary] Task <8A28ABD8-3E75-4E1F-AC2A-E22A993B8E1D>.<5> summary for task success {transaction_duration_ms=1, response_status=200, connection=7, reused=1, reused_after_ms=0, request_start_ms=0, request_duration_ms=0, response_start_ms=1, response_duration_ms=0, request_bytes=1197, request_throughput_kbps=50394, response_bytes=255, response_throughput_kbps=10198, cache_hit=true}
2026-02-11 19:27:46.381 I  AnalyticsReactNativeE2E[24701:1af9a61] [com.apple.runningboard:assertion] Acquiring assertion: <RBSAssertionDescriptor| "com.apple.CFNetwork.StorageDB" ID:(null) target:24701>
2026-02-11 19:27:46.381 I  AnalyticsReactNativeE2E[24701:1af930e] [com.apple.network:connection] nw_flow_passthrough_notify [C7.1.1 IPv6#5661fd3a.9091 ready socket-flow (satisfied (Path is satisfied), interface: lo0)] received notification connection_idle
2026-02-11 19:27:46.381 Df AnalyticsReactNativeE2E[24701:1af9a60] [com.apple.CFNetwork:Default] Task <8A28ABD8-3E75-4E1F-AC2A-E22A993B8E1D>.<5> finished successfully
2026-02-11 19:27:46.381 Df AnalyticsReactNativeE2E[24701:1af930e] [com.apple.network:connection] nw_protocol_socket_notify [C7.1.1:2] nw_protocol_notification_type_connection_idle is true
2026-02-11 19:27:46.381 Db AnalyticsReactNativeE2E[24701:1af9a60] [com.apple.network:activity] Returning should log: 0 for activity cfnetwork:foreground_task
2026-02-11 19:27:46.381 E  AnalyticsReactNativeE2E[24701:1af930e] [com.apple.network:connection] nw_socket_set_connection_idle [C7.1.1:2] setsockopt SO_CONNECTION_IDLE failed [42: Protocol not available]
2026-02-11 19:27:46.381 Db AnalyticsReactNativeE2E[24701:1af9a60] [com.apple.network:activity] Returning should log: 0 for activity cfnetwork:foreground_task
2026-02-11 19:27:46.381 I  AnalyticsReactNativeE2E[24701:1af9b7c] [com.facebook.react.log:javascript] Sent 1 events
2026-02-11 19:27:46.381 Db AnalyticsReactNativeE2E[24701:1af9a61] [com.apple.runningboard:assertion] Adding assertion 1422-24701-1594 to dictionary
2026-02-11 19:27:46.381 Db AnalyticsReactNativeE2E[24701:1af930e] [com.apple.CFNetwork:Default] Connection 7: set is idle true
2026-02-11 19:27:46.381 Df AnalyticsReactNativeE2E[24701:1af9310] [com.apple.securityd:SecError] SecTrustReportNetworkingAnalytics failed with error: -4
2026-02-11 19:27:46.382 Df AnalyticsReactNativeE2E[24701:1af930e] [com.apple.network:connection] [C7] event: client:connection_idle @9.492s
2026-02-11 19:27:46.381 Db AnalyticsReactNativeE2E[24701:1af9a60] [com.apple.network:activity] No threshold for cfnetwork:foreground_task, returning NW_ACTIVITY_DURATION_INVALID
2026-02-11 19:27:46.382 I  AnalyticsReactNativeE2E[24701:1af930e] [com.apple.network:connection] nw_endpoint_handler_report_connection_idle [C7 IPv6#5661fd3a.9091 ready parent-flow (satisfied (Path is satisfied), interface: en0[802.11], uses wifi, LQM: unknown)] Reporting connection idle to protocols
2026-02-11 19:27:46.382 Db AnalyticsReactNativeE2E[24701:1af9a60] [com.apple.network:activity] No threshold for activity <nw_activity 12:2 [ECD34363-BFE1-4FF3-80EC-ACE08C2C035F] (reporting strategy default) complete (reason success)>
2026-02-11 19:27:46.382 I  AnalyticsReactNativeE2E[24701:1af930e] [com.apple.network:connection] nw_flow_passthrough_notify [C7.1.1 IPv6#5661fd3a.9091 ready socket-flow (satisfied (Path is satisfied), interface: lo0)] received notification connection_idle
2026-02-11 19:27:46.382 Df AnalyticsReactNativeE2E[24701:1af930e] [com.apple.network:connection] nw_protocol_socket_notify [C7.1.1:2] nw_protocol_notification_type_connection_idle is true
2026-02-11 19:27:46.382 E  AnalyticsReactNativeE2E[24701:1af930e] [com.apple.network:connection] nw_socket_set_connection_idle [C7.1.1:2] setsockopt SO_CONNECTION_IDLE failed [42: Protocol not available]
2026-02-11 19:27:46.454 Db AnalyticsReactNativeE2E[24701:1af9dc2] [com.apple.network:endpoint] endpoint IPv6#5661fd3a.63479 has nothing to cleanup, no protocol instance registrars
2026-02-11 19:27:46.454 Db AnalyticsReactNativeE2E[24701:1af9dc2] [com.apple.network:endpoint] endpoint IPv6#5661fd3a.63479 has associations
2026-02-11 19:27:46.454 Db AnalyticsReactNativeE2E[24701:1af9dc2] [com.apple.network:endpoint] endpoint Hostname#8608d6d2:63479 has nothing to cleanup, no protocol instance registrars
2026-02-11 19:27:46.454 Db AnalyticsReactNativeE2E[24701:1af9dc2] [com.apple.network:endpoint] endpoint Hostname#8608d6d2:63479 has associations
2026-02-11 19:27:46.873 Db AnalyticsReactNativeE2E[24701:1af9a60] [com.apple.network:connection] nw_association_schedule_deactivation_block_invoke <nw_association Hostname#c2d0d3fb:9091> becoming dormant
2026-02-11 19:27:46.873 Db AnalyticsReactNativeE2E[24701:1af9a60] [com.apple.network:connection] nw_association_schedule_deactivation_block_invoke <nw_association IPv6#5661fd3a.9091> becoming dormant
2026-02-11 19:27:46.874 Db AnalyticsReactNativeE2E[24701:1af9a60] [com.apple.CFNetwork:Coalescing] removing all entries config 0x60000075c0c0
2026-02-11 19:27:46.874 I  AnalyticsReactNativeE2E[24701:1af9a60] [com.apple.network:] nw_context_dealloc Deallocating context <nw_context (null) (private)>
2026-02-11 19:27:46.874 I  AnalyticsReactNativeE2E[24701:1af9a60] [com.apple.network:] nw_context_purge_endpoints Context <nw_context com.apple.CFNetwork.NSURLSession.{FC0A3427-40FC-472B-A89A-0FE1BFC52724}{(null)}{Y}{2}{0x0} (private)> has more than 0 cache entries, purging 1 from 1 down to 0
2026-02-11 19:27:46.874 Db AnalyticsReactNativeE2E[24701:1af9a60] [com.apple.network:endpoint] endpoint IPv6#5661fd3a.9091 has nothing to cleanup, no protocol instance registrars
2026-02-11 19:27:46.874 Db AnalyticsReactNativeE2E[24701:1af9a60] [com.apple.network:endpoint] endpoint Hostname#c2d0d3fb:9091 has nothing to cleanup, no protocol instance registrars
2026-02-11 19:27:46.874 I  AnalyticsReactNativeE2E[24701:1af9a60] [com.apple.network:] nw_context_dealloc Deallocating context <nw_context (null) (private)>

