2026-02-11 19:22:15.446 E  AnalyticsReactNativeE2E[21069:1af2839] [com.apple.network:connection] nw_socket_set_connection_idle [C11.1.1:2] setsockopt SO_CONNECTION_IDLE failed [42: Protocol not available]
2026-02-11 19:22:15.446 Df AnalyticsReactNativeE2E[21069:1af282f] [com.apple.securityd:SecError] SecTrustReportNetworkingAnalytics failed with error: -4
2026-02-11 19:22:15.446 A  AnalyticsReactNativeE2E[21069:1af282f] (Security) SecTrustReportNetworkingAnalytics
2026-02-11 19:22:15.447 Df AnalyticsReactNativeE2E[21069:1af2839] [com.apple.CFNetwork:Default] Task <8CD1B50F-60F2-481E-AB3D-B2F0F07AD41B>.<7> sent request, body S 907
2026-02-11 19:22:15.447 Df AnalyticsReactNativeE2E[21069:1af282f] [com.apple.securityd:SecError] SecTrustReportNetworkingAnalytics failed with error: -4
2026-02-11 19:22:15.548 Df AnalyticsReactNativeE2E[21069:1af282f] [com.apple.CFNetwork:Default] Task <8CD1B50F-60F2-481E-AB3D-B2F0F07AD41B>.<7> received response, status 200 content K
2026-02-11 19:22:15.549 Db AnalyticsReactNativeE2E[21069:1af282f] [com.apple.network:connection] nw_connection_modify_estimated_bytes_block_invoke [C11] Incremented estimated bytes to receive by 20, total now 495
2026-02-11 19:22:15.549 Db AnalyticsReactNativeE2E[21069:1af282f] [com.apple.network:connection] nw_connection_modify_estimated_bytes_block_invoke [C11] Using lower threshold 12582912, upper threshold 31457280
2026-02-11 19:22:15.549 Df AnalyticsReactNativeE2E[21069:1af282f] [com.apple.CFNetwork:Default] Task <8CD1B50F-60F2-481E-AB3D-B2F0F07AD41B>.<7> response ended
2026-02-11 19:22:15.549 Df AnalyticsReactNativeE2E[21069:1af282f] [com.apple.CFNetwork:Default] Task <8CD1B50F-60F2-481E-AB3D-B2F0F07AD41B>.<7> done using Connection 11
2026-02-11 19:22:15.549 Db AnalyticsReactNativeE2E[21069:1af282f] [com.apple.network:activity] Returning should log: 0 for activity cfnetwork:foreground_task
2026-02-11 19:22:15.549 Db AnalyticsReactNativeE2E[21069:1af282f] [com.apple.CFNetwork:Default] Connection 11: set is idle true
2026-02-11 19:22:15.549 Df AnalyticsReactNativeE2E[21069:1af282f] [com.apple.network:connection] [C11] event: client:connection_idle @14.824s
2026-02-11 19:22:15.549 Df AnalyticsReactNativeE2E[21069:1af2839] [com.apple.CFNetwork:Summary] Task <8CD1B50F-60F2-481E-AB3D-B2F0F07AD41B>.<7> summary for task success {transaction_duration_ms=103, response_status=200, connection=11, reused=1, reused_after_ms=0, request_start_ms=0, request_duration_ms=0, response_start_ms=102, response_duration_ms=0, request_bytes=1197, request_throughput_kbps=38619, response_bytes=255, response_throughput_kbps=11265, cache_hit=true}
2026-02-11 19:22:15.549 I  AnalyticsReactNativeE2E[21069:1af282f] [com.apple.network:connection] nw_endpoint_handler_report_connection_idle [C11 IPv6#21de5f2f.9091 ready parent-flow (satisfied (Path is satisfied), interface: en0[802.11], uses wifi, LQM: unknown)] Reporting connection idle to protocols
2026-02-11 19:22:15.549 Df AnalyticsReactNativeE2E[21069:1af2839] [com.apple.CFNetwork:Default] Task <8CD1B50F-60F2-481E-AB3D-B2F0F07AD41B>.<7> finished successfully
2026-02-11 19:22:15.549 I  AnalyticsReactNativeE2E[21069:1af282f] [com.apple.network:connection] nw_flow_passthrough_notify [C11.1.1 IPv6#21de5f2f.9091 ready socket-flow (satisfied (Path is satisfied), interface: lo0)] received notification connection_idle
2026-02-11 19:22:15.549 Db AnalyticsReactNativeE2E[21069:1af2839] [com.apple.network:activity] Returning should log: 0 for activity cfnetwork:foreground_task
2026-02-11 19:22:15.549 Df AnalyticsReactNativeE2E[21069:1af282f] [com.apple.network:connection] nw_protocol_socket_notify [C11.1.1:2] nw_protocol_notification_type_connection_idle is true
2026-02-11 19:22:15.549 Db AnalyticsReactNativeE2E[21069:1af2839] [com.apple.network:activity] Returning should log: 0 for activity cfnetwork:foreground_task
2026-02-11 19:22:15.549 E  AnalyticsReactNativeE2E[21069:1af282f] [com.apple.network:connection] nw_socket_set_connection_idle [C11.1.1:2] setsockopt SO_CONNECTION_IDLE failed [42: Protocol not available]
2026-02-11 19:22:15.549 Db AnalyticsReactNativeE2E[21069:1af2839] [com.apple.network:activity] No threshold for cfnetwork:foreground_task, returning NW_ACTIVITY_DURATION_INVALID
2026-02-11 19:22:15.549 Db AnalyticsReactNativeE2E[21069:1af282f] [com.apple.CFNetwork:Default] Connection 11: set is idle true
2026-02-11 19:22:15.549 Db AnalyticsReactNativeE2E[21069:1af2839] [com.apple.network:activity] No threshold for activity <nw_activity 12:2 [FA2E4480-FDF5-48EA-B118-25EBC572158B] (reporting strategy default) complete (reason success)>
2026-02-11 19:22:15.549 Df AnalyticsReactNativeE2E[21069:1af282f] [com.apple.network:connection] [C11] event: client:connection_idle @14.825s
2026-02-11 19:22:15.549 I  AnalyticsReactNativeE2E[21069:1af282f] [com.apple.network:connection] nw_endpoint_handler_report_connection_idle [C11 IPv6#21de5f2f.9091 ready parent-flow (satisfied (Path is satisfied), interface: en0[802.11], uses wifi, LQM: unknown)] Reporting connection idle to protocols
2026-02-11 19:22:15.549 I  AnalyticsReactNativeE2E[21069:1af282f] [com.apple.network:connection] nw_flow_passthrough_notify [C11.1.1 IPv6#21de5f2f.9091 ready socket-flow (satisfied (Path is satisfied), interface: lo0)] received notification connection_idle
2026-02-11 19:22:15.549 Df AnalyticsReactNativeE2E[21069:1af282f] [com.apple.network:connection] nw_protocol_socket_notify [C11.1.1:2] nw_protocol_notification_type_connection_idle is true
2026-02-11 19:22:15.549 I  AnalyticsReactNativeE2E[21069:1af384e] [com.facebook.react.log:javascript] Sent 1 events
2026-02-11 19:22:15.549 E  AnalyticsReactNativeE2E[21069:1af282f] [com.apple.network:connection] nw_socket_set_connection_idle [C11.1.1:2] setsockopt SO_CONNECTION_IDLE failed [42: Protocol not available]

