Filtering the log data using "processImagePath BEGINSWITH "/Users/abueide/Library/Developer/CoreSimulator/Devices/651CE25F-D2F4-404C-AC47-0364AA5C94A1/data/Containers/Bundle/Application/5771E38C-E04E-4E48-81AC-81C22604788E/AnalyticsReactNativeE2E.app""
Timestamp               Ty Process[PID:TID]
2026-02-11 19:29:11.837 Db AnalyticsReactNativeE2E[24701:1af9310] [com.apple.network:connection] nw_association_schedule_deactivation_block_invoke <nw_association Hostname#c2d0d3fb:9091> becoming dormant
2026-02-11 19:29:11.837 Db AnalyticsReactNativeE2E[24701:1af9310] [com.apple.network:connection] nw_association_schedule_deactivation_block_invoke <nw_association IPv6#5661fd3a.9091> becoming dormant
2026-02-11 19:29:11.838 Db AnalyticsReactNativeE2E[24701:1af9310] [com.apple.CFNetwork:Coalescing] removing all entries config 0x60000076c3e0
2026-02-11 19:29:11.838 I  AnalyticsReactNativeE2E[24701:1af9310] [com.apple.network:] nw_context_dealloc Deallocating context <nw_context (null) (private)>
2026-02-11 19:29:11.838 I  AnalyticsReactNativeE2E[24701:1af9310] [com.apple.network:] nw_context_purge_endpoints Context <nw_context com.apple.CFNetwork.NSURLSession.{5A32273A-81BE-4712-B2C1-5E6AA01DF89A}{(null)}{Y}{2}{0x0} (private)> has more than 0 cache entries, purging 1 from 1 down to 0
2026-02-11 19:29:11.838 Db AnalyticsReactNativeE2E[24701:1af9310] [com.apple.network:endpoint] endpoint IPv6#5661fd3a.9091 has nothing to cleanup, no protocol instance registrars
2026-02-11 19:29:11.838 Db AnalyticsReactNativeE2E[24701:1af9310] [com.apple.network:endpoint] endpoint Hostname#c2d0d3fb:9091 has nothing to cleanup, no protocol instance registrars
2026-02-11 19:29:11.838 I  AnalyticsReactNativeE2E[24701:1af9310] [com.apple.network:] nw_context_dealloc Deallocating context <nw_context (null) (private)>
2026-02-11 19:29:13.206 I  AnalyticsReactNativeE2E[24701:1af926f] [com.wix.Detox:WebSocket] Action received: invoke
2026-02-11 19:29:13.344 Df AnalyticsReactNativeE2E[24701:1af926f] [com.apple.UIKit:EventDispatch] Sending UIEvent type: 0; subtype: 0; to windows: 1
2026-02-11 19:29:13.345 Df AnalyticsReactNativeE2E[24701:1af926f] [com.apple.UIKit:EventDispatch] Sending UIEvent type: 0; subtype: 0; to window: <UIWindow: 0x106666ee0>; contextId: 0x775196FA
2026-02-11 19:29:13.345 A  AnalyticsReactNativeE2E[24701:1af926f] (UIKitCore) send gesture actions
2026-02-11 19:29:13.361 Df AnalyticsReactNativeE2E[24701:1af926f] [com.apple.UIKit:EventDispatch] Sending UIEvent type: 0; subtype: 0; to windows: 1
2026-02-11 19:29:13.361 Df AnalyticsReactNativeE2E[24701:1af926f] [com.apple.UIKit:EventDispatch] Sending UIEvent type: 0; subtype: 0; to window: <UIWindow: 0x106666ee0>; contextId: 0x775196FA
2026-02-11 19:29:13.362 A  AnalyticsReactNativeE2E[24701:1af926f] (UIKitCore) send gesture actions
2026-02-11 19:29:13.362 Df AnalyticsReactNativeE2E[24701:1af9dc2] [com.apple.CFNetwork:Default] Task <50A15965-7B76-4279-ACD7-085F291F49FC>.<2> resuming, timeouts(0.0, 604800.0) qos(0x19) voucher((null)) activity(00000000-0000-0000-0000-000000000000)
2026-02-11 19:29:13.362 Db AnalyticsReactNativeE2E[24701:1af9dc2] [com.apple.network:activity] Returning should log: 0 for activity cfnetwork:foreground_task
2026-02-11 19:29:13.362 Db AnalyticsReactNativeE2E[24701:1af9dc2] [com.apple.network:activity] Domain cfnetwork rate configured in registry as 1 / 20000
2026-02-11 19:29:13.362 Db AnalyticsReactNativeE2E[24701:1af9dc2] [com.apple.network:activity] Domain cfnetwork rate configured after remote default override as 1 / 20000
2026-02-11 19:29:13.362 Db AnalyticsReactNativeE2E[24701:1af9dc2] [com.apple.network:activity] After reading settings plist, domain cfnetwork rate configured as 1 / 2000000
2026-02-11 19:29:13.362 Db AnalyticsReactNativeE2E[24701:1af9dc2] [com.apple.network:activity] After settings override, domain cfnetwork rate configured as 1 / 2000000
2026-02-11 19:29:13.362 Db AnalyticsReactNativeE2E[24701:1af9dc2] [com.apple.network:activity] Final domain cfnetwork rate configured as 1 / 2000000
2026-02-11 19:29:13.362 Db AnalyticsReactNativeE2E[24701:1af9dc2] [com.apple.network:activity] <nw_activity 12:2 [No UUID] (reporting strategy default)> sampled at 1 / 2000000
2026-02-11 19:29:13.362 Db AnalyticsReactNativeE2E[24701:1af9dc2] [com.apple.network:activity] Returning should log: 0 for activity cfnetwork:foreground_task
2026-02-11 19:29:13.362 Db AnalyticsReactNativeE2E[24701:1af9dc2] [com.apple.network:activity] Returning should log: 0 for activity cfnetwork:foreground_task
2026-02-11 19:29:13.362 Db AnalyticsReactNativeE2E[24701:1af9dc2] [com.apple.CFNetwork:Default] [Telemetry]: Activity <nw_activity 12:2 [512924F1-EB9A-4357-A462-7070B8F3A199] (reporting strategy default)> on Task <50A15965-7B76-4279-ACD7-085F291F49FC>.<2> was not selected for reporting
2026-02-11 19:29:13.363 Db AnalyticsReactNativeE2E[24701:1af9dc2] [com.apple.networkextension:] ne_tracker_check_is_hostname_blocked() proceeding with the in_the_app check for hostname: localhost
2026-02-11 19:29:13.363 Db AnalyticsReactNativeE2E[24701:1af9dc2] [com.apple.CFBundle:resources] Resource lookup at CFBundle 0x600003b0c1c0 </Users/abueide/Library/Developer/CoreSimulator/Devices/651CE25F-D2F4-404C-AC47-0364AA5C94A1/data/Containers/Bundle/Application/5771E38C-E04E-4E48-81AC-81C22604788E/AnalyticsReactNativeE2E.app> (executable, loaded)
	Request       : InfoPlist type: strings
	Result        : None
2026-02-11 19:29:13.363 Db AnalyticsReactNativeE2E[24701:1af9dc2] [com.apple.CFBundle:resources] Resource lookup at CFBundle 0x600003b0c1c0 </Users/abueide/Library/Developer/CoreSimulator/Devices/651CE25F-D2F4-404C-AC47-0364AA5C94A1/data/Containers/Bundle/Application/5771E38C-E04E-4E48-81AC-81C22604788E/AnalyticsReactNativeE2E.app> (executable, loaded)
	Request       : InfoPlist type: stringsdict
	Result        : None
2026-02-11 19:29:13.363 Db AnalyticsReactNativeE2E[24701:1af9dc2] [com.apple.networkextension:] ne_tracker_check_is_hostname_blocked(): hostname localhost is not a tracker. Returning: ne_tracker_status_none
2026-02-11 19:29:13.363 Db AnalyticsReactNativeE2E[24701:1af9dc2] [com.apple.CFNetwork:ATS] Uploading ATS exception ATSAllowsLocalNetworking
2026-02-11 19:29:13.363 Db AnalyticsReactNativeE2E[24701:1af9dc2] [com.apple.CFNetwork:ATS] Uploading ATS exception ATSExceptionDomains
2026-02-11 19:29:13.363 A  AnalyticsReactNativeE2E[24701:1af9310] (Security) SecTrustReportNetworkingAnalytics
2026-02-11 19:29:13.363 Db AnalyticsReactNativeE2E[24701:1af9dc2] [com.apple.CFNetwork:Default] Connection 19: set is idle true
2026-02-11 19:29:13.363 Df AnalyticsReactNativeE2E[24701:1af9dc2] [com.apple.network:connection] [C19] event: client:connection_idle @2.179s
2026-02-11 19:29:13.363 I  AnalyticsReactNativeE2E[24701:1af9dc2] [com.apple.network:connection] nw_endpoint_handler_report_connection_idle [C19 IPv6#5661fd3a.9091 ready parent-flow (satisfied (Path is satisfied), interface: en0[802.11], uses wifi, LQM: unknown)] Reporting connection idle to protocols
2026-02-11 19:29:13.363 I  AnalyticsReactNativeE2E[24701:1af9dc2] [com.apple.network:connection] nw_flow_passthrough_notify [C19.1.1 IPv6#5661fd3a.9091 ready socket-flow (satisfied (Path is satisfied), interface: lo0)] received notification connection_idle
2026-02-11 19:29:13.363 Df AnalyticsReactNativeE2E[24701:1af9dc2] [com.apple.network:connection] nw_protocol_socket_notify [C19.1.1:2] nw_protocol_notification_type_connection_idle is true
2026-02-11 19:29:13.363 E  AnalyticsReactNativeE2E[24701:1af9dc2] [com.apple.network:connection] nw_socket_set_connection_idle [C19.1.1:2] setsockopt SO_CONNECTION_IDLE failed [42: Protocol not available]
2026-02-11 19:29:13.363 Df AnalyticsReactNativeE2E[24701:1af9dc2] [com.apple.CFNetwork:Default] Task <50A15965-7B76-4279-ACD7-085F291F49FC>.<2> now using Connection 19
2026-02-11 19:29:13.363 Db AnalyticsReactNativeE2E[24701:1af9dc2] [com.apple.network:activity] Returning should log: 0 for activity cfnetwork:foreground_task
2026-02-11 19:29:13.363 Db AnalyticsReactNativeE2E[24701:1af9dc2] [com.apple.network:connection] nw_connection_modify_estimated_bytes_block_invoke [C19] Incremented estimated bytes to send by 952, total now 952
2026-02-11 19:29:13.363 Db AnalyticsReactNativeE2E[24701:1af9dc2] [com.apple.network:connection] nw_connection_modify_estimated_bytes_block_invoke [C19] Using lower threshold 12582912, upper threshold 31457280
2026-02-11 19:29:13.363 Db AnalyticsReactNativeE2E[24701:1af9dc2] [com.apple.CFNetwork:Default] Connection 19: set is idle false
2026-02-11 19:29:13.363 Df AnalyticsReactNativeE2E[24701:1af9dc2] [com.apple.network:connection] [C19] event: client:connection_reused @2.179s
2026-02-11 19:29:13.363 I  AnalyticsReactNativeE2E[24701:1af9dc2] [com.apple.network:connection] nw_endpoint_handler_report_connection_idle [C19 IPv6#5661fd3a.9091 ready parent-flow (satisfied (Path is satisfied), interface: en0[802.11], uses wifi, LQM: unknown)] Reporting connection not idle to protocols
2026-02-11 19:29:13.363 I  AnalyticsReactNativeE2E[24701:1af9dc2] [com.apple.network:connection] nw_flow_passthrough_notify [C19.1.1 IPv6#5661fd3a.9091 ready socket-flow (satisfied (Path is satisfied), interface: lo0)] received notification connection_idle
2026-02-11 19:29:13.363 Df AnalyticsReactNativeE2E[24701:1af9dc2] [com.apple.network:connection] nw_protocol_socket_notify [C19.1.1:2] nw_protocol_notification_type_connection_idle is false
2026-02-11 19:29:13.363 E  AnalyticsReactNativeE2E[24701:1af9dc2] [com.apple.network:connection] nw_socket_set_connection_idle [C19.1.1:2] setsockopt SO_CONNECTION_IDLE failed [42: Protocol not available]
2026-02-11 19:29:13.363 Df AnalyticsReactNativeE2E[24701:1af9dc2] [com.apple.CFNetwork:Default] Task <50A15965-7B76-4279-ACD7-085F291F49FC>.<2> sent request, body S 952
2026-02-11 19:29:13.364 Df AnalyticsReactNativeE2E[24701:1af9310] [com.apple.securityd:SecError] SecTrustReportNetworkingAnalytics failed with error: -4
2026-02-11 19:29:13.364 A  AnalyticsReactNativeE2E[24701:1af9310] (Security) SecTrustReportNetworkingAnalytics
2026-02-11 19:29:13.364 Df AnalyticsReactNativeE2E[24701:1af9310] [com.apple.securityd:SecError] SecTrustReportNetworkingAnalytics failed with error: -4
2026-02-11 19:29:13.364 Df AnalyticsReactNativeE2E[24701:1af9310] [com.apple.CFNetwork:Default] Task <50A15965-7B76-4279-ACD7-085F291F49FC>.<2> received response, status 200 content K
2026-02-11 19:29:13.364 Db AnalyticsReactNativeE2E[24701:1af9310] [com.apple.network:connection] nw_connection_modify_estimated_bytes_block_invoke [C19] Incremented estimated bytes to receive by 20, total now 395
2026-02-11 19:29:13.365 Db AnalyticsReactNativeE2E[24701:1af9310] [com.apple.network:connection] nw_connection_modify_estimated_bytes_block_invoke [C19] Using lower threshold 12582912, upper threshold 31457280
2026-02-11 19:29:13.365 Df AnalyticsReactNativeE2E[24701:1af9310] [com.apple.CFNetwork:Default] Task <50A15965-7B76-4279-ACD7-085F291F49FC>.<2> response ended
2026-02-11 19:29:13.365 Df AnalyticsReactNativeE2E[24701:1af9310] [com.apple.CFNetwork:Default] Task <50A15965-7B76-4279-ACD7-085F291F49FC>.<2> done using Connection 19
2026-02-11 19:29:13.365 Db AnalyticsReactNativeE2E[24701:1af9310] [com.apple.network:activity] Returning should log: 0 for activity cfnetwork:foreground_task
2026-02-11 19:29:13.365 Db AnalyticsReactNativeE2E[24701:1af9310] [com.apple.CFNetwork:Default] Connection 19: set is idle true
2026-02-11 19:29:13.365 Df AnalyticsReactNativeE2E[24701:1af9310] [com.apple.network:connection] [C19] event: client:connection_idle @2.181s
2026-02-11 19:29:13.365 I  AnalyticsReactNativeE2E[24701:1af9310] [com.apple.network:connection] nw_endpoint_handler_report_connection_idle [C19 IPv6#5661fd3a.9091 ready parent-flow (satisfied (Path is satisfied), interface: en0[802.11], uses wifi, LQM: unknown)] Reporting connection idle to protocols
2026-02-11 19:29:13.365 I  AnalyticsReactNativeE2E[24701:1af9310] [com.apple.network:connection] nw_flow_passthrough_notify [C19.1.1 IPv6#5661fd3a.9091 ready socket-flow (satisfied (Path is satisfied), interface: lo0)] received notification connection_idle
2026-02-11 19:29:13.365 Df AnalyticsReactNativeE2E[24701:1af9310] [com.apple.network:connection] nw_protocol_socket_notify [C19.1.1:2] nw_protocol_notification_type_connection_idle is true
2026-02-11 19:29:13.365 E  AnalyticsReactNativeE2E[24701:1af9310] [com.apple.network:connection] nw_socket_set_connection_idle [C19.1.1:2] setsockopt SO_CONNECTION_IDLE failed [42: Protocol not available]
2026-02-11 19:29:13.365 Db AnalyticsReactNativeE2E[24701:1af9310] [com.apple.CFNetwork:Default] Connection 19: set is idle true
2026-02-11 19:29:13.365 Df AnalyticsReactNativeE2E[24701:1af9310] [com.apple.network:connection] [C19] event: client:connection_idle @2.181s
2026-02-11 19:29:13.365 Df AnalyticsReactNativeE2E[24701:1af930e] [com.apple.CFNetwork:Summary] Task <50A15965-7B76-4279-ACD7-085F291F49FC>.<2> summary for task success {transaction_duration_ms=2, response_status=200, connection=19, reused=1, reused_after_ms=0, request_start_ms=0, request_duration_ms=0, response_start_ms=1, response_duration_ms=0, request_bytes=1242, request_throughput_kbps=52853, response_bytes=255, response_throughput_kbps=7446, cache_hit=true}
2026-02-11 19:29:13.365 I  AnalyticsReactNativeE2E[24701:1af9310] [com.apple.network:connection] nw_endpoint_handler_report_connection_idle [C19 IPv6#5661fd3a.9091 ready parent-flow (satisfied (Path is satisfied), interface: en0[802.11], uses wifi, LQM: unknown)] Reporting connection idle to protocols
2026-02-11 19:29:13.365 Df AnalyticsReactNativeE2E[24701:1af930e] [com.apple.CFNetwork:Default] Task <50A15965-7B76-4279-ACD7-085F291F49FC>.<2> finished successfully
2026-02-11 19:29:13.365 I  AnalyticsReactNativeE2E[24701:1af9310] [com.apple.network:connection] nw_flow_passthrough_notify [C19.1.1 IPv6#5661fd3a.9091 ready socket-flow (satisfied (Path is satisfied), interface: lo0)] received notification connection_idle
2026-02-11 19:29:13.365 Db AnalyticsReactNativeE2E[24701:1af930e] [com.apple.network:activity] Returning should log: 0 for activity cfnetwork:foreground_task
2026-02-11 19:29:13.365 Df AnalyticsReactNativeE2E[24701:1af9310] [com.apple.network:connection] nw_protocol_socket_notify [C19.1.1:2] nw_protocol_notification_type_connection_idle is true
2026-02-11 19:29:13.365 I  AnalyticsReactNativeE2E[24701:1af9dc2] [com.apple.runningboard:assertion] Acquiring assertion: <RBSAssertionDescriptor| "com.apple.CFNetwork.StorageDB" ID:(null) target:24701>
2026-02-11 19:29:13.365 E  AnalyticsReactNativeE2E[24701:1af9310] [com.apple.network:connection] nw_socket_set_connection_idle [C19.1.1:2] setsockopt SO_CONNECTION_IDLE failed [42: Protocol not available]
2026-02-11 19:29:13.365 Db AnalyticsReactNativeE2E[24701:1af930e] [com.apple.network:activity] Returning should log: 0 for activity cfnetwork:foreground_task
2026-02-11 19:29:13.365 Db AnalyticsReactNativeE2E[24701:1af930e] [com.apple.network:activity] No threshold for cfnetwork:foreground_task, returning NW_ACTIVITY_DURATION_INVALID
2026-02-11 19:29:13.365 Db AnalyticsReactNativeE2E[24701:1af930e] [com.apple.network:activity] No threshold for activity <nw_activity 12:2 [512924F1-EB9A-4357-A462-7070B8F3A199] (reporting strategy default) complete (reason success)>
2026-02-11 19:29:13.365 I  AnalyticsReactNativeE2E[24701:1afc548] [com.facebook.react.log:javascript] Sent 1 events
2026-02-11 19:29:13.366 Db AnalyticsReactNativeE2E[24701:1af9dc2] [com.apple.runningboard:assertion] Adding assertion 1422-24701-1616 to dictionary
2026-02-11 19:29:14.751 I  AnalyticsReactNativeE2E[24701:1af926f] [com.wix.Detox:WebSocket] Action received: invoke
2026-02-11 19:29:14.895 Df AnalyticsReactNativeE2E[24701:1af926f] [com.apple.UIKit:EventDispatch] Sending UIEvent type: 0; subtype: 0; to windows: 1
2026-02-11 19:29:14.895 Df AnalyticsReactNativeE2E[24701:1af926f] [com.apple.UIKit:EventDispatch] Sending UIEvent type: 0; subtype: 0; to window: <UIWindow: 0x106666ee0>; contextId: 0x775196FA
2026-02-11 19:29:14.895 A  AnalyticsReactNativeE2E[24701:1af926f] (UIKitCore) send gesture actions
2026-02-11 19:29:14.911 Df AnalyticsReactNativeE2E[24701:1af926f] [com.apple.UIKit:EventDispatch] Sending UIEvent type: 0; subtype: 0; to windows: 1
2026-02-11 19:29:14.911 Df AnalyticsReactNativeE2E[24701:1af926f] [com.apple.UIKit:EventDispatch] Sending UIEvent type: 0; subtype: 0; to window: <UIWindow: 0x106666ee0>; contextId: 0x775196FA
2026-02-11 19:29:14.911 A  AnalyticsReactNativeE2E[24701:1af926f] (UIKitCore) send gesture actions
2026-02-11 19:29:14.912 I  AnalyticsReactNativeE2E[24701:1afc548] [com.facebook.react.log:javascript] 'TRACK event saved', { type: 'track',
  event: 'Track pressed',
  properties: { foo: 'bar' } }
2026-02-11 19:29:15.601 I  AnalyticsReactNativeE2E[24701:1af926f] [com.wix.Detox:WebSocket] Action received: invoke
2026-02-11 19:29:15.745 Df AnalyticsReactNativeE2E[24701:1af926f] [com.apple.UIKit:EventDispatch] Sending UIEvent type: 0; subtype: 0; to windows: 1
2026-02-11 19:29:15.745 Df AnalyticsReactNativeE2E[24701:1af926f] [com.apple.UIKit:EventDispatch] Sending UIEvent type: 0; subtype: 0; to window: <UIWindow: 0x106666ee0>; contextId: 0x775196FA
2026-02-11 19:29:15.745 A  AnalyticsReactNativeE2E[24701:1af926f] (UIKitCore) send gesture actions
2026-02-11 19:29:15.761 Df AnalyticsReactNativeE2E[24701:1af926f] [com.apple.UIKit:EventDispatch] Sending UIEvent type: 0; subtype: 0; to windows: 1
2026-02-11 19:29:15.761 Df AnalyticsReactNativeE2E[24701:1af926f] [com.apple.UIKit:EventDispatch] Sending UIEvent type: 0; subtype: 0; to window: <UIWindow: 0x106666ee0>; contextId: 0x775196FA
2026-02-11 19:29:15.761 A  AnalyticsReactNativeE2E[24701:1af926f] (UIKitCore) send gesture actions
2026-02-11 19:29:15.762 Df AnalyticsReactNativeE2E[24701:1af930e] [com.apple.CFNetwork:Default] Task <1939DA4A-8F22-4873-8ACD-FE83D910C77F>.<3> resuming, timeouts(0.0, 604800.0) qos(0x19) voucher((null)) activity(00000000-0000-0000-0000-000000000000)
2026-02-11 19:29:15.762 Db AnalyticsReactNativeE2E[24701:1af930e] [com.apple.network:activity] Returning should log: 0 for activity cfnetwork:foreground_task
2026-02-11 19:29:15.762 Db AnalyticsReactNativeE2E[24701:1af930e] [com.apple.network:activity] Domain cfnetwork rate configured in registry as 1 / 20000
2026-02-11 19:29:15.762 Db AnalyticsReactNativeE2E[24701:1af930e] [com.apple.network:activity] Domain cfnetwork rate configured after remote default override as 1 / 20000
2026-02-11 19:29:15.762 Db AnalyticsReactNativeE2E[24701:1af930e] [com.apple.network:activity] After reading settings plist, domain cfnetwork rate configured as 1 / 2000000
2026-02-11 19:29:15.762 Db AnalyticsReactNativeE2E[24701:1af930e] [com.apple.network:activity] After settings override, domain cfnetwork rate configured as 1 / 2000000
2026-02-11 19:29:15.762 Db AnalyticsReactNativeE2E[24701:1af930e] [com.apple.network:activity] Final domain cfnetwork rate configured as 1 / 2000000
2026-02-11 19:29:15.762 Db AnalyticsReactNativeE2E[24701:1af930e] [com.apple.network:activity] <nw_activity 12:2 [No UUID] (reporting strategy default)> sampled at 1 / 2000000
2026-02-11 19:29:15.762 Db AnalyticsReactNativeE2E[24701:1af930e] [com.apple.network:activity] Returning should log: 0 for activity cfnetwork:foreground_task
2026-02-11 19:29:15.762 Db AnalyticsReactNativeE2E[24701:1af930e] [com.apple.network:activity] Returning should log: 0 for activity cfnetwork:foreground_task
2026-02-11 19:29:15.762 Db AnalyticsReactNativeE2E[24701:1af930e] [com.apple.CFNetwork:Default] [Telemetry]: Activity <nw_activity 12:2 [6D5EC92D-6F41-4D2D-98CC-19FCA789555D] (reporting strategy default)> on Task <1939DA4A-8F22-4873-8ACD-FE83D910C77F>.<3> was not selected for reporting
2026-02-11 19:29:15.762 Db AnalyticsReactNativeE2E[24701:1af9310] [com.apple.networkextension:] ne_tracker_check_is_hostname_blocked() proceeding with the in_the_app check for hostname: localhost
2026-02-11 19:29:15.762 Db AnalyticsReactNativeE2E[24701:1af9310] [com.apple.CFBundle:resources] Resource lookup at CFBundle 0x600003b0c1c0 </Users/abueide/Library/Developer/CoreSimulator/Devices/651CE25F-D2F4-404C-AC47-0364AA5C94A1/data/Containers/Bundle/Application/5771E38C-E04E-4E48-81AC-81C22604788E/AnalyticsReactNativeE2E.app> (executable, loaded)
	Request       : InfoPlist type: strings
	Result        : None
2026-02-11 19:29:15.762 Db AnalyticsReactNativeE2E[24701:1af9310] [com.apple.CFBundle:resources] Resource lookup at CFBundle 0x600003b0c1c0 </Users/abueide/Library/Developer/CoreSimulator/Devices/651CE25F-D2F4-404C-AC47-0364AA5C94A1/data/Containers/Bundle/Application/5771E38C-E04E-4E48-81AC-81C22604788E/AnalyticsReactNativeE2E.app> (executable, loaded)
	Request       : InfoPlist type: stringsdict
	Result        : None
2026-02-11 19:29:15.762 Db AnalyticsReactNativeE2E[24701:1af9310] [com.apple.networkextension:] ne_tracker_check_is_hostname_blocked(): hostname localhost is not a tracker. Returning: ne_tracker_status_none
2026-02-11 19:29:15.763 Db AnalyticsReactNativeE2E[24701:1af9310] [com.apple.CFNetwork:ATS] Uploading ATS exception ATSAllowsLocalNetworking
2026-02-11 19:29:15.763 Db AnalyticsReactNativeE2E[24701:1af9310] [com.apple.CFNetwork:ATS] Uploading ATS exception ATSExceptionDomains
2026-02-11 19:29:15.763 A  AnalyticsReactNativeE2E[24701:1af930e] (Security) SecTrustReportNetworkingAnalytics
2026-02-11 19:29:15.763 Db AnalyticsReactNativeE2E[24701:1af9310] [com.apple.CFNetwork:Default] Connection 19: set is idle true
2026-02-11 19:29:15.763 Df AnalyticsReactNativeE2E[24701:1af9310] [com.apple.network:connection] [C19] event: client:connection_idle @4.579s
2026-02-11 19:29:15.763 I  AnalyticsReactNativeE2E[24701:1af9310] [com.apple.network:connection] nw_endpoint_handler_report_connection_idle [C19 IPv6#5661fd3a.9091 ready parent-flow (satisfied (Path is satisfied), interface: en0[802.11], uses wifi, LQM: unknown)] Reporting connection idle to protocols
2026-02-11 19:29:15.763 I  AnalyticsReactNativeE2E[24701:1af9310] [com.apple.network:connection] nw_flow_passthrough_notify [C19.1.1 IPv6#5661fd3a.9091 ready socket-flow (satisfied (Path is satisfied), interface: lo0)] received notification connection_idle
2026-02-11 19:29:15.763 Df AnalyticsReactNativeE2E[24701:1af9310] [com.apple.network:connection] nw_protocol_socket_notify [C19.1.1:2] nw_protocol_notification_type_connection_idle is true
2026-02-11 19:29:15.763 E  AnalyticsReactNativeE2E[24701:1af9310] [com.apple.network:connection] nw_socket_set_connection_idle [C19.1.1:2] setsockopt SO_CONNECTION_IDLE failed [42: Protocol not available]
2026-02-11 19:29:15.763 Df AnalyticsReactNativeE2E[24701:1af9310] [com.apple.CFNetwork:Default] Task <1939DA4A-8F22-4873-8ACD-FE83D910C77F>.<3> now using Connection 19
2026-02-11 19:29:15.763 Db AnalyticsReactNativeE2E[24701:1af9310] [com.apple.network:activity] Returning should log: 0 for activity cfnetwork:foreground_task
2026-02-11 19:29:15.763 Db AnalyticsReactNativeE2E[24701:1af9310] [com.apple.network:connection] nw_connection_modify_estimated_bytes_block_invoke [C19] Incremented estimated bytes to send by 907, total now 1859
2026-02-11 19:29:15.763 Db AnalyticsReactNativeE2E[24701:1af9310] [com.apple.network:connection] nw_connection_modify_estimated_bytes_block_invoke [C19] Using lower threshold 12582912, upper threshold 31457280
2026-02-11 19:29:15.763 Db AnalyticsReactNativeE2E[24701:1af9310] [com.apple.CFNetwork:Default] Connection 19: set is idle false
2026-02-11 19:29:15.763 Df AnalyticsReactNativeE2E[24701:1af9310] [com.apple.network:connection] [C19] event: client:connection_reused @4.579s
2026-02-11 19:29:15.763 I  AnalyticsReactNativeE2E[24701:1af9310] [com.apple.network:connection] nw_endpoint_handler_report_connection_idle [C19 IPv6#5661fd3a.9091 ready parent-flow (satisfied (Path is satisfied), interface: en0[802.11], uses wifi, LQM: unknown)] Reporting connection not idle to protocols
2026-02-11 19:29:15.763 I  AnalyticsReactNativeE2E[24701:1af9310] [com.apple.network:connection] nw_flow_passthrough_notify [C19.1.1 IPv6#5661fd3a.9091 ready socket-flow (satisfied (Path is satisfied), interface: lo0)] received notification connection_idle
2026-02-11 19:29:15.763 Df AnalyticsReactNativeE2E[24701:1af9310] [com.apple.network:connection] nw_protocol_socket_notify [C19.1.1:2] nw_protocol_notification_type_connection_idle is false
2026-02-11 19:29:15.763 E  AnalyticsReactNativeE2E[24701:1af9310] [com.apple.network:connection] nw_socket_set_connection_idle [C19.1.1:2] setsockopt SO_CONNECTION_IDLE failed [42: Protocol not available]
2026-02-11 19:29:15.763 Df AnalyticsReactNativeE2E[24701:1af930e] [com.apple.securityd:SecError] SecTrustReportNetworkingAnalytics failed with error: -4
2026-02-11 19:29:15.763 A  AnalyticsReactNativeE2E[24701:1af930e] (Security) SecTrustReportNetworkingAnalytics
2026-02-11 19:29:15.763 Df AnalyticsReactNativeE2E[24701:1af9dc2] [com.apple.CFNetwork:Default] Task <1939DA4A-8F22-4873-8ACD-FE83D910C77F>.<3> sent request, body S 907
2026-02-11 19:29:15.763 Df AnalyticsReactNativeE2E[24701:1af930e] [com.apple.securityd:SecError] SecTrustReportNetworkingAnalytics failed with error: -4
2026-02-11 19:29:15.764 Df AnalyticsReactNativeE2E[24701:1af930e] [com.apple.CFNetwork:Default] Task <1939DA4A-8F22-4873-8ACD-FE83D910C77F>.<3> received response, status 500 content K
2026-02-11 19:29:15.764 Db AnalyticsReactNativeE2E[24701:1af930e] [com.apple.network:connection] nw_connection_modify_estimated_bytes_block_invoke [C19] Incremented estimated bytes to receive by 33, total now 428
2026-02-11 19:29:15.764 Db AnalyticsReactNativeE2E[24701:1af930e] [com.apple.network:connection] nw_connection_modify_estimated_bytes_block_invoke [C19] Using lower threshold 12582912, upper threshold 31457280
2026-02-11 19:29:15.764 Df AnalyticsReactNativeE2E[24701:1af930e] [com.apple.CFNetwork:Default] Task <1939DA4A-8F22-4873-8ACD-FE83D910C77F>.<3> response ended
2026-02-11 19:29:15.764 Df AnalyticsReactNativeE2E[24701:1af930e] [com.apple.CFNetwork:Default] Task <1939DA4A-8F22-4873-8ACD-FE83D910C77F>.<3> done using Connection 19
2026-02-11 19:29:15.764 Db AnalyticsReactNativeE2E[24701:1af930e] [com.apple.network:activity] Returning should log: 0 for activity cfnetwork:foreground_task
2026-02-11 19:29:15.764 Db AnalyticsReactNativeE2E[24701:1af930e] [com.apple.CFNetwork:Default] Connection 19: set is idle true
2026-02-11 19:29:15.764 Df AnalyticsReactNativeE2E[24701:1af930e] [com.apple.network:connection] [C19] event: client:connection_idle @4.580s
2026-02-11 19:29:15.764 I  AnalyticsReactNativeE2E[24701:1af930e] [com.apple.network:connection] nw_endpoint_handler_report_connection_idle [C19 IPv6#5661fd3a.9091 ready parent-flow (satisfied (Path is satisfied), interface: en0[802.11], uses wifi, LQM: unknown)] Reporting connection idle to protocols
2026-02-11 19:29:15.764 I  AnalyticsReactNativeE2E[24701:1af930e] [com.apple.network:connection] nw_flow_passthrough_notify [C19.1.1 IPv6#5661fd3a.9091 ready socket-flow (satisfied (Path is satisfied), interface: lo0)] received notification connection_idle
2026-02-11 19:29:15.764 Df AnalyticsReactNativeE2E[24701:1af930e] [com.apple.network:connection] nw_protocol_socket_notify [C19.1.1:2] nw_protocol_notification_type_connection_idle is true
2026-02-11 19:29:15.764 Df AnalyticsReactNativeE2E[24701:1af9310] [com.apple.CFNetwork:Summary] Task <1939DA4A-8F22-4873-8ACD-FE83D910C77F>.<3> summary for task success {transaction_duration_ms=1, response_status=500, connection=19, reused=1, reused_after_ms=0, request_start_ms=0, request_duration_ms=0, response_start_ms=1, response_duration_ms=0, request_bytes=1197, request_throughput_kbps=50394, response_bytes=287, response_throughput_kbps=13997, cache_hit=true}
2026-02-11 19:29:15.764 E  AnalyticsReactNativeE2E[24701:1af930e] [com.apple.network:connection] nw_socket_set_connection_idle [C19.1.1:2] setsockopt SO_CONNECTION_IDLE failed [42: Protocol not available]
2026-02-11 19:29:15.764 Df AnalyticsReactNativeE2E[24701:1af9310] [com.apple.CFNetwork:Default] Task <1939DA4A-8F22-4873-8ACD-FE83D910C77F>.<3> finished successfully
2026-02-11 19:29:15.764 Db AnalyticsReactNativeE2E[24701:1af930e] [com.apple.CFNetwork:Default] Connection 19: set is idle true
2026-02-11 19:29:15.764 Db AnalyticsReactNativeE2E[24701:1af9310] [com.apple.network:activity] Returning should log: 0 for activity cfnetwork:foreground_task
2026-02-11 19:29:15.764 Df AnalyticsReactNativeE2E[24701:1af930e] [com.apple.network:connection] [C19] event: client:connection_idle @4.580s
2026-02-11 19:29:15.764 Db AnalyticsReactNativeE2E[24701:1af9310] [com.apple.network:activity] Returning should log: 0 for activity cfnetwork:foreground_task
2026-02-11 19:29:15.764 I  AnalyticsReactNativeE2E[24701:1af930e] [com.apple.network:connection] nw_endpoint_handler_report_connection_idle [C19 IPv6#5661fd3a.9091 ready parent-flow (satisfied (Path is satisfied), interface: en0[802.11], uses wifi, LQM: unknown)] Reporting connection idle to protocols
2026-02-11 19:29:15.764 Db AnalyticsReactNativeE2E[24701:1af9310] [com.apple.network:activity] No threshold for cfnetwork:foreground_task, returning NW_ACTIVITY_DURATION_INVALID
2026-02-11 19:29:15.764 I  AnalyticsReactNativeE2E[24701:1af930e] [com.apple.network:connection] nw_flow_passthrough_notify [C19.1.1 IPv6#5661fd3a.9091 ready socket-flow (satisfied (Path is satisfied), interface: lo0)] received notification connection_idle
2026-02-11 19:29:15.764 Db AnalyticsReactNativeE2E[24701:1af9310] [com.apple.network:activity] No threshold for activity <nw_activity 12:2 [6D5EC92D-6F41-4D2D-98CC-19FCA789555D] (reporting strategy default) complete (reason success)>
2026-02-11 19:29:15.765 Df AnalyticsReactNativeE2E[24701:1af930e] [com.apple.network:connection] nw_protocol_socket_notify [C19.1.1:2] nw_protocol_notification_type_connection_idle is true
2026-02-11 19:29:15.765 E  AnalyticsReactNativeE2E[24701:1af930e] [com.apple.network:connection] nw_socket_set_connection_idle [C19.1.1:2] setsockopt SO_CONNECTION_IDLE failed [42: Protocol not available]
2026-02-11 19:29:15.765 I  AnalyticsReactNativeE2E[24701:1afc548] [com.facebook.react.log:javascript] 'An internal error occurred: ', { [Error] type: 2, innerError: undefined, statusCode: 500 }
2026-02-11 19:29:15.765 I  AnalyticsReactNativeE2E[24701:1afc548] [com.facebook.react.log:javascript] { [Error] type: 2, innerError: undefined, statusCode: 500 }
2026-02-11 19:29:15.765 E  AnalyticsReactNativeE2E[24701:1afc548] [com.facebook.react.log:javascript] Failed to send 1 events.
2026-02-11 19:29:17.452 I  AnalyticsReactNativeE2E[24701:1af926f] [com.wix.Detox:WebSocket] Action received: invoke
2026-02-11 19:29:17.595 Df AnalyticsReactNativeE2E[24701:1af926f] [com.apple.UIKit:EventDispatch] Sending UIEvent type: 0; subtype: 0; to windows: 1
2026-02-11 19:29:17.595 Df AnalyticsReactNativeE2E[24701:1af926f] [com.apple.UIKit:EventDispatch] Sending UIEvent type: 0; subtype: 0; to window: <UIWindow: 0x106666ee0>; contextId: 0x775196FA
2026-02-11 19:29:17.595 A  AnalyticsReactNativeE2E[24701:1af926f] (UIKitCore) send gesture actions
2026-02-11 19:29:17.611 Df AnalyticsReactNativeE2E[24701:1af926f] [com.apple.UIKit:EventDispatch] Sending UIEvent type: 0; subtype: 0; to windows: 1
2026-02-11 19:29:17.611 Df AnalyticsReactNativeE2E[24701:1af926f] [com.apple.UIKit:EventDispatch] Sending UIEvent type: 0; subtype: 0; to window: <UIWindow: 0x106666ee0>; contextId: 0x775196FA
2026-02-11 19:29:17.612 A  AnalyticsReactNativeE2E[24701:1af926f] (UIKitCore) send gesture actions
2026-02-11 19:29:17.612 Df AnalyticsReactNativeE2E[24701:1af930e] [com.apple.CFNetwork:Default] Task <B9E69AD2-BF48-43F2-A88D-78C70FFC6D99>.<4> resuming, timeouts(0.0, 604800.0) qos(0x19) voucher((null)) activity(00000000-0000-0000-0000-000000000000)
2026-02-11 19:29:17.612 Db AnalyticsReactNativeE2E[24701:1af930e] [com.apple.network:activity] Returning should log: 0 for activity cfnetwork:foreground_task
2026-02-11 19:29:17.612 Db AnalyticsReactNativeE2E[24701:1af930e] [com.apple.network:activity] Domain cfnetwork rate configured in registry as 1 / 20000
2026-02-11 19:29:17.612 Db AnalyticsReactNativeE2E[24701:1af930e] [com.apple.network:activity] Domain cfnetwork rate configured after remote default override as 1 / 20000
2026-02-11 19:29:17.612 Db AnalyticsReactNativeE2E[24701:1af930e] [com.apple.network:activity] After reading settings plist, domain cfnetwork rate configured as 1 / 2000000
2026-02-11 19:29:17.612 Db AnalyticsReactNativeE2E[24701:1af930e] [com.apple.network:activity] After settings override, domain cfnetwork rate configured as 1 / 2000000
2026-02-11 19:29:17.612 Db AnalyticsReactNativeE2E[24701:1af930e] [com.apple.network:activity] Final domain cfnetwork rate configured as 1 / 2000000
2026-02-11 19:29:17.612 Db AnalyticsReactNativeE2E[24701:1af930e] [com.apple.network:activity] <nw_activity 12:2 [No UUID] (reporting strategy default)> sampled at 1 / 2000000
2026-02-11 19:29:17.612 Db AnalyticsReactNativeE2E[24701:1af930e] [com.apple.network:activity] Returning should log: 0 for activity cfnetwork:foreground_task
2026-02-11 19:29:17.612 Db AnalyticsReactNativeE2E[24701:1af930e] [com.apple.network:activity] Returning should log: 0 for activity cfnetwork:foreground_task
2026-02-11 19:29:17.612 Db AnalyticsReactNativeE2E[24701:1af930e] [com.apple.CFNetwork:Default] [Telemetry]: Activity <nw_activity 12:2 [58764427-629D-4DE8-93E8-47E1FE7BB30C] (reporting strategy default)> on Task <B9E69AD2-BF48-43F2-A88D-78C70FFC6D99>.<4> was not selected for reporting
2026-02-11 19:29:17.613 Db AnalyticsReactNativeE2E[24701:1af9310] [com.apple.networkextension:] ne_tracker_check_is_hostname_blocked() proceeding with the in_the_app check for hostname: localhost
2026-02-11 19:29:17.613 Db AnalyticsReactNativeE2E[24701:1af9310] [com.apple.CFBundle:resources] Resource lookup at CFBundle 0x600003b0c1c0 </Users/abueide/Library/Developer/CoreSimulator/Devices/651CE25F-D2F4-404C-AC47-0364AA5C94A1/data/Containers/Bundle/Application/5771E38C-E04E-4E48-81AC-81C22604788E/AnalyticsReactNativeE2E.app> (executable, loaded)
	Request       : InfoPlist type: strings
	Result        : None
2026-02-11 19:29:17.613 Db AnalyticsReactNativeE2E[24701:1af9310] [com.apple.CFBundle:resources] Resource lookup at CFBundle 0x600003b0c1c0 </Users/abueide/Library/Developer/CoreSimulator/Devices/651CE25F-D2F4-404C-AC47-0364AA5C94A1/data/Containers/Bundle/Application/5771E38C-E04E-4E48-81AC-81C22604788E/AnalyticsReactNativeE2E.app> (executable, loaded)
	Request       : InfoPlist type: stringsdict
	Result        : None
2026-02-11 19:29:17.613 Db AnalyticsReactNativeE2E[24701:1af9310] [com.apple.networkextension:] ne_tracker_check_is_hostname_blocked(): hostname localhost is not a tracker. Returning: ne_tracker_status_none
2026-02-11 19:29:17.613 Db AnalyticsReactNativeE2E[24701:1af9310] [com.apple.CFNetwork:ATS] Uploading ATS exception ATSAllowsLocalNetworking
2026-02-11 19:29:17.613 Db AnalyticsReactNativeE2E[24701:1af9310] [com.apple.CFNetwork:ATS] Uploading ATS exception ATSExceptionDomains
2026-02-11 19:29:17.613 A  AnalyticsReactNativeE2E[24701:1af930e] (Security) SecTrustReportNetworkingAnalytics
2026-02-11 19:29:17.613 Db AnalyticsReactNativeE2E[24701:1af9310] [com.apple.CFNetwork:Default] Connection 19: set is idle true
2026-02-11 19:29:17.613 Df AnalyticsReactNativeE2E[24701:1af9310] [com.apple.network:connection] [C19] event: client:connection_idle @6.429s
2026-02-11 19:29:17.613 I  AnalyticsReactNativeE2E[24701:1af9310] [com.apple.network:connection] nw_endpoint_handler_report_connection_idle [C19 IPv6#5661fd3a.9091 ready parent-flow (satisfied (Path is satisfied), interface: en0[802.11], uses wifi, LQM: unknown)] Reporting connection idle to protocols
2026-02-11 19:29:17.613 I  AnalyticsReactNativeE2E[24701:1af9310] [com.apple.network:connection] nw_flow_passthrough_notify [C19.1.1 IPv6#5661fd3a.9091 ready socket-flow (satisfied (Path is satisfied), interface: lo0)] received notification connection_idle
2026-02-11 19:29:17.613 Df AnalyticsReactNativeE2E[24701:1af9310] [com.apple.network:connection] nw_protocol_socket_notify [C19.1.1:2] nw_protocol_notification_type_connection_idle is true
2026-02-11 19:29:17.613 E  AnalyticsReactNativeE2E[24701:1af9310] [com.apple.network:connection] nw_socket_set_connection_idle [C19.1.1:2] setsockopt SO_CONNECTION_IDLE failed [42: Protocol not available]
2026-02-11 19:29:17.613 Df AnalyticsReactNativeE2E[24701:1af9310] [com.apple.CFNetwork:Default] Task <B9E69AD2-BF48-43F2-A88D-78C70FFC6D99>.<4> now using Connection 19
2026-02-11 19:29:17.613 Db AnalyticsReactNativeE2E[24701:1af9310] [com.apple.network:activity] Returning should log: 0 for activity cfnetwork:foreground_task
2026-02-11 19:29:17.613 Db AnalyticsReactNativeE2E[24701:1af9310] [com.apple.network:connection] nw_connection_modify_estimated_bytes_block_invoke [C19] Incremented estimated bytes to send by 907, total now 2766
2026-02-11 19:29:17.613 Db AnalyticsReactNativeE2E[24701:1af9310] [com.apple.network:connection] nw_connection_modify_estimated_bytes_block_invoke [C19] Using lower threshold 12582912, upper threshold 31457280
2026-02-11 19:29:17.613 Db AnalyticsReactNativeE2E[24701:1af9310] [com.apple.CFNetwork:Default] Connection 19: set is idle false
2026-02-11 19:29:17.613 Df AnalyticsReactNativeE2E[24701:1af9310] [com.apple.network:connection] [C19] event: client:connection_reused @6.429s
2026-02-11 19:29:17.613 I  AnalyticsReactNativeE2E[24701:1af9310] [com.apple.network:connection] nw_endpoint_handler_report_connection_idle [C19 IPv6#5661fd3a.9091 ready parent-flow (satisfied (Path is satisfied), interface: en0[802.11], uses wifi, LQM: unknown)] Reporting connection not idle to protocols
2026-02-11 19:29:17.613 I  AnalyticsReactNativeE2E[24701:1af9310] [com.apple.network:connection] nw_flow_passthrough_notify [C19.1.1 IPv6#5661fd3a.9091 ready socket-flow (satisfied (Path is satisfied), interface: lo0)] received notification connection_idle
2026-02-11 19:29:17.613 Df AnalyticsReactNativeE2E[24701:1af9310] [com.apple.network:connection] nw_protocol_socket_notify [C19.1.1:2] nw_protocol_notification_type_connection_idle is false
2026-02-11 19:29:17.613 E  AnalyticsReactNativeE2E[24701:1af9310] [com.apple.network:connection] nw_socket_set_connection_idle [C19.1.1:2] setsockopt SO_CONNECTION_IDLE failed [42: Protocol not available]
2026-02-11 19:29:17.613 Df AnalyticsReactNativeE2E[24701:1af930e] [com.apple.securityd:SecError] SecTrustReportNetworkingAnalytics failed with error: -4
2026-02-11 19:29:17.613 A  AnalyticsReactNativeE2E[24701:1af930e] (Security) SecTrustReportNetworkingAnalytics
2026-02-11 19:29:17.613 Df AnalyticsReactNativeE2E[24701:1af9a61] [com.apple.CFNetwork:Default] Task <B9E69AD2-BF48-43F2-A88D-78C70FFC6D99>.<4> sent request, body S 907
2026-02-11 19:29:17.614 Df AnalyticsReactNativeE2E[24701:1af930e] [com.apple.securityd:SecError] SecTrustReportNetworkingAnalytics failed with error: -4
2026-02-11 19:29:17.614 Df AnalyticsReactNativeE2E[24701:1af930e] [com.apple.CFNetwork:Default] Task <B9E69AD2-BF48-43F2-A88D-78C70FFC6D99>.<4> received response, status 200 content K
2026-02-11 19:29:17.614 Db AnalyticsReactNativeE2E[24701:1af930e] [com.apple.network:connection] nw_connection_modify_estimated_bytes_block_invoke [C19] Incremented estimated bytes to receive by 20, total now 448
2026-02-11 19:29:17.614 Db AnalyticsReactNativeE2E[24701:1af930e] [com.apple.network:connection] nw_connection_modify_estimated_bytes_block_invoke [C19] Using lower threshold 12582912, upper threshold 31457280
2026-02-11 19:29:17.614 Df AnalyticsReactNativeE2E[24701:1af930e] [com.apple.CFNetwork:Default] Task <B9E69AD2-BF48-43F2-A88D-78C70FFC6D99>.<4> response ended
2026-02-11 19:29:17.614 Df AnalyticsReactNativeE2E[24701:1af930e] [com.apple.CFNetwork:Default] Task <B9E69AD2-BF48-43F2-A88D-78C70FFC6D99>.<4> done using Connection 19
2026-02-11 19:29:17.614 Db AnalyticsReactNativeE2E[24701:1af930e] [com.apple.network:activity] Returning should log: 0 for activity cfnetwork:foreground_task
2026-02-11 19:29:17.614 Db AnalyticsReactNativeE2E[24701:1af930e] [com.apple.CFNetwork:Default] Connection 19: set is idle true
2026-02-11 19:29:17.614 Df AnalyticsReactNativeE2E[24701:1af930e] [com.apple.network:connection] [C19] event: client:connection_idle @6.430s
2026-02-11 19:29:17.614 I  AnalyticsReactNativeE2E[24701:1af930e] [com.apple.network:connection] nw_endpoint_handler_report_connection_idle [C19 IPv6#5661fd3a.9091 ready parent-flow (satisfied (Path is satisfied), interface: en0[802.11], uses wifi, LQM: unknown)] Reporting connection idle to protocols
2026-02-11 19:29:17.614 I  AnalyticsReactNativeE2E[24701:1af930e] [com.apple.network:connection] nw_flow_passthrough_notify [C19.1.1 IPv6#5661fd3a.9091 ready socket-flow (satisfied (Path is satisfied), interface: lo0)] received notification connection_idle
2026-02-11 19:29:17.614 Df AnalyticsReactNativeE2E[24701:1af930e] [com.apple.network:connection] nw_protocol_socket_notify [C19.1.1:2] nw_protocol_notification_type_connection_idle is true
2026-02-11 19:29:17.614 E  AnalyticsReactNativeE2E[24701:1af930e] [com.apple.network:connection] nw_socket_set_connection_idle [C19.1.1:2] setsockopt SO_CONNECTION_IDLE failed [42: Protocol not available]
2026-02-11 19:29:17.614 I  AnalyticsReactNativeE2E[24701:1af9310] [com.apple.runningboard:assertion] Acquiring assertion: <RBSAssertionDescriptor| "com.apple.CFNetwork.StorageDB" ID:(null) target:24701>
2026-02-11 19:29:17.614 Df AnalyticsReactNativeE2E[24701:1af9a61] [com.apple.CFNetwork:Summary] Task <B9E69AD2-BF48-43F2-A88D-78C70FFC6D99>.<4> summary for task success {transaction_duration_ms=1, response_status=200, connection=19, reused=1, reused_after_ms=0, request_start_ms=0, request_duration_ms=0, response_start_ms=1, response_duration_ms=0, request_bytes=1197, request_throughput_kbps=60216, response_bytes=255, response_throughput_kbps=19056, cache_hit=true}
2026-02-11 19:29:17.614 Db AnalyticsReactNativeE2E[24701:1af930e] [com.apple.CFNetwork:Default] Connection 19: set is idle true
2026-02-11 19:29:17.614 Df AnalyticsReactNativeE2E[24701:1af9a61] [com.apple.CFNetwork:Default] Task <B9E69AD2-BF48-43F2-A88D-78C70FFC6D99>.<4> finished successfully
2026-02-11 19:29:17.614 Df AnalyticsReactNativeE2E[24701:1af930e] [com.apple.network:connection] [C19] event: client:connection_idle @6.430s
2026-02-11 19:29:17.614 Db AnalyticsReactNativeE2E[24701:1af9a61] [com.apple.network:activity] Returning should log: 0 for activity cfnetwork:foreground_task
2026-02-11 19:29:17.614 I  AnalyticsReactNativeE2E[24701:1af930e] [com.apple.network:connection] nw_endpoint_handler_report_connection_idle [C19 IPv6#5661fd3a.9091 ready parent-flow (satisfied (Path is satisfied), interface: en0[802.11], uses wifi, LQM: unknown)] Reporting connection idle to protocols
2026-02-11 19:29:17.615 Db AnalyticsReactNativeE2E[24701:1af9a61] [com.apple.network:activity] Returning should log: 0 for activity cfnetwork:foreground_task
2026-02-11 19:29:17.615 I  AnalyticsReactNativeE2E[24701:1afc548] [com.facebook.react.log:javascript] Sent 1 events
2026-02-11 19:29:17.615 Db AnalyticsReactNativeE2E[24701:1af9310] [com.apple.runningboard:assertion] Adding assertion 1422-24701-1617 to dictionary
2026-02-11 19:29:17.615 Db AnalyticsReactNativeE2E[24701:1af9a61] [com.apple.network:activity] No threshold for cfnetwork:foreground_task, returning NW_ACTIVITY_DURATION_INVALID
2026-02-11 19:29:17.615 I  AnalyticsReactNativeE2E[24701:1af930e] [com.apple.network:connection] nw_flow_passthrough_notify [C19.1.1 IPv6#5661fd3a.9091 ready socket-flow (satisfied (Path is satisfied), interface: lo0)] received notification connection_idle
2026-02-11 19:29:17.615 Db AnalyticsReactNativeE2E[24701:1af9a61] [com.apple.network:activity] No threshold for activity <nw_activity 12:2 [58764427-629D-4DE8-93E8-47E1FE7BB30C] (reporting strategy default) complete (reason success)>
2026-02-11 19:29:17.615 Df AnalyticsReactNativeE2E[24701:1af930e] [com.apple.network:connection] nw_protocol_socket_notify [C19.1.1:2] nw_protocol_notification_type_connection_idle is true
2026-02-11 19:29:17.615 E  AnalyticsReactNativeE2E[24701:1af930e] [com.apple.network:connection] nw_socket_set_connection_idle [C19.1.1:2] setsockopt SO_CONNECTION_IDLE failed [42: Protocol not available]

