Filtering the log data using "processImagePath BEGINSWITH "/Users/abueide/Library/Developer/CoreSimulator/Devices/651CE25F-D2F4-404C-AC47-0364AA5C94A1/data/Containers/Bundle/Application/9D866461-291B-48FB-B6E1-BD13006561BC/AnalyticsReactNativeE2E.app""
Timestamp               Ty Process[PID:TID]
2026-02-11 19:25:48.492 I  AnalyticsReactNativeE2E[22143:1af5f25] [com.wix.Detox:WebSocket] Action received: invoke
2026-02-11 19:25:48.627 Df AnalyticsReactNativeE2E[22143:1af5f25] [com.apple.UIKit:EventDispatch] Sending UIEvent type: 0; subtype: 0; to windows: 1
2026-02-11 19:25:48.627 Df AnalyticsReactNativeE2E[22143:1af5f25] [com.apple.UIKit:EventDispatch] Sending UIEvent type: 0; subtype: 0; to window: <UIWindow: 0x10245e530>; contextId: 0x5BB28886
2026-02-11 19:25:48.628 A  AnalyticsReactNativeE2E[22143:1af5f25] (UIKitCore) send gesture actions
2026-02-11 19:25:48.644 Df AnalyticsReactNativeE2E[22143:1af5f25] [com.apple.UIKit:EventDispatch] Sending UIEvent type: 0; subtype: 0; to windows: 1
2026-02-11 19:25:48.644 Df AnalyticsReactNativeE2E[22143:1af5f25] [com.apple.UIKit:EventDispatch] Sending UIEvent type: 0; subtype: 0; to window: <UIWindow: 0x10245e530>; contextId: 0x5BB28886
2026-02-11 19:25:48.644 A  AnalyticsReactNativeE2E[22143:1af5f25] (UIKitCore) send gesture actions
2026-02-11 19:25:48.645 Df AnalyticsReactNativeE2E[22143:1af6633] [com.apple.CFNetwork:Default] Task <E6097A23-6164-477A-BDF0-2D9479FF4D5C>.<2> resuming, timeouts(0.0, 604800.0) qos(0x19) voucher((null)) activity(00000000-0000-0000-0000-000000000000)
2026-02-11 19:25:48.645 Db AnalyticsReactNativeE2E[22143:1af6633] [com.apple.network:activity] Returning should log: 0 for activity cfnetwork:foreground_task
2026-02-11 19:25:48.645 Db AnalyticsReactNativeE2E[22143:1af6633] [com.apple.network:activity] Domain cfnetwork rate configured in registry as 1 / 20000
2026-02-11 19:25:48.645 Db AnalyticsReactNativeE2E[22143:1af6633] [com.apple.network:activity] Domain cfnetwork rate configured after remote default override as 1 / 20000
2026-02-11 19:25:48.645 Db AnalyticsReactNativeE2E[22143:1af6633] [com.apple.network:activity] After reading settings plist, domain cfnetwork rate configured as 1 / 2000000
2026-02-11 19:25:48.645 Db AnalyticsReactNativeE2E[22143:1af6633] [com.apple.network:activity] After settings override, domain cfnetwork rate configured as 1 / 2000000
2026-02-11 19:25:48.645 Db AnalyticsReactNativeE2E[22143:1af6633] [com.apple.network:activity] Final domain cfnetwork rate configured as 1 / 2000000
2026-02-11 19:25:48.645 Db AnalyticsReactNativeE2E[22143:1af6633] [com.apple.network:activity] <nw_activity 12:2 [No UUID] (reporting strategy default)> sampled at 1 / 2000000
2026-02-11 19:25:48.645 Db AnalyticsReactNativeE2E[22143:1af6633] [com.apple.network:activity] Returning should log: 0 for activity cfnetwork:foreground_task
2026-02-11 19:25:48.645 Db AnalyticsReactNativeE2E[22143:1af6633] [com.apple.network:activity] Returning should log: 0 for activity cfnetwork:foreground_task
2026-02-11 19:25:48.645 Db AnalyticsReactNativeE2E[22143:1af6633] [com.apple.CFNetwork:Default] [Telemetry]: Activity <nw_activity 12:2 [B784B059-C6E6-4427-B920-ABAFC7906730] (reporting strategy default)> on Task <E6097A23-6164-477A-BDF0-2D9479FF4D5C>.<2> was not selected for reporting
2026-02-11 19:25:48.645 Db AnalyticsReactNativeE2E[22143:1af6039] [com.apple.networkextension:] ne_tracker_check_is_hostname_blocked() proceeding with the in_the_app check for hostname: localhost
2026-02-11 19:25:48.645 Db AnalyticsReactNativeE2E[22143:1af6039] [com.apple.CFBundle:resources] Resource lookup at CFBundle 0x600003b101c0 </Users/abueide/Library/Developer/CoreSimulator/Devices/651CE25F-D2F4-404C-AC47-0364AA5C94A1/data/Containers/Bundle/Application/9D866461-291B-48FB-B6E1-BD13006561BC/AnalyticsReactNativeE2E.app> (executable, loaded)
	Request       : InfoPlist type: strings
	Result        : None
2026-02-11 19:25:48.645 Db AnalyticsReactNativeE2E[22143:1af6039] [com.apple.CFBundle:resources] Resource lookup at CFBundle 0x600003b101c0 </Users/abueide/Library/Developer/CoreSimulator/Devices/651CE25F-D2F4-404C-AC47-0364AA5C94A1/data/Containers/Bundle/Application/9D866461-291B-48FB-B6E1-BD13006561BC/AnalyticsReactNativeE2E.app> (executable, loaded)
	Request       : InfoPlist type: stringsdict
	Result        : None
2026-02-11 19:25:48.645 Db AnalyticsReactNativeE2E[22143:1af6039] [com.apple.networkextension:] ne_tracker_check_is_hostname_blocked(): hostname localhost is not a tracker. Returning: ne_tracker_status_none
2026-02-11 19:25:48.646 Db AnalyticsReactNativeE2E[22143:1af6039] [com.apple.CFNetwork:ATS] Uploading ATS exception ATSAllowsLocalNetworking
2026-02-11 19:25:48.646 Db AnalyticsReactNativeE2E[22143:1af6039] [com.apple.CFNetwork:ATS] Uploading ATS exception ATSExceptionDomains
2026-02-11 19:25:48.646 A  AnalyticsReactNativeE2E[22143:1af6633] (Security) SecTrustReportNetworkingAnalytics
2026-02-11 19:25:48.646 Db AnalyticsReactNativeE2E[22143:1af6039] [com.apple.CFNetwork:Default] Connection 12: set is idle true
2026-02-11 19:25:48.646 Df AnalyticsReactNativeE2E[22143:1af6039] [com.apple.network:connection] [C12] event: client:connection_idle @2.186s
2026-02-11 19:25:48.646 I  AnalyticsReactNativeE2E[22143:1af6039] [com.apple.network:connection] nw_endpoint_handler_report_connection_idle [C12 IPv6#db82f2ed.9091 ready parent-flow (satisfied (Path is satisfied), interface: en0[802.11], uses wifi, LQM: unknown)] Reporting connection idle to protocols
2026-02-11 19:25:48.646 I  AnalyticsReactNativeE2E[22143:1af6039] [com.apple.network:connection] nw_flow_passthrough_notify [C12.1.1 IPv6#db82f2ed.9091 ready socket-flow (satisfied (Path is satisfied), interface: lo0)] received notification connection_idle
2026-02-11 19:25:48.646 Df AnalyticsReactNativeE2E[22143:1af6039] [com.apple.network:connection] nw_protocol_socket_notify [C12.1.1:2] nw_protocol_notification_type_connection_idle is true
2026-02-11 19:25:48.646 E  AnalyticsReactNativeE2E[22143:1af6039] [com.apple.network:connection] nw_socket_set_connection_idle [C12.1.1:2] setsockopt SO_CONNECTION_IDLE failed [42: Protocol not available]
2026-02-11 19:25:48.646 Df AnalyticsReactNativeE2E[22143:1af6039] [com.apple.CFNetwork:Default] Task <E6097A23-6164-477A-BDF0-2D9479FF4D5C>.<2> now using Connection 12
2026-02-11 19:25:48.646 Db AnalyticsReactNativeE2E[22143:1af6039] [com.apple.network:activity] Returning should log: 0 for activity cfnetwork:foreground_task
2026-02-11 19:25:48.646 Db AnalyticsReactNativeE2E[22143:1af6039] [com.apple.network:connection] nw_connection_modify_estimated_bytes_block_invoke [C12] Incremented estimated bytes to send by 952, total now 952
2026-02-11 19:25:48.646 Db AnalyticsReactNativeE2E[22143:1af6039] [com.apple.network:connection] nw_connection_modify_estimated_bytes_block_invoke [C12] Using lower threshold 12582912, upper threshold 31457280
2026-02-11 19:25:48.646 Db AnalyticsReactNativeE2E[22143:1af6039] [com.apple.CFNetwork:Default] Connection 12: set is idle false
2026-02-11 19:25:48.646 Df AnalyticsReactNativeE2E[22143:1af6039] [com.apple.network:connection] [C12] event: client:connection_reused @2.186s
2026-02-11 19:25:48.646 I  AnalyticsReactNativeE2E[22143:1af6039] [com.apple.network:connection] nw_endpoint_handler_report_connection_idle [C12 IPv6#db82f2ed.9091 ready parent-flow (satisfied (Path is satisfied), interface: en0[802.11], uses wifi, LQM: unknown)] Reporting connection not idle to protocols
2026-02-11 19:25:48.646 I  AnalyticsReactNativeE2E[22143:1af6039] [com.apple.network:connection] nw_flow_passthrough_notify [C12.1.1 IPv6#db82f2ed.9091 ready socket-flow (satisfied (Path is satisfied), interface: lo0)] received notification connection_idle
2026-02-11 19:25:48.646 Df AnalyticsReactNativeE2E[22143:1af6039] [com.apple.network:connection] nw_protocol_socket_notify [C12.1.1:2] nw_protocol_notification_type_connection_idle is false
2026-02-11 19:25:48.646 E  AnalyticsReactNativeE2E[22143:1af6039] [com.apple.network:connection] nw_socket_set_connection_idle [C12.1.1:2] setsockopt SO_CONNECTION_IDLE failed [42: Protocol not available]
2026-02-11 19:25:48.646 Df AnalyticsReactNativeE2E[22143:1af604b] [com.apple.CFNetwork:Default] Task <E6097A23-6164-477A-BDF0-2D9479FF4D5C>.<2> sent request, body S 952
2026-02-11 19:25:48.647 Df AnalyticsReactNativeE2E[22143:1af6633] [com.apple.securityd:SecError] SecTrustReportNetworkingAnalytics failed with error: -4
2026-02-11 19:25:48.647 A  AnalyticsReactNativeE2E[22143:1af6633] (Security) SecTrustReportNetworkingAnalytics
2026-02-11 19:25:48.647 Df AnalyticsReactNativeE2E[22143:1af6633] [com.apple.securityd:SecError] SecTrustReportNetworkingAnalytics failed with error: -4
2026-02-11 19:25:48.647 Df AnalyticsReactNativeE2E[22143:1af604b] [com.apple.CFNetwork:Default] Task <E6097A23-6164-477A-BDF0-2D9479FF4D5C>.<2> received response, status 200 content K
2026-02-11 19:25:48.647 Db AnalyticsReactNativeE2E[22143:1af604b] [com.apple.network:connection] nw_connection_modify_estimated_bytes_block_invoke [C12] Incremented estimated bytes to receive by 20, total now 395
2026-02-11 19:25:48.647 Db AnalyticsReactNativeE2E[22143:1af604b] [com.apple.network:connection] nw_connection_modify_estimated_bytes_block_invoke [C12] Using lower threshold 12582912, upper threshold 31457280
2026-02-11 19:25:48.647 Df AnalyticsReactNativeE2E[22143:1af604b] [com.apple.CFNetwork:Default] Task <E6097A23-6164-477A-BDF0-2D9479FF4D5C>.<2> response ended
2026-02-11 19:25:48.647 Df AnalyticsReactNativeE2E[22143:1af604b] [com.apple.CFNetwork:Default] Task <E6097A23-6164-477A-BDF0-2D9479FF4D5C>.<2> done using Connection 12
2026-02-11 19:25:48.647 Db AnalyticsReactNativeE2E[22143:1af604b] [com.apple.network:activity] Returning should log: 0 for activity cfnetwork:foreground_task
2026-02-11 19:25:48.647 Db AnalyticsReactNativeE2E[22143:1af604b] [com.apple.CFNetwork:Default] Connection 12: set is idle true
2026-02-11 19:25:48.647 Df AnalyticsReactNativeE2E[22143:1af604b] [com.apple.network:connection] [C12] event: client:connection_idle @2.188s
2026-02-11 19:25:48.647 I  AnalyticsReactNativeE2E[22143:1af604b] [com.apple.network:connection] nw_endpoint_handler_report_connection_idle [C12 IPv6#db82f2ed.9091 ready parent-flow (satisfied (Path is satisfied), interface: en0[802.11], uses wifi, LQM: unknown)] Reporting connection idle to protocols
2026-02-11 19:25:48.647 Df AnalyticsReactNativeE2E[22143:1af6039] [com.apple.CFNetwork:Summary] Task <E6097A23-6164-477A-BDF0-2D9479FF4D5C>.<2> summary for task success {transaction_duration_ms=1, response_status=200, connection=12, reused=1, reused_after_ms=0, request_start_ms=0, request_duration_ms=0, response_start_ms=1, response_duration_ms=0, request_bytes=1242, request_throughput_kbps=63287, response_bytes=255, response_throughput_kbps=14368, cache_hit=true}
2026-02-11 19:25:48.647 I  AnalyticsReactNativeE2E[22143:1af604b] [com.apple.network:connection] nw_flow_passthrough_notify [C12.1.1 IPv6#db82f2ed.9091 ready socket-flow (satisfied (Path is satisfied), interface: lo0)] received notification connection_idle
2026-02-11 19:25:48.647 Df AnalyticsReactNativeE2E[22143:1af6039] [com.apple.CFNetwork:Default] Task <E6097A23-6164-477A-BDF0-2D9479FF4D5C>.<2> finished successfully
2026-02-11 19:25:48.647 I  AnalyticsReactNativeE2E[22143:1af6633] [com.apple.runningboard:assertion] Acquiring assertion: <RBSAssertionDescriptor| "com.apple.CFNetwork.StorageDB" ID:(null) target:22143>
2026-02-11 19:25:48.647 Df AnalyticsReactNativeE2E[22143:1af604b] [com.apple.network:connection] nw_protocol_socket_notify [C12.1.1:2] nw_protocol_notification_type_connection_idle is true
2026-02-11 19:25:48.647 Db AnalyticsReactNativeE2E[22143:1af6039] [com.apple.network:activity] Returning should log: 0 for activity cfnetwork:foreground_task
2026-02-11 19:25:48.647 Db AnalyticsReactNativeE2E[22143:1af6039] [com.apple.network:activity] Returning should log: 0 for activity cfnetwork:foreground_task
2026-02-11 19:25:48.647 E  AnalyticsReactNativeE2E[22143:1af604b] [com.apple.network:connection] nw_socket_set_connection_idle [C12.1.1:2] setsockopt SO_CONNECTION_IDLE failed [42: Protocol not available]
2026-02-11 19:25:48.647 Db AnalyticsReactNativeE2E[22143:1af6039] [com.apple.network:activity] No threshold for cfnetwork:foreground_task, returning NW_ACTIVITY_DURATION_INVALID
2026-02-11 19:25:48.647 Db AnalyticsReactNativeE2E[22143:1af604b] [com.apple.CFNetwork:Default] Connection 12: set is idle true
2026-02-11 19:25:48.647 Db AnalyticsReactNativeE2E[22143:1af6039] [com.apple.network:activity] No threshold for activity <nw_activity 12:2 [B784B059-C6E6-4427-B920-ABAFC7906730] (reporting strategy default) complete (reason success)>
2026-02-11 19:25:48.647 Df AnalyticsReactNativeE2E[22143:1af604b] [com.apple.network:connection] [C12] event: client:connection_idle @2.188s
2026-02-11 19:25:48.647 I  AnalyticsReactNativeE2E[22143:1af604b] [com.apple.network:connection] nw_endpoint_handler_report_connection_idle [C12 IPv6#db82f2ed.9091 ready parent-flow (satisfied (Path is satisfied), interface: en0[802.11], uses wifi, LQM: unknown)] Reporting connection idle to protocols
2026-02-11 19:25:48.647 I  AnalyticsReactNativeE2E[22143:1af604b] [com.apple.network:connection] nw_flow_passthrough_notify [C12.1.1 IPv6#db82f2ed.9091 ready socket-flow (satisfied (Path is satisfied), interface: lo0)] received notification connection_idle
2026-02-11 19:25:48.647 Df AnalyticsReactNativeE2E[22143:1af604b] [com.apple.network:connection] nw_protocol_socket_notify [C12.1.1:2] nw_protocol_notification_type_connection_idle is true
2026-02-11 19:25:48.647 E  AnalyticsReactNativeE2E[22143:1af604b] [com.apple.network:connection] nw_socket_set_connection_idle [C12.1.1:2] setsockopt SO_CONNECTION_IDLE failed [42: Protocol not available]
2026-02-11 19:25:48.647 I  AnalyticsReactNativeE2E[22143:1af7600] [com.facebook.react.log:javascript] Sent 1 events
2026-02-11 19:25:48.648 Db AnalyticsReactNativeE2E[22143:1af6633] [com.apple.runningboard:assertion] Adding assertion 1422-22143-1503 to dictionary
2026-02-11 19:25:50.035 I  AnalyticsReactNativeE2E[22143:1af5f25] [com.wix.Detox:WebSocket] Action received: invoke
2026-02-11 19:25:50.177 Df AnalyticsReactNativeE2E[22143:1af5f25] [com.apple.UIKit:EventDispatch] Sending UIEvent type: 0; subtype: 0; to windows: 1
2026-02-11 19:25:50.177 Df AnalyticsReactNativeE2E[22143:1af5f25] [com.apple.UIKit:EventDispatch] Sending UIEvent type: 0; subtype: 0; to window: <UIWindow: 0x10245e530>; contextId: 0x5BB28886
2026-02-11 19:25:50.178 A  AnalyticsReactNativeE2E[22143:1af5f25] (UIKitCore) send gesture actions
2026-02-11 19:25:50.194 Df AnalyticsReactNativeE2E[22143:1af5f25] [com.apple.UIKit:EventDispatch] Sending UIEvent type: 0; subtype: 0; to windows: 1
2026-02-11 19:25:50.194 Df AnalyticsReactNativeE2E[22143:1af5f25] [com.apple.UIKit:EventDispatch] Sending UIEvent type: 0; subtype: 0; to window: <UIWindow: 0x10245e530>; contextId: 0x5BB28886
2026-02-11 19:25:50.194 A  AnalyticsReactNativeE2E[22143:1af5f25] (UIKitCore) send gesture actions
2026-02-11 19:25:50.194 I  AnalyticsReactNativeE2E[22143:1af7600] [com.facebook.react.log:javascript] 'TRACK event saved', { type: 'track',
  event: 'Track pressed',
  properties: { foo: 'bar' } }
2026-02-11 19:25:50.885 I  AnalyticsReactNativeE2E[22143:1af5f25] [com.wix.Detox:WebSocket] Action received: invoke
2026-02-11 19:25:51.027 Df AnalyticsReactNativeE2E[22143:1af5f25] [com.apple.UIKit:EventDispatch] Sending UIEvent type: 0; subtype: 0; to windows: 1
2026-02-11 19:25:51.028 Df AnalyticsReactNativeE2E[22143:1af5f25] [com.apple.UIKit:EventDispatch] Sending UIEvent type: 0; subtype: 0; to window: <UIWindow: 0x10245e530>; contextId: 0x5BB28886
2026-02-11 19:25:51.028 A  AnalyticsReactNativeE2E[22143:1af5f25] (UIKitCore) send gesture actions
2026-02-11 19:25:51.044 Df AnalyticsReactNativeE2E[22143:1af5f25] [com.apple.UIKit:EventDispatch] Sending UIEvent type: 0; subtype: 0; to windows: 1
2026-02-11 19:25:51.044 Df AnalyticsReactNativeE2E[22143:1af5f25] [com.apple.UIKit:EventDispatch] Sending UIEvent type: 0; subtype: 0; to window: <UIWindow: 0x10245e530>; contextId: 0x5BB28886
2026-02-11 19:25:51.044 A  AnalyticsReactNativeE2E[22143:1af5f25] (UIKitCore) send gesture actions
2026-02-11 19:25:51.045 Df AnalyticsReactNativeE2E[22143:1af6633] [com.apple.CFNetwork:Default] Task <8DFEC6CF-2D3B-4237-9627-418AAD7399A1>.<3> resuming, timeouts(0.0, 604800.0) qos(0x19) voucher((null)) activity(00000000-0000-0000-0000-000000000000)
2026-02-11 19:25:51.045 Db AnalyticsReactNativeE2E[22143:1af6633] [com.apple.network:activity] Returning should log: 0 for activity cfnetwork:foreground_task
2026-02-11 19:25:51.045 Db AnalyticsReactNativeE2E[22143:1af6633] [com.apple.network:activity] Domain cfnetwork rate configured in registry as 1 / 20000
2026-02-11 19:25:51.045 Db AnalyticsReactNativeE2E[22143:1af6633] [com.apple.network:activity] Domain cfnetwork rate configured after remote default override as 1 / 20000
2026-02-11 19:25:51.045 Db AnalyticsReactNativeE2E[22143:1af6633] [com.apple.network:activity] After reading settings plist, domain cfnetwork rate configured as 1 / 2000000
2026-02-11 19:25:51.045 Db AnalyticsReactNativeE2E[22143:1af6633] [com.apple.network:activity] After settings override, domain cfnetwork rate configured as 1 / 2000000
2026-02-11 19:25:51.045 Db AnalyticsReactNativeE2E[22143:1af6633] [com.apple.network:activity] Final domain cfnetwork rate configured as 1 / 2000000
2026-02-11 19:25:51.045 Db AnalyticsReactNativeE2E[22143:1af6633] [com.apple.network:activity] <nw_activity 12:2 [No UUID] (reporting strategy default)> sampled at 1 / 2000000
2026-02-11 19:25:51.045 Db AnalyticsReactNativeE2E[22143:1af6633] [com.apple.network:activity] Returning should log: 0 for activity cfnetwork:foreground_task
2026-02-11 19:25:51.045 Db AnalyticsReactNativeE2E[22143:1af6633] [com.apple.network:activity] Returning should log: 0 for activity cfnetwork:foreground_task
2026-02-11 19:25:51.045 Db AnalyticsReactNativeE2E[22143:1af6633] [com.apple.CFNetwork:Default] [Telemetry]: Activity <nw_activity 12:2 [747F28D0-1040-4C16-8FA0-DD9D909E2434] (reporting strategy default)> on Task <8DFEC6CF-2D3B-4237-9627-418AAD7399A1>.<3> was not selected for reporting
2026-02-11 19:25:51.045 Db AnalyticsReactNativeE2E[22143:1af6633] [com.apple.networkextension:] ne_tracker_check_is_hostname_blocked() proceeding with the in_the_app check for hostname: localhost
2026-02-11 19:25:51.045 Db AnalyticsReactNativeE2E[22143:1af6633] [com.apple.CFBundle:resources] Resource lookup at CFBundle 0x600003b101c0 </Users/abueide/Library/Developer/CoreSimulator/Devices/651CE25F-D2F4-404C-AC47-0364AA5C94A1/data/Containers/Bundle/Application/9D866461-291B-48FB-B6E1-BD13006561BC/AnalyticsReactNativeE2E.app> (executable, loaded)
	Request       : InfoPlist type: strings
	Result        : None
2026-02-11 19:25:51.045 Db AnalyticsReactNativeE2E[22143:1af6633] [com.apple.CFBundle:resources] Resource lookup at CFBundle 0x600003b101c0 </Users/abueide/Library/Developer/CoreSimulator/Devices/651CE25F-D2F4-404C-AC47-0364AA5C94A1/data/Containers/Bundle/Application/9D866461-291B-48FB-B6E1-BD13006561BC/AnalyticsReactNativeE2E.app> (executable, loaded)
	Request       : InfoPlist type: stringsdict
	Result        : None
2026-02-11 19:25:51.045 Db AnalyticsReactNativeE2E[22143:1af6633] [com.apple.networkextension:] ne_tracker_check_is_hostname_blocked(): hostname localhost is not a tracker. Returning: ne_tracker_status_none
2026-02-11 19:25:51.045 Db AnalyticsReactNativeE2E[22143:1af6633] [com.apple.CFNetwork:ATS] Uploading ATS exception ATSAllowsLocalNetworking
2026-02-11 19:25:51.045 Db AnalyticsReactNativeE2E[22143:1af6633] [com.apple.CFNetwork:ATS] Uploading ATS exception ATSExceptionDomains
2026-02-11 19:25:51.045 A  AnalyticsReactNativeE2E[22143:1af5fc4] (Security) SecTrustReportNetworkingAnalytics
2026-02-11 19:25:51.045 Db AnalyticsReactNativeE2E[22143:1af6633] [com.apple.CFNetwork:Default] Connection 12: set is idle true
2026-02-11 19:25:51.045 Df AnalyticsReactNativeE2E[22143:1af6633] [com.apple.network:connection] [C12] event: client:connection_idle @4.586s
2026-02-11 19:25:51.045 I  AnalyticsReactNativeE2E[22143:1af6633] [com.apple.network:connection] nw_endpoint_handler_report_connection_idle [C12 IPv6#db82f2ed.9091 ready parent-flow (satisfied (Path is satisfied), interface: en0[802.11], uses wifi, LQM: unknown)] Reporting connection idle to protocols
2026-02-11 19:25:51.045 I  AnalyticsReactNativeE2E[22143:1af6633] [com.apple.network:connection] nw_flow_passthrough_notify [C12.1.1 IPv6#db82f2ed.9091 ready socket-flow (satisfied (Path is satisfied), interface: lo0)] received notification connection_idle
2026-02-11 19:25:51.045 Df AnalyticsReactNativeE2E[22143:1af6633] [com.apple.network:connection] nw_protocol_socket_notify [C12.1.1:2] nw_protocol_notification_type_connection_idle is true
2026-02-11 19:25:51.045 E  AnalyticsReactNativeE2E[22143:1af6633] [com.apple.network:connection] nw_socket_set_connection_idle [C12.1.1:2] setsockopt SO_CONNECTION_IDLE failed [42: Protocol not available]
2026-02-11 19:25:51.045 Df AnalyticsReactNativeE2E[22143:1af6633] [com.apple.CFNetwork:Default] Task <8DFEC6CF-2D3B-4237-9627-418AAD7399A1>.<3> now using Connection 12
2026-02-11 19:25:51.045 Db AnalyticsReactNativeE2E[22143:1af6633] [com.apple.network:activity] Returning should log: 0 for activity cfnetwork:foreground_task
2026-02-11 19:25:51.045 Db AnalyticsReactNativeE2E[22143:1af6633] [com.apple.network:connection] nw_connection_modify_estimated_bytes_block_invoke [C12] Incremented estimated bytes to send by 907, total now 1859
2026-02-11 19:25:51.046 Db AnalyticsReactNativeE2E[22143:1af6633] [com.apple.network:connection] nw_connection_modify_estimated_bytes_block_invoke [C12] Using lower threshold 12582912, upper threshold 31457280
2026-02-11 19:25:51.046 Db AnalyticsReactNativeE2E[22143:1af6633] [com.apple.CFNetwork:Default] Connection 12: set is idle false
2026-02-11 19:25:51.046 Df AnalyticsReactNativeE2E[22143:1af6633] [com.apple.network:connection] [C12] event: client:connection_reused @4.586s
2026-02-11 19:25:51.046 I  AnalyticsReactNativeE2E[22143:1af6633] [com.apple.network:connection] nw_endpoint_handler_report_connection_idle [C12 IPv6#db82f2ed.9091 ready parent-flow (satisfied (Path is satisfied), interface: en0[802.11], uses wifi, LQM: unknown)] Reporting connection not idle to protocols
2026-02-11 19:25:51.046 I  AnalyticsReactNativeE2E[22143:1af6633] [com.apple.network:connection] nw_flow_passthrough_notify [C12.1.1 IPv6#db82f2ed.9091 ready socket-flow (satisfied (Path is satisfied), interface: lo0)] received notification connection_idle
2026-02-11 19:25:51.046 Df AnalyticsReactNativeE2E[22143:1af6633] [com.apple.network:connection] nw_protocol_socket_notify [C12.1.1:2] nw_protocol_notification_type_connection_idle is false
2026-02-11 19:25:51.046 E  AnalyticsReactNativeE2E[22143:1af6633] [com.apple.network:connection] nw_socket_set_connection_idle [C12.1.1:2] setsockopt SO_CONNECTION_IDLE failed [42: Protocol not available]
2026-02-11 19:25:51.046 Df AnalyticsReactNativeE2E[22143:1af5fc4] [com.apple.securityd:SecError] SecTrustReportNetworkingAnalytics failed with error: -4
2026-02-11 19:25:51.046 A  AnalyticsReactNativeE2E[22143:1af5fc4] (Security) SecTrustReportNetworkingAnalytics
2026-02-11 19:25:51.046 Df AnalyticsReactNativeE2E[22143:1af6633] [com.apple.CFNetwork:Default] Task <8DFEC6CF-2D3B-4237-9627-418AAD7399A1>.<3> sent request, body S 907
2026-02-11 19:25:51.046 Df AnalyticsReactNativeE2E[22143:1af5fc4] [com.apple.securityd:SecError] SecTrustReportNetworkingAnalytics failed with error: -4
2026-02-11 19:25:51.047 Df AnalyticsReactNativeE2E[22143:1af5fc4] [com.apple.CFNetwork:Default] Task <8DFEC6CF-2D3B-4237-9627-418AAD7399A1>.<3> received response, status 200 content K
2026-02-11 19:25:51.047 Db AnalyticsReactNativeE2E[22143:1af5fc4] [com.apple.network:connection] nw_connection_modify_estimated_bytes_block_invoke [C12] Incremented estimated bytes to receive by 20, total now 415
2026-02-11 19:25:51.047 Db AnalyticsReactNativeE2E[22143:1af5fc4] [com.apple.network:connection] nw_connection_modify_estimated_bytes_block_invoke [C12] Using lower threshold 12582912, upper threshold 31457280
2026-02-11 19:25:51.047 Df AnalyticsReactNativeE2E[22143:1af5fc4] [com.apple.CFNetwork:Default] Task <8DFEC6CF-2D3B-4237-9627-418AAD7399A1>.<3> response ended
2026-02-11 19:25:51.047 Df AnalyticsReactNativeE2E[22143:1af5fc4] [com.apple.CFNetwork:Default] Task <8DFEC6CF-2D3B-4237-9627-418AAD7399A1>.<3> done using Connection 12
2026-02-11 19:25:51.047 Db AnalyticsReactNativeE2E[22143:1af5fc4] [com.apple.network:activity] Returning should log: 0 for activity cfnetwork:foreground_task
2026-02-11 19:25:51.047 Db AnalyticsReactNativeE2E[22143:1af5fc4] [com.apple.CFNetwork:Default] Connection 12: set is idle true
2026-02-11 19:25:51.047 Df AnalyticsReactNativeE2E[22143:1af5fc4] [com.apple.network:connection] [C12] event: client:connection_idle @4.588s
2026-02-11 19:25:51.047 I  AnalyticsReactNativeE2E[22143:1af5fc4] [com.apple.network:connection] nw_endpoint_handler_report_connection_idle [C12 IPv6#db82f2ed.9091 ready parent-flow (satisfied (Path is satisfied), interface: en0[802.11], uses wifi, LQM: unknown)] Reporting connection idle to protocols
2026-02-11 19:25:51.047 Df AnalyticsReactNativeE2E[22143:1af604b] [com.apple.CFNetwork:Summary] Task <8DFEC6CF-2D3B-4237-9627-418AAD7399A1>.<3> summary for task success {transaction_duration_ms=1, response_status=200, connection=12, reused=1, reused_after_ms=0, request_start_ms=0, request_duration_ms=0, response_start_ms=1, response_duration_ms=0, request_bytes=1197, request_throughput_kbps=38938, response_bytes=255, response_throughput_kbps=18381, cache_hit=true}
2026-02-11 19:25:51.047 I  AnalyticsReactNativeE2E[22143:1af5fc4] [com.apple.network:connection] nw_flow_passthrough_notify [C12.1.1 IPv6#db82f2ed.9091 ready socket-flow (satisfied (Path is satisfied), interface: lo0)] received notification connection_idle
2026-02-11 19:25:51.047 Df AnalyticsReactNativeE2E[22143:1af604b] [com.apple.CFNetwork:Default] Task <8DFEC6CF-2D3B-4237-9627-418AAD7399A1>.<3> finished successfully
2026-02-11 19:25:51.047 Df AnalyticsReactNativeE2E[22143:1af5fc4] [com.apple.network:connection] nw_protocol_socket_notify [C12.1.1:2] nw_protocol_notification_type_connection_idle is true
2026-02-11 19:25:51.047 I  AnalyticsReactNativeE2E[22143:1af6633] [com.apple.runningboard:assertion] Acquiring assertion: <RBSAssertionDescriptor| "com.apple.CFNetwork.StorageDB" ID:(null) target:22143>
2026-02-11 19:25:51.047 Db AnalyticsReactNativeE2E[22143:1af604b] [com.apple.network:activity] Returning should log: 0 for activity cfnetwork:foreground_task
2026-02-11 19:25:51.047 E  AnalyticsReactNativeE2E[22143:1af5fc4] [com.apple.network:connection] nw_socket_set_connection_idle [C12.1.1:2] setsockopt SO_CONNECTION_IDLE failed [42: Protocol not available]
2026-02-11 19:25:51.047 Db AnalyticsReactNativeE2E[22143:1af604b] [com.apple.network:activity] Returning should log: 0 for activity cfnetwork:foreground_task
2026-02-11 19:25:51.047 Db AnalyticsReactNativeE2E[22143:1af5fc4] [com.apple.CFNetwork:Default] Connection 12: set is idle true
2026-02-11 19:25:51.047 Db AnalyticsReactNativeE2E[22143:1af604b] [com.apple.network:activity] No threshold for cfnetwork:foreground_task, returning NW_ACTIVITY_DURATION_INVALID
2026-02-11 19:25:51.047 Df AnalyticsReactNativeE2E[22143:1af5fc4] [com.apple.network:connection] [C12] event: client:connection_idle @4.588s
2026-02-11 19:25:51.047 Db AnalyticsReactNativeE2E[22143:1af604b] [com.apple.network:activity] No threshold for activity <nw_activity 12:2 [747F28D0-1040-4C16-8FA0-DD9D909E2434] (reporting strategy default) complete (reason success)>
2026-02-11 19:25:51.047 I  AnalyticsReactNativeE2E[22143:1af7600] [com.facebook.react.log:javascript] Sent 1 events
2026-02-11 19:25:51.047 I  AnalyticsReactNativeE2E[22143:1af5fc4] [com.apple.network:connection] nw_endpoint_handler_report_connection_idle [C12 IPv6#db82f2ed.9091 ready parent-flow (satisfied (Path is satisfied), interface: en0[802.11], uses wifi, LQM: unknown)] Reporting connection idle to protocols
2026-02-11 19:25:51.048 I  AnalyticsReactNativeE2E[22143:1af5fc4] [com.apple.network:connection] nw_flow_passthrough_notify [C12.1.1 IPv6#db82f2ed.9091 ready socket-flow (satisfied (Path is satisfied), interface: lo0)] received notification connection_idle
2026-02-11 19:25:51.048 Df AnalyticsReactNativeE2E[22143:1af5fc4] [com.apple.network:connection] nw_protocol_socket_notify [C12.1.1:2] nw_protocol_notification_type_connection_idle is true
2026-02-11 19:25:51.048 Db AnalyticsReactNativeE2E[22143:1af6633] [com.apple.runningboard:assertion] Adding assertion 1422-22143-1504 to dictionary
2026-02-11 19:25:51.048 E  AnalyticsReactNativeE2E[22143:1af5fc4] [com.apple.network:connection] nw_socket_set_connection_idle [C12.1.1:2] setsockopt SO_CONNECTION_IDLE failed [42: Protocol not available]

