Filtering the log data using "processImagePath BEGINSWITH "/Users/abueide/Library/Developer/CoreSimulator/Devices/651CE25F-D2F4-404C-AC47-0364AA5C94A1/data/Containers/Bundle/Application/EE7D5645-3D09-41B7-9BE5-741B512BFF76/AnalyticsReactNativeE2E.app""
Timestamp               Ty Process[PID:TID]
2026-02-11 19:21:28.951 I  AnalyticsReactNativeE2E[21069:1af2809] [com.wix.Detox:WebSocket] Action received: invoke
2026-02-11 19:21:29.077 Df AnalyticsReactNativeE2E[21069:1af2809] [com.apple.UIKit:EventDispatch] Sending UIEvent type: 0; subtype: 0; to windows: 1
2026-02-11 19:21:29.078 Df AnalyticsReactNativeE2E[21069:1af2809] [com.apple.UIKit:EventDispatch] Sending UIEvent type: 0; subtype: 0; to window: <UIWindow: 0x104106d60>; contextId: 0x740D22C3
2026-02-11 19:21:29.078 A  AnalyticsReactNativeE2E[21069:1af2809] (UIKitCore) send gesture actions
2026-02-11 19:21:29.094 Df AnalyticsReactNativeE2E[21069:1af2809] [com.apple.UIKit:EventDispatch] Sending UIEvent type: 0; subtype: 0; to windows: 1
2026-02-11 19:21:29.094 Df AnalyticsReactNativeE2E[21069:1af2809] [com.apple.UIKit:EventDispatch] Sending UIEvent type: 0; subtype: 0; to window: <UIWindow: 0x104106d60>; contextId: 0x740D22C3
2026-02-11 19:21:29.094 A  AnalyticsReactNativeE2E[21069:1af2809] (UIKitCore) send gesture actions
2026-02-11 19:21:29.095 Df AnalyticsReactNativeE2E[21069:1af2832] [com.apple.CFNetwork:Default] Task <EF83E2EB-FB84-465A-B71F-105112F4F85A>.<2> resuming, timeouts(0.0, 604800.0) qos(0x19) voucher((null)) activity(00000000-0000-0000-0000-000000000000)
2026-02-11 19:21:29.095 Db AnalyticsReactNativeE2E[21069:1af2832] [com.apple.network:activity] Returning should log: 0 for activity cfnetwork:foreground_task
2026-02-11 19:21:29.095 Db AnalyticsReactNativeE2E[21069:1af2832] [com.apple.network:activity] Domain cfnetwork rate configured in registry as 1 / 20000
2026-02-11 19:21:29.095 Db AnalyticsReactNativeE2E[21069:1af2832] [com.apple.network:activity] Domain cfnetwork rate configured after remote default override as 1 / 20000
2026-02-11 19:21:29.095 Db AnalyticsReactNativeE2E[21069:1af2832] [com.apple.network:activity] After reading settings plist, domain cfnetwork rate configured as 1 / 2000000
2026-02-11 19:21:29.095 Db AnalyticsReactNativeE2E[21069:1af2832] [com.apple.network:activity] After settings override, domain cfnetwork rate configured as 1 / 2000000
2026-02-11 19:21:29.095 Db AnalyticsReactNativeE2E[21069:1af2832] [com.apple.network:activity] Final domain cfnetwork rate configured as 1 / 2000000
2026-02-11 19:21:29.095 Db AnalyticsReactNativeE2E[21069:1af2832] [com.apple.network:activity] <nw_activity 12:2 [No UUID] (reporting strategy default)> sampled at 1 / 2000000
2026-02-11 19:21:29.095 Db AnalyticsReactNativeE2E[21069:1af2832] [com.apple.network:activity] Returning should log: 0 for activity cfnetwork:foreground_task
2026-02-11 19:21:29.095 Db AnalyticsReactNativeE2E[21069:1af2832] [com.apple.network:activity] Returning should log: 0 for activity cfnetwork:foreground_task
2026-02-11 19:21:29.095 Db AnalyticsReactNativeE2E[21069:1af2832] [com.apple.CFNetwork:Default] [Telemetry]: Activity <nw_activity 12:2 [8F24E303-025E-49C0-AC08-FE81C7568951] (reporting strategy default)> on Task <EF83E2EB-FB84-465A-B71F-105112F4F85A>.<2> was not selected for reporting
2026-02-11 19:21:29.095 Db AnalyticsReactNativeE2E[21069:1af2831] [com.apple.networkextension:] ne_tracker_check_is_hostname_blocked() proceeding with the in_the_app check for hostname: localhost
2026-02-11 19:21:29.095 Db AnalyticsReactNativeE2E[21069:1af2831] [com.apple.CFBundle:resources] Resource lookup at CFBundle 0x600003b000e0 </Users/abueide/Library/Developer/CoreSimulator/Devices/651CE25F-D2F4-404C-AC47-0364AA5C94A1/data/Containers/Bundle/Application/EE7D5645-3D09-41B7-9BE5-741B512BFF76/AnalyticsReactNativeE2E.app> (executable, loaded)
	Request       : InfoPlist type: strings
	Result        : None
2026-02-11 19:21:29.095 Db AnalyticsReactNativeE2E[21069:1af2831] [com.apple.CFBundle:resources] Resource lookup at CFBundle 0x600003b000e0 </Users/abueide/Library/Developer/CoreSimulator/Devices/651CE25F-D2F4-404C-AC47-0364AA5C94A1/data/Containers/Bundle/Application/EE7D5645-3D09-41B7-9BE5-741B512BFF76/AnalyticsReactNativeE2E.app> (executable, loaded)
	Request       : InfoPlist type: stringsdict
	Result        : None
2026-02-11 19:21:29.095 Db AnalyticsReactNativeE2E[21069:1af2831] [com.apple.networkextension:] ne_tracker_check_is_hostname_blocked(): hostname localhost is not a tracker. Returning: ne_tracker_status_none
2026-02-11 19:21:29.095 Db AnalyticsReactNativeE2E[21069:1af2831] [com.apple.CFNetwork:ATS] Uploading ATS exception ATSAllowsLocalNetworking
2026-02-11 19:21:29.095 Db AnalyticsReactNativeE2E[21069:1af2831] [com.apple.CFNetwork:ATS] Uploading ATS exception ATSExceptionDomains
2026-02-11 19:21:29.095 A  AnalyticsReactNativeE2E[21069:1af2832] (Security) SecTrustReportNetworkingAnalytics
2026-02-11 19:21:29.096 Db AnalyticsReactNativeE2E[21069:1af2831] [com.apple.CFNetwork:Default] Connection 7: set is idle true
2026-02-11 19:21:29.096 Df AnalyticsReactNativeE2E[21069:1af2831] [com.apple.network:connection] [C7] event: client:connection_idle @2.170s
2026-02-11 19:21:29.096 I  AnalyticsReactNativeE2E[21069:1af2831] [com.apple.network:connection] nw_endpoint_handler_report_connection_idle [C7 IPv6#21de5f2f.9091 ready parent-flow (satisfied (Path is satisfied), interface: en0[802.11], uses wifi, LQM: unknown)] Reporting connection idle to protocols
2026-02-11 19:21:29.096 I  AnalyticsReactNativeE2E[21069:1af2831] [com.apple.network:connection] nw_flow_passthrough_notify [C7.1.1 IPv6#21de5f2f.9091 ready socket-flow (satisfied (Path is satisfied), interface: lo0)] received notification connection_idle
2026-02-11 19:21:29.096 Df AnalyticsReactNativeE2E[21069:1af2831] [com.apple.network:connection] nw_protocol_socket_notify [C7.1.1:2] nw_protocol_notification_type_connection_idle is true
2026-02-11 19:21:29.096 E  AnalyticsReactNativeE2E[21069:1af2831] [com.apple.network:connection] nw_socket_set_connection_idle [C7.1.1:2] setsockopt SO_CONNECTION_IDLE failed [42: Protocol not available]
2026-02-11 19:21:29.096 Df AnalyticsReactNativeE2E[21069:1af2831] [com.apple.CFNetwork:Default] Task <EF83E2EB-FB84-465A-B71F-105112F4F85A>.<2> now using Connection 7
2026-02-11 19:21:29.096 Db AnalyticsReactNativeE2E[21069:1af2831] [com.apple.network:activity] Returning should log: 0 for activity cfnetwork:foreground_task
2026-02-11 19:21:29.096 Db AnalyticsReactNativeE2E[21069:1af2831] [com.apple.network:connection] nw_connection_modify_estimated_bytes_block_invoke [C7] Incremented estimated bytes to send by 952, total now 952
2026-02-11 19:21:29.096 Db AnalyticsReactNativeE2E[21069:1af2831] [com.apple.network:connection] nw_connection_modify_estimated_bytes_block_invoke [C7] Using lower threshold 12582912, upper threshold 31457280
2026-02-11 19:21:29.096 Db AnalyticsReactNativeE2E[21069:1af2831] [com.apple.CFNetwork:Default] Connection 7: set is idle false
2026-02-11 19:21:29.096 Df AnalyticsReactNativeE2E[21069:1af2831] [com.apple.network:connection] [C7] event: client:connection_reused @2.170s
2026-02-11 19:21:29.096 I  AnalyticsReactNativeE2E[21069:1af2831] [com.apple.network:connection] nw_endpoint_handler_report_connection_idle [C7 IPv6#21de5f2f.9091 ready parent-flow (satisfied (Path is satisfied), interface: en0[802.11], uses wifi, LQM: unknown)] Reporting connection not idle to protocols
2026-02-11 19:21:29.096 Df AnalyticsReactNativeE2E[21069:1af2832] [com.apple.securityd:SecError] SecTrustReportNetworkingAnalytics failed with error: -4
2026-02-11 19:21:29.096 I  AnalyticsReactNativeE2E[21069:1af2831] [com.apple.network:connection] nw_flow_passthrough_notify [C7.1.1 IPv6#21de5f2f.9091 ready socket-flow (satisfied (Path is satisfied), interface: lo0)] received notification connection_idle
2026-02-11 19:21:29.096 A  AnalyticsReactNativeE2E[21069:1af2832] (Security) SecTrustReportNetworkingAnalytics
2026-02-11 19:21:29.096 Df AnalyticsReactNativeE2E[21069:1af2831] [com.apple.network:connection] nw_protocol_socket_notify [C7.1.1:2] nw_protocol_notification_type_connection_idle is false
2026-02-11 19:21:29.097 E  AnalyticsReactNativeE2E[21069:1af2831] [com.apple.network:connection] nw_socket_set_connection_idle [C7.1.1:2] setsockopt SO_CONNECTION_IDLE failed [42: Protocol not available]
2026-02-11 19:21:29.097 Df AnalyticsReactNativeE2E[21069:1af2832] [com.apple.securityd:SecError] SecTrustReportNetworkingAnalytics failed with error: -4
2026-02-11 19:21:29.097 Df AnalyticsReactNativeE2E[21069:1af2831] [com.apple.CFNetwork:Default] Task <EF83E2EB-FB84-465A-B71F-105112F4F85A>.<2> sent request, body S 952
2026-02-11 19:21:29.098 Df AnalyticsReactNativeE2E[21069:1af2831] [com.apple.CFNetwork:Default] Task <EF83E2EB-FB84-465A-B71F-105112F4F85A>.<2> received response, status 200 content K
2026-02-11 19:21:29.098 Db AnalyticsReactNativeE2E[21069:1af2831] [com.apple.network:connection] nw_connection_modify_estimated_bytes_block_invoke [C7] Incremented estimated bytes to receive by 20, total now 395
2026-02-11 19:21:29.098 Db AnalyticsReactNativeE2E[21069:1af2831] [com.apple.network:connection] nw_connection_modify_estimated_bytes_block_invoke [C7] Using lower threshold 12582912, upper threshold 31457280
2026-02-11 19:21:29.098 Df AnalyticsReactNativeE2E[21069:1af2831] [com.apple.CFNetwork:Default] Task <EF83E2EB-FB84-465A-B71F-105112F4F85A>.<2> response ended
2026-02-11 19:21:29.098 Df AnalyticsReactNativeE2E[21069:1af2831] [com.apple.CFNetwork:Default] Task <EF83E2EB-FB84-465A-B71F-105112F4F85A>.<2> done using Connection 7
2026-02-11 19:21:29.098 Db AnalyticsReactNativeE2E[21069:1af2831] [com.apple.network:activity] Returning should log: 0 for activity cfnetwork:foreground_task
2026-02-11 19:21:29.098 Db AnalyticsReactNativeE2E[21069:1af2831] [com.apple.CFNetwork:Default] Connection 7: set is idle true
2026-02-11 19:21:29.098 Df AnalyticsReactNativeE2E[21069:1af2831] [com.apple.network:connection] [C7] event: client:connection_idle @2.172s
2026-02-11 19:21:29.098 I  AnalyticsReactNativeE2E[21069:1af2831] [com.apple.network:connection] nw_endpoint_handler_report_connection_idle [C7 IPv6#21de5f2f.9091 ready parent-flow (satisfied (Path is satisfied), interface: en0[802.11], uses wifi, LQM: unknown)] Reporting connection idle to protocols
2026-02-11 19:21:29.098 I  AnalyticsReactNativeE2E[21069:1af2831] [com.apple.network:connection] nw_flow_passthrough_notify [C7.1.1 IPv6#21de5f2f.9091 ready socket-flow (satisfied (Path is satisfied), interface: lo0)] received notification connection_idle
2026-02-11 19:21:29.098 Df AnalyticsReactNativeE2E[21069:1af2831] [com.apple.network:connection] nw_protocol_socket_notify [C7.1.1:2] nw_protocol_notification_type_connection_idle is true
2026-02-11 19:21:29.098 E  AnalyticsReactNativeE2E[21069:1af2831] [com.apple.network:connection] nw_socket_set_connection_idle [C7.1.1:2] setsockopt SO_CONNECTION_IDLE failed [42: Protocol not available]
2026-02-11 19:21:29.098 Db AnalyticsReactNativeE2E[21069:1af2831] [com.apple.CFNetwork:Default] Connection 7: set is idle true
2026-02-11 19:21:29.098 Df AnalyticsReactNativeE2E[21069:1af2832] [com.apple.CFNetwork:Summary] Task <EF83E2EB-FB84-465A-B71F-105112F4F85A>.<2> summary for task success {transaction_duration_ms=2, response_status=200, connection=7, reused=1, reused_after_ms=0, request_start_ms=1, request_duration_ms=0, response_start_ms=2, response_duration_ms=0, request_bytes=1242, request_throughput_kbps=42831, response_bytes=255, response_throughput_kbps=18888, cache_hit=true}
2026-02-11 19:21:29.098 I  AnalyticsReactNativeE2E[21069:1af282f] [com.apple.runningboard:assertion] Acquiring assertion: <RBSAssertionDescriptor| "com.apple.CFNetwork.StorageDB" ID:(null) target:21069>
2026-02-11 19:21:29.098 Df AnalyticsReactNativeE2E[21069:1af2832] [com.apple.CFNetwork:Default] Task <EF83E2EB-FB84-465A-B71F-105112F4F85A>.<2> finished successfully
2026-02-11 19:21:29.098 Db AnalyticsReactNativeE2E[21069:1af2832] [com.apple.network:activity] Returning should log: 0 for activity cfnetwork:foreground_task
2026-02-11 19:21:29.098 Db AnalyticsReactNativeE2E[21069:1af2832] [com.apple.network:activity] Returning should log: 0 for activity cfnetwork:foreground_task
2026-02-11 19:21:29.098 Db AnalyticsReactNativeE2E[21069:1af2832] [com.apple.network:activity] No threshold for cfnetwork:foreground_task, returning NW_ACTIVITY_DURATION_INVALID
2026-02-11 19:21:29.098 Db AnalyticsReactNativeE2E[21069:1af2832] [com.apple.network:activity] No threshold for activity <nw_activity 12:2 [8F24E303-025E-49C0-AC08-FE81C7568951] (reporting strategy default) complete (reason success)>
2026-02-11 19:21:29.098 I  AnalyticsReactNativeE2E[21069:1af2fda] [com.facebook.react.log:javascript] Sent 1 events
2026-02-11 19:21:29.099 Db AnalyticsReactNativeE2E[21069:1af282f] [com.apple.runningboard:assertion] Adding assertion 1422-21069-1331 to dictionary
2026-02-11 19:21:29.098 Df AnalyticsReactNativeE2E[21069:1af2831] [com.apple.network:connection] [C7] event: client:connection_idle @2.172s
2026-02-11 19:21:29.099 I  AnalyticsReactNativeE2E[21069:1af2831] [com.apple.network:connection] nw_endpoint_handler_report_connection_idle [C7 IPv6#21de5f2f.9091 ready parent-flow (satisfied (Path is satisfied), interface: en0[802.11], uses wifi, LQM: unknown)] Reporting connection idle to protocols
2026-02-11 19:21:29.099 I  AnalyticsReactNativeE2E[21069:1af2831] [com.apple.network:connection] nw_flow_passthrough_notify [C7.1.1 IPv6#21de5f2f.9091 ready socket-flow (satisfied (Path is satisfied), interface: lo0)] received notification connection_idle
2026-02-11 19:21:29.099 Df AnalyticsReactNativeE2E[21069:1af2831] [com.apple.network:connection] nw_protocol_socket_notify [C7.1.1:2] nw_protocol_notification_type_connection_idle is true
2026-02-11 19:21:29.099 E  AnalyticsReactNativeE2E[21069:1af2831] [com.apple.network:connection] nw_socket_set_connection_idle [C7.1.1:2] setsockopt SO_CONNECTION_IDLE failed [42: Protocol not available]
2026-02-11 19:21:30.484 I  AnalyticsReactNativeE2E[21069:1af2809] [com.wix.Detox:WebSocket] Action received: invoke
2026-02-11 19:21:30.627 Df AnalyticsReactNativeE2E[21069:1af2809] [com.apple.UIKit:EventDispatch] Sending UIEvent type: 0; subtype: 0; to windows: 1
2026-02-11 19:21:30.628 Df AnalyticsReactNativeE2E[21069:1af2809] [com.apple.UIKit:EventDispatch] Sending UIEvent type: 0; subtype: 0; to window: <UIWindow: 0x104106d60>; contextId: 0x740D22C3
2026-02-11 19:21:30.628 A  AnalyticsReactNativeE2E[21069:1af2809] (UIKitCore) send gesture actions
2026-02-11 19:21:30.643 Df AnalyticsReactNativeE2E[21069:1af2809] [com.apple.UIKit:EventDispatch] Sending UIEvent type: 0; subtype: 0; to windows: 1
2026-02-11 19:21:30.643 Df AnalyticsReactNativeE2E[21069:1af2809] [com.apple.UIKit:EventDispatch] Sending UIEvent type: 0; subtype: 0; to window: <UIWindow: 0x104106d60>; contextId: 0x740D22C3
2026-02-11 19:21:30.643 A  AnalyticsReactNativeE2E[21069:1af2809] (UIKitCore) send gesture actions
2026-02-11 19:21:30.644 I  AnalyticsReactNativeE2E[21069:1af2fda] [com.facebook.react.log:javascript] 'TRACK event saved', { type: 'track',
  event: 'Track pressed',
  properties: { foo: 'bar' } }
2026-02-11 19:21:31.334 I  AnalyticsReactNativeE2E[21069:1af2809] [com.wix.Detox:WebSocket] Action received: invoke
2026-02-11 19:21:31.477 Df AnalyticsReactNativeE2E[21069:1af2809] [com.apple.UIKit:EventDispatch] Sending UIEvent type: 0; subtype: 0; to windows: 1
2026-02-11 19:21:31.477 Df AnalyticsReactNativeE2E[21069:1af2809] [com.apple.UIKit:EventDispatch] Sending UIEvent type: 0; subtype: 0; to window: <UIWindow: 0x104106d60>; contextId: 0x740D22C3
2026-02-11 19:21:31.478 A  AnalyticsReactNativeE2E[21069:1af2809] (UIKitCore) send gesture actions
2026-02-11 19:21:31.493 Df AnalyticsReactNativeE2E[21069:1af2809] [com.apple.UIKit:EventDispatch] Sending UIEvent type: 0; subtype: 0; to windows: 1
2026-02-11 19:21:31.493 Df AnalyticsReactNativeE2E[21069:1af2809] [com.apple.UIKit:EventDispatch] Sending UIEvent type: 0; subtype: 0; to window: <UIWindow: 0x104106d60>; contextId: 0x740D22C3
2026-02-11 19:21:31.493 A  AnalyticsReactNativeE2E[21069:1af2809] (UIKitCore) send gesture actions
2026-02-11 19:21:31.494 Df AnalyticsReactNativeE2E[21069:1af2839] [com.apple.CFNetwork:Default] Task <82DDBF7C-F7D2-44F3-89AF-6190CB42C9AA>.<3> resuming, timeouts(0.0, 604800.0) qos(0x19) voucher((null)) activity(00000000-0000-0000-0000-000000000000)
2026-02-11 19:21:31.494 Db AnalyticsReactNativeE2E[21069:1af2839] [com.apple.network:activity] Returning should log: 0 for activity cfnetwork:foreground_task
2026-02-11 19:21:31.494 Db AnalyticsReactNativeE2E[21069:1af2839] [com.apple.network:activity] Domain cfnetwork rate configured in registry as 1 / 20000
2026-02-11 19:21:31.494 Db AnalyticsReactNativeE2E[21069:1af2839] [com.apple.network:activity] Domain cfnetwork rate configured after remote default override as 1 / 20000
2026-02-11 19:21:31.494 Db AnalyticsReactNativeE2E[21069:1af2839] [com.apple.network:activity] After reading settings plist, domain cfnetwork rate configured as 1 / 2000000
2026-02-11 19:21:31.494 Db AnalyticsReactNativeE2E[21069:1af2839] [com.apple.network:activity] After settings override, domain cfnetwork rate configured as 1 / 2000000
2026-02-11 19:21:31.494 Db AnalyticsReactNativeE2E[21069:1af2839] [com.apple.network:activity] Final domain cfnetwork rate configured as 1 / 2000000
2026-02-11 19:21:31.494 Db AnalyticsReactNativeE2E[21069:1af2839] [com.apple.network:activity] <nw_activity 12:2 [No UUID] (reporting strategy default)> sampled at 1 / 2000000
2026-02-11 19:21:31.494 Db AnalyticsReactNativeE2E[21069:1af2839] [com.apple.network:activity] Returning should log: 0 for activity cfnetwork:foreground_task
2026-02-11 19:21:31.494 Db AnalyticsReactNativeE2E[21069:1af2839] [com.apple.network:activity] Returning should log: 0 for activity cfnetwork:foreground_task
2026-02-11 19:21:31.494 Db AnalyticsReactNativeE2E[21069:1af2839] [com.apple.CFNetwork:Default] [Telemetry]: Activity <nw_activity 12:2 [046CCC23-5E83-498F-8AA8-742EAB8C2D77] (reporting strategy default)> on Task <82DDBF7C-F7D2-44F3-89AF-6190CB42C9AA>.<3> was not selected for reporting
2026-02-11 19:21:31.494 Db AnalyticsReactNativeE2E[21069:1af2831] [com.apple.networkextension:] ne_tracker_check_is_hostname_blocked() proceeding with the in_the_app check for hostname: localhost
2026-02-11 19:21:31.494 Db AnalyticsReactNativeE2E[21069:1af2831] [com.apple.CFBundle:resources] Resource lookup at CFBundle 0x600003b000e0 </Users/abueide/Library/Developer/CoreSimulator/Devices/651CE25F-D2F4-404C-AC47-0364AA5C94A1/data/Containers/Bundle/Application/EE7D5645-3D09-41B7-9BE5-741B512BFF76/AnalyticsReactNativeE2E.app> (executable, loaded)
	Request       : InfoPlist type: strings
	Result        : None
2026-02-11 19:21:31.494 Db AnalyticsReactNativeE2E[21069:1af2831] [com.apple.CFBundle:resources] Resource lookup at CFBundle 0x600003b000e0 </Users/abueide/Library/Developer/CoreSimulator/Devices/651CE25F-D2F4-404C-AC47-0364AA5C94A1/data/Containers/Bundle/Application/EE7D5645-3D09-41B7-9BE5-741B512BFF76/AnalyticsReactNativeE2E.app> (executable, loaded)
	Request       : InfoPlist type: stringsdict
	Result        : None
2026-02-11 19:21:31.494 Db AnalyticsReactNativeE2E[21069:1af2831] [com.apple.networkextension:] ne_tracker_check_is_hostname_blocked(): hostname localhost is not a tracker. Returning: ne_tracker_status_none
2026-02-11 19:21:31.495 Db AnalyticsReactNativeE2E[21069:1af2831] [com.apple.CFNetwork:ATS] Uploading ATS exception ATSAllowsLocalNetworking
2026-02-11 19:21:31.495 Db AnalyticsReactNativeE2E[21069:1af2831] [com.apple.CFNetwork:ATS] Uploading ATS exception ATSExceptionDomains
2026-02-11 19:21:31.495 A  AnalyticsReactNativeE2E[21069:1af2839] (Security) SecTrustReportNetworkingAnalytics
2026-02-11 19:21:31.495 Db AnalyticsReactNativeE2E[21069:1af2831] [com.apple.CFNetwork:Default] Connection 7: set is idle true
2026-02-11 19:21:31.495 Df AnalyticsReactNativeE2E[21069:1af2831] [com.apple.network:connection] [C7] event: client:connection_idle @4.569s
2026-02-11 19:21:31.495 I  AnalyticsReactNativeE2E[21069:1af2831] [com.apple.network:connection] nw_endpoint_handler_report_connection_idle [C7 IPv6#21de5f2f.9091 ready parent-flow (satisfied (Path is satisfied), interface: en0[802.11], uses wifi, LQM: unknown)] Reporting connection idle to protocols
2026-02-11 19:21:31.495 I  AnalyticsReactNativeE2E[21069:1af2831] [com.apple.network:connection] nw_flow_passthrough_notify [C7.1.1 IPv6#21de5f2f.9091 ready socket-flow (satisfied (Path is satisfied), interface: lo0)] received notification connection_idle
2026-02-11 19:21:31.495 Df AnalyticsReactNativeE2E[21069:1af2831] [com.apple.network:connection] nw_protocol_socket_notify [C7.1.1:2] nw_protocol_notification_type_connection_idle is true
2026-02-11 19:21:31.495 E  AnalyticsReactNativeE2E[21069:1af2831] [com.apple.network:connection] nw_socket_set_connection_idle [C7.1.1:2] setsockopt SO_CONNECTION_IDLE failed [42: Protocol not available]
2026-02-11 19:21:31.495 Df AnalyticsReactNativeE2E[21069:1af2831] [com.apple.CFNetwork:Default] Task <82DDBF7C-F7D2-44F3-89AF-6190CB42C9AA>.<3> now using Connection 7
2026-02-11 19:21:31.495 Db AnalyticsReactNativeE2E[21069:1af2831] [com.apple.network:activity] Returning should log: 0 for activity cfnetwork:foreground_task
2026-02-11 19:21:31.495 Db AnalyticsReactNativeE2E[21069:1af2831] [com.apple.network:connection] nw_connection_modify_estimated_bytes_block_invoke [C7] Incremented estimated bytes to send by 907, total now 1859
2026-02-11 19:21:31.495 Db AnalyticsReactNativeE2E[21069:1af2831] [com.apple.network:connection] nw_connection_modify_estimated_bytes_block_invoke [C7] Using lower threshold 12582912, upper threshold 31457280
2026-02-11 19:21:31.495 Db AnalyticsReactNativeE2E[21069:1af2831] [com.apple.CFNetwork:Default] Connection 7: set is idle false
2026-02-11 19:21:31.495 Df AnalyticsReactNativeE2E[21069:1af2831] [com.apple.network:connection] [C7] event: client:connection_reused @4.569s
2026-02-11 19:21:31.495 I  AnalyticsReactNativeE2E[21069:1af2831] [com.apple.network:connection] nw_endpoint_handler_report_connection_idle [C7 IPv6#21de5f2f.9091 ready parent-flow (satisfied (Path is satisfied), interface: en0[802.11], uses wifi, LQM: unknown)] Reporting connection not idle to protocols
2026-02-11 19:21:31.495 I  AnalyticsReactNativeE2E[21069:1af2831] [com.apple.network:connection] nw_flow_passthrough_notify [C7.1.1 IPv6#21de5f2f.9091 ready socket-flow (satisfied (Path is satisfied), interface: lo0)] received notification connection_idle
2026-02-11 19:21:31.495 Df AnalyticsReactNativeE2E[21069:1af2831] [com.apple.network:connection] nw_protocol_socket_notify [C7.1.1:2] nw_protocol_notification_type_connection_idle is false
2026-02-11 19:21:31.495 E  AnalyticsReactNativeE2E[21069:1af2831] [com.apple.network:connection] nw_socket_set_connection_idle [C7.1.1:2] setsockopt SO_CONNECTION_IDLE failed [42: Protocol not available]
2026-02-11 19:21:31.495 Df AnalyticsReactNativeE2E[21069:1af2839] [com.apple.securityd:SecError] SecTrustReportNetworkingAnalytics failed with error: -4
2026-02-11 19:21:31.495 A  AnalyticsReactNativeE2E[21069:1af2839] (Security) SecTrustReportNetworkingAnalytics
2026-02-11 19:21:31.495 Df AnalyticsReactNativeE2E[21069:1af282f] [com.apple.CFNetwork:Default] Task <82DDBF7C-F7D2-44F3-89AF-6190CB42C9AA>.<3> sent request, body S 907
2026-02-11 19:21:31.495 Df AnalyticsReactNativeE2E[21069:1af2839] [com.apple.securityd:SecError] SecTrustReportNetworkingAnalytics failed with error: -4
2026-02-11 19:21:31.496 Df AnalyticsReactNativeE2E[21069:1af2839] [com.apple.CFNetwork:Default] Task <82DDBF7C-F7D2-44F3-89AF-6190CB42C9AA>.<3> received response, status 429 content K
2026-02-11 19:21:31.497 Db AnalyticsReactNativeE2E[21069:1af2839] [com.apple.network:connection] nw_connection_modify_estimated_bytes_block_invoke [C7] Incremented estimated bytes to receive by 29, total now 424
2026-02-11 19:21:31.497 Db AnalyticsReactNativeE2E[21069:1af2839] [com.apple.network:connection] nw_connection_modify_estimated_bytes_block_invoke [C7] Using lower threshold 12582912, upper threshold 31457280
2026-02-11 19:21:31.497 Df AnalyticsReactNativeE2E[21069:1af2839] [com.apple.CFNetwork:Default] Task <82DDBF7C-F7D2-44F3-89AF-6190CB42C9AA>.<3> response ended
2026-02-11 19:21:31.497 Df AnalyticsReactNativeE2E[21069:1af2839] [com.apple.CFNetwork:Default] Task <82DDBF7C-F7D2-44F3-89AF-6190CB42C9AA>.<3> done using Connection 7
2026-02-11 19:21:31.497 Db AnalyticsReactNativeE2E[21069:1af2839] [com.apple.network:activity] Returning should log: 0 for activity cfnetwork:foreground_task
2026-02-11 19:21:31.497 Db AnalyticsReactNativeE2E[21069:1af2839] [com.apple.CFNetwork:Default] Connection 7: set is idle true
2026-02-11 19:21:31.497 Df AnalyticsReactNativeE2E[21069:1af2839] [com.apple.network:connection] [C7] event: client:connection_idle @4.571s
2026-02-11 19:21:31.497 I  AnalyticsReactNativeE2E[21069:1af2839] [com.apple.network:connection] nw_endpoint_handler_report_connection_idle [C7 IPv6#21de5f2f.9091 ready parent-flow (satisfied (Path is satisfied), interface: en0[802.11], uses wifi, LQM: unknown)] Reporting connection idle to protocols
2026-02-11 19:21:31.497 I  AnalyticsReactNativeE2E[21069:1af2839] [com.apple.network:connection] nw_flow_passthrough_notify [C7.1.1 IPv6#21de5f2f.9091 ready socket-flow (satisfied (Path is satisfied), interface: lo0)] received notification connection_idle
2026-02-11 19:21:31.497 Df AnalyticsReactNativeE2E[21069:1af2839] [com.apple.network:connection] nw_protocol_socket_notify [C7.1.1:2] nw_protocol_notification_type_connection_idle is true
2026-02-11 19:21:31.497 Df AnalyticsReactNativeE2E[21069:1af2831] [com.apple.CFNetwork:Summary] Task <82DDBF7C-F7D2-44F3-89AF-6190CB42C9AA>.<3> summary for task success {transaction_duration_ms=2, response_status=429, connection=7, reused=1, reused_after_ms=0, request_start_ms=0, request_duration_ms=0, response_start_ms=2, response_duration_ms=0, request_bytes=1197, request_throughput_kbps=58378, response_bytes=295, response_throughput_kbps=20686, cache_hit=true}
2026-02-11 19:21:31.497 Df AnalyticsReactNativeE2E[21069:1af2831] [com.apple.CFNetwork:Default] Task <82DDBF7C-F7D2-44F3-89AF-6190CB42C9AA>.<3> finished successfully
2026-02-11 19:21:31.497 E  AnalyticsReactNativeE2E[21069:1af2839] [com.apple.network:connection] nw_socket_set_connection_idle [C7.1.1:2] setsockopt SO_CONNECTION_IDLE failed [42: Protocol not available]
2026-02-11 19:21:31.497 Db AnalyticsReactNativeE2E[21069:1af2831] [com.apple.network:activity] Returning should log: 0 for activity cfnetwork:foreground_task
2026-02-11 19:21:31.497 Db AnalyticsReactNativeE2E[21069:1af2839] [com.apple.CFNetwork:Default] Connection 7: set is idle true
2026-02-11 19:21:31.497 Db AnalyticsReactNativeE2E[21069:1af2831] [com.apple.network:activity] Returning should log: 0 for activity cfnetwork:foreground_task
2026-02-11 19:21:31.497 Df AnalyticsReactNativeE2E[21069:1af2839] [com.apple.network:connection] [C7] event: client:connection_idle @4.571s
2026-02-11 19:21:31.497 Db AnalyticsReactNativeE2E[21069:1af2831] [com.apple.network:activity] No threshold for cfnetwork:foreground_task, returning NW_ACTIVITY_DURATION_INVALID
2026-02-11 19:21:31.497 I  AnalyticsReactNativeE2E[21069:1af2839] [com.apple.network:connection] nw_endpoint_handler_report_connection_idle [C7 IPv6#21de5f2f.9091 ready parent-flow (satisfied (Path is satisfied), interface: en0[802.11], uses wifi, LQM: unknown)] Reporting connection idle to protocols
2026-02-11 19:21:31.497 Db AnalyticsReactNativeE2E[21069:1af2831] [com.apple.network:activity] No threshold for activity <nw_activity 12:2 [046CCC23-5E83-498F-8AA8-742EAB8C2D77] (reporting strategy default) complete (reason success)>
2026-02-11 19:21:31.497 I  AnalyticsReactNativeE2E[21069:1af2839] [com.apple.network:connection] nw_flow_passthrough_notify [C7.1.1 IPv6#21de5f2f.9091 ready socket-flow (satisfied (Path is satisfied), interface: lo0)] received notification connection_idle
2026-02-11 19:21:31.497 Df AnalyticsReactNativeE2E[21069:1af2839] [com.apple.network:connection] nw_protocol_socket_notify [C7.1.1:2] nw_protocol_notification_type_connection_idle is true
2026-02-11 19:21:31.497 E  AnalyticsReactNativeE2E[21069:1af2839] [com.apple.network:connection] nw_socket_set_connection_idle [C7.1.1:2] setsockopt SO_CONNECTION_IDLE failed [42: Protocol not available]
2026-02-11 19:21:31.497 I  AnalyticsReactNativeE2E[21069:1af2fda] [com.facebook.react.log:javascript] 'An internal error occurred: ', { [Error] type: 1, innerError: undefined, statusCode: 429 }
2026-02-11 19:21:31.497 I  AnalyticsReactNativeE2E[21069:1af2fda] [com.facebook.react.log:javascript] { [Error] type: 1, innerError: undefined, statusCode: 429 }
2026-02-11 19:21:31.497 E  AnalyticsReactNativeE2E[21069:1af2fda] [com.facebook.react.log:javascript] Failed to send 1 events.
2026-02-11 19:21:33.684 I  AnalyticsReactNativeE2E[21069:1af2809] [com.wix.Detox:WebSocket] Action received: invoke
2026-02-11 19:21:33.827 Df AnalyticsReactNativeE2E[21069:1af2809] [com.apple.UIKit:EventDispatch] Sending UIEvent type: 0; subtype: 0; to windows: 1
2026-02-11 19:21:33.827 Df AnalyticsReactNativeE2E[21069:1af2809] [com.apple.UIKit:EventDispatch] Sending UIEvent type: 0; subtype: 0; to window: <UIWindow: 0x104106d60>; contextId: 0x740D22C3
2026-02-11 19:21:33.828 A  AnalyticsReactNativeE2E[21069:1af2809] (UIKitCore) send gesture actions
2026-02-11 19:21:33.844 Df AnalyticsReactNativeE2E[21069:1af2809] [com.apple.UIKit:EventDispatch] Sending UIEvent type: 0; subtype: 0; to windows: 1
2026-02-11 19:21:33.844 Df AnalyticsReactNativeE2E[21069:1af2809] [com.apple.UIKit:EventDispatch] Sending UIEvent type: 0; subtype: 0; to window: <UIWindow: 0x104106d60>; contextId: 0x740D22C3
2026-02-11 19:21:33.844 A  AnalyticsReactNativeE2E[21069:1af2809] (UIKitCore) send gesture actions
2026-02-11 19:21:33.845 I  AnalyticsReactNativeE2E[21069:1af2fda] [com.facebook.react.log:javascript] 'TRACK event saved', { type: 'track',
  event: 'Track pressed',
  properties: { foo: 'bar' } }
2026-02-11 19:21:34.534 I  AnalyticsReactNativeE2E[21069:1af2809] [com.wix.Detox:WebSocket] Action received: invoke
2026-02-11 19:21:34.677 Df AnalyticsReactNativeE2E[21069:1af2809] [com.apple.UIKit:EventDispatch] Sending UIEvent type: 0; subtype: 0; to windows: 1
2026-02-11 19:21:34.678 Df AnalyticsReactNativeE2E[21069:1af2809] [com.apple.UIKit:EventDispatch] Sending UIEvent type: 0; subtype: 0; to window: <UIWindow: 0x104106d60>; contextId: 0x740D22C3
2026-02-11 19:21:34.678 A  AnalyticsReactNativeE2E[21069:1af2809] (UIKitCore) send gesture actions
2026-02-11 19:21:34.694 Df AnalyticsReactNativeE2E[21069:1af2809] [com.apple.UIKit:EventDispatch] Sending UIEvent type: 0; subtype: 0; to windows: 1
2026-02-11 19:21:34.694 Df AnalyticsReactNativeE2E[21069:1af2809] [com.apple.UIKit:EventDispatch] Sending UIEvent type: 0; subtype: 0; to window: <UIWindow: 0x104106d60>; contextId: 0x740D22C3
2026-02-11 19:21:34.694 A  AnalyticsReactNativeE2E[21069:1af2809] (UIKitCore) send gesture actions
2026-02-11 19:21:34.695 Df AnalyticsReactNativeE2E[21069:1af2831] [com.apple.CFNetwork:Default] Task <FE10E1D9-DF5C-4038-84B7-092F4171B813>.<4> resuming, timeouts(0.0, 604800.0) qos(0x19) voucher((null)) activity(00000000-0000-0000-0000-000000000000)
2026-02-11 19:21:34.695 Db AnalyticsReactNativeE2E[21069:1af2831] [com.apple.network:activity] Returning should log: 0 for activity cfnetwork:foreground_task
2026-02-11 19:21:34.695 Db AnalyticsReactNativeE2E[21069:1af2831] [com.apple.network:activity] Domain cfnetwork rate configured in registry as 1 / 20000
2026-02-11 19:21:34.695 Db AnalyticsReactNativeE2E[21069:1af2831] [com.apple.network:activity] Domain cfnetwork rate configured after remote default override as 1 / 20000
2026-02-11 19:21:34.695 Db AnalyticsReactNativeE2E[21069:1af2831] [com.apple.network:activity] After reading settings plist, domain cfnetwork rate configured as 1 / 2000000
2026-02-11 19:21:34.695 Db AnalyticsReactNativeE2E[21069:1af2831] [com.apple.network:activity] After settings override, domain cfnetwork rate configured as 1 / 2000000
2026-02-11 19:21:34.695 Db AnalyticsReactNativeE2E[21069:1af2831] [com.apple.network:activity] Final domain cfnetwork rate configured as 1 / 2000000
2026-02-11 19:21:34.695 Db AnalyticsReactNativeE2E[21069:1af2831] [com.apple.network:activity] <nw_activity 12:2 [No UUID] (reporting strategy default)> sampled at 1 / 2000000
2026-02-11 19:21:34.695 Db AnalyticsReactNativeE2E[21069:1af2831] [com.apple.network:activity] Returning should log: 0 for activity cfnetwork:foreground_task
2026-02-11 19:21:34.695 Db AnalyticsReactNativeE2E[21069:1af2831] [com.apple.network:activity] Returning should log: 0 for activity cfnetwork:foreground_task
2026-02-11 19:21:34.695 Db AnalyticsReactNativeE2E[21069:1af2831] [com.apple.CFNetwork:Default] [Telemetry]: Activity <nw_activity 12:2 [AAC4DEDA-5A18-455E-AEA6-CFF88EF74E08] (reporting strategy default)> on Task <FE10E1D9-DF5C-4038-84B7-092F4171B813>.<4> was not selected for reporting
2026-02-11 19:21:34.695 Db AnalyticsReactNativeE2E[21069:1af2839] [com.apple.networkextension:] ne_tracker_check_is_hostname_blocked() proceeding with the in_the_app check for hostname: localhost
2026-02-11 19:21:34.695 Db AnalyticsReactNativeE2E[21069:1af2839] [com.apple.CFBundle:resources] Resource lookup at CFBundle 0x600003b000e0 </Users/abueide/Library/Developer/CoreSimulator/Devices/651CE25F-D2F4-404C-AC47-0364AA5C94A1/data/Containers/Bundle/Application/EE7D5645-3D09-41B7-9BE5-741B512BFF76/AnalyticsReactNativeE2E.app> (executable, loaded)
	Request       : InfoPlist type: strings
	Result        : None
2026-02-11 19:21:34.695 Db AnalyticsReactNativeE2E[21069:1af2839] [com.apple.CFBundle:resources] Resource lookup at CFBundle 0x600003b000e0 </Users/abueide/Library/Developer/CoreSimulator/Devices/651CE25F-D2F4-404C-AC47-0364AA5C94A1/data/Containers/Bundle/Application/EE7D5645-3D09-41B7-9BE5-741B512BFF76/AnalyticsReactNativeE2E.app> (executable, loaded)
	Request       : InfoPlist type: stringsdict
	Result        : None
2026-02-11 19:21:34.695 Db AnalyticsReactNativeE2E[21069:1af2839] [com.apple.networkextension:] ne_tracker_check_is_hostname_blocked(): hostname localhost is not a tracker. Returning: ne_tracker_status_none
2026-02-11 19:21:34.695 Db AnalyticsReactNativeE2E[21069:1af2839] [com.apple.CFNetwork:ATS] Uploading ATS exception ATSAllowsLocalNetworking
2026-02-11 19:21:34.695 Db AnalyticsReactNativeE2E[21069:1af2839] [com.apple.CFNetwork:ATS] Uploading ATS exception ATSExceptionDomains
2026-02-11 19:21:34.695 A  AnalyticsReactNativeE2E[21069:1af2831] (Security) SecTrustReportNetworkingAnalytics
2026-02-11 19:21:34.695 Db AnalyticsReactNativeE2E[21069:1af2839] [com.apple.CFNetwork:Default] Connection 7: set is idle true
2026-02-11 19:21:34.695 Df AnalyticsReactNativeE2E[21069:1af2839] [com.apple.network:connection] [C7] event: client:connection_idle @7.769s
2026-02-11 19:21:34.695 I  AnalyticsReactNativeE2E[21069:1af2839] [com.apple.network:connection] nw_endpoint_handler_report_connection_idle [C7 IPv6#21de5f2f.9091 ready parent-flow (satisfied (Path is satisfied), interface: en0[802.11], uses wifi, LQM: unknown)] Reporting connection idle to protocols
2026-02-11 19:21:34.695 I  AnalyticsReactNativeE2E[21069:1af2839] [com.apple.network:connection] nw_flow_passthrough_notify [C7.1.1 IPv6#21de5f2f.9091 ready socket-flow (satisfied (Path is satisfied), interface: lo0)] received notification connection_idle
2026-02-11 19:21:34.695 Df AnalyticsReactNativeE2E[21069:1af2839] [com.apple.network:connection] nw_protocol_socket_notify [C7.1.1:2] nw_protocol_notification_type_connection_idle is true
2026-02-11 19:21:34.695 E  AnalyticsReactNativeE2E[21069:1af2839] [com.apple.network:connection] nw_socket_set_connection_idle [C7.1.1:2] setsockopt SO_CONNECTION_IDLE failed [42: Protocol not available]
2026-02-11 19:21:34.695 Df AnalyticsReactNativeE2E[21069:1af2839] [com.apple.CFNetwork:Default] Task <FE10E1D9-DF5C-4038-84B7-092F4171B813>.<4> now using Connection 7
2026-02-11 19:21:34.695 Db AnalyticsReactNativeE2E[21069:1af2839] [com.apple.network:activity] Returning should log: 0 for activity cfnetwork:foreground_task
2026-02-11 19:21:34.695 Db AnalyticsReactNativeE2E[21069:1af2839] [com.apple.network:connection] nw_connection_modify_estimated_bytes_block_invoke [C7] Incremented estimated bytes to send by 1750, total now 3609
2026-02-11 19:21:34.695 Db AnalyticsReactNativeE2E[21069:1af2839] [com.apple.network:connection] nw_connection_modify_estimated_bytes_block_invoke [C7] Using lower threshold 12582912, upper threshold 31457280
2026-02-11 19:21:34.695 Db AnalyticsReactNativeE2E[21069:1af2839] [com.apple.CFNetwork:Default] Connection 7: set is idle false
2026-02-11 19:21:34.695 Df AnalyticsReactNativeE2E[21069:1af2839] [com.apple.network:connection] [C7] event: client:connection_reused @7.769s
2026-02-11 19:21:34.695 I  AnalyticsReactNativeE2E[21069:1af2839] [com.apple.network:connection] nw_endpoint_handler_report_connection_idle [C7 IPv6#21de5f2f.9091 ready parent-flow (satisfied (Path is satisfied), interface: en0[802.11], uses wifi, LQM: unknown)] Reporting connection not idle to protocols
2026-02-11 19:21:34.695 I  AnalyticsReactNativeE2E[21069:1af2839] [com.apple.network:connection] nw_flow_passthrough_notify [C7.1.1 IPv6#21de5f2f.9091 ready socket-flow (satisfied (Path is satisfied), interface: lo0)] received notification connection_idle
2026-02-11 19:21:34.695 Df AnalyticsReactNativeE2E[21069:1af2839] [com.apple.network:connection] nw_protocol_socket_notify [C7.1.1:2] nw_protocol_notification_type_connection_idle is false
2026-02-11 19:21:34.696 E  AnalyticsReactNativeE2E[21069:1af2839] [com.apple.network:connection] nw_socket_set_connection_idle [C7.1.1:2] setsockopt SO_CONNECTION_IDLE failed [42: Protocol not available]
2026-02-11 19:21:34.696 Df AnalyticsReactNativeE2E[21069:1af2831] [com.apple.securityd:SecError] SecTrustReportNetworkingAnalytics failed with error: -4
2026-02-11 19:21:34.696 A  AnalyticsReactNativeE2E[21069:1af2831] (Security) SecTrustReportNetworkingAnalytics
2026-02-11 19:21:34.696 Df AnalyticsReactNativeE2E[21069:1af2839] [com.apple.CFNetwork:Default] Task <FE10E1D9-DF5C-4038-84B7-092F4171B813>.<4> sent request, body S 1750
2026-02-11 19:21:34.696 Df AnalyticsReactNativeE2E[21069:1af2831] [com.apple.securityd:SecError] SecTrustReportNetworkingAnalytics failed with error: -4
2026-02-11 19:21:34.697 Df AnalyticsReactNativeE2E[21069:1af2831] [com.apple.CFNetwork:Default] Task <FE10E1D9-DF5C-4038-84B7-092F4171B813>.<4> received response, status 200 content K
2026-02-11 19:21:34.697 Db AnalyticsReactNativeE2E[21069:1af2831] [com.apple.network:connection] nw_connection_modify_estimated_bytes_block_invoke [C7] Incremented estimated bytes to receive by 20, total now 444
2026-02-11 19:21:34.697 Db AnalyticsReactNativeE2E[21069:1af2831] [com.apple.network:connection] nw_connection_modify_estimated_bytes_block_invoke [C7] Using lower threshold 12582912, upper threshold 31457280
2026-02-11 19:21:34.697 Df AnalyticsReactNativeE2E[21069:1af2831] [com.apple.CFNetwork:Default] Task <FE10E1D9-DF5C-4038-84B7-092F4171B813>.<4> response ended
2026-02-11 19:21:34.697 Df AnalyticsReactNativeE2E[21069:1af2831] [com.apple.CFNetwork:Default] Task <FE10E1D9-DF5C-4038-84B7-092F4171B813>.<4> done using Connection 7
2026-02-11 19:21:34.697 Db AnalyticsReactNativeE2E[21069:1af2831] [com.apple.network:activity] Returning should log: 0 for activity cfnetwork:foreground_task
2026-02-11 19:21:34.697 Db AnalyticsReactNativeE2E[21069:1af2831] [com.apple.CFNetwork:Default] Connection 7: set is idle true
2026-02-11 19:21:34.697 Df AnalyticsReactNativeE2E[21069:1af2831] [com.apple.network:connection] [C7] event: client:connection_idle @7.771s
2026-02-11 19:21:34.697 I  AnalyticsReactNativeE2E[21069:1af2831] [com.apple.network:connection] nw_endpoint_handler_report_connection_idle [C7 IPv6#21de5f2f.9091 ready parent-flow (satisfied (Path is satisfied), interface: en0[802.11], uses wifi, LQM: unknown)] Reporting connection idle to protocols
2026-02-11 19:21:34.697 I  AnalyticsReactNativeE2E[21069:1af2831] [com.apple.network:connection] nw_flow_passthrough_notify [C7.1.1 IPv6#21de5f2f.9091 ready socket-flow (satisfied (Path is satisfied), interface: lo0)] received notification connection_idle
2026-02-11 19:21:34.697 I  AnalyticsReactNativeE2E[21069:1af282f] [com.apple.runningboard:assertion] Acquiring assertion: <RBSAssertionDescriptor| "com.apple.CFNetwork.StorageDB" ID:(null) target:21069>
2026-02-11 19:21:34.697 Df AnalyticsReactNativeE2E[21069:1af2831] [com.apple.network:connection] nw_protocol_socket_notify [C7.1.1:2] nw_protocol_notification_type_connection_idle is true
2026-02-11 19:21:34.697 Df AnalyticsReactNativeE2E[21069:1af2839] [com.apple.CFNetwork:Summary] Task <FE10E1D9-DF5C-4038-84B7-092F4171B813>.<4> summary for task success {transaction_duration_ms=2, response_status=200, connection=7, reused=1, reused_after_ms=0, request_start_ms=0, request_duration_ms=0, response_start_ms=2, response_duration_ms=0, request_bytes=2041, request_throughput_kbps=64516, response_bytes=255, response_throughput_kbps=17587, cache_hit=true}
2026-02-11 19:21:34.697 E  AnalyticsReactNativeE2E[21069:1af2831] [com.apple.network:connection] nw_socket_set_connection_idle [C7.1.1:2] setsockopt SO_CONNECTION_IDLE failed [42: Protocol not available]
2026-02-11 19:21:34.697 Db AnalyticsReactNativeE2E[21069:1af2831] [com.apple.CFNetwork:Default] Connection 7: set is idle true
2026-02-11 19:21:34.697 Df AnalyticsReactNativeE2E[21069:1af2839] [com.apple.CFNetwork:Default] Task <FE10E1D9-DF5C-4038-84B7-092F4171B813>.<4> finished successfully
2026-02-11 19:21:34.697 Df AnalyticsReactNativeE2E[21069:1af2831] [com.apple.network:connection] [C7] event: client:connection_idle @7.771s
2026-02-11 19:21:34.697 Db AnalyticsReactNativeE2E[21069:1af2839] [com.apple.network:activity] Returning should log: 0 for activity cfnetwork:foreground_task
2026-02-11 19:21:34.697 I  AnalyticsReactNativeE2E[21069:1af2831] [com.apple.network:connection] nw_endpoint_handler_report_connection_idle [C7 IPv6#21de5f2f.9091 ready parent-flow (satisfied (Path is satisfied), interface: en0[802.11], uses wifi, LQM: unknown)] Reporting connection idle to protocols
2026-02-11 19:21:34.697 Db AnalyticsReactNativeE2E[21069:1af2839] [com.apple.network:activity] Returning should log: 0 for activity cfnetwork:foreground_task
2026-02-11 19:21:34.697 I  AnalyticsReactNativeE2E[21069:1af2831] [com.apple.network:connection] nw_flow_passthrough_notify [C7.1.1 IPv6#21de5f2f.9091 ready socket-flow (satisfied (Path is satisfied), interface: lo0)] received notification connection_idle
2026-02-11 19:21:34.698 I  AnalyticsReactNativeE2E[21069:1af2fda] [com.facebook.react.log:javascript] Sent 2 events
2026-02-11 19:21:34.698 Df AnalyticsReactNativeE2E[21069:1af2831] [com.apple.network:connection] nw_protocol_socket_notify [C7.1.1:2] nw_protocol_notification_type_connection_idle is true
2026-02-11 19:21:34.698 Db AnalyticsReactNativeE2E[21069:1af282f] [com.apple.runningboard:assertion] Adding assertion 1422-21069-1334 to dictionary
2026-02-11 19:21:34.698 E  AnalyticsReactNativeE2E[21069:1af2831] [com.apple.network:connection] nw_socket_set_connection_idle [C7.1.1:2] setsockopt SO_CONNECTION_IDLE failed [42: Protocol not available]
2026-02-11 19:21:34.698 Db AnalyticsReactNativeE2E[21069:1af2839] [com.apple.network:activity] No threshold for cfnetwork:foreground_task, returning NW_ACTIVITY_DURATION_INVALID
2026-02-11 19:21:34.698 Db AnalyticsReactNativeE2E[21069:1af2839] [com.apple.network:activity] No threshold for activity <nw_activity 12:2 [AAC4DEDA-5A18-455E-AEA6-CFF88EF74E08] (reporting strategy default) complete (reason success)>
2026-02-11 19:21:35.383 I  AnalyticsReactNativeE2E[21069:1af2809] [com.wix.Detox:WebSocket] Action received: invoke
2026-02-11 19:21:35.527 Df AnalyticsReactNativeE2E[21069:1af2809] [com.apple.UIKit:EventDispatch] Sending UIEvent type: 0; subtype: 0; to windows: 1
2026-02-11 19:21:35.528 Df AnalyticsReactNativeE2E[21069:1af2809] [com.apple.UIKit:EventDispatch] Sending UIEvent type: 0; subtype: 0; to window: <UIWindow: 0x104106d60>; contextId: 0x740D22C3
2026-02-11 19:21:35.528 A  AnalyticsReactNativeE2E[21069:1af2809] (UIKitCore) send gesture actions
2026-02-11 19:21:35.544 Df AnalyticsReactNativeE2E[21069:1af2809] [com.apple.UIKit:EventDispatch] Sending UIEvent type: 0; subtype: 0; to windows: 1
2026-02-11 19:21:35.544 Df AnalyticsReactNativeE2E[21069:1af2809] [com.apple.UIKit:EventDispatch] Sending UIEvent type: 0; subtype: 0; to window: <UIWindow: 0x104106d60>; contextId: 0x740D22C3
2026-02-11 19:21:35.544 A  AnalyticsReactNativeE2E[21069:1af2809] (UIKitCore) send gesture actions
2026-02-11 19:21:35.545 I  AnalyticsReactNativeE2E[21069:1af2fda] [com.facebook.react.log:javascript] 'TRACK event saved', { type: 'track',
  event: 'Track pressed',
  properties: { foo: 'bar' } }
2026-02-11 19:21:36.234 I  AnalyticsReactNativeE2E[21069:1af2809] [com.wix.Detox:WebSocket] Action received: invoke
2026-02-11 19:21:36.377 Df AnalyticsReactNativeE2E[21069:1af2809] [com.apple.UIKit:EventDispatch] Sending UIEvent type: 0; subtype: 0; to windows: 1
2026-02-11 19:21:36.378 Df AnalyticsReactNativeE2E[21069:1af2809] [com.apple.UIKit:EventDispatch] Sending UIEvent type: 0; subtype: 0; to window: <UIWindow: 0x104106d60>; contextId: 0x740D22C3
2026-02-11 19:21:36.378 A  AnalyticsReactNativeE2E[21069:1af2809] (UIKitCore) send gesture actions
2026-02-11 19:21:36.394 Df AnalyticsReactNativeE2E[21069:1af2809] [com.apple.UIKit:EventDispatch] Sending UIEvent type: 0; subtype: 0; to windows: 1
2026-02-11 19:21:36.394 Df AnalyticsReactNativeE2E[21069:1af2809] [com.apple.UIKit:EventDispatch] Sending UIEvent type: 0; subtype: 0; to window: <UIWindow: 0x104106d60>; contextId: 0x740D22C3
2026-02-11 19:21:36.394 A  AnalyticsReactNativeE2E[21069:1af2809] (UIKitCore) send gesture actions
2026-02-11 19:21:36.395 Df AnalyticsReactNativeE2E[21069:1af2839] [com.apple.CFNetwork:Default] Task <63188728-BF60-43B4-9BE8-A24945BDB046>.<5> resuming, timeouts(0.0, 604800.0) qos(0x19) voucher((null)) activity(00000000-0000-0000-0000-000000000000)
2026-02-11 19:21:36.395 Db AnalyticsReactNativeE2E[21069:1af2839] [com.apple.network:activity] Returning should log: 0 for activity cfnetwork:foreground_task
2026-02-11 19:21:36.395 Db AnalyticsReactNativeE2E[21069:1af2839] [com.apple.network:activity] Domain cfnetwork rate configured in registry as 1 / 20000
2026-02-11 19:21:36.395 Db AnalyticsReactNativeE2E[21069:1af2839] [com.apple.network:activity] Domain cfnetwork rate configured after remote default override as 1 / 20000
2026-02-11 19:21:36.395 Db AnalyticsReactNativeE2E[21069:1af2839] [com.apple.network:activity] After reading settings plist, domain cfnetwork rate configured as 1 / 2000000
2026-02-11 19:21:36.395 Db AnalyticsReactNativeE2E[21069:1af2839] [com.apple.network:activity] After settings override, domain cfnetwork rate configured as 1 / 2000000
2026-02-11 19:21:36.395 Db AnalyticsReactNativeE2E[21069:1af2839] [com.apple.network:activity] Final domain cfnetwork rate configured as 1 / 2000000
2026-02-11 19:21:36.395 Db AnalyticsReactNativeE2E[21069:1af2839] [com.apple.network:activity] <nw_activity 12:2 [No UUID] (reporting strategy default)> sampled at 1 / 2000000
2026-02-11 19:21:36.395 Db AnalyticsReactNativeE2E[21069:1af2839] [com.apple.network:activity] Returning should log: 0 for activity cfnetwork:foreground_task
2026-02-11 19:21:36.395 Db AnalyticsReactNativeE2E[21069:1af2839] [com.apple.network:activity] Returning should log: 0 for activity cfnetwork:foreground_task
2026-02-11 19:21:36.395 Db AnalyticsReactNativeE2E[21069:1af2839] [com.apple.CFNetwork:Default] [Telemetry]: Activity <nw_activity 12:2 [24B278B6-4782-4C79-BBFA-398868564A7E] (reporting strategy default)> on Task <63188728-BF60-43B4-9BE8-A24945BDB046>.<5> was not selected for reporting
2026-02-11 19:21:36.395 Db AnalyticsReactNativeE2E[21069:1af282f] [com.apple.networkextension:] ne_tracker_check_is_hostname_blocked() proceeding with the in_the_app check for hostname: localhost
2026-02-11 19:21:36.395 Db AnalyticsReactNativeE2E[21069:1af282f] [com.apple.CFBundle:resources] Resource lookup at CFBundle 0x600003b000e0 </Users/abueide/Library/Developer/CoreSimulator/Devices/651CE25F-D2F4-404C-AC47-0364AA5C94A1/data/Containers/Bundle/Application/EE7D5645-3D09-41B7-9BE5-741B512BFF76/AnalyticsReactNativeE2E.app> (executable, loaded)
	Request       : InfoPlist type: strings
	Result        : None
2026-02-11 19:21:36.395 Db AnalyticsReactNativeE2E[21069:1af282f] [com.apple.CFBundle:resources] Resource lookup at CFBundle 0x600003b000e0 </Users/abueide/Library/Developer/CoreSimulator/Devices/651CE25F-D2F4-404C-AC47-0364AA5C94A1/data/Containers/Bundle/Application/EE7D5645-3D09-41B7-9BE5-741B512BFF76/AnalyticsReactNativeE2E.app> (executable, loaded)
	Request       : InfoPlist type: stringsdict
	Result        : None
2026-02-11 19:21:36.395 Db AnalyticsReactNativeE2E[21069:1af282f] [com.apple.networkextension:] ne_tracker_check_is_hostname_blocked(): hostname localhost is not a tracker. Returning: ne_tracker_status_none
2026-02-11 19:21:36.395 Db AnalyticsReactNativeE2E[21069:1af282f] [com.apple.CFNetwork:ATS] Uploading ATS exception ATSAllowsLocalNetworking
2026-02-11 19:21:36.395 Db AnalyticsReactNativeE2E[21069:1af282f] [com.apple.CFNetwork:ATS] Uploading ATS exception ATSExceptionDomains
2026-02-11 19:21:36.395 A  AnalyticsReactNativeE2E[21069:1af2839] (Security) SecTrustReportNetworkingAnalytics
2026-02-11 19:21:36.395 Db AnalyticsReactNativeE2E[21069:1af282f] [com.apple.CFNetwork:Default] Connection 7: set is idle true
