Filtering the log data using "processImagePath BEGINSWITH "/Users/abueide/Library/Developer/CoreSimulator/Devices/651CE25F-D2F4-404C-AC47-0364AA5C94A1/data/Containers/Bundle/Application/2CE46EE6-15A7-4764-BACE-8BE27226907A/AnalyticsReactNativeE2E.app""
Timestamp               Ty Process[PID:TID]
2026-02-11 19:02:04.916 I  AnalyticsReactNativeE2E[3658:1adebdb] [com.wix.Detox:WebSocket] Action received: invoke
2026-02-11 19:02:05.051 Df AnalyticsReactNativeE2E[3658:1adebdb] [com.apple.UIKit:EventDispatch] Sending UIEvent type: 0; subtype: 0; to windows: 1
2026-02-11 19:02:05.051 Df AnalyticsReactNativeE2E[3658:1adebdb] [com.apple.UIKit:EventDispatch] Sending UIEvent type: 0; subtype: 0; to window: <UIWindow: 0x102309070>; contextId: 0x290368A9
2026-02-11 19:02:05.052 A  AnalyticsReactNativeE2E[3658:1adebdb] (UIKitCore) send gesture actions
2026-02-11 19:02:05.067 Df AnalyticsReactNativeE2E[3658:1adebdb] [com.apple.UIKit:EventDispatch] Sending UIEvent type: 0; subtype: 0; to windows: 1
2026-02-11 19:02:05.067 Df AnalyticsReactNativeE2E[3658:1adebdb] [com.apple.UIKit:EventDispatch] Sending UIEvent type: 0; subtype: 0; to window: <UIWindow: 0x102309070>; contextId: 0x290368A9
2026-02-11 19:02:05.067 A  AnalyticsReactNativeE2E[3658:1adebdb] (UIKitCore) send gesture actions
2026-02-11 19:02:05.068 Df AnalyticsReactNativeE2E[3658:1adec2a] [com.apple.CFNetwork:Default] Task <A64D222B-2DCF-42DD-8C15-DC0B8AD1DD27>.<2> resuming, timeouts(0.0, 604800.0) qos(0x19) voucher((null)) activity(00000000-0000-0000-0000-000000000000)
2026-02-11 19:02:05.068 Db AnalyticsReactNativeE2E[3658:1adec2a] [com.apple.network:activity] Returning should log: 0 for activity cfnetwork:foreground_task
2026-02-11 19:02:05.068 Db AnalyticsReactNativeE2E[3658:1adec2a] [com.apple.network:activity] Domain cfnetwork rate configured in registry as 1 / 20000
2026-02-11 19:02:05.068 Db AnalyticsReactNativeE2E[3658:1adec2a] [com.apple.network:activity] Domain cfnetwork rate configured after remote default override as 1 / 20000
2026-02-11 19:02:05.068 Db AnalyticsReactNativeE2E[3658:1adec2a] [com.apple.network:activity] After reading settings plist, domain cfnetwork rate configured as 1 / 2000000
2026-02-11 19:02:05.068 Db AnalyticsReactNativeE2E[3658:1adec2a] [com.apple.network:activity] After settings override, domain cfnetwork rate configured as 1 / 2000000
2026-02-11 19:02:05.068 Db AnalyticsReactNativeE2E[3658:1adec2a] [com.apple.network:activity] Final domain cfnetwork rate configured as 1 / 2000000
2026-02-11 19:02:05.068 Db AnalyticsReactNativeE2E[3658:1adec2a] [com.apple.network:activity] <nw_activity 12:2 [No UUID] (reporting strategy default)> sampled at 1 / 2000000
2026-02-11 19:02:05.068 Db AnalyticsReactNativeE2E[3658:1adec2a] [com.apple.network:activity] Returning should log: 0 for activity cfnetwork:foreground_task
2026-02-11 19:02:05.068 Db AnalyticsReactNativeE2E[3658:1adec2a] [com.apple.network:activity] Returning should log: 0 for activity cfnetwork:foreground_task
2026-02-11 19:02:05.068 Db AnalyticsReactNativeE2E[3658:1adec2a] [com.apple.CFNetwork:Default] [Telemetry]: Activity <nw_activity 12:2 [D0FE7092-3292-4D1E-82CE-E9DDC077FEDE] (reporting strategy default)> on Task <A64D222B-2DCF-42DD-8C15-DC0B8AD1DD27>.<2> was not selected for reporting
2026-02-11 19:02:05.069 Db AnalyticsReactNativeE2E[3658:1adec2a] [com.apple.networkextension:] ne_tracker_check_is_hostname_blocked() proceeding with the in_the_app check for hostname: localhost
2026-02-11 19:02:05.069 Db AnalyticsReactNativeE2E[3658:1adec2a] [com.apple.CFBundle:resources] Resource lookup at CFBundle 0x600003b00000 </Users/abueide/Library/Developer/CoreSimulator/Devices/651CE25F-D2F4-404C-AC47-0364AA5C94A1/data/Containers/Bundle/Application/2CE46EE6-15A7-4764-BACE-8BE27226907A/AnalyticsReactNativeE2E.app> (executable, loaded)
	Request       : InfoPlist type: strings
	Result        : None
2026-02-11 19:02:05.069 Db AnalyticsReactNativeE2E[3658:1adec2a] [com.apple.CFBundle:resources] Resource lookup at CFBundle 0x600003b00000 </Users/abueide/Library/Developer/CoreSimulator/Devices/651CE25F-D2F4-404C-AC47-0364AA5C94A1/data/Containers/Bundle/Application/2CE46EE6-15A7-4764-BACE-8BE27226907A/AnalyticsReactNativeE2E.app> (executable, loaded)
	Request       : InfoPlist type: stringsdict
	Result        : None
2026-02-11 19:02:05.069 Db AnalyticsReactNativeE2E[3658:1adec2a] [com.apple.networkextension:] ne_tracker_check_is_hostname_blocked(): hostname localhost is not a tracker. Returning: ne_tracker_status_none
2026-02-11 19:02:05.069 Db AnalyticsReactNativeE2E[3658:1adec2a] [com.apple.CFNetwork:ATS] Uploading ATS exception ATSAllowsLocalNetworking
2026-02-11 19:02:05.069 Db AnalyticsReactNativeE2E[3658:1adec2a] [com.apple.CFNetwork:ATS] Uploading ATS exception ATSExceptionDomains
2026-02-11 19:02:05.069 A  AnalyticsReactNativeE2E[3658:1adf47c] (Security) SecTrustReportNetworkingAnalytics
2026-02-11 19:02:05.069 Db AnalyticsReactNativeE2E[3658:1adec2a] [com.apple.CFNetwork:Default] Connection 10: set is idle true
2026-02-11 19:02:05.069 Df AnalyticsReactNativeE2E[3658:1adec2a] [com.apple.network:connection] [C10] event: client:connection_idle @2.175s
2026-02-11 19:02:05.069 I  AnalyticsReactNativeE2E[3658:1adec2a] [com.apple.network:connection] nw_endpoint_handler_report_connection_idle [C10 IPv6#379a4a20.9091 ready parent-flow (satisfied (Path is satisfied), interface: en0[802.11], uses wifi, LQM: unknown)] Reporting connection idle to protocols
2026-02-11 19:02:05.069 I  AnalyticsReactNativeE2E[3658:1adec2a] [com.apple.network:connection] nw_flow_passthrough_notify [C10.1.1 IPv6#379a4a20.9091 ready socket-flow (satisfied (Path is satisfied), interface: lo0)] received notification connection_idle
2026-02-11 19:02:05.069 Df AnalyticsReactNativeE2E[3658:1adec2a] [com.apple.network:connection] nw_protocol_socket_notify [C10.1.1:2] nw_protocol_notification_type_connection_idle is true
2026-02-11 19:02:05.069 E  AnalyticsReactNativeE2E[3658:1adec2a] [com.apple.network:connection] nw_socket_set_connection_idle [C10.1.1:2] setsockopt SO_CONNECTION_IDLE failed [42: Protocol not available]
2026-02-11 19:02:05.069 Df AnalyticsReactNativeE2E[3658:1adec2a] [com.apple.CFNetwork:Default] Task <A64D222B-2DCF-42DD-8C15-DC0B8AD1DD27>.<2> now using Connection 10
2026-02-11 19:02:05.069 Db AnalyticsReactNativeE2E[3658:1adec2a] [com.apple.network:activity] Returning should log: 0 for activity cfnetwork:foreground_task
2026-02-11 19:02:05.069 Db AnalyticsReactNativeE2E[3658:1adec2a] [com.apple.network:connection] nw_connection_modify_estimated_bytes_block_invoke [C10] Incremented estimated bytes to send by 1795, total now 1795
2026-02-11 19:02:05.069 Db AnalyticsReactNativeE2E[3658:1adec2a] [com.apple.network:connection] nw_connection_modify_estimated_bytes_block_invoke [C10] Using lower threshold 12582912, upper threshold 31457280
2026-02-11 19:02:05.069 Db AnalyticsReactNativeE2E[3658:1adec2a] [com.apple.CFNetwork:Default] Connection 10: set is idle false
2026-02-11 19:02:05.069 Df AnalyticsReactNativeE2E[3658:1adec2a] [com.apple.network:connection] [C10] event: client:connection_reused @2.175s
2026-02-11 19:02:05.069 I  AnalyticsReactNativeE2E[3658:1adec2a] [com.apple.network:connection] nw_endpoint_handler_report_connection_idle [C10 IPv6#379a4a20.9091 ready parent-flow (satisfied (Path is satisfied), interface: en0[802.11], uses wifi, LQM: unknown)] Reporting connection not idle to protocols
2026-02-11 19:02:05.069 I  AnalyticsReactNativeE2E[3658:1adec2a] [com.apple.network:connection] nw_flow_passthrough_notify [C10.1.1 IPv6#379a4a20.9091 ready socket-flow (satisfied (Path is satisfied), interface: lo0)] received notification connection_idle
2026-02-11 19:02:05.069 Df AnalyticsReactNativeE2E[3658:1adec2a] [com.apple.network:connection] nw_protocol_socket_notify [C10.1.1:2] nw_protocol_notification_type_connection_idle is false
2026-02-11 19:02:05.069 E  AnalyticsReactNativeE2E[3658:1adec2a] [com.apple.network:connection] nw_socket_set_connection_idle [C10.1.1:2] setsockopt SO_CONNECTION_IDLE failed [42: Protocol not available]
2026-02-11 19:02:05.069 Df AnalyticsReactNativeE2E[3658:1adf47c] [com.apple.securityd:SecError] SecTrustReportNetworkingAnalytics failed with error: -4
2026-02-11 19:02:05.069 A  AnalyticsReactNativeE2E[3658:1adf47c] (Security) SecTrustReportNetworkingAnalytics
2026-02-11 19:02:05.069 Df AnalyticsReactNativeE2E[3658:1adec48] [com.apple.CFNetwork:Default] Task <A64D222B-2DCF-42DD-8C15-DC0B8AD1DD27>.<2> sent request, body S 1795
2026-02-11 19:02:05.070 Df AnalyticsReactNativeE2E[3658:1adf47c] [com.apple.securityd:SecError] SecTrustReportNetworkingAnalytics failed with error: -4
2026-02-11 19:02:05.070 Df AnalyticsReactNativeE2E[3658:1adf47c] [com.apple.CFNetwork:Default] Task <A64D222B-2DCF-42DD-8C15-DC0B8AD1DD27>.<2> received response, status 200 content K
2026-02-11 19:02:05.070 Db AnalyticsReactNativeE2E[3658:1adf47c] [com.apple.network:connection] nw_connection_modify_estimated_bytes_block_invoke [C10] Incremented estimated bytes to receive by 20, total now 395
2026-02-11 19:02:05.070 Db AnalyticsReactNativeE2E[3658:1adf47c] [com.apple.network:connection] nw_connection_modify_estimated_bytes_block_invoke [C10] Using lower threshold 12582912, upper threshold 31457280
2026-02-11 19:02:05.070 Df AnalyticsReactNativeE2E[3658:1adf47c] [com.apple.CFNetwork:Default] Task <A64D222B-2DCF-42DD-8C15-DC0B8AD1DD27>.<2> response ended
2026-02-11 19:02:05.070 Df AnalyticsReactNativeE2E[3658:1adf47c] [com.apple.CFNetwork:Default] Task <A64D222B-2DCF-42DD-8C15-DC0B8AD1DD27>.<2> done using Connection 10
2026-02-11 19:02:05.070 Db AnalyticsReactNativeE2E[3658:1adf47c] [com.apple.network:activity] Returning should log: 0 for activity cfnetwork:foreground_task
2026-02-11 19:02:05.070 Db AnalyticsReactNativeE2E[3658:1adf47c] [com.apple.CFNetwork:Default] Connection 10: set is idle true
2026-02-11 19:02:05.070 Df AnalyticsReactNativeE2E[3658:1adf47c] [com.apple.network:connection] [C10] event: client:connection_idle @2.176s
2026-02-11 19:02:05.070 I  AnalyticsReactNativeE2E[3658:1adf47c] [com.apple.network:connection] nw_endpoint_handler_report_connection_idle [C10 IPv6#379a4a20.9091 ready parent-flow (satisfied (Path is satisfied), interface: en0[802.11], uses wifi, LQM: unknown)] Reporting connection idle to protocols
2026-02-11 19:02:05.070 I  AnalyticsReactNativeE2E[3658:1adf47c] [com.apple.network:connection] nw_flow_passthrough_notify [C10.1.1 IPv6#379a4a20.9091 ready socket-flow (satisfied (Path is satisfied), interface: lo0)] received notification connection_idle
2026-02-11 19:02:05.070 Df AnalyticsReactNativeE2E[3658:1adf47c] [com.apple.network:connection] nw_protocol_socket_notify [C10.1.1:2] nw_protocol_notification_type_connection_idle is true
2026-02-11 19:02:05.070 E  AnalyticsReactNativeE2E[3658:1adf47c] [com.apple.network:connection] nw_socket_set_connection_idle [C10.1.1:2] setsockopt SO_CONNECTION_IDLE failed [42: Protocol not available]
2026-02-11 19:02:05.070 I  AnalyticsReactNativeE2E[3658:1adec48] [com.apple.runningboard:assertion] Acquiring assertion: <RBSAssertionDescriptor| "com.apple.CFNetwork.StorageDB" ID:(null) target:3658>
2026-02-11 19:02:05.070 Df AnalyticsReactNativeE2E[3658:1adec2a] [com.apple.CFNetwork:Summary] Task <A64D222B-2DCF-42DD-8C15-DC0B8AD1DD27>.<2> summary for task success {transaction_duration_ms=1, response_status=200, connection=10, reused=1, reused_after_ms=0, request_start_ms=0, request_duration_ms=0, response_start_ms=1, response_duration_ms=0, request_bytes=2086, request_throughput_kbps=123556, response_bytes=255, response_throughput_kbps=16582, cache_hit=true}
2026-02-11 19:02:05.070 Db AnalyticsReactNativeE2E[3658:1adf47c] [com.apple.CFNetwork:Default] Connection 10: set is idle true
2026-02-11 19:02:05.070 Df AnalyticsReactNativeE2E[3658:1adec2a] [com.apple.CFNetwork:Default] Task <A64D222B-2DCF-42DD-8C15-DC0B8AD1DD27>.<2> finished successfully
2026-02-11 19:02:05.070 Df AnalyticsReactNativeE2E[3658:1adf47c] [com.apple.network:connection] [C10] event: client:connection_idle @2.176s
2026-02-11 19:02:05.070 Db AnalyticsReactNativeE2E[3658:1adec2a] [com.apple.network:activity] Returning should log: 0 for activity cfnetwork:foreground_task
2026-02-11 19:02:05.070 I  AnalyticsReactNativeE2E[3658:1adf47c] [com.apple.network:connection] nw_endpoint_handler_report_connection_idle [C10 IPv6#379a4a20.9091 ready parent-flow (satisfied (Path is satisfied), interface: en0[802.11], uses wifi, LQM: unknown)] Reporting connection idle to protocols
2026-02-11 19:02:05.070 Db AnalyticsReactNativeE2E[3658:1adec2a] [com.apple.network:activity] Returning should log: 0 for activity cfnetwork:foreground_task
2026-02-11 19:02:05.070 I  AnalyticsReactNativeE2E[3658:1adf47c] [com.apple.network:connection] nw_flow_passthrough_notify [C10.1.1 IPv6#379a4a20.9091 ready socket-flow (satisfied (Path is satisfied), interface: lo0)] received notification connection_idle
2026-02-11 19:02:05.070 Db AnalyticsReactNativeE2E[3658:1adec2a] [com.apple.network:activity] No threshold for cfnetwork:foreground_task, returning NW_ACTIVITY_DURATION_INVALID
2026-02-11 19:02:05.070 Df AnalyticsReactNativeE2E[3658:1adf47c] [com.apple.network:connection] nw_protocol_socket_notify [C10.1.1:2] nw_protocol_notification_type_connection_idle is true
2026-02-11 19:02:05.070 Db AnalyticsReactNativeE2E[3658:1adec2a] [com.apple.network:activity] No threshold for activity <nw_activity 12:2 [D0FE7092-3292-4D1E-82CE-E9DDC077FEDE] (reporting strategy default) complete (reason success)>
2026-02-11 19:02:05.070 E  AnalyticsReactNativeE2E[3658:1adf47c] [com.apple.network:connection] nw_socket_set_connection_idle [C10.1.1:2] setsockopt SO_CONNECTION_IDLE failed [42: Protocol not available]
2026-02-11 19:02:05.071 I  AnalyticsReactNativeE2E[3658:1adfd28] [com.facebook.react.log:javascript] Sent 2 events
2026-02-11 19:02:05.071 Db AnalyticsReactNativeE2E[3658:1adec48] [com.apple.runningboard:assertion] Adding assertion 1422-3658-950 to dictionary
2026-02-11 19:02:06.458 I  AnalyticsReactNativeE2E[3658:1adebdb] [com.wix.Detox:WebSocket] Action received: invoke
2026-02-11 19:02:06.584 Df AnalyticsReactNativeE2E[3658:1adebdb] [com.apple.UIKit:EventDispatch] Sending UIEvent type: 0; subtype: 0; to windows: 1
2026-02-11 19:02:06.584 Df AnalyticsReactNativeE2E[3658:1adebdb] [com.apple.UIKit:EventDispatch] Sending UIEvent type: 0; subtype: 0; to window: <UIWindow: 0x102309070>; contextId: 0x290368A9
2026-02-11 19:02:06.585 A  AnalyticsReactNativeE2E[3658:1adebdb] (UIKitCore) send gesture actions
2026-02-11 19:02:06.601 Df AnalyticsReactNativeE2E[3658:1adebdb] [com.apple.UIKit:EventDispatch] Sending UIEvent type: 0; subtype: 0; to windows: 1
2026-02-11 19:02:06.601 Df AnalyticsReactNativeE2E[3658:1adebdb] [com.apple.UIKit:EventDispatch] Sending UIEvent type: 0; subtype: 0; to window: <UIWindow: 0x102309070>; contextId: 0x290368A9
2026-02-11 19:02:06.601 A  AnalyticsReactNativeE2E[3658:1adebdb] (UIKitCore) send gesture actions
2026-02-11 19:02:06.602 I  AnalyticsReactNativeE2E[3658:1adfd28] [com.facebook.react.log:javascript] 'TRACK event saved', { type: 'track',
  event: 'Track pressed',
  properties: { foo: 'bar' } }
2026-02-11 19:02:07.290 I  AnalyticsReactNativeE2E[3658:1adebdb] [com.wix.Detox:WebSocket] Action received: invoke
2026-02-11 19:02:07.291 Db AnalyticsReactNativeE2E[3658:1adf47c] [com.apple.network:connection] nw_association_schedule_deactivation_block_invoke <nw_association Hostname#a6e87fda:9091> becoming dormant
2026-02-11 19:02:07.291 Db AnalyticsReactNativeE2E[3658:1adf47c] [com.apple.network:connection] nw_association_schedule_deactivation_block_invoke <nw_association IPv6#379a4a20.9091> becoming dormant
2026-02-11 19:02:07.291 Db AnalyticsReactNativeE2E[3658:1adf47c] [com.apple.CFNetwork:Coalescing] removing all entries config 0x60000022bba0
2026-02-11 19:02:07.291 I  AnalyticsReactNativeE2E[3658:1adf47c] [com.apple.network:] nw_context_dealloc Deallocating context <nw_context (null) (private)>
2026-02-11 19:02:07.291 I  AnalyticsReactNativeE2E[3658:1adf47c] [com.apple.network:] nw_context_purge_endpoints Context <nw_context com.apple.CFNetwork.NSURLSession.{7D1AEA02-D607-4D43-85FA-4850AF613270}{(null)}{Y}{2}{0x0} (private)> has more than 0 cache entries, purging 1 from 1 down to 0
2026-02-11 19:02:07.291 Db AnalyticsReactNativeE2E[3658:1adf47c] [com.apple.network:endpoint] endpoint IPv6#379a4a20.9091 has nothing to cleanup, no protocol instance registrars
2026-02-11 19:02:07.291 Db AnalyticsReactNativeE2E[3658:1adf47c] [com.apple.network:endpoint] endpoint Hostname#a6e87fda:9091 has nothing to cleanup, no protocol instance registrars
2026-02-11 19:02:07.291 I  AnalyticsReactNativeE2E[3658:1adf47c] [com.apple.network:] nw_context_dealloc Deallocating context <nw_context (null) (private)>
2026-02-11 19:02:07.417 Df AnalyticsReactNativeE2E[3658:1adebdb] [com.apple.UIKit:EventDispatch] Sending UIEvent type: 0; subtype: 0; to windows: 1
2026-02-11 19:02:07.418 Df AnalyticsReactNativeE2E[3658:1adebdb] [com.apple.UIKit:EventDispatch] Sending UIEvent type: 0; subtype: 0; to window: <UIWindow: 0x102309070>; contextId: 0x290368A9
2026-02-11 19:02:07.418 A  AnalyticsReactNativeE2E[3658:1adebdb] (UIKitCore) send gesture actions
2026-02-11 19:02:07.434 Df AnalyticsReactNativeE2E[3658:1adebdb] [com.apple.UIKit:EventDispatch] Sending UIEvent type: 0; subtype: 0; to windows: 1
2026-02-11 19:02:07.435 Df AnalyticsReactNativeE2E[3658:1adebdb] [com.apple.UIKit:EventDispatch] Sending UIEvent type: 0; subtype: 0; to window: <UIWindow: 0x102309070>; contextId: 0x290368A9
2026-02-11 19:02:07.435 A  AnalyticsReactNativeE2E[3658:1adebdb] (UIKitCore) send gesture actions
2026-02-11 19:02:07.435 Df AnalyticsReactNativeE2E[3658:1adf47e] [com.apple.CFNetwork:Default] Task <0F894B05-09E4-4D78-8F96-92B5EA2C1DEC>.<3> resuming, timeouts(0.0, 604800.0) qos(0x19) voucher((null)) activity(00000000-0000-0000-0000-000000000000)
2026-02-11 19:02:07.435 Db AnalyticsReactNativeE2E[3658:1adf47e] [com.apple.network:activity] Returning should log: 0 for activity cfnetwork:foreground_task
2026-02-11 19:02:07.435 Db AnalyticsReactNativeE2E[3658:1adf47e] [com.apple.network:activity] Domain cfnetwork rate configured in registry as 1 / 20000
2026-02-11 19:02:07.435 Db AnalyticsReactNativeE2E[3658:1adf47e] [com.apple.network:activity] Domain cfnetwork rate configured after remote default override as 1 / 20000
2026-02-11 19:02:07.435 Db AnalyticsReactNativeE2E[3658:1adf47e] [com.apple.network:activity] After reading settings plist, domain cfnetwork rate configured as 1 / 2000000
2026-02-11 19:02:07.435 Db AnalyticsReactNativeE2E[3658:1adf47e] [com.apple.network:activity] After settings override, domain cfnetwork rate configured as 1 / 2000000
2026-02-11 19:02:07.435 Db AnalyticsReactNativeE2E[3658:1adf47e] [com.apple.network:activity] Final domain cfnetwork rate configured as 1 / 2000000
2026-02-11 19:02:07.436 Db AnalyticsReactNativeE2E[3658:1adf47e] [com.apple.network:activity] <nw_activity 12:2 [No UUID] (reporting strategy default)> sampled at 1 / 2000000
2026-02-11 19:02:07.436 Db AnalyticsReactNativeE2E[3658:1adf47e] [com.apple.network:activity] Returning should log: 0 for activity cfnetwork:foreground_task
2026-02-11 19:02:07.436 Db AnalyticsReactNativeE2E[3658:1adf47e] [com.apple.network:activity] Returning should log: 0 for activity cfnetwork:foreground_task
2026-02-11 19:02:07.436 Db AnalyticsReactNativeE2E[3658:1adf47e] [com.apple.CFNetwork:Default] [Telemetry]: Activity <nw_activity 12:2 [CE5F8CDC-8B3B-4119-BFC2-6E62B73ACFD1] (reporting strategy default)> on Task <0F894B05-09E4-4D78-8F96-92B5EA2C1DEC>.<3> was not selected for reporting
2026-02-11 19:02:07.436 Db AnalyticsReactNativeE2E[3658:1adf47e] [com.apple.networkextension:] ne_tracker_check_is_hostname_blocked() proceeding with the in_the_app check for hostname: localhost
2026-02-11 19:02:07.436 Db AnalyticsReactNativeE2E[3658:1adf47e] [com.apple.CFBundle:resources] Resource lookup at CFBundle 0x600003b00000 </Users/abueide/Library/Developer/CoreSimulator/Devices/651CE25F-D2F4-404C-AC47-0364AA5C94A1/data/Containers/Bundle/Application/2CE46EE6-15A7-4764-BACE-8BE27226907A/AnalyticsReactNativeE2E.app> (executable, loaded)
	Request       : InfoPlist type: strings
	Result        : None
2026-02-11 19:02:07.436 Db AnalyticsReactNativeE2E[3658:1adf47e] [com.apple.CFBundle:resources] Resource lookup at CFBundle 0x600003b00000 </Users/abueide/Library/Developer/CoreSimulator/Devices/651CE25F-D2F4-404C-AC47-0364AA5C94A1/data/Containers/Bundle/Application/2CE46EE6-15A7-4764-BACE-8BE27226907A/AnalyticsReactNativeE2E.app> (executable, loaded)
	Request       : InfoPlist type: stringsdict
	Result        : None
2026-02-11 19:02:07.436 Db AnalyticsReactNativeE2E[3658:1adf47e] [com.apple.networkextension:] ne_tracker_check_is_hostname_blocked(): hostname localhost is not a tracker. Returning: ne_tracker_status_none
2026-02-11 19:02:07.436 Db AnalyticsReactNativeE2E[3658:1adf47e] [com.apple.CFNetwork:ATS] Uploading ATS exception ATSAllowsLocalNetworking
2026-02-11 19:02:07.436 Db AnalyticsReactNativeE2E[3658:1adf47e] [com.apple.CFNetwork:ATS] Uploading ATS exception ATSExceptionDomains
2026-02-11 19:02:07.436 A  AnalyticsReactNativeE2E[3658:1adf47c] (Security) SecTrustReportNetworkingAnalytics
2026-02-11 19:02:07.436 Db AnalyticsReactNativeE2E[3658:1adf47e] [com.apple.CFNetwork:Default] Connection 10: set is idle true
2026-02-11 19:02:07.436 Df AnalyticsReactNativeE2E[3658:1adf47e] [com.apple.network:connection] [C10] event: client:connection_idle @4.542s
2026-02-11 19:02:07.436 I  AnalyticsReactNativeE2E[3658:1adf47e] [com.apple.network:connection] nw_endpoint_handler_report_connection_idle [C10 IPv6#379a4a20.9091 ready parent-flow (satisfied (Path is satisfied), interface: en0[802.11], uses wifi, LQM: unknown)] Reporting connection idle to protocols
2026-02-11 19:02:07.436 I  AnalyticsReactNativeE2E[3658:1adf47e] [com.apple.network:connection] nw_flow_passthrough_notify [C10.1.1 IPv6#379a4a20.9091 ready socket-flow (satisfied (Path is satisfied), interface: lo0)] received notification connection_idle
2026-02-11 19:02:07.436 Df AnalyticsReactNativeE2E[3658:1adf47e] [com.apple.network:connection] nw_protocol_socket_notify [C10.1.1:2] nw_protocol_notification_type_connection_idle is true
2026-02-11 19:02:07.436 E  AnalyticsReactNativeE2E[3658:1adf47e] [com.apple.network:connection] nw_socket_set_connection_idle [C10.1.1:2] setsockopt SO_CONNECTION_IDLE failed [42: Protocol not available]
2026-02-11 19:02:07.436 Df AnalyticsReactNativeE2E[3658:1adf47e] [com.apple.CFNetwork:Default] Task <0F894B05-09E4-4D78-8F96-92B5EA2C1DEC>.<3> now using Connection 10
2026-02-11 19:02:07.436 Db AnalyticsReactNativeE2E[3658:1adf47e] [com.apple.network:activity] Returning should log: 0 for activity cfnetwork:foreground_task
2026-02-11 19:02:07.436 Db AnalyticsReactNativeE2E[3658:1adf47e] [com.apple.network:connection] nw_connection_modify_estimated_bytes_block_invoke [C10] Incremented estimated bytes to send by 907, total now 2702
2026-02-11 19:02:07.436 Db AnalyticsReactNativeE2E[3658:1adf47e] [com.apple.network:connection] nw_connection_modify_estimated_bytes_block_invoke [C10] Using lower threshold 12582912, upper threshold 31457280
2026-02-11 19:02:07.436 Db AnalyticsReactNativeE2E[3658:1adf47e] [com.apple.CFNetwork:Default] Connection 10: set is idle false
2026-02-11 19:02:07.436 Df AnalyticsReactNativeE2E[3658:1adf47e] [com.apple.network:connection] [C10] event: client:connection_reused @4.542s
2026-02-11 19:02:07.436 I  AnalyticsReactNativeE2E[3658:1adf47e] [com.apple.network:connection] nw_endpoint_handler_report_connection_idle [C10 IPv6#379a4a20.9091 ready parent-flow (satisfied (Path is satisfied), interface: en0[802.11], uses wifi, LQM: unknown)] Reporting connection not idle to protocols
2026-02-11 19:02:07.436 I  AnalyticsReactNativeE2E[3658:1adf47e] [com.apple.network:connection] nw_flow_passthrough_notify [C10.1.1 IPv6#379a4a20.9091 ready socket-flow (satisfied (Path is satisfied), interface: lo0)] received notification connection_idle
2026-02-11 19:02:07.436 Df AnalyticsReactNativeE2E[3658:1adf47e] [com.apple.network:connection] nw_protocol_socket_notify [C10.1.1:2] nw_protocol_notification_type_connection_idle is false
2026-02-11 19:02:07.436 E  AnalyticsReactNativeE2E[3658:1adf47e] [com.apple.network:connection] nw_socket_set_connection_idle [C10.1.1:2] setsockopt SO_CONNECTION_IDLE failed [42: Protocol not available]
2026-02-11 19:02:07.436 Df AnalyticsReactNativeE2E[3658:1adf47c] [com.apple.securityd:SecError] SecTrustReportNetworkingAnalytics failed with error: -4
2026-02-11 19:02:07.436 A  AnalyticsReactNativeE2E[3658:1adf47c] (Security) SecTrustReportNetworkingAnalytics
2026-02-11 19:02:07.436 Df AnalyticsReactNativeE2E[3658:1adec48] [com.apple.CFNetwork:Default] Task <0F894B05-09E4-4D78-8F96-92B5EA2C1DEC>.<3> sent request, body S 907
2026-02-11 19:02:07.437 Df AnalyticsReactNativeE2E[3658:1adf47c] [com.apple.securityd:SecError] SecTrustReportNetworkingAnalytics failed with error: -4
2026-02-11 19:02:07.437 Df AnalyticsReactNativeE2E[3658:1adf47c] [com.apple.CFNetwork:Default] Task <0F894B05-09E4-4D78-8F96-92B5EA2C1DEC>.<3> received response, status 400 content K
2026-02-11 19:02:07.437 Db AnalyticsReactNativeE2E[3658:1adf47c] [com.apple.network:connection] nw_connection_modify_estimated_bytes_block_invoke [C10] Incremented estimated bytes to receive by 23, total now 418
2026-02-11 19:02:07.437 Db AnalyticsReactNativeE2E[3658:1adf47c] [com.apple.network:connection] nw_connection_modify_estimated_bytes_block_invoke [C10] Using lower threshold 12582912, upper threshold 31457280
2026-02-11 19:02:07.437 Df AnalyticsReactNativeE2E[3658:1adf47c] [com.apple.CFNetwork:Default] Task <0F894B05-09E4-4D78-8F96-92B5EA2C1DEC>.<3> response ended
2026-02-11 19:02:07.437 Df AnalyticsReactNativeE2E[3658:1adf47c] [com.apple.CFNetwork:Default] Task <0F894B05-09E4-4D78-8F96-92B5EA2C1DEC>.<3> done using Connection 10
2026-02-11 19:02:07.437 Db AnalyticsReactNativeE2E[3658:1adf47c] [com.apple.network:activity] Returning should log: 0 for activity cfnetwork:foreground_task
2026-02-11 19:02:07.437 Db AnalyticsReactNativeE2E[3658:1adf47c] [com.apple.CFNetwork:Default] Connection 10: set is idle true
2026-02-11 19:02:07.437 Df AnalyticsReactNativeE2E[3658:1adf47c] [com.apple.network:connection] [C10] event: client:connection_idle @4.543s
2026-02-11 19:02:07.437 Df AnalyticsReactNativeE2E[3658:1adec48] [com.apple.CFNetwork:Summary] Task <0F894B05-09E4-4D78-8F96-92B5EA2C1DEC>.<3> summary for task success {transaction_duration_ms=1, response_status=400, connection=10, reused=1, reused_after_ms=0, request_start_ms=0, request_duration_ms=0, response_start_ms=1, response_duration_ms=0, request_bytes=1197, request_throughput_kbps=59503, response_bytes=267, response_throughput_kbps=15146, cache_hit=true}
2026-02-11 19:02:07.437 I  AnalyticsReactNativeE2E[3658:1adf47c] [com.apple.network:connection] nw_endpoint_handler_report_connection_idle [C10 IPv6#379a4a20.9091 ready parent-flow (satisfied (Path is satisfied), interface: en0[802.11], uses wifi, LQM: unknown)] Reporting connection idle to protocols
2026-02-11 19:02:07.437 I  AnalyticsReactNativeE2E[3658:1adf47c] [com.apple.network:connection] nw_flow_passthrough_notify [C10.1.1 IPv6#379a4a20.9091 ready socket-flow (satisfied (Path is satisfied), interface: lo0)] received notification connection_idle
2026-02-11 19:02:07.437 Df AnalyticsReactNativeE2E[3658:1adec48] [com.apple.CFNetwork:Default] Task <0F894B05-09E4-4D78-8F96-92B5EA2C1DEC>.<3> finished successfully
2026-02-11 19:02:07.437 Df AnalyticsReactNativeE2E[3658:1adf47c] [com.apple.network:connection] nw_protocol_socket_notify [C10.1.1:2] nw_protocol_notification_type_connection_idle is true
2026-02-11 19:02:07.437 Db AnalyticsReactNativeE2E[3658:1adec48] [com.apple.network:activity] Returning should log: 0 for activity cfnetwork:foreground_task
2026-02-11 19:02:07.437 E  AnalyticsReactNativeE2E[3658:1adf47c] [com.apple.network:connection] nw_socket_set_connection_idle [C10.1.1:2] setsockopt SO_CONNECTION_IDLE failed [42: Protocol not available]
2026-02-11 19:02:07.437 Db AnalyticsReactNativeE2E[3658:1adec48] [com.apple.network:activity] Returning should log: 0 for activity cfnetwork:foreground_task
2026-02-11 19:02:07.437 Db AnalyticsReactNativeE2E[3658:1adf47c] [com.apple.CFNetwork:Default] Connection 10: set is idle true
2026-02-11 19:02:07.437 Db AnalyticsReactNativeE2E[3658:1adec48] [com.apple.network:activity] No threshold for cfnetwork:foreground_task, returning NW_ACTIVITY_DURATION_INVALID
2026-02-11 19:02:07.437 Df AnalyticsReactNativeE2E[3658:1adf47c] [com.apple.network:connection] [C10] event: client:connection_idle @4.543s
2026-02-11 19:02:07.437 Db AnalyticsReactNativeE2E[3658:1adec48] [com.apple.network:activity] No threshold for activity <nw_activity 12:2 [CE5F8CDC-8B3B-4119-BFC2-6E62B73ACFD1] (reporting strategy default) complete (reason success)>
2026-02-11 19:02:07.438 I  AnalyticsReactNativeE2E[3658:1adf47c] [com.apple.network:connection] nw_endpoint_handler_report_connection_idle [C10 IPv6#379a4a20.9091 ready parent-flow (satisfied (Path is satisfied), interface: en0[802.11], uses wifi, LQM: unknown)] Reporting connection idle to protocols
2026-02-11 19:02:07.438 I  AnalyticsReactNativeE2E[3658:1adf47c] [com.apple.network:connection] nw_flow_passthrough_notify [C10.1.1 IPv6#379a4a20.9091 ready socket-flow (satisfied (Path is satisfied), interface: lo0)] received notification connection_idle
2026-02-11 19:02:07.438 Df AnalyticsReactNativeE2E[3658:1adf47c] [com.apple.network:connection] nw_protocol_socket_notify [C10.1.1:2] nw_protocol_notification_type_connection_idle is true
2026-02-11 19:02:07.438 E  AnalyticsReactNativeE2E[3658:1adf47c] [com.apple.network:connection] nw_socket_set_connection_idle [C10.1.1:2] setsockopt SO_CONNECTION_IDLE failed [42: Protocol not available]
2026-02-11 19:02:07.438 I  AnalyticsReactNativeE2E[3658:1adfd28] [com.facebook.react.log:javascript] 'An internal error occurred: ', { [Error] type: 2, innerError: undefined, statusCode: 400 }
2026-02-11 19:02:07.438 I  AnalyticsReactNativeE2E[3658:1adfd28] [com.facebook.react.log:javascript] { [Error] type: 2, innerError: undefined, statusCode: 400 }
2026-02-11 19:02:07.438 E  AnalyticsReactNativeE2E[3658:1adfd28] [com.facebook.react.log:javascript] Failed to send 1 events.
2026-02-11 19:02:08.126 I  AnalyticsReactNativeE2E[3658:1adebdb] [com.wix.Detox:WebSocket] Action received: invoke
2026-02-11 19:02:08.268 Df AnalyticsReactNativeE2E[3658:1adebdb] [com.apple.UIKit:EventDispatch] Sending UIEvent type: 0; subtype: 0; to windows: 1
2026-02-11 19:02:08.268 Df AnalyticsReactNativeE2E[3658:1adebdb] [com.apple.UIKit:EventDispatch] Sending UIEvent type: 0; subtype: 0; to window: <UIWindow: 0x102309070>; contextId: 0x290368A9
2026-02-11 19:02:08.269 A  AnalyticsReactNativeE2E[3658:1adebdb] (UIKitCore) send gesture actions
2026-02-11 19:02:08.284 Df AnalyticsReactNativeE2E[3658:1adebdb] [com.apple.UIKit:EventDispatch] Sending UIEvent type: 0; subtype: 0; to windows: 1
2026-02-11 19:02:08.285 Df AnalyticsReactNativeE2E[3658:1adebdb] [com.apple.UIKit:EventDispatch] Sending UIEvent type: 0; subtype: 0; to window: <UIWindow: 0x102309070>; contextId: 0x290368A9
2026-02-11 19:02:08.285 A  AnalyticsReactNativeE2E[3658:1adebdb] (UIKitCore) send gesture actions
2026-02-11 19:02:08.285 I  AnalyticsReactNativeE2E[3658:1adfd28] [com.facebook.react.log:javascript] 'TRACK event saved', { type: 'track',
  event: 'Track pressed',
  properties: { foo: 'bar' } }
2026-02-11 19:02:08.974 I  AnalyticsReactNativeE2E[3658:1adebdb] [com.wix.Detox:WebSocket] Action received: invoke
2026-02-11 19:02:09.101 Df AnalyticsReactNativeE2E[3658:1adebdb] [com.apple.UIKit:EventDispatch] Sending UIEvent type: 0; subtype: 0; to windows: 1
2026-02-11 19:02:09.101 Df AnalyticsReactNativeE2E[3658:1adebdb] [com.apple.UIKit:EventDispatch] Sending UIEvent type: 0; subtype: 0; to window: <UIWindow: 0x102309070>; contextId: 0x290368A9
2026-02-11 19:02:09.101 A  AnalyticsReactNativeE2E[3658:1adebdb] (UIKitCore) send gesture actions
2026-02-11 19:02:09.118 Df AnalyticsReactNativeE2E[3658:1adebdb] [com.apple.UIKit:EventDispatch] Sending UIEvent type: 0; subtype: 0; to windows: 1
2026-02-11 19:02:09.118 Df AnalyticsReactNativeE2E[3658:1adebdb] [com.apple.UIKit:EventDispatch] Sending UIEvent type: 0; subtype: 0; to window: <UIWindow: 0x102309070>; contextId: 0x290368A9
2026-02-11 19:02:09.118 A  AnalyticsReactNativeE2E[3658:1adebdb] (UIKitCore) send gesture actions
2026-02-11 19:02:09.119 Df AnalyticsReactNativeE2E[3658:1adf47e] [com.apple.CFNetwork:Default] Task <DF2BA672-14D7-4EB4-905A-93D9757E36D4>.<4> resuming, timeouts(0.0, 604800.0) qos(0x19) voucher((null)) activity(00000000-0000-0000-0000-000000000000)
2026-02-11 19:02:09.119 Db AnalyticsReactNativeE2E[3658:1adf47e] [com.apple.network:activity] Returning should log: 0 for activity cfnetwork:foreground_task
2026-02-11 19:02:09.119 Db AnalyticsReactNativeE2E[3658:1adf47e] [com.apple.network:activity] Domain cfnetwork rate configured in registry as 1 / 20000
2026-02-11 19:02:09.119 Db AnalyticsReactNativeE2E[3658:1adf47e] [com.apple.network:activity] Domain cfnetwork rate configured after remote default override as 1 / 20000
2026-02-11 19:02:09.119 Db AnalyticsReactNativeE2E[3658:1adf47e] [com.apple.network:activity] After reading settings plist, domain cfnetwork rate configured as 1 / 2000000
2026-02-11 19:02:09.119 Db AnalyticsReactNativeE2E[3658:1adf47e] [com.apple.network:activity] After settings override, domain cfnetwork rate configured as 1 / 2000000
2026-02-11 19:02:09.119 Db AnalyticsReactNativeE2E[3658:1adf47e] [com.apple.network:activity] Final domain cfnetwork rate configured as 1 / 2000000
2026-02-11 19:02:09.119 Db AnalyticsReactNativeE2E[3658:1adf47e] [com.apple.network:activity] <nw_activity 12:2 [No UUID] (reporting strategy default)> sampled at 1 / 2000000
2026-02-11 19:02:09.119 Db AnalyticsReactNativeE2E[3658:1adf47e] [com.apple.network:activity] Returning should log: 0 for activity cfnetwork:foreground_task
2026-02-11 19:02:09.119 Db AnalyticsReactNativeE2E[3658:1adf47e] [com.apple.network:activity] Returning should log: 0 for activity cfnetwork:foreground_task
2026-02-11 19:02:09.119 Db AnalyticsReactNativeE2E[3658:1adf47e] [com.apple.CFNetwork:Default] [Telemetry]: Activity <nw_activity 12:2 [55B315E5-82C2-43BA-B47C-0E95D4686297] (reporting strategy default)> on Task <DF2BA672-14D7-4EB4-905A-93D9757E36D4>.<4> was not selected for reporting
2026-02-11 19:02:09.119 Db AnalyticsReactNativeE2E[3658:1adec48] [com.apple.networkextension:] ne_tracker_check_is_hostname_blocked() proceeding with the in_the_app check for hostname: localhost
2026-02-11 19:02:09.119 Db AnalyticsReactNativeE2E[3658:1adec48] [com.apple.CFBundle:resources] Resource lookup at CFBundle 0x600003b00000 </Users/abueide/Library/Developer/CoreSimulator/Devices/651CE25F-D2F4-404C-AC47-0364AA5C94A1/data/Containers/Bundle/Application/2CE46EE6-15A7-4764-BACE-8BE27226907A/AnalyticsReactNativeE2E.app> (executable, loaded)
	Request       : InfoPlist type: strings
	Result        : None
2026-02-11 19:02:09.119 Db AnalyticsReactNativeE2E[3658:1adec48] [com.apple.CFBundle:resources] Resource lookup at CFBundle 0x600003b00000 </Users/abueide/Library/Developer/CoreSimulator/Devices/651CE25F-D2F4-404C-AC47-0364AA5C94A1/data/Containers/Bundle/Application/2CE46EE6-15A7-4764-BACE-8BE27226907A/AnalyticsReactNativeE2E.app> (executable, loaded)
	Request       : InfoPlist type: stringsdict
	Result        : None
2026-02-11 19:02:09.119 Db AnalyticsReactNativeE2E[3658:1adec48] [com.apple.networkextension:] ne_tracker_check_is_hostname_blocked(): hostname localhost is not a tracker. Returning: ne_tracker_status_none
2026-02-11 19:02:09.119 Db AnalyticsReactNativeE2E[3658:1adec48] [com.apple.CFNetwork:ATS] Uploading ATS exception ATSAllowsLocalNetworking
2026-02-11 19:02:09.119 Db AnalyticsReactNativeE2E[3658:1adec48] [com.apple.CFNetwork:ATS] Uploading ATS exception ATSExceptionDomains
2026-02-11 19:02:09.119 A  AnalyticsReactNativeE2E[3658:1adf47e] (Security) SecTrustReportNetworkingAnalytics
2026-02-11 19:02:09.119 Db AnalyticsReactNativeE2E[3658:1adec48] [com.apple.CFNetwork:Default] Connection 10: set is idle true
2026-02-11 19:02:09.119 Df AnalyticsReactNativeE2E[3658:1adec48] [com.apple.network:connection] [C10] event: client:connection_idle @6.225s
2026-02-11 19:02:09.119 I  AnalyticsReactNativeE2E[3658:1adec48] [com.apple.network:connection] nw_endpoint_handler_report_connection_idle [C10 IPv6#379a4a20.9091 ready parent-flow (satisfied (Path is satisfied), interface: en0[802.11], uses wifi, LQM: unknown)] Reporting connection idle to protocols
2026-02-11 19:02:09.119 I  AnalyticsReactNativeE2E[3658:1adec48] [com.apple.network:connection] nw_flow_passthrough_notify [C10.1.1 IPv6#379a4a20.9091 ready socket-flow (satisfied (Path is satisfied), interface: lo0)] received notification connection_idle
2026-02-11 19:02:09.119 Df AnalyticsReactNativeE2E[3658:1adec48] [com.apple.network:connection] nw_protocol_socket_notify [C10.1.1:2] nw_protocol_notification_type_connection_idle is true
2026-02-11 19:02:09.119 E  AnalyticsReactNativeE2E[3658:1adec48] [com.apple.network:connection] nw_socket_set_connection_idle [C10.1.1:2] setsockopt SO_CONNECTION_IDLE failed [42: Protocol not available]
2026-02-11 19:02:09.120 Df AnalyticsReactNativeE2E[3658:1adec48] [com.apple.CFNetwork:Default] Task <DF2BA672-14D7-4EB4-905A-93D9757E36D4>.<4> now using Connection 10
2026-02-11 19:02:09.120 Db AnalyticsReactNativeE2E[3658:1adec48] [com.apple.network:activity] Returning should log: 0 for activity cfnetwork:foreground_task
2026-02-11 19:02:09.120 Db AnalyticsReactNativeE2E[3658:1adec48] [com.apple.network:connection] nw_connection_modify_estimated_bytes_block_invoke [C10] Incremented estimated bytes to send by 1750, total now 4452
2026-02-11 19:02:09.120 Db AnalyticsReactNativeE2E[3658:1adec48] [com.apple.network:connection] nw_connection_modify_estimated_bytes_block_invoke [C10] Using lower threshold 12582912, upper threshold 31457280
2026-02-11 19:02:09.120 Db AnalyticsReactNativeE2E[3658:1adec48] [com.apple.CFNetwork:Default] Connection 10: set is idle false
2026-02-11 19:02:09.120 Df AnalyticsReactNativeE2E[3658:1adec48] [com.apple.network:connection] [C10] event: client:connection_reused @6.225s
2026-02-11 19:02:09.120 I  AnalyticsReactNativeE2E[3658:1adec48] [com.apple.network:connection] nw_endpoint_handler_report_connection_idle [C10 IPv6#379a4a20.9091 ready parent-flow (satisfied (Path is satisfied), interface: en0[802.11], uses wifi, LQM: unknown)] Reporting connection not idle to protocols
2026-02-11 19:02:09.120 I  AnalyticsReactNativeE2E[3658:1adec48] [com.apple.network:connection] nw_flow_passthrough_notify [C10.1.1 IPv6#379a4a20.9091 ready socket-flow (satisfied (Path is satisfied), interface: lo0)] received notification connection_idle
2026-02-11 19:02:09.120 Df AnalyticsReactNativeE2E[3658:1adec48] [com.apple.network:connection] nw_protocol_socket_notify [C10.1.1:2] nw_protocol_notification_type_connection_idle is false
2026-02-11 19:02:09.120 E  AnalyticsReactNativeE2E[3658:1adec48] [com.apple.network:connection] nw_socket_set_connection_idle [C10.1.1:2] setsockopt SO_CONNECTION_IDLE failed [42: Protocol not available]
2026-02-11 19:02:09.120 Df AnalyticsReactNativeE2E[3658:1adf47e] [com.apple.securityd:SecError] SecTrustReportNetworkingAnalytics failed with error: -4
2026-02-11 19:02:09.120 A  AnalyticsReactNativeE2E[3658:1adf47e] (Security) SecTrustReportNetworkingAnalytics
2026-02-11 19:02:09.120 Df AnalyticsReactNativeE2E[3658:1adf47c] [com.apple.CFNetwork:Default] Task <DF2BA672-14D7-4EB4-905A-93D9757E36D4>.<4> sent request, body S 1750
2026-02-11 19:02:09.120 Df AnalyticsReactNativeE2E[3658:1adf47e] [com.apple.securityd:SecError] SecTrustReportNetworkingAnalytics failed with error: -4
2026-02-11 19:02:09.121 Df AnalyticsReactNativeE2E[3658:1adf47c] [com.apple.CFNetwork:Default] Task <DF2BA672-14D7-4EB4-905A-93D9757E36D4>.<4> received response, status 200 content K
2026-02-11 19:02:09.121 Db AnalyticsReactNativeE2E[3658:1adf47c] [com.apple.network:connection] nw_connection_modify_estimated_bytes_block_invoke [C10] Incremented estimated bytes to receive by 20, total now 438
2026-02-11 19:02:09.121 Db AnalyticsReactNativeE2E[3658:1adf47c] [com.apple.network:connection] nw_connection_modify_estimated_bytes_block_invoke [C10] Using lower threshold 12582912, upper threshold 31457280
2026-02-11 19:02:09.121 Df AnalyticsReactNativeE2E[3658:1adf47c] [com.apple.CFNetwork:Default] Task <DF2BA672-14D7-4EB4-905A-93D9757E36D4>.<4> response ended
2026-02-11 19:02:09.121 Df AnalyticsReactNativeE2E[3658:1adf47c] [com.apple.CFNetwork:Default] Task <DF2BA672-14D7-4EB4-905A-93D9757E36D4>.<4> done using Connection 10
2026-02-11 19:02:09.121 Db AnalyticsReactNativeE2E[3658:1adf47c] [com.apple.network:activity] Returning should log: 0 for activity cfnetwork:foreground_task
2026-02-11 19:02:09.121 Db AnalyticsReactNativeE2E[3658:1adf47c] [com.apple.CFNetwork:Default] Connection 10: set is idle true
2026-02-11 19:02:09.121 Df AnalyticsReactNativeE2E[3658:1adf47c] [com.apple.network:connection] [C10] event: client:connection_idle @6.227s
2026-02-11 19:02:09.121 I  AnalyticsReactNativeE2E[3658:1adec48] [com.apple.runningboard:assertion] Acquiring assertion: <RBSAssertionDescriptor| "com.apple.CFNetwork.StorageDB" ID:(null) target:3658>
2026-02-11 19:02:09.121 I  AnalyticsReactNativeE2E[3658:1adf47c] [com.apple.network:connection] nw_endpoint_handler_report_connection_idle [C10 IPv6#379a4a20.9091 ready parent-flow (satisfied (Path is satisfied), interface: en0[802.11], uses wifi, LQM: unknown)] Reporting connection idle to protocols
2026-02-11 19:02:09.121 Df AnalyticsReactNativeE2E[3658:1adf47e] [com.apple.CFNetwork:Summary] Task <DF2BA672-14D7-4EB4-905A-93D9757E36D4>.<4> summary for task success {transaction_duration_ms=1, response_status=200, connection=10, reused=1, reused_after_ms=0, request_start_ms=0, request_duration_ms=0, response_start_ms=1, response_duration_ms=0, request_bytes=2041, request_throughput_kbps=56111, response_bytes=255, response_throughput_kbps=18205, cache_hit=true}
2026-02-11 19:02:09.121 I  AnalyticsReactNativeE2E[3658:1adf47c] [com.apple.network:connection] nw_flow_passthrough_notify [C10.1.1 IPv6#379a4a20.9091 ready socket-flow (satisfied (Path is satisfied), interface: lo0)] received notification connection_idle
2026-02-11 19:02:09.121 Df AnalyticsReactNativeE2E[3658:1adf47e] [com.apple.CFNetwork:Default] Task <DF2BA672-14D7-4EB4-905A-93D9757E36D4>.<4> finished successfully
2026-02-11 19:02:09.121 Df AnalyticsReactNativeE2E[3658:1adf47c] [com.apple.network:connection] nw_protocol_socket_notify [C10.1.1:2] nw_protocol_notification_type_connection_idle is true
2026-02-11 19:02:09.121 Db AnalyticsReactNativeE2E[3658:1adf47e] [com.apple.network:activity] Returning should log: 0 for activity cfnetwork:foreground_task
2026-02-11 19:02:09.121 E  AnalyticsReactNativeE2E[3658:1adf47c] [com.apple.network:connection] nw_socket_set_connection_idle [C10.1.1:2] setsockopt SO_CONNECTION_IDLE failed [42: Protocol not available]
2026-02-11 19:02:09.121 Db AnalyticsReactNativeE2E[3658:1adf47e] [com.apple.network:activity] Returning should log: 0 for activity cfnetwork:foreground_task
2026-02-11 19:02:09.121 Db AnalyticsReactNativeE2E[3658:1adec48] [com.apple.runningboard:assertion] Adding assertion 1422-3658-951 to dictionary
2026-02-11 19:02:09.121 Db AnalyticsReactNativeE2E[3658:1adf47e] [com.apple.network:activity] No threshold for cfnetwork:foreground_task, returning NW_ACTIVITY_DURATION_INVALID
2026-02-11 19:02:09.121 I  AnalyticsReactNativeE2E[3658:1adfd28] [com.facebook.react.log:javascript] Sent 2 events
2026-02-11 19:02:09.121 Db AnalyticsReactNativeE2E[3658:1adf47e] [com.apple.network:activity] No threshold for activity <nw_activity 12:2 [55B315E5-82C2-43BA-B47C-0E95D4686297] (reporting strategy default) complete (reason success)>
2026-02-11 19:02:09.121 Db AnalyticsReactNativeE2E[3658:1adf47c] [com.apple.CFNetwork:Default] Connection 10: set is idle true
2026-02-11 19:02:09.122 Df AnalyticsReactNativeE2E[3658:1adf47c] [com.apple.network:connection] [C10] event: client:connection_idle @6.227s
2026-02-11 19:02:09.122 I  AnalyticsReactNativeE2E[3658:1adf47c] [com.apple.network:connection] nw_endpoint_handler_report_connection_idle [C10 IPv6#379a4a20.9091 ready parent-flow (satisfied (Path is satisfied), interface: en0[802.11], uses wifi, LQM: unknown)] Reporting connection idle to protocols
2026-02-11 19:02:09.122 I  AnalyticsReactNativeE2E[3658:1adf47c] [com.apple.network:connection] nw_flow_passthrough_notify [C10.1.1 IPv6#379a4a20.9091 ready socket-flow (satisfied (Path is satisfied), interface: lo0)] received notification connection_idle
2026-02-11 19:02:09.122 Df AnalyticsReactNativeE2E[3658:1adf47c] [com.apple.network:connection] nw_protocol_socket_notify [C10.1.1:2] nw_protocol_notification_type_connection_idle is true
2026-02-11 19:02:09.122 E  AnalyticsReactNativeE2E[3658:1adf47c] [com.apple.network:connection] nw_socket_set_connection_idle [C10.1.1:2] setsockopt SO_CONNECTION_IDLE failed [42: Protocol not available]

