Filtering the log data using "processImagePath BEGINSWITH "/Users/abueide/Library/Developer/CoreSimulator/Devices/651CE25F-D2F4-404C-AC47-0364AA5C94A1/data/Containers/Bundle/Application/2CE46EE6-15A7-4764-BACE-8BE27226907A/AnalyticsReactNativeE2E.app""
Timestamp               Ty Process[PID:TID]
2026-02-11 19:03:19.943 I  AnalyticsReactNativeE2E[3658:1adebdb] [com.wix.Detox:WebSocket] Action received: invoke
2026-02-11 19:03:20.085 Df AnalyticsReactNativeE2E[3658:1adebdb] [com.apple.UIKit:EventDispatch] Sending UIEvent type: 0; subtype: 0; to windows: 1
2026-02-11 19:03:20.086 Df AnalyticsReactNativeE2E[3658:1adebdb] [com.apple.UIKit:EventDispatch] Sending UIEvent type: 0; subtype: 0; to window: <UIWindow: 0x102309070>; contextId: 0x290368A9
2026-02-11 19:03:20.086 A  AnalyticsReactNativeE2E[3658:1adebdb] (UIKitCore) send gesture actions
2026-02-11 19:03:20.101 Df AnalyticsReactNativeE2E[3658:1adebdb] [com.apple.UIKit:EventDispatch] Sending UIEvent type: 0; subtype: 0; to windows: 1
2026-02-11 19:03:20.102 Df AnalyticsReactNativeE2E[3658:1adebdb] [com.apple.UIKit:EventDispatch] Sending UIEvent type: 0; subtype: 0; to window: <UIWindow: 0x102309070>; contextId: 0x290368A9
2026-02-11 19:03:20.102 A  AnalyticsReactNativeE2E[3658:1adebdb] (UIKitCore) send gesture actions
2026-02-11 19:03:20.103 Df AnalyticsReactNativeE2E[3658:1adf47c] [com.apple.CFNetwork:Default] Task <C87891E9-6476-4119-958E-D2184036FC08>.<2> resuming, timeouts(0.0, 604800.0) qos(0x19) voucher((null)) activity(00000000-0000-0000-0000-000000000000)
2026-02-11 19:03:20.103 Db AnalyticsReactNativeE2E[3658:1adf47c] [com.apple.network:activity] Returning should log: 0 for activity cfnetwork:foreground_task
2026-02-11 19:03:20.103 Db AnalyticsReactNativeE2E[3658:1adf47c] [com.apple.network:activity] Domain cfnetwork rate configured in registry as 1 / 20000
2026-02-11 19:03:20.103 Db AnalyticsReactNativeE2E[3658:1adf47c] [com.apple.network:activity] Domain cfnetwork rate configured after remote default override as 1 / 20000
2026-02-11 19:03:20.103 Db AnalyticsReactNativeE2E[3658:1adf47c] [com.apple.network:activity] After reading settings plist, domain cfnetwork rate configured as 1 / 2000000
2026-02-11 19:03:20.103 Db AnalyticsReactNativeE2E[3658:1adf47c] [com.apple.network:activity] After settings override, domain cfnetwork rate configured as 1 / 2000000
2026-02-11 19:03:20.103 Db AnalyticsReactNativeE2E[3658:1adf47c] [com.apple.network:activity] Final domain cfnetwork rate configured as 1 / 2000000
2026-02-11 19:03:20.103 Db AnalyticsReactNativeE2E[3658:1adf47c] [com.apple.network:activity] <nw_activity 12:2 [No UUID] (reporting strategy default)> sampled at 1 / 2000000
2026-02-11 19:03:20.103 Db AnalyticsReactNativeE2E[3658:1adf47c] [com.apple.network:activity] Returning should log: 0 for activity cfnetwork:foreground_task
2026-02-11 19:03:20.103 Db AnalyticsReactNativeE2E[3658:1adf47c] [com.apple.network:activity] Returning should log: 0 for activity cfnetwork:foreground_task
2026-02-11 19:03:20.103 Db AnalyticsReactNativeE2E[3658:1adf47c] [com.apple.CFNetwork:Default] [Telemetry]: Activity <nw_activity 12:2 [B8825C84-3ADD-4FE4-BCB0-A4C049E2280E] (reporting strategy default)> on Task <C87891E9-6476-4119-958E-D2184036FC08>.<2> was not selected for reporting
2026-02-11 19:03:20.103 Db AnalyticsReactNativeE2E[3658:1adf47c] [com.apple.networkextension:] ne_tracker_check_is_hostname_blocked() proceeding with the in_the_app check for hostname: localhost
2026-02-11 19:03:20.103 Db AnalyticsReactNativeE2E[3658:1adf47c] [com.apple.CFBundle:resources] Resource lookup at CFBundle 0x600003b00000 </Users/abueide/Library/Developer/CoreSimulator/Devices/651CE25F-D2F4-404C-AC47-0364AA5C94A1/data/Containers/Bundle/Application/2CE46EE6-15A7-4764-BACE-8BE27226907A/AnalyticsReactNativeE2E.app> (executable, loaded)
	Request       : InfoPlist type: strings
	Result        : None
2026-02-11 19:03:20.103 Db AnalyticsReactNativeE2E[3658:1adf47c] [com.apple.CFBundle:resources] Resource lookup at CFBundle 0x600003b00000 </Users/abueide/Library/Developer/CoreSimulator/Devices/651CE25F-D2F4-404C-AC47-0364AA5C94A1/data/Containers/Bundle/Application/2CE46EE6-15A7-4764-BACE-8BE27226907A/AnalyticsReactNativeE2E.app> (executable, loaded)
	Request       : InfoPlist type: stringsdict
	Result        : None
2026-02-11 19:03:20.103 Db AnalyticsReactNativeE2E[3658:1adf47c] [com.apple.networkextension:] ne_tracker_check_is_hostname_blocked(): hostname localhost is not a tracker. Returning: ne_tracker_status_none
2026-02-11 19:03:20.103 Db AnalyticsReactNativeE2E[3658:1adf47c] [com.apple.CFNetwork:ATS] Uploading ATS exception ATSAllowsLocalNetworking
2026-02-11 19:03:20.103 Db AnalyticsReactNativeE2E[3658:1adf47c] [com.apple.CFNetwork:ATS] Uploading ATS exception ATSExceptionDomains
2026-02-11 19:03:20.103 A  AnalyticsReactNativeE2E[3658:1adf47e] (Security) SecTrustReportNetworkingAnalytics
2026-02-11 19:03:20.103 Db AnalyticsReactNativeE2E[3658:1adf47c] [com.apple.CFNetwork:Default] Connection 20: set is idle true
2026-02-11 19:03:20.103 Df AnalyticsReactNativeE2E[3658:1adf47c] [com.apple.network:connection] [C20] event: client:connection_idle @2.185s
2026-02-11 19:03:20.103 I  AnalyticsReactNativeE2E[3658:1adf47c] [com.apple.network:connection] nw_endpoint_handler_report_connection_idle [C20 IPv6#379a4a20.9091 ready parent-flow (satisfied (Path is satisfied), interface: en0[802.11], uses wifi, LQM: unknown)] Reporting connection idle to protocols
2026-02-11 19:03:20.103 I  AnalyticsReactNativeE2E[3658:1adf47c] [com.apple.network:connection] nw_flow_passthrough_notify [C20.1.1 IPv6#379a4a20.9091 ready socket-flow (satisfied (Path is satisfied), interface: lo0)] received notification connection_idle
2026-02-11 19:03:20.103 Df AnalyticsReactNativeE2E[3658:1adf47c] [com.apple.network:connection] nw_protocol_socket_notify [C20.1.1:2] nw_protocol_notification_type_connection_idle is true
2026-02-11 19:03:20.103 E  AnalyticsReactNativeE2E[3658:1adf47c] [com.apple.network:connection] nw_socket_set_connection_idle [C20.1.1:2] setsockopt SO_CONNECTION_IDLE failed [42: Protocol not available]
2026-02-11 19:03:20.103 Df AnalyticsReactNativeE2E[3658:1adf47c] [com.apple.CFNetwork:Default] Task <C87891E9-6476-4119-958E-D2184036FC08>.<2> now using Connection 20
2026-02-11 19:03:20.103 Db AnalyticsReactNativeE2E[3658:1adf47c] [com.apple.network:activity] Returning should log: 0 for activity cfnetwork:foreground_task
2026-02-11 19:03:20.103 Db AnalyticsReactNativeE2E[3658:1adf47c] [com.apple.network:connection] nw_connection_modify_estimated_bytes_block_invoke [C20] Incremented estimated bytes to send by 952, total now 952
2026-02-11 19:03:20.103 Db AnalyticsReactNativeE2E[3658:1adf47c] [com.apple.network:connection] nw_connection_modify_estimated_bytes_block_invoke [C20] Using lower threshold 12582912, upper threshold 31457280
2026-02-11 19:03:20.103 Db AnalyticsReactNativeE2E[3658:1adf47c] [com.apple.CFNetwork:Default] Connection 20: set is idle false
2026-02-11 19:03:20.103 Df AnalyticsReactNativeE2E[3658:1adf47c] [com.apple.network:connection] [C20] event: client:connection_reused @2.185s
2026-02-11 19:03:20.103 I  AnalyticsReactNativeE2E[3658:1adf47c] [com.apple.network:connection] nw_endpoint_handler_report_connection_idle [C20 IPv6#379a4a20.9091 ready parent-flow (satisfied (Path is satisfied), interface: en0[802.11], uses wifi, LQM: unknown)] Reporting connection not idle to protocols
2026-02-11 19:03:20.103 I  AnalyticsReactNativeE2E[3658:1adf47c] [com.apple.network:connection] nw_flow_passthrough_notify [C20.1.1 IPv6#379a4a20.9091 ready socket-flow (satisfied (Path is satisfied), interface: lo0)] received notification connection_idle
2026-02-11 19:03:20.103 Df AnalyticsReactNativeE2E[3658:1adf47c] [com.apple.network:connection] nw_protocol_socket_notify [C20.1.1:2] nw_protocol_notification_type_connection_idle is false
2026-02-11 19:03:20.103 E  AnalyticsReactNativeE2E[3658:1adf47c] [com.apple.network:connection] nw_socket_set_connection_idle [C20.1.1:2] setsockopt SO_CONNECTION_IDLE failed [42: Protocol not available]
2026-02-11 19:03:20.104 Df AnalyticsReactNativeE2E[3658:1adec2a] [com.apple.CFNetwork:Default] Task <C87891E9-6476-4119-958E-D2184036FC08>.<2> sent request, body S 952
2026-02-11 19:03:20.104 Df AnalyticsReactNativeE2E[3658:1adf47e] [com.apple.securityd:SecError] SecTrustReportNetworkingAnalytics failed with error: -4
2026-02-11 19:03:20.104 A  AnalyticsReactNativeE2E[3658:1adf47e] (Security) SecTrustReportNetworkingAnalytics
2026-02-11 19:03:20.104 Df AnalyticsReactNativeE2E[3658:1adf47e] [com.apple.securityd:SecError] SecTrustReportNetworkingAnalytics failed with error: -4
2026-02-11 19:03:20.105 Df AnalyticsReactNativeE2E[3658:1adf47e] [com.apple.CFNetwork:Default] Task <C87891E9-6476-4119-958E-D2184036FC08>.<2> received response, status 200 content K
2026-02-11 19:03:20.105 Db AnalyticsReactNativeE2E[3658:1adf47e] [com.apple.network:connection] nw_connection_modify_estimated_bytes_block_invoke [C20] Incremented estimated bytes to receive by 20, total now 395
2026-02-11 19:03:20.105 Db AnalyticsReactNativeE2E[3658:1adf47e] [com.apple.network:connection] nw_connection_modify_estimated_bytes_block_invoke [C20] Using lower threshold 12582912, upper threshold 31457280
2026-02-11 19:03:20.105 Df AnalyticsReactNativeE2E[3658:1adf47e] [com.apple.CFNetwork:Default] Task <C87891E9-6476-4119-958E-D2184036FC08>.<2> response ended
2026-02-11 19:03:20.105 Df AnalyticsReactNativeE2E[3658:1adf47e] [com.apple.CFNetwork:Default] Task <C87891E9-6476-4119-958E-D2184036FC08>.<2> done using Connection 20
2026-02-11 19:03:20.105 Db AnalyticsReactNativeE2E[3658:1adf47e] [com.apple.network:activity] Returning should log: 0 for activity cfnetwork:foreground_task
2026-02-11 19:03:20.105 Db AnalyticsReactNativeE2E[3658:1adf47e] [com.apple.CFNetwork:Default] Connection 20: set is idle true
2026-02-11 19:03:20.105 Df AnalyticsReactNativeE2E[3658:1adf47e] [com.apple.network:connection] [C20] event: client:connection_idle @2.187s
2026-02-11 19:03:20.105 I  AnalyticsReactNativeE2E[3658:1adf47e] [com.apple.network:connection] nw_endpoint_handler_report_connection_idle [C20 IPv6#379a4a20.9091 ready parent-flow (satisfied (Path is satisfied), interface: en0[802.11], uses wifi, LQM: unknown)] Reporting connection idle to protocols
2026-02-11 19:03:20.105 Df AnalyticsReactNativeE2E[3658:1adf47c] [com.apple.CFNetwork:Summary] Task <C87891E9-6476-4119-958E-D2184036FC08>.<2> summary for task success {transaction_duration_ms=2, response_status=200, connection=20, reused=1, reused_after_ms=0, request_start_ms=0, request_duration_ms=0, response_start_ms=2, response_duration_ms=0, request_bytes=1242, request_throughput_kbps=63673, response_bytes=255, response_throughput_kbps=19424, cache_hit=true}
2026-02-11 19:03:20.105 I  AnalyticsReactNativeE2E[3658:1adec2a] [com.apple.runningboard:assertion] Acquiring assertion: <RBSAssertionDescriptor| "com.apple.CFNetwork.StorageDB" ID:(null) target:3658>
2026-02-11 19:03:20.105 I  AnalyticsReactNativeE2E[3658:1adf47e] [com.apple.network:connection] nw_flow_passthrough_notify [C20.1.1 IPv6#379a4a20.9091 ready socket-flow (satisfied (Path is satisfied), interface: lo0)] received notification connection_idle
2026-02-11 19:03:20.105 Df AnalyticsReactNativeE2E[3658:1adf47c] [com.apple.CFNetwork:Default] Task <C87891E9-6476-4119-958E-D2184036FC08>.<2> finished successfully
2026-02-11 19:03:20.105 Df AnalyticsReactNativeE2E[3658:1adf47e] [com.apple.network:connection] nw_protocol_socket_notify [C20.1.1:2] nw_protocol_notification_type_connection_idle is true
2026-02-11 19:03:20.105 Db AnalyticsReactNativeE2E[3658:1adf47c] [com.apple.network:activity] Returning should log: 0 for activity cfnetwork:foreground_task
2026-02-11 19:03:20.105 E  AnalyticsReactNativeE2E[3658:1adf47e] [com.apple.network:connection] nw_socket_set_connection_idle [C20.1.1:2] setsockopt SO_CONNECTION_IDLE failed [42: Protocol not available]
2026-02-11 19:03:20.105 Db AnalyticsReactNativeE2E[3658:1adf47c] [com.apple.network:activity] Returning should log: 0 for activity cfnetwork:foreground_task
2026-02-11 19:03:20.105 Db AnalyticsReactNativeE2E[3658:1adf47e] [com.apple.CFNetwork:Default] Connection 20: set is idle true
2026-02-11 19:03:20.105 Db AnalyticsReactNativeE2E[3658:1adf47c] [com.apple.network:activity] No threshold for cfnetwork:foreground_task, returning NW_ACTIVITY_DURATION_INVALID
2026-02-11 19:03:20.105 Df AnalyticsReactNativeE2E[3658:1adf47e] [com.apple.network:connection] [C20] event: client:connection_idle @2.187s
2026-02-11 19:03:20.105 I  AnalyticsReactNativeE2E[3658:1adf47e] [com.apple.network:connection] nw_endpoint_handler_report_connection_idle [C20 IPv6#379a4a20.9091 ready parent-flow (satisfied (Path is satisfied), interface: en0[802.11], uses wifi, LQM: unknown)] Reporting connection idle to protocols
2026-02-11 19:03:20.105 Db AnalyticsReactNativeE2E[3658:1adf47c] [com.apple.network:activity] No threshold for activity <nw_activity 12:2 [B8825C84-3ADD-4FE4-BCB0-A4C049E2280E] (reporting strategy default) complete (reason success)>
2026-02-11 19:03:20.105 I  AnalyticsReactNativeE2E[3658:1adf47e] [com.apple.network:connection] nw_flow_passthrough_notify [C20.1.1 IPv6#379a4a20.9091 ready socket-flow (satisfied (Path is satisfied), interface: lo0)] received notification connection_idle
2026-02-11 19:03:20.105 Df AnalyticsReactNativeE2E[3658:1adf47e] [com.apple.network:connection] nw_protocol_socket_notify [C20.1.1:2] nw_protocol_notification_type_connection_idle is true
2026-02-11 19:03:20.105 E  AnalyticsReactNativeE2E[3658:1adf47e] [com.apple.network:connection] nw_socket_set_connection_idle [C20.1.1:2] setsockopt SO_CONNECTION_IDLE failed [42: Protocol not available]
2026-02-11 19:03:20.106 I  AnalyticsReactNativeE2E[3658:1ae0ffa] [com.facebook.react.log:javascript] Sent 1 events
2026-02-11 19:03:20.106 Db AnalyticsReactNativeE2E[3658:1adec2a] [com.apple.runningboard:assertion] Adding assertion 1422-3658-970 to dictionary
2026-02-11 19:03:20.534 Db AnalyticsReactNativeE2E[3658:1adf47e] [com.apple.network:connection] nw_association_schedule_deactivation_block_invoke <nw_association Hostname#a6e87fda:9091> becoming dormant
2026-02-11 19:03:20.534 Db AnalyticsReactNativeE2E[3658:1adf47e] [com.apple.network:connection] nw_association_schedule_deactivation_block_invoke <nw_association IPv6#379a4a20.9091> becoming dormant
2026-02-11 19:03:20.535 Db AnalyticsReactNativeE2E[3658:1adf47e] [com.apple.CFNetwork:Coalescing] removing all entries config 0x6000002ea5c0
2026-02-11 19:03:20.535 I  AnalyticsReactNativeE2E[3658:1adf47e] [com.apple.network:] nw_context_dealloc Deallocating context <nw_context (null) (private)>
2026-02-11 19:03:20.535 I  AnalyticsReactNativeE2E[3658:1adf47e] [com.apple.network:] nw_context_purge_endpoints Context <nw_context com.apple.CFNetwork.NSURLSession.{AC2B0A85-76B0-460B-943E-3A997D62D8B9}{(null)}{Y}{2}{0x0} (private)> has more than 0 cache entries, purging 1 from 1 down to 0
2026-02-11 19:03:20.535 Db AnalyticsReactNativeE2E[3658:1adf47e] [com.apple.network:endpoint] endpoint IPv6#379a4a20.9091 has nothing to cleanup, no protocol instance registrars
2026-02-11 19:03:20.535 Db AnalyticsReactNativeE2E[3658:1adf47e] [com.apple.network:endpoint] endpoint Hostname#a6e87fda:9091 has nothing to cleanup, no protocol instance registrars
2026-02-11 19:03:20.535 I  AnalyticsReactNativeE2E[3658:1adf47e] [com.apple.network:] nw_context_dealloc Deallocating context <nw_context (null) (private)>
2026-02-11 19:03:21.496 I  AnalyticsReactNativeE2E[3658:1adebdb] [com.wix.Detox:WebSocket] Action received: invoke
2026-02-11 19:03:21.635 Df AnalyticsReactNativeE2E[3658:1adebdb] [com.apple.UIKit:EventDispatch] Sending UIEvent type: 0; subtype: 0; to windows: 1
2026-02-11 19:03:21.636 Df AnalyticsReactNativeE2E[3658:1adebdb] [com.apple.UIKit:EventDispatch] Sending UIEvent type: 0; subtype: 0; to window: <UIWindow: 0x102309070>; contextId: 0x290368A9
2026-02-11 19:03:21.636 A  AnalyticsReactNativeE2E[3658:1adebdb] (UIKitCore) send gesture actions
2026-02-11 19:03:21.652 Df AnalyticsReactNativeE2E[3658:1adebdb] [com.apple.UIKit:EventDispatch] Sending UIEvent type: 0; subtype: 0; to windows: 1
2026-02-11 19:03:21.652 Df AnalyticsReactNativeE2E[3658:1adebdb] [com.apple.UIKit:EventDispatch] Sending UIEvent type: 0; subtype: 0; to window: <UIWindow: 0x102309070>; contextId: 0x290368A9
2026-02-11 19:03:21.652 A  AnalyticsReactNativeE2E[3658:1adebdb] (UIKitCore) send gesture actions
2026-02-11 19:03:21.652 I  AnalyticsReactNativeE2E[3658:1ae0ffa] [com.facebook.react.log:javascript] 'TRACK event saved', { type: 'track',
  event: 'Track pressed',
  properties: { foo: 'bar' } }
2026-02-11 19:03:22.342 I  AnalyticsReactNativeE2E[3658:1adebdb] [com.wix.Detox:WebSocket] Action received: invoke
2026-02-11 19:03:22.485 Df AnalyticsReactNativeE2E[3658:1adebdb] [com.apple.UIKit:EventDispatch] Sending UIEvent type: 0; subtype: 0; to windows: 1
2026-02-11 19:03:22.486 Df AnalyticsReactNativeE2E[3658:1adebdb] [com.apple.UIKit:EventDispatch] Sending UIEvent type: 0; subtype: 0; to window: <UIWindow: 0x102309070>; contextId: 0x290368A9
2026-02-11 19:03:22.486 A  AnalyticsReactNativeE2E[3658:1adebdb] (UIKitCore) send gesture actions
2026-02-11 19:03:22.502 Df AnalyticsReactNativeE2E[3658:1adebdb] [com.apple.UIKit:EventDispatch] Sending UIEvent type: 0; subtype: 0; to windows: 1
2026-02-11 19:03:22.502 Df AnalyticsReactNativeE2E[3658:1adebdb] [com.apple.UIKit:EventDispatch] Sending UIEvent type: 0; subtype: 0; to window: <UIWindow: 0x102309070>; contextId: 0x290368A9
2026-02-11 19:03:22.502 A  AnalyticsReactNativeE2E[3658:1adebdb] (UIKitCore) send gesture actions
2026-02-11 19:03:22.503 Df AnalyticsReactNativeE2E[3658:1adf47c] [com.apple.CFNetwork:Default] Task <439CCC6D-3B5B-4CFC-BDEF-2D3B3C6F0B6A>.<3> resuming, timeouts(0.0, 604800.0) qos(0x19) voucher((null)) activity(00000000-0000-0000-0000-000000000000)
2026-02-11 19:03:22.503 Db AnalyticsReactNativeE2E[3658:1adf47c] [com.apple.network:activity] Returning should log: 0 for activity cfnetwork:foreground_task
2026-02-11 19:03:22.503 Db AnalyticsReactNativeE2E[3658:1adf47c] [com.apple.network:activity] Domain cfnetwork rate configured in registry as 1 / 20000
2026-02-11 19:03:22.503 Db AnalyticsReactNativeE2E[3658:1adf47c] [com.apple.network:activity] Domain cfnetwork rate configured after remote default override as 1 / 20000
2026-02-11 19:03:22.503 Db AnalyticsReactNativeE2E[3658:1adf47c] [com.apple.network:activity] After reading settings plist, domain cfnetwork rate configured as 1 / 2000000
2026-02-11 19:03:22.503 Db AnalyticsReactNativeE2E[3658:1adf47c] [com.apple.network:activity] After settings override, domain cfnetwork rate configured as 1 / 2000000
2026-02-11 19:03:22.503 Db AnalyticsReactNativeE2E[3658:1adf47c] [com.apple.network:activity] Final domain cfnetwork rate configured as 1 / 2000000
2026-02-11 19:03:22.503 Db AnalyticsReactNativeE2E[3658:1adf47c] [com.apple.network:activity] <nw_activity 12:2 [No UUID] (reporting strategy default)> sampled at 1 / 2000000
2026-02-11 19:03:22.503 Db AnalyticsReactNativeE2E[3658:1adf47c] [com.apple.network:activity] Returning should log: 0 for activity cfnetwork:foreground_task
2026-02-11 19:03:22.503 Db AnalyticsReactNativeE2E[3658:1adf47c] [com.apple.network:activity] Returning should log: 0 for activity cfnetwork:foreground_task
2026-02-11 19:03:22.503 Db AnalyticsReactNativeE2E[3658:1adf47c] [com.apple.CFNetwork:Default] [Telemetry]: Activity <nw_activity 12:2 [A0E8DC0C-5111-432D-929E-8F255E4301ED] (reporting strategy default)> on Task <439CCC6D-3B5B-4CFC-BDEF-2D3B3C6F0B6A>.<3> was not selected for reporting
2026-02-11 19:03:22.503 Db AnalyticsReactNativeE2E[3658:1adec2a] [com.apple.networkextension:] ne_tracker_check_is_hostname_blocked() proceeding with the in_the_app check for hostname: localhost
2026-02-11 19:03:22.503 Db AnalyticsReactNativeE2E[3658:1adec2a] [com.apple.CFBundle:resources] Resource lookup at CFBundle 0x600003b00000 </Users/abueide/Library/Developer/CoreSimulator/Devices/651CE25F-D2F4-404C-AC47-0364AA5C94A1/data/Containers/Bundle/Application/2CE46EE6-15A7-4764-BACE-8BE27226907A/AnalyticsReactNativeE2E.app> (executable, loaded)
	Request       : InfoPlist type: strings
	Result        : None
2026-02-11 19:03:22.503 Db AnalyticsReactNativeE2E[3658:1adec2a] [com.apple.CFBundle:resources] Resource lookup at CFBundle 0x600003b00000 </Users/abueide/Library/Developer/CoreSimulator/Devices/651CE25F-D2F4-404C-AC47-0364AA5C94A1/data/Containers/Bundle/Application/2CE46EE6-15A7-4764-BACE-8BE27226907A/AnalyticsReactNativeE2E.app> (executable, loaded)
	Request       : InfoPlist type: stringsdict
	Result        : None
2026-02-11 19:03:22.503 Db AnalyticsReactNativeE2E[3658:1adec2a] [com.apple.networkextension:] ne_tracker_check_is_hostname_blocked(): hostname localhost is not a tracker. Returning: ne_tracker_status_none
2026-02-11 19:03:22.503 Db AnalyticsReactNativeE2E[3658:1adec2a] [com.apple.CFNetwork:ATS] Uploading ATS exception ATSAllowsLocalNetworking
2026-02-11 19:03:22.503 Db AnalyticsReactNativeE2E[3658:1adec2a] [com.apple.CFNetwork:ATS] Uploading ATS exception ATSExceptionDomains
2026-02-11 19:03:22.503 A  AnalyticsReactNativeE2E[3658:1adf47c] (Security) SecTrustReportNetworkingAnalytics
2026-02-11 19:03:22.503 Db AnalyticsReactNativeE2E[3658:1adec2a] [com.apple.CFNetwork:Default] Connection 20: set is idle true
2026-02-11 19:03:22.503 Df AnalyticsReactNativeE2E[3658:1adec2a] [com.apple.network:connection] [C20] event: client:connection_idle @4.585s
2026-02-11 19:03:22.503 I  AnalyticsReactNativeE2E[3658:1adec2a] [com.apple.network:connection] nw_endpoint_handler_report_connection_idle [C20 IPv6#379a4a20.9091 ready parent-flow (satisfied (Path is satisfied), interface: en0[802.11], uses wifi, LQM: unknown)] Reporting connection idle to protocols
2026-02-11 19:03:22.503 I  AnalyticsReactNativeE2E[3658:1adec2a] [com.apple.network:connection] nw_flow_passthrough_notify [C20.1.1 IPv6#379a4a20.9091 ready socket-flow (satisfied (Path is satisfied), interface: lo0)] received notification connection_idle
2026-02-11 19:03:22.503 Df AnalyticsReactNativeE2E[3658:1adec2a] [com.apple.network:connection] nw_protocol_socket_notify [C20.1.1:2] nw_protocol_notification_type_connection_idle is true
2026-02-11 19:03:22.503 E  AnalyticsReactNativeE2E[3658:1adec2a] [com.apple.network:connection] nw_socket_set_connection_idle [C20.1.1:2] setsockopt SO_CONNECTION_IDLE failed [42: Protocol not available]
2026-02-11 19:03:22.503 Df AnalyticsReactNativeE2E[3658:1adec2a] [com.apple.CFNetwork:Default] Task <439CCC6D-3B5B-4CFC-BDEF-2D3B3C6F0B6A>.<3> now using Connection 20
2026-02-11 19:03:22.503 Db AnalyticsReactNativeE2E[3658:1adec2a] [com.apple.network:activity] Returning should log: 0 for activity cfnetwork:foreground_task
2026-02-11 19:03:22.503 Db AnalyticsReactNativeE2E[3658:1adec2a] [com.apple.network:connection] nw_connection_modify_estimated_bytes_block_invoke [C20] Incremented estimated bytes to send by 907, total now 1859
2026-02-11 19:03:22.503 Db AnalyticsReactNativeE2E[3658:1adec2a] [com.apple.network:connection] nw_connection_modify_estimated_bytes_block_invoke [C20] Using lower threshold 12582912, upper threshold 31457280
2026-02-11 19:03:22.503 Db AnalyticsReactNativeE2E[3658:1adec2a] [com.apple.CFNetwork:Default] Connection 20: set is idle false
2026-02-11 19:03:22.504 Df AnalyticsReactNativeE2E[3658:1adec2a] [com.apple.network:connection] [C20] event: client:connection_reused @4.586s
2026-02-11 19:03:22.504 I  AnalyticsReactNativeE2E[3658:1adec2a] [com.apple.network:connection] nw_endpoint_handler_report_connection_idle [C20 IPv6#379a4a20.9091 ready parent-flow (satisfied (Path is satisfied), interface: en0[802.11], uses wifi, LQM: unknown)] Reporting connection not idle to protocols
2026-02-11 19:03:22.504 I  AnalyticsReactNativeE2E[3658:1adec2a] [com.apple.network:connection] nw_flow_passthrough_notify [C20.1.1 IPv6#379a4a20.9091 ready socket-flow (satisfied (Path is satisfied), interface: lo0)] received notification connection_idle
2026-02-11 19:03:22.504 Df AnalyticsReactNativeE2E[3658:1adec2a] [com.apple.network:connection] nw_protocol_socket_notify [C20.1.1:2] nw_protocol_notification_type_connection_idle is false
2026-02-11 19:03:22.504 E  AnalyticsReactNativeE2E[3658:1adec2a] [com.apple.network:connection] nw_socket_set_connection_idle [C20.1.1:2] setsockopt SO_CONNECTION_IDLE failed [42: Protocol not available]
2026-02-11 19:03:22.504 Df AnalyticsReactNativeE2E[3658:1adf47e] [com.apple.CFNetwork:Default] Task <439CCC6D-3B5B-4CFC-BDEF-2D3B3C6F0B6A>.<3> sent request, body S 907
2026-02-11 19:03:22.504 Df AnalyticsReactNativeE2E[3658:1adf47c] [com.apple.securityd:SecError] SecTrustReportNetworkingAnalytics failed with error: -4
2026-02-11 19:03:22.504 A  AnalyticsReactNativeE2E[3658:1adf47c] (Security) SecTrustReportNetworkingAnalytics
2026-02-11 19:03:22.504 Df AnalyticsReactNativeE2E[3658:1adf47c] [com.apple.securityd:SecError] SecTrustReportNetworkingAnalytics failed with error: -4
2026-02-11 19:03:22.505 Df AnalyticsReactNativeE2E[3658:1adf47c] [com.apple.CFNetwork:Default] Task <439CCC6D-3B5B-4CFC-BDEF-2D3B3C6F0B6A>.<3> received response, status 429 content K
2026-02-11 19:03:22.505 Db AnalyticsReactNativeE2E[3658:1adf47c] [com.apple.network:connection] nw_connection_modify_estimated_bytes_block_invoke [C20] Incremented estimated bytes to receive by 29, total now 424
2026-02-11 19:03:22.505 Db AnalyticsReactNativeE2E[3658:1adf47c] [com.apple.network:connection] nw_connection_modify_estimated_bytes_block_invoke [C20] Using lower threshold 12582912, upper threshold 31457280
2026-02-11 19:03:22.505 Df AnalyticsReactNativeE2E[3658:1adf47c] [com.apple.CFNetwork:Default] Task <439CCC6D-3B5B-4CFC-BDEF-2D3B3C6F0B6A>.<3> response ended
2026-02-11 19:03:22.505 Df AnalyticsReactNativeE2E[3658:1adf47c] [com.apple.CFNetwork:Default] Task <439CCC6D-3B5B-4CFC-BDEF-2D3B3C6F0B6A>.<3> done using Connection 20
2026-02-11 19:03:22.505 Db AnalyticsReactNativeE2E[3658:1adf47c] [com.apple.network:activity] Returning should log: 0 for activity cfnetwork:foreground_task
2026-02-11 19:03:22.505 Db AnalyticsReactNativeE2E[3658:1adf47c] [com.apple.CFNetwork:Default] Connection 20: set is idle true
2026-02-11 19:03:22.506 Df AnalyticsReactNativeE2E[3658:1adf47c] [com.apple.network:connection] [C20] event: client:connection_idle @4.588s
2026-02-11 19:03:22.506 I  AnalyticsReactNativeE2E[3658:1adf47c] [com.apple.network:connection] nw_endpoint_handler_report_connection_idle [C20 IPv6#379a4a20.9091 ready parent-flow (satisfied (Path is satisfied), interface: en0[802.11], uses wifi, LQM: unknown)] Reporting connection idle to protocols
2026-02-11 19:03:22.506 Df AnalyticsReactNativeE2E[3658:1adec2a] [com.apple.CFNetwork:Summary] Task <439CCC6D-3B5B-4CFC-BDEF-2D3B3C6F0B6A>.<3> summary for task success {transaction_duration_ms=2, response_status=429, connection=20, reused=1, reused_after_ms=0, request_start_ms=0, request_duration_ms=0, response_start_ms=2, response_duration_ms=0, request_bytes=1197, request_throughput_kbps=68893, response_bytes=295, response_throughput_kbps=16160, cache_hit=true}
2026-02-11 19:03:22.506 I  AnalyticsReactNativeE2E[3658:1adf47c] [com.apple.network:connection] nw_flow_passthrough_notify [C20.1.1 IPv6#379a4a20.9091 ready socket-flow (satisfied (Path is satisfied), interface: lo0)] received notification connection_idle
2026-02-11 19:03:22.506 Df AnalyticsReactNativeE2E[3658:1adec2a] [com.apple.CFNetwork:Default] Task <439CCC6D-3B5B-4CFC-BDEF-2D3B3C6F0B6A>.<3> finished successfully
2026-02-11 19:03:22.506 Df AnalyticsReactNativeE2E[3658:1adf47c] [com.apple.network:connection] nw_protocol_socket_notify [C20.1.1:2] nw_protocol_notification_type_connection_idle is true
2026-02-11 19:03:22.506 Db AnalyticsReactNativeE2E[3658:1adec2a] [com.apple.network:activity] Returning should log: 0 for activity cfnetwork:foreground_task
2026-02-11 19:03:22.506 E  AnalyticsReactNativeE2E[3658:1adf47c] [com.apple.network:connection] nw_socket_set_connection_idle [C20.1.1:2] setsockopt SO_CONNECTION_IDLE failed [42: Protocol not available]
2026-02-11 19:03:22.506 Db AnalyticsReactNativeE2E[3658:1adec2a] [com.apple.network:activity] Returning should log: 0 for activity cfnetwork:foreground_task
2026-02-11 19:03:22.506 Db AnalyticsReactNativeE2E[3658:1adf47c] [com.apple.CFNetwork:Default] Connection 20: set is idle true
2026-02-11 19:03:22.506 Db AnalyticsReactNativeE2E[3658:1adec2a] [com.apple.network:activity] No threshold for cfnetwork:foreground_task, returning NW_ACTIVITY_DURATION_INVALID
2026-02-11 19:03:22.506 Df AnalyticsReactNativeE2E[3658:1adf47c] [com.apple.network:connection] [C20] event: client:connection_idle @4.588s
2026-02-11 19:03:22.506 Db AnalyticsReactNativeE2E[3658:1adec2a] [com.apple.network:activity] No threshold for activity <nw_activity 12:2 [A0E8DC0C-5111-432D-929E-8F255E4301ED] (reporting strategy default) complete (reason success)>
2026-02-11 19:03:22.506 I  AnalyticsReactNativeE2E[3658:1adf47c] [com.apple.network:connection] nw_endpoint_handler_report_connection_idle [C20 IPv6#379a4a20.9091 ready parent-flow (satisfied (Path is satisfied), interface: en0[802.11], uses wifi, LQM: unknown)] Reporting connection idle to protocols
2026-02-11 19:03:22.506 I  AnalyticsReactNativeE2E[3658:1adf47c] [com.apple.network:connection] nw_flow_passthrough_notify [C20.1.1 IPv6#379a4a20.9091 ready socket-flow (satisfied (Path is satisfied), interface: lo0)] received notification connection_idle
2026-02-11 19:03:22.506 Df AnalyticsReactNativeE2E[3658:1adf47c] [com.apple.network:connection] nw_protocol_socket_notify [C20.1.1:2] nw_protocol_notification_type_connection_idle is true
2026-02-11 19:03:22.506 E  AnalyticsReactNativeE2E[3658:1adf47c] [com.apple.network:connection] nw_socket_set_connection_idle [C20.1.1:2] setsockopt SO_CONNECTION_IDLE failed [42: Protocol not available]
2026-02-11 19:03:22.506 I  AnalyticsReactNativeE2E[3658:1ae0ffa] [com.facebook.react.log:javascript] 'An internal error occurred: ', { [Error] type: 1, innerError: undefined, statusCode: 429 }
2026-02-11 19:03:22.506 I  AnalyticsReactNativeE2E[3658:1ae0ffa] [com.facebook.react.log:javascript] { [Error] type: 1, innerError: undefined, statusCode: 429 }
2026-02-11 19:03:22.506 E  AnalyticsReactNativeE2E[3658:1ae0ffa] [com.facebook.react.log:javascript] Failed to send 1 events.

