Filtering the log data using "processImagePath BEGINSWITH "/Users/abueide/Library/Developer/CoreSimulator/Devices/651CE25F-D2F4-404C-AC47-0364AA5C94A1/data/Containers/Bundle/Application/5D710DA8-BCA0-4769-B962-E0BB219137DB/AnalyticsReactNativeE2E.app""
Timestamp               Ty Process[PID:TID]
2026-02-11 19:00:11.589 I  AnalyticsReactNativeE2E[2796:1adc2c6] [com.wix.Detox:WebSocket] Action received: invoke
2026-02-11 19:00:11.733 Df AnalyticsReactNativeE2E[2796:1adc2c6] [com.apple.UIKit:EventDispatch] Sending UIEvent type: 0; subtype: 0; to windows: 1
2026-02-11 19:00:11.734 Df AnalyticsReactNativeE2E[2796:1adc2c6] [com.apple.UIKit:EventDispatch] Sending UIEvent type: 0; subtype: 0; to window: <UIWindow: 0x105f07780>; contextId: 0xC3D8381C
2026-02-11 19:00:11.734 A  AnalyticsReactNativeE2E[2796:1adc2c6] (UIKitCore) send gesture actions
2026-02-11 19:00:11.750 Df AnalyticsReactNativeE2E[2796:1adc2c6] [com.apple.UIKit:EventDispatch] Sending UIEvent type: 0; subtype: 0; to windows: 1
2026-02-11 19:00:11.750 Df AnalyticsReactNativeE2E[2796:1adc2c6] [com.apple.UIKit:EventDispatch] Sending UIEvent type: 0; subtype: 0; to window: <UIWindow: 0x105f07780>; contextId: 0xC3D8381C
2026-02-11 19:00:11.751 A  AnalyticsReactNativeE2E[2796:1adc2c6] (UIKitCore) send gesture actions
2026-02-11 19:00:11.751 Df AnalyticsReactNativeE2E[2796:1add56e] [com.apple.CFNetwork:Default] Task <05D597C4-AC8D-4448-A13E-1489A183FBBF>.<2> resuming, timeouts(0.0, 604800.0) qos(0x19) voucher((null)) activity(00000000-0000-0000-0000-000000000000)
2026-02-11 19:00:11.751 Db AnalyticsReactNativeE2E[2796:1add56e] [com.apple.network:activity] Returning should log: 0 for activity cfnetwork:foreground_task
2026-02-11 19:00:11.751 Db AnalyticsReactNativeE2E[2796:1add56e] [com.apple.network:activity] Domain cfnetwork rate configured in registry as 1 / 20000
2026-02-11 19:00:11.751 Db AnalyticsReactNativeE2E[2796:1add56e] [com.apple.network:activity] Domain cfnetwork rate configured after remote default override as 1 / 20000
2026-02-11 19:00:11.751 Db AnalyticsReactNativeE2E[2796:1add56e] [com.apple.network:activity] After reading settings plist, domain cfnetwork rate configured as 1 / 2000000
2026-02-11 19:00:11.751 Db AnalyticsReactNativeE2E[2796:1add56e] [com.apple.network:activity] After settings override, domain cfnetwork rate configured as 1 / 2000000
2026-02-11 19:00:11.751 Db AnalyticsReactNativeE2E[2796:1add56e] [com.apple.network:activity] Final domain cfnetwork rate configured as 1 / 2000000
2026-02-11 19:00:11.751 Db AnalyticsReactNativeE2E[2796:1add56e] [com.apple.network:activity] <nw_activity 12:2 [No UUID] (reporting strategy default)> sampled at 1 / 2000000
2026-02-11 19:00:11.751 Db AnalyticsReactNativeE2E[2796:1add56e] [com.apple.network:activity] Returning should log: 0 for activity cfnetwork:foreground_task
2026-02-11 19:00:11.751 Db AnalyticsReactNativeE2E[2796:1add56e] [com.apple.network:activity] Returning should log: 0 for activity cfnetwork:foreground_task
2026-02-11 19:00:11.751 Db AnalyticsReactNativeE2E[2796:1add56e] [com.apple.CFNetwork:Default] [Telemetry]: Activity <nw_activity 12:2 [EE18D4DF-662A-4EEB-BB6A-F2F089060AFE] (reporting strategy default)> on Task <05D597C4-AC8D-4448-A13E-1489A183FBBF>.<2> was not selected for reporting
2026-02-11 19:00:11.752 Db AnalyticsReactNativeE2E[2796:1adcab4] [com.apple.networkextension:] ne_tracker_check_is_hostname_blocked() proceeding with the in_the_app check for hostname: localhost
2026-02-11 19:00:11.752 Db AnalyticsReactNativeE2E[2796:1adcab4] [com.apple.CFBundle:resources] Resource lookup at CFBundle 0x600003b041c0 </Users/abueide/Library/Developer/CoreSimulator/Devices/651CE25F-D2F4-404C-AC47-0364AA5C94A1/data/Containers/Bundle/Application/5D710DA8-BCA0-4769-B962-E0BB219137DB/AnalyticsReactNativeE2E.app> (executable, loaded)
	Request       : InfoPlist type: strings
	Result        : None
2026-02-11 19:00:11.752 Db AnalyticsReactNativeE2E[2796:1adcab4] [com.apple.CFBundle:resources] Resource lookup at CFBundle 0x600003b041c0 </Users/abueide/Library/Developer/CoreSimulator/Devices/651CE25F-D2F4-404C-AC47-0364AA5C94A1/data/Containers/Bundle/Application/5D710DA8-BCA0-4769-B962-E0BB219137DB/AnalyticsReactNativeE2E.app> (executable, loaded)
	Request       : InfoPlist type: stringsdict
	Result        : None
2026-02-11 19:00:11.752 Db AnalyticsReactNativeE2E[2796:1adcab4] [com.apple.networkextension:] ne_tracker_check_is_hostname_blocked(): hostname localhost is not a tracker. Returning: ne_tracker_status_none
2026-02-11 19:00:11.752 Db AnalyticsReactNativeE2E[2796:1adcab4] [com.apple.CFNetwork:ATS] Uploading ATS exception ATSAllowsLocalNetworking
2026-02-11 19:00:11.752 Db AnalyticsReactNativeE2E[2796:1adcab4] [com.apple.CFNetwork:ATS] Uploading ATS exception ATSExceptionDomains
2026-02-11 19:00:11.752 A  AnalyticsReactNativeE2E[2796:1add56e] (Security) SecTrustReportNetworkingAnalytics
2026-02-11 19:00:11.752 Db AnalyticsReactNativeE2E[2796:1adcab4] [com.apple.CFNetwork:Default] Connection 16: set is idle true
2026-02-11 19:00:11.752 Df AnalyticsReactNativeE2E[2796:1adcab4] [com.apple.network:connection] [C16] event: client:connection_idle @2.190s
2026-02-11 19:00:11.752 I  AnalyticsReactNativeE2E[2796:1adcab4] [com.apple.network:connection] nw_endpoint_handler_report_connection_idle [C16 IPv6#ec3dd845.9091 ready parent-flow (satisfied (Path is satisfied), interface: en0[802.11], uses wifi, LQM: unknown)] Reporting connection idle to protocols
2026-02-11 19:00:11.752 I  AnalyticsReactNativeE2E[2796:1adcab4] [com.apple.network:connection] nw_flow_passthrough_notify [C16.1.1 IPv6#ec3dd845.9091 ready socket-flow (satisfied (Path is satisfied), interface: lo0)] received notification connection_idle
2026-02-11 19:00:11.752 Df AnalyticsReactNativeE2E[2796:1adcab4] [com.apple.network:connection] nw_protocol_socket_notify [C16.1.1:2] nw_protocol_notification_type_connection_idle is true
2026-02-11 19:00:11.752 E  AnalyticsReactNativeE2E[2796:1adcab4] [com.apple.network:connection] nw_socket_set_connection_idle [C16.1.1:2] setsockopt SO_CONNECTION_IDLE failed [42: Protocol not available]
2026-02-11 19:00:11.752 Df AnalyticsReactNativeE2E[2796:1adcab4] [com.apple.CFNetwork:Default] Task <05D597C4-AC8D-4448-A13E-1489A183FBBF>.<2> now using Connection 16
2026-02-11 19:00:11.752 Db AnalyticsReactNativeE2E[2796:1adcab4] [com.apple.network:activity] Returning should log: 0 for activity cfnetwork:foreground_task
2026-02-11 19:00:11.752 Db AnalyticsReactNativeE2E[2796:1adcab4] [com.apple.network:connection] nw_connection_modify_estimated_bytes_block_invoke [C16] Incremented estimated bytes to send by 952, total now 952
2026-02-11 19:00:11.752 Db AnalyticsReactNativeE2E[2796:1adcab4] [com.apple.network:connection] nw_connection_modify_estimated_bytes_block_invoke [C16] Using lower threshold 12582912, upper threshold 31457280
2026-02-11 19:00:11.752 Db AnalyticsReactNativeE2E[2796:1adcab4] [com.apple.CFNetwork:Default] Connection 16: set is idle false
2026-02-11 19:00:11.752 Df AnalyticsReactNativeE2E[2796:1adcab4] [com.apple.network:connection] [C16] event: client:connection_reused @2.190s
2026-02-11 19:00:11.752 I  AnalyticsReactNativeE2E[2796:1adcab4] [com.apple.network:connection] nw_endpoint_handler_report_connection_idle [C16 IPv6#ec3dd845.9091 ready parent-flow (satisfied (Path is satisfied), interface: en0[802.11], uses wifi, LQM: unknown)] Reporting connection not idle to protocols
2026-02-11 19:00:11.752 I  AnalyticsReactNativeE2E[2796:1adcab4] [com.apple.network:connection] nw_flow_passthrough_notify [C16.1.1 IPv6#ec3dd845.9091 ready socket-flow (satisfied (Path is satisfied), interface: lo0)] received notification connection_idle
2026-02-11 19:00:11.752 Df AnalyticsReactNativeE2E[2796:1adcab4] [com.apple.network:connection] nw_protocol_socket_notify [C16.1.1:2] nw_protocol_notification_type_connection_idle is false
2026-02-11 19:00:11.752 E  AnalyticsReactNativeE2E[2796:1adcab4] [com.apple.network:connection] nw_socket_set_connection_idle [C16.1.1:2] setsockopt SO_CONNECTION_IDLE failed [42: Protocol not available]
2026-02-11 19:00:11.752 Df AnalyticsReactNativeE2E[2796:1adcab4] [com.apple.CFNetwork:Default] Task <05D597C4-AC8D-4448-A13E-1489A183FBBF>.<2> sent request, body S 952
2026-02-11 19:00:11.753 Df AnalyticsReactNativeE2E[2796:1add56e] [com.apple.securityd:SecError] SecTrustReportNetworkingAnalytics failed with error: -4
2026-02-11 19:00:11.753 A  AnalyticsReactNativeE2E[2796:1add56e] (Security) SecTrustReportNetworkingAnalytics
2026-02-11 19:00:11.753 Df AnalyticsReactNativeE2E[2796:1adcab4] [com.apple.CFNetwork:Default] Task <05D597C4-AC8D-4448-A13E-1489A183FBBF>.<2> received response, status 200 content K
2026-02-11 19:00:11.753 Db AnalyticsReactNativeE2E[2796:1adcab4] [com.apple.network:connection] nw_connection_modify_estimated_bytes_block_invoke [C16] Incremented estimated bytes to receive by 20, total now 395
2026-02-11 19:00:11.753 Db AnalyticsReactNativeE2E[2796:1adcab4] [com.apple.network:connection] nw_connection_modify_estimated_bytes_block_invoke [C16] Using lower threshold 12582912, upper threshold 31457280
2026-02-11 19:00:11.753 Df AnalyticsReactNativeE2E[2796:1adcab4] [com.apple.CFNetwork:Default] Task <05D597C4-AC8D-4448-A13E-1489A183FBBF>.<2> response ended
2026-02-11 19:00:11.753 Df AnalyticsReactNativeE2E[2796:1adcab4] [com.apple.CFNetwork:Default] Task <05D597C4-AC8D-4448-A13E-1489A183FBBF>.<2> done using Connection 16
2026-02-11 19:00:11.753 Db AnalyticsReactNativeE2E[2796:1adcab4] [com.apple.network:activity] Returning should log: 0 for activity cfnetwork:foreground_task
2026-02-11 19:00:11.753 Db AnalyticsReactNativeE2E[2796:1adcab4] [com.apple.CFNetwork:Default] Connection 16: set is idle true
2026-02-11 19:00:11.753 Df AnalyticsReactNativeE2E[2796:1adcab4] [com.apple.network:connection] [C16] event: client:connection_idle @2.191s
2026-02-11 19:00:11.753 I  AnalyticsReactNativeE2E[2796:1adcab4] [com.apple.network:connection] nw_endpoint_handler_report_connection_idle [C16 IPv6#ec3dd845.9091 ready parent-flow (satisfied (Path is satisfied), interface: en0[802.11], uses wifi, LQM: unknown)] Reporting connection idle to protocols
2026-02-11 19:00:11.753 I  AnalyticsReactNativeE2E[2796:1adcab4] [com.apple.network:connection] nw_flow_passthrough_notify [C16.1.1 IPv6#ec3dd845.9091 ready socket-flow (satisfied (Path is satisfied), interface: lo0)] received notification connection_idle
2026-02-11 19:00:11.753 Df AnalyticsReactNativeE2E[2796:1adcab4] [com.apple.network:connection] nw_protocol_socket_notify [C16.1.1:2] nw_protocol_notification_type_connection_idle is true
2026-02-11 19:00:11.753 I  AnalyticsReactNativeE2E[2796:1adc367] [com.apple.runningboard:assertion] Acquiring assertion: <RBSAssertionDescriptor| "com.apple.CFNetwork.StorageDB" ID:(null) target:2796>
2026-02-11 19:00:11.753 E  AnalyticsReactNativeE2E[2796:1adcab4] [com.apple.network:connection] nw_socket_set_connection_idle [C16.1.1:2] setsockopt SO_CONNECTION_IDLE failed [42: Protocol not available]
2026-02-11 19:00:11.753 Df AnalyticsReactNativeE2E[2796:1adc35a] [com.apple.CFNetwork:Summary] Task <05D597C4-AC8D-4448-A13E-1489A183FBBF>.<2> summary for task success {transaction_duration_ms=1, response_status=200, connection=16, reused=1, reused_after_ms=0, request_start_ms=0, request_duration_ms=0, response_start_ms=1, response_duration_ms=0, request_bytes=1242, request_throughput_kbps=62108, response_bytes=255, response_throughput_kbps=16438, cache_hit=true}
2026-02-11 19:00:11.753 Db AnalyticsReactNativeE2E[2796:1adcab4] [com.apple.CFNetwork:Default] Connection 16: set is idle true
2026-02-11 19:00:11.753 Df AnalyticsReactNativeE2E[2796:1adc35a] [com.apple.CFNetwork:Default] Task <05D597C4-AC8D-4448-A13E-1489A183FBBF>.<2> finished successfully
2026-02-11 19:00:11.753 Df AnalyticsReactNativeE2E[2796:1adcab4] [com.apple.network:connection] [C16] event: client:connection_idle @2.191s
2026-02-11 19:00:11.753 Db AnalyticsReactNativeE2E[2796:1adc35a] [com.apple.network:activity] Returning should log: 0 for activity cfnetwork:foreground_task
2026-02-11 19:00:11.753 I  AnalyticsReactNativeE2E[2796:1adcab4] [com.apple.network:connection] nw_endpoint_handler_report_connection_idle [C16 IPv6#ec3dd845.9091 ready parent-flow (satisfied (Path is satisfied), interface: en0[802.11], uses wifi, LQM: unknown)] Reporting connection idle to protocols
2026-02-11 19:00:11.753 Df AnalyticsReactNativeE2E[2796:1add56e] [com.apple.securityd:SecError] SecTrustReportNetworkingAnalytics failed with error: -4
2026-02-11 19:00:11.753 I  AnalyticsReactNativeE2E[2796:1adcab4] [com.apple.network:connection] nw_flow_passthrough_notify [C16.1.1 IPv6#ec3dd845.9091 ready socket-flow (satisfied (Path is satisfied), interface: lo0)] received notification connection_idle
2026-02-11 19:00:11.753 Db AnalyticsReactNativeE2E[2796:1adc35a] [com.apple.network:activity] Returning should log: 0 for activity cfnetwork:foreground_task
2026-02-11 19:00:11.754 Df AnalyticsReactNativeE2E[2796:1adcab4] [com.apple.network:connection] nw_protocol_socket_notify [C16.1.1:2] nw_protocol_notification_type_connection_idle is true
2026-02-11 19:00:11.754 I  AnalyticsReactNativeE2E[2796:1add81f] [com.facebook.react.log:javascript] Sent 1 events
2026-02-11 19:00:11.754 Db AnalyticsReactNativeE2E[2796:1adc35a] [com.apple.network:activity] No threshold for cfnetwork:foreground_task, returning NW_ACTIVITY_DURATION_INVALID
2026-02-11 19:00:11.754 Db AnalyticsReactNativeE2E[2796:1adc367] [com.apple.runningboard:assertion] Adding assertion 1422-2796-877 to dictionary
2026-02-11 19:00:11.754 Db AnalyticsReactNativeE2E[2796:1adc35a] [com.apple.network:activity] No threshold for activity <nw_activity 12:2 [EE18D4DF-662A-4EEB-BB6A-F2F089060AFE] (reporting strategy default) complete (reason success)>
2026-02-11 19:00:11.754 E  AnalyticsReactNativeE2E[2796:1adcab4] [com.apple.network:connection] nw_socket_set_connection_idle [C16.1.1:2] setsockopt SO_CONNECTION_IDLE failed [42: Protocol not available]
2026-02-11 19:00:13.142 I  AnalyticsReactNativeE2E[2796:1adc2c6] [com.wix.Detox:WebSocket] Action received: invoke
2026-02-11 19:00:13.283 Df AnalyticsReactNativeE2E[2796:1adc2c6] [com.apple.UIKit:EventDispatch] Sending UIEvent type: 0; subtype: 0; to windows: 1
2026-02-11 19:00:13.284 Df AnalyticsReactNativeE2E[2796:1adc2c6] [com.apple.UIKit:EventDispatch] Sending UIEvent type: 0; subtype: 0; to window: <UIWindow: 0x105f07780>; contextId: 0xC3D8381C
2026-02-11 19:00:13.284 A  AnalyticsReactNativeE2E[2796:1adc2c6] (UIKitCore) send gesture actions
2026-02-11 19:00:13.300 Df AnalyticsReactNativeE2E[2796:1adc2c6] [com.apple.UIKit:EventDispatch] Sending UIEvent type: 0; subtype: 0; to windows: 1
2026-02-11 19:00:13.300 Df AnalyticsReactNativeE2E[2796:1adc2c6] [com.apple.UIKit:EventDispatch] Sending UIEvent type: 0; subtype: 0; to window: <UIWindow: 0x105f07780>; contextId: 0xC3D8381C
2026-02-11 19:00:13.301 A  AnalyticsReactNativeE2E[2796:1adc2c6] (UIKitCore) send gesture actions
2026-02-11 19:00:13.301 I  AnalyticsReactNativeE2E[2796:1add81f] [com.facebook.react.log:javascript] 'TRACK event saved', { type: 'track',
  event: 'Track pressed',
  properties: { foo: 'bar' } }
2026-02-11 19:00:13.989 I  AnalyticsReactNativeE2E[2796:1adc2c6] [com.wix.Detox:WebSocket] Action received: invoke
2026-02-11 19:00:14.116 Df AnalyticsReactNativeE2E[2796:1adc2c6] [com.apple.UIKit:EventDispatch] Sending UIEvent type: 0; subtype: 0; to windows: 1
2026-02-11 19:00:14.117 Df AnalyticsReactNativeE2E[2796:1adc2c6] [com.apple.UIKit:EventDispatch] Sending UIEvent type: 0; subtype: 0; to window: <UIWindow: 0x105f07780>; contextId: 0xC3D8381C
2026-02-11 19:00:14.117 A  AnalyticsReactNativeE2E[2796:1adc2c6] (UIKitCore) send gesture actions
2026-02-11 19:00:14.134 Df AnalyticsReactNativeE2E[2796:1adc2c6] [com.apple.UIKit:EventDispatch] Sending UIEvent type: 0; subtype: 0; to windows: 1
2026-02-11 19:00:14.134 Df AnalyticsReactNativeE2E[2796:1adc2c6] [com.apple.UIKit:EventDispatch] Sending UIEvent type: 0; subtype: 0; to window: <UIWindow: 0x105f07780>; contextId: 0xC3D8381C
2026-02-11 19:00:14.134 A  AnalyticsReactNativeE2E[2796:1adc2c6] (UIKitCore) send gesture actions
2026-02-11 19:00:14.134 Df AnalyticsReactNativeE2E[2796:1add56e] [com.apple.CFNetwork:Default] Task <4B1DE9E9-80AD-4F28-88AB-BF090B35E306>.<3> resuming, timeouts(0.0, 604800.0) qos(0x19) voucher((null)) activity(00000000-0000-0000-0000-000000000000)
2026-02-11 19:00:14.134 Db AnalyticsReactNativeE2E[2796:1add56e] [com.apple.network:activity] Returning should log: 0 for activity cfnetwork:foreground_task
2026-02-11 19:00:14.134 Db AnalyticsReactNativeE2E[2796:1add56e] [com.apple.network:activity] Domain cfnetwork rate configured in registry as 1 / 20000
2026-02-11 19:00:14.134 Db AnalyticsReactNativeE2E[2796:1add56e] [com.apple.network:activity] Domain cfnetwork rate configured after remote default override as 1 / 20000
2026-02-11 19:00:14.134 Db AnalyticsReactNativeE2E[2796:1add56e] [com.apple.network:activity] After reading settings plist, domain cfnetwork rate configured as 1 / 2000000
2026-02-11 19:00:14.135 Db AnalyticsReactNativeE2E[2796:1add56e] [com.apple.network:activity] After settings override, domain cfnetwork rate configured as 1 / 2000000
2026-02-11 19:00:14.135 Db AnalyticsReactNativeE2E[2796:1add56e] [com.apple.network:activity] Final domain cfnetwork rate configured as 1 / 2000000
2026-02-11 19:00:14.135 Db AnalyticsReactNativeE2E[2796:1add56e] [com.apple.network:activity] <nw_activity 12:2 [No UUID] (reporting strategy default)> sampled at 1 / 2000000
2026-02-11 19:00:14.135 Db AnalyticsReactNativeE2E[2796:1add56e] [com.apple.network:activity] Returning should log: 0 for activity cfnetwork:foreground_task
2026-02-11 19:00:14.135 Db AnalyticsReactNativeE2E[2796:1add56e] [com.apple.network:activity] Returning should log: 0 for activity cfnetwork:foreground_task
2026-02-11 19:00:14.135 Db AnalyticsReactNativeE2E[2796:1add56e] [com.apple.CFNetwork:Default] [Telemetry]: Activity <nw_activity 12:2 [E75B9C5D-4308-4D2B-9E86-3E5E5FB1A356] (reporting strategy default)> on Task <4B1DE9E9-80AD-4F28-88AB-BF090B35E306>.<3> was not selected for reporting
2026-02-11 19:00:14.135 Db AnalyticsReactNativeE2E[2796:1adcab4] [com.apple.networkextension:] ne_tracker_check_is_hostname_blocked() proceeding with the in_the_app check for hostname: localhost
2026-02-11 19:00:14.135 Db AnalyticsReactNativeE2E[2796:1adcab4] [com.apple.CFBundle:resources] Resource lookup at CFBundle 0x600003b041c0 </Users/abueide/Library/Developer/CoreSimulator/Devices/651CE25F-D2F4-404C-AC47-0364AA5C94A1/data/Containers/Bundle/Application/5D710DA8-BCA0-4769-B962-E0BB219137DB/AnalyticsReactNativeE2E.app> (executable, loaded)
	Request       : InfoPlist type: strings
	Result        : None
2026-02-11 19:00:14.135 Db AnalyticsReactNativeE2E[2796:1adcab4] [com.apple.CFBundle:resources] Resource lookup at CFBundle 0x600003b041c0 </Users/abueide/Library/Developer/CoreSimulator/Devices/651CE25F-D2F4-404C-AC47-0364AA5C94A1/data/Containers/Bundle/Application/5D710DA8-BCA0-4769-B962-E0BB219137DB/AnalyticsReactNativeE2E.app> (executable, loaded)
	Request       : InfoPlist type: stringsdict
	Result        : None
2026-02-11 19:00:14.135 Db AnalyticsReactNativeE2E[2796:1adcab4] [com.apple.networkextension:] ne_tracker_check_is_hostname_blocked(): hostname localhost is not a tracker. Returning: ne_tracker_status_none
2026-02-11 19:00:14.135 Db AnalyticsReactNativeE2E[2796:1adcab4] [com.apple.CFNetwork:ATS] Uploading ATS exception ATSAllowsLocalNetworking
2026-02-11 19:00:14.135 Db AnalyticsReactNativeE2E[2796:1adcab4] [com.apple.CFNetwork:ATS] Uploading ATS exception ATSExceptionDomains
2026-02-11 19:00:14.135 A  AnalyticsReactNativeE2E[2796:1add56e] (Security) SecTrustReportNetworkingAnalytics
2026-02-11 19:00:14.135 Db AnalyticsReactNativeE2E[2796:1adcab4] [com.apple.CFNetwork:Default] Connection 16: set is idle true
2026-02-11 19:00:14.135 Df AnalyticsReactNativeE2E[2796:1adcab4] [com.apple.network:connection] [C16] event: client:connection_idle @4.573s
2026-02-11 19:00:14.135 I  AnalyticsReactNativeE2E[2796:1adcab4] [com.apple.network:connection] nw_endpoint_handler_report_connection_idle [C16 IPv6#ec3dd845.9091 ready parent-flow (satisfied (Path is satisfied), interface: en0[802.11], uses wifi, LQM: unknown)] Reporting connection idle to protocols
2026-02-11 19:00:14.135 I  AnalyticsReactNativeE2E[2796:1adcab4] [com.apple.network:connection] nw_flow_passthrough_notify [C16.1.1 IPv6#ec3dd845.9091 ready socket-flow (satisfied (Path is satisfied), interface: lo0)] received notification connection_idle
2026-02-11 19:00:14.135 Df AnalyticsReactNativeE2E[2796:1adcab4] [com.apple.network:connection] nw_protocol_socket_notify [C16.1.1:2] nw_protocol_notification_type_connection_idle is true
2026-02-11 19:00:14.135 E  AnalyticsReactNativeE2E[2796:1adcab4] [com.apple.network:connection] nw_socket_set_connection_idle [C16.1.1:2] setsockopt SO_CONNECTION_IDLE failed [42: Protocol not available]
2026-02-11 19:00:14.135 Df AnalyticsReactNativeE2E[2796:1adcab4] [com.apple.CFNetwork:Default] Task <4B1DE9E9-80AD-4F28-88AB-BF090B35E306>.<3> now using Connection 16
2026-02-11 19:00:14.135 Db AnalyticsReactNativeE2E[2796:1adcab4] [com.apple.network:activity] Returning should log: 0 for activity cfnetwork:foreground_task
2026-02-11 19:00:14.135 Db AnalyticsReactNativeE2E[2796:1adcab4] [com.apple.network:connection] nw_connection_modify_estimated_bytes_block_invoke [C16] Incremented estimated bytes to send by 907, total now 1859
2026-02-11 19:00:14.135 Db AnalyticsReactNativeE2E[2796:1adcab4] [com.apple.network:connection] nw_connection_modify_estimated_bytes_block_invoke [C16] Using lower threshold 12582912, upper threshold 31457280
2026-02-11 19:00:14.135 Db AnalyticsReactNativeE2E[2796:1adcab4] [com.apple.CFNetwork:Default] Connection 16: set is idle false
2026-02-11 19:00:14.135 Df AnalyticsReactNativeE2E[2796:1adcab4] [com.apple.network:connection] [C16] event: client:connection_reused @4.573s
2026-02-11 19:00:14.135 I  AnalyticsReactNativeE2E[2796:1adcab4] [com.apple.network:connection] nw_endpoint_handler_report_connection_idle [C16 IPv6#ec3dd845.9091 ready parent-flow (satisfied (Path is satisfied), interface: en0[802.11], uses wifi, LQM: unknown)] Reporting connection not idle to protocols
2026-02-11 19:00:14.135 I  AnalyticsReactNativeE2E[2796:1adcab4] [com.apple.network:connection] nw_flow_passthrough_notify [C16.1.1 IPv6#ec3dd845.9091 ready socket-flow (satisfied (Path is satisfied), interface: lo0)] received notification connection_idle
2026-02-11 19:00:14.135 Df AnalyticsReactNativeE2E[2796:1adcab4] [com.apple.network:connection] nw_protocol_socket_notify [C16.1.1:2] nw_protocol_notification_type_connection_idle is false
2026-02-11 19:00:14.135 E  AnalyticsReactNativeE2E[2796:1adcab4] [com.apple.network:connection] nw_socket_set_connection_idle [C16.1.1:2] setsockopt SO_CONNECTION_IDLE failed [42: Protocol not available]
2026-02-11 19:00:14.135 Df AnalyticsReactNativeE2E[2796:1adc367] [com.apple.CFNetwork:Default] Task <4B1DE9E9-80AD-4F28-88AB-BF090B35E306>.<3> sent request, body S 907
2026-02-11 19:00:14.136 Df AnalyticsReactNativeE2E[2796:1add56e] [com.apple.securityd:SecError] SecTrustReportNetworkingAnalytics failed with error: -4
2026-02-11 19:00:14.136 A  AnalyticsReactNativeE2E[2796:1add56e] (Security) SecTrustReportNetworkingAnalytics
2026-02-11 19:00:14.136 Df AnalyticsReactNativeE2E[2796:1add56e] [com.apple.securityd:SecError] SecTrustReportNetworkingAnalytics failed with error: -4
2026-02-11 19:00:14.136 Df AnalyticsReactNativeE2E[2796:1add56e] [com.apple.CFNetwork:Default] Task <4B1DE9E9-80AD-4F28-88AB-BF090B35E306>.<3> received response, status 429 content K
2026-02-11 19:00:14.136 Db AnalyticsReactNativeE2E[2796:1add56e] [com.apple.network:connection] nw_connection_modify_estimated_bytes_block_invoke [C16] Incremented estimated bytes to receive by 24, total now 419
2026-02-11 19:00:14.136 Db AnalyticsReactNativeE2E[2796:1add56e] [com.apple.network:connection] nw_connection_modify_estimated_bytes_block_invoke [C16] Using lower threshold 12582912, upper threshold 31457280
2026-02-11 19:00:14.136 Df AnalyticsReactNativeE2E[2796:1add56e] [com.apple.CFNetwork:Default] Task <4B1DE9E9-80AD-4F28-88AB-BF090B35E306>.<3> response ended
2026-02-11 19:00:14.136 Df AnalyticsReactNativeE2E[2796:1add56e] [com.apple.CFNetwork:Default] Task <4B1DE9E9-80AD-4F28-88AB-BF090B35E306>.<3> done using Connection 16
2026-02-11 19:00:14.136 Db AnalyticsReactNativeE2E[2796:1add56e] [com.apple.network:activity] Returning should log: 0 for activity cfnetwork:foreground_task
2026-02-11 19:00:14.136 Db AnalyticsReactNativeE2E[2796:1add56e] [com.apple.CFNetwork:Default] Connection 16: set is idle true
2026-02-11 19:00:14.136 Df AnalyticsReactNativeE2E[2796:1add56e] [com.apple.network:connection] [C16] event: client:connection_idle @4.574s
2026-02-11 19:00:14.136 I  AnalyticsReactNativeE2E[2796:1add56e] [com.apple.network:connection] nw_endpoint_handler_report_connection_idle [C16 IPv6#ec3dd845.9091 ready parent-flow (satisfied (Path is satisfied), interface: en0[802.11], uses wifi, LQM: unknown)] Reporting connection idle to protocols
2026-02-11 19:00:14.136 I  AnalyticsReactNativeE2E[2796:1add56e] [com.apple.network:connection] nw_flow_passthrough_notify [C16.1.1 IPv6#ec3dd845.9091 ready socket-flow (satisfied (Path is satisfied), interface: lo0)] received notification connection_idle
2026-02-11 19:00:14.136 Df AnalyticsReactNativeE2E[2796:1add56e] [com.apple.network:connection] nw_protocol_socket_notify [C16.1.1:2] nw_protocol_notification_type_connection_idle is true
2026-02-11 19:00:14.136 E  AnalyticsReactNativeE2E[2796:1add56e] [com.apple.network:connection] nw_socket_set_connection_idle [C16.1.1:2] setsockopt SO_CONNECTION_IDLE failed [42: Protocol not available]
2026-02-11 19:00:14.136 Db AnalyticsReactNativeE2E[2796:1add56e] [com.apple.CFNetwork:Default] Connection 16: set is idle true
2026-02-11 19:00:14.136 Df AnalyticsReactNativeE2E[2796:1add56e] [com.apple.network:connection] [C16] event: client:connection_idle @4.574s
2026-02-11 19:00:14.136 Df AnalyticsReactNativeE2E[2796:1adcab4] [com.apple.CFNetwork:Summary] Task <4B1DE9E9-80AD-4F28-88AB-BF090B35E306>.<3> summary for task success {transaction_duration_ms=1, response_status=429, connection=16, reused=1, reused_after_ms=0, request_start_ms=0, request_duration_ms=0, response_start_ms=1, response_duration_ms=0, request_bytes=1197, request_throughput_kbps=57011, response_bytes=290, response_throughput_kbps=19500, cache_hit=true}
2026-02-11 19:00:14.136 I  AnalyticsReactNativeE2E[2796:1add56e] [com.apple.network:connection] nw_endpoint_handler_report_connection_idle [C16 IPv6#ec3dd845.9091 ready parent-flow (satisfied (Path is satisfied), interface: en0[802.11], uses wifi, LQM: unknown)] Reporting connection idle to protocols
2026-02-11 19:00:14.136 Df AnalyticsReactNativeE2E[2796:1adcab4] [com.apple.CFNetwork:Default] Task <4B1DE9E9-80AD-4F28-88AB-BF090B35E306>.<3> finished successfully
2026-02-11 19:00:14.136 I  AnalyticsReactNativeE2E[2796:1add56e] [com.apple.network:connection] nw_flow_passthrough_notify [C16.1.1 IPv6#ec3dd845.9091 ready socket-flow (satisfied (Path is satisfied), interface: lo0)] received notification connection_idle
2026-02-11 19:00:14.137 Db AnalyticsReactNativeE2E[2796:1adcab4] [com.apple.network:activity] Returning should log: 0 for activity cfnetwork:foreground_task
2026-02-11 19:00:14.137 Df AnalyticsReactNativeE2E[2796:1add56e] [com.apple.network:connection] nw_protocol_socket_notify [C16.1.1:2] nw_protocol_notification_type_connection_idle is true
2026-02-11 19:00:14.137 Db AnalyticsReactNativeE2E[2796:1adcab4] [com.apple.network:activity] Returning should log: 0 for activity cfnetwork:foreground_task
2026-02-11 19:00:14.137 E  AnalyticsReactNativeE2E[2796:1add56e] [com.apple.network:connection] nw_socket_set_connection_idle [C16.1.1:2] setsockopt SO_CONNECTION_IDLE failed [42: Protocol not available]
2026-02-11 19:00:14.137 Db AnalyticsReactNativeE2E[2796:1adcab4] [com.apple.network:activity] No threshold for cfnetwork:foreground_task, returning NW_ACTIVITY_DURATION_INVALID
2026-02-11 19:00:14.137 Db AnalyticsReactNativeE2E[2796:1adcab4] [com.apple.network:activity] No threshold for activity <nw_activity 12:2 [E75B9C5D-4308-4D2B-9E86-3E5E5FB1A356] (reporting strategy default) complete (reason success)>
2026-02-11 19:00:14.137 I  AnalyticsReactNativeE2E[2796:1add81f] [com.facebook.react.log:javascript] 'An internal error occurred: ', { [Error] type: 1, innerError: undefined, statusCode: 429 }
2026-02-11 19:00:14.137 I  AnalyticsReactNativeE2E[2796:1add81f] [com.facebook.react.log:javascript] { [Error] type: 1, innerError: undefined, statusCode: 429 }
2026-02-11 19:00:14.137 E  AnalyticsReactNativeE2E[2796:1add81f] [com.facebook.react.log:javascript] Failed to send 1 events.
2026-02-11 19:00:14.824 I  AnalyticsReactNativeE2E[2796:1adc2c6] [com.wix.Detox:WebSocket] Action received: invoke
2026-02-11 19:00:14.967 Df AnalyticsReactNativeE2E[2796:1adc2c6] [com.apple.UIKit:EventDispatch] Sending UIEvent type: 0; subtype: 0; to windows: 1
2026-02-11 19:00:14.967 Df AnalyticsReactNativeE2E[2796:1adc2c6] [com.apple.UIKit:EventDispatch] Sending UIEvent type: 0; subtype: 0; to window: <UIWindow: 0x105f07780>; contextId: 0xC3D8381C
2026-02-11 19:00:14.968 A  AnalyticsReactNativeE2E[2796:1adc2c6] (UIKitCore) send gesture actions
2026-02-11 19:00:14.983 Df AnalyticsReactNativeE2E[2796:1adc2c6] [com.apple.UIKit:EventDispatch] Sending UIEvent type: 0; subtype: 0; to windows: 1
2026-02-11 19:00:14.983 Df AnalyticsReactNativeE2E[2796:1adc2c6] [com.apple.UIKit:EventDispatch] Sending UIEvent type: 0; subtype: 0; to window: <UIWindow: 0x105f07780>; contextId: 0xC3D8381C
2026-02-11 19:00:14.983 A  AnalyticsReactNativeE2E[2796:1adc2c6] (UIKitCore) send gesture actions
2026-02-11 19:00:14.984 Df AnalyticsReactNativeE2E[2796:1adcab4] [com.apple.CFNetwork:Default] Task <526A0A86-10DA-42D1-900C-FBA34E3B2A2D>.<4> resuming, timeouts(0.0, 604800.0) qos(0x19) voucher((null)) activity(00000000-0000-0000-0000-000000000000)
2026-02-11 19:00:14.984 Db AnalyticsReactNativeE2E[2796:1adcab4] [com.apple.network:activity] Returning should log: 0 for activity cfnetwork:foreground_task
2026-02-11 19:00:14.984 Db AnalyticsReactNativeE2E[2796:1adcab4] [com.apple.network:activity] Domain cfnetwork rate configured in registry as 1 / 20000
2026-02-11 19:00:14.984 Db AnalyticsReactNativeE2E[2796:1adcab4] [com.apple.network:activity] Domain cfnetwork rate configured after remote default override as 1 / 20000
2026-02-11 19:00:14.984 Db AnalyticsReactNativeE2E[2796:1adcab4] [com.apple.network:activity] After reading settings plist, domain cfnetwork rate configured as 1 / 2000000
2026-02-11 19:00:14.984 Db AnalyticsReactNativeE2E[2796:1adcab4] [com.apple.network:activity] After settings override, domain cfnetwork rate configured as 1 / 2000000
2026-02-11 19:00:14.984 Db AnalyticsReactNativeE2E[2796:1adcab4] [com.apple.network:activity] Final domain cfnetwork rate configured as 1 / 2000000
2026-02-11 19:00:14.984 Db AnalyticsReactNativeE2E[2796:1adcab4] [com.apple.network:activity] <nw_activity 12:2 [No UUID] (reporting strategy default)> sampled at 1 / 2000000
2026-02-11 19:00:14.984 Db AnalyticsReactNativeE2E[2796:1adcab4] [com.apple.network:activity] Returning should log: 0 for activity cfnetwork:foreground_task
2026-02-11 19:00:14.984 Db AnalyticsReactNativeE2E[2796:1adcab4] [com.apple.network:activity] Returning should log: 0 for activity cfnetwork:foreground_task
2026-02-11 19:00:14.984 Db AnalyticsReactNativeE2E[2796:1adcab4] [com.apple.CFNetwork:Default] [Telemetry]: Activity <nw_activity 12:2 [8F791540-1A3D-4A55-A3A6-F6F97197BAEC] (reporting strategy default)> on Task <526A0A86-10DA-42D1-900C-FBA34E3B2A2D>.<4> was not selected for reporting
2026-02-11 19:00:14.984 Db AnalyticsReactNativeE2E[2796:1add56e] [com.apple.networkextension:] ne_tracker_check_is_hostname_blocked() proceeding with the in_the_app check for hostname: localhost
2026-02-11 19:00:14.984 Db AnalyticsReactNativeE2E[2796:1add56e] [com.apple.CFBundle:resources] Resource lookup at CFBundle 0x600003b041c0 </Users/abueide/Library/Developer/CoreSimulator/Devices/651CE25F-D2F4-404C-AC47-0364AA5C94A1/data/Containers/Bundle/Application/5D710DA8-BCA0-4769-B962-E0BB219137DB/AnalyticsReactNativeE2E.app> (executable, loaded)
	Request       : InfoPlist type: strings
	Result        : None
2026-02-11 19:00:14.984 Db AnalyticsReactNativeE2E[2796:1add56e] [com.apple.CFBundle:resources] Resource lookup at CFBundle 0x600003b041c0 </Users/abueide/Library/Developer/CoreSimulator/Devices/651CE25F-D2F4-404C-AC47-0364AA5C94A1/data/Containers/Bundle/Application/5D710DA8-BCA0-4769-B962-E0BB219137DB/AnalyticsReactNativeE2E.app> (executable, loaded)
	Request       : InfoPlist type: stringsdict
	Result        : None
2026-02-11 19:00:14.984 Db AnalyticsReactNativeE2E[2796:1add56e] [com.apple.networkextension:] ne_tracker_check_is_hostname_blocked(): hostname localhost is not a tracker. Returning: ne_tracker_status_none
2026-02-11 19:00:14.985 Db AnalyticsReactNativeE2E[2796:1add56e] [com.apple.CFNetwork:ATS] Uploading ATS exception ATSAllowsLocalNetworking
2026-02-11 19:00:14.985 A  AnalyticsReactNativeE2E[2796:1adcab4] (Security) SecTrustReportNetworkingAnalytics
2026-02-11 19:00:14.985 Db AnalyticsReactNativeE2E[2796:1add56e] [com.apple.CFNetwork:ATS] Uploading ATS exception ATSExceptionDomains
2026-02-11 19:00:14.985 Db AnalyticsReactNativeE2E[2796:1add56e] [com.apple.CFNetwork:Default] Connection 16: set is idle true
2026-02-11 19:00:14.985 Df AnalyticsReactNativeE2E[2796:1add56e] [com.apple.network:connection] [C16] event: client:connection_idle @5.423s
2026-02-11 19:00:14.985 I  AnalyticsReactNativeE2E[2796:1add56e] [com.apple.network:connection] nw_endpoint_handler_report_connection_idle [C16 IPv6#ec3dd845.9091 ready parent-flow (satisfied (Path is satisfied), interface: en0[802.11], uses wifi, LQM: unknown)] Reporting connection idle to protocols
2026-02-11 19:00:14.985 I  AnalyticsReactNativeE2E[2796:1add56e] [com.apple.network:connection] nw_flow_passthrough_notify [C16.1.1 IPv6#ec3dd845.9091 ready socket-flow (satisfied (Path is satisfied), interface: lo0)] received notification connection_idle
2026-02-11 19:00:14.985 Df AnalyticsReactNativeE2E[2796:1add56e] [com.apple.network:connection] nw_protocol_socket_notify [C16.1.1:2] nw_protocol_notification_type_connection_idle is true
2026-02-11 19:00:14.985 E  AnalyticsReactNativeE2E[2796:1add56e] [com.apple.network:connection] nw_socket_set_connection_idle [C16.1.1:2] setsockopt SO_CONNECTION_IDLE failed [42: Protocol not available]
2026-02-11 19:00:14.985 Df AnalyticsReactNativeE2E[2796:1add56e] [com.apple.CFNetwork:Default] Task <526A0A86-10DA-42D1-900C-FBA34E3B2A2D>.<4> now using Connection 16
2026-02-11 19:00:14.985 Db AnalyticsReactNativeE2E[2796:1add56e] [com.apple.network:activity] Returning should log: 0 for activity cfnetwork:foreground_task
2026-02-11 19:00:14.985 Db AnalyticsReactNativeE2E[2796:1add56e] [com.apple.network:connection] nw_connection_modify_estimated_bytes_block_invoke [C16] Incremented estimated bytes to send by 907, total now 2766
2026-02-11 19:00:14.985 Db AnalyticsReactNativeE2E[2796:1add56e] [com.apple.network:connection] nw_connection_modify_estimated_bytes_block_invoke [C16] Using lower threshold 12582912, upper threshold 31457280
2026-02-11 19:00:14.985 Db AnalyticsReactNativeE2E[2796:1add56e] [com.apple.CFNetwork:Default] Connection 16: set is idle false
2026-02-11 19:00:14.985 Df AnalyticsReactNativeE2E[2796:1add56e] [com.apple.network:connection] [C16] event: client:connection_reused @5.423s
2026-02-11 19:00:14.985 I  AnalyticsReactNativeE2E[2796:1add56e] [com.apple.network:connection] nw_endpoint_handler_report_connection_idle [C16 IPv6#ec3dd845.9091 ready parent-flow (satisfied (Path is satisfied), interface: en0[802.11], uses wifi, LQM: unknown)] Reporting connection not idle to protocols
2026-02-11 19:00:14.985 I  AnalyticsReactNativeE2E[2796:1add56e] [com.apple.network:connection] nw_flow_passthrough_notify [C16.1.1 IPv6#ec3dd845.9091 ready socket-flow (satisfied (Path is satisfied), interface: lo0)] received notification connection_idle
2026-02-11 19:00:14.985 Df AnalyticsReactNativeE2E[2796:1add56e] [com.apple.network:connection] nw_protocol_socket_notify [C16.1.1:2] nw_protocol_notification_type_connection_idle is false
2026-02-11 19:00:14.985 E  AnalyticsReactNativeE2E[2796:1add56e] [com.apple.network:connection] nw_socket_set_connection_idle [C16.1.1:2] setsockopt SO_CONNECTION_IDLE failed [42: Protocol not available]
2026-02-11 19:00:14.985 Df AnalyticsReactNativeE2E[2796:1adc367] [com.apple.CFNetwork:Default] Task <526A0A86-10DA-42D1-900C-FBA34E3B2A2D>.<4> sent request, body S 907
2026-02-11 19:00:14.986 Df AnalyticsReactNativeE2E[2796:1adcab4] [com.apple.securityd:SecError] SecTrustReportNetworkingAnalytics failed with error: -4
2026-02-11 19:00:14.986 A  AnalyticsReactNativeE2E[2796:1adcab4] (Security) SecTrustReportNetworkingAnalytics
2026-02-11 19:00:14.986 Df AnalyticsReactNativeE2E[2796:1adcab4] [com.apple.securityd:SecError] SecTrustReportNetworkingAnalytics failed with error: -4
2026-02-11 19:00:14.986 Df AnalyticsReactNativeE2E[2796:1adcab4] [com.apple.CFNetwork:Default] Task <526A0A86-10DA-42D1-900C-FBA34E3B2A2D>.<4> received response, status 429 content K
2026-02-11 19:00:14.986 Db AnalyticsReactNativeE2E[2796:1adcab4] [com.apple.network:connection] nw_connection_modify_estimated_bytes_block_invoke [C16] Incremented estimated bytes to receive by 24, total now 443
2026-02-11 19:00:14.986 Db AnalyticsReactNativeE2E[2796:1adcab4] [com.apple.network:connection] nw_connection_modify_estimated_bytes_block_invoke [C16] Using lower threshold 12582912, upper threshold 31457280
2026-02-11 19:00:14.986 Df AnalyticsReactNativeE2E[2796:1adcab4] [com.apple.CFNetwork:Default] Task <526A0A86-10DA-42D1-900C-FBA34E3B2A2D>.<4> response ended
2026-02-11 19:00:14.987 Df AnalyticsReactNativeE2E[2796:1adcab4] [com.apple.CFNetwork:Default] Task <526A0A86-10DA-42D1-900C-FBA34E3B2A2D>.<4> done using Connection 16
2026-02-11 19:00:14.987 Db AnalyticsReactNativeE2E[2796:1adcab4] [com.apple.network:activity] Returning should log: 0 for activity cfnetwork:foreground_task
2026-02-11 19:00:14.987 Db AnalyticsReactNativeE2E[2796:1adcab4] [com.apple.CFNetwork:Default] Connection 16: set is idle true
2026-02-11 19:00:14.987 Df AnalyticsReactNativeE2E[2796:1adcab4] [com.apple.network:connection] [C16] event: client:connection_idle @5.424s
2026-02-11 19:00:14.987 I  AnalyticsReactNativeE2E[2796:1adcab4] [com.apple.network:connection] nw_endpoint_handler_report_connection_idle [C16 IPv6#ec3dd845.9091 ready parent-flow (satisfied (Path is satisfied), interface: en0[802.11], uses wifi, LQM: unknown)] Reporting connection idle to protocols
2026-02-11 19:00:14.987 I  AnalyticsReactNativeE2E[2796:1adcab4] [com.apple.network:connection] nw_flow_passthrough_notify [C16.1.1 IPv6#ec3dd845.9091 ready socket-flow (satisfied (Path is satisfied), interface: lo0)] received notification connection_idle
2026-02-11 19:00:14.987 Df AnalyticsReactNativeE2E[2796:1adcab4] [com.apple.network:connection] nw_protocol_socket_notify [C16.1.1:2] nw_protocol_notification_type_connection_idle is true
2026-02-11 19:00:14.987 E  AnalyticsReactNativeE2E[2796:1adcab4] [com.apple.network:connection] nw_socket_set_connection_idle [C16.1.1:2] setsockopt SO_CONNECTION_IDLE failed [42: Protocol not available]
2026-02-11 19:00:14.987 Df AnalyticsReactNativeE2E[2796:1adc367] [com.apple.CFNetwork:Summary] Task <526A0A86-10DA-42D1-900C-FBA34E3B2A2D>.<4> summary for task success {transaction_duration_ms=2, response_status=429, connection=16, reused=1, reused_after_ms=0, request_start_ms=0, request_duration_ms=0, response_start_ms=2, response_duration_ms=0, request_bytes=1197, request_throughput_kbps=52917, response_bytes=290, response_throughput_kbps=12148, cache_hit=true}
2026-02-11 19:00:14.987 Db AnalyticsReactNativeE2E[2796:1adcab4] [com.apple.CFNetwork:Default] Connection 16: set is idle true
2026-02-11 19:00:14.987 Df AnalyticsReactNativeE2E[2796:1adcab4] [com.apple.network:connection] [C16] event: client:connection_idle @5.425s
2026-02-11 19:00:14.987 Df AnalyticsReactNativeE2E[2796:1adc367] [com.apple.CFNetwork:Default] Task <526A0A86-10DA-42D1-900C-FBA34E3B2A2D>.<4> finished successfully
2026-02-11 19:00:14.987 I  AnalyticsReactNativeE2E[2796:1adcab4] [com.apple.network:connection] nw_endpoint_handler_report_connection_idle [C16 IPv6#ec3dd845.9091 ready parent-flow (satisfied (Path is satisfied), interface: en0[802.11], uses wifi, LQM: unknown)] Reporting connection idle to protocols
2026-02-11 19:00:14.987 Db AnalyticsReactNativeE2E[2796:1adc367] [com.apple.network:activity] Returning should log: 0 for activity cfnetwork:foreground_task
2026-02-11 19:00:14.987 I  AnalyticsReactNativeE2E[2796:1adcab4] [com.apple.network:connection] nw_flow_passthrough_notify [C16.1.1 IPv6#ec3dd845.9091 ready socket-flow (satisfied (Path is satisfied), interface: lo0)] received notification connection_idle
2026-02-11 19:00:14.987 Db AnalyticsReactNativeE2E[2796:1adc367] [com.apple.network:activity] Returning should log: 0 for activity cfnetwork:foreground_task
2026-02-11 19:00:14.987 Df AnalyticsReactNativeE2E[2796:1adcab4] [com.apple.network:connection] nw_protocol_socket_notify [C16.1.1:2] nw_protocol_notification_type_connection_idle is true
2026-02-11 19:00:14.987 Db AnalyticsReactNativeE2E[2796:1adc367] [com.apple.network:activity] No threshold for cfnetwork:foreground_task, returning NW_ACTIVITY_DURATION_INVALID
2026-02-11 19:00:14.987 E  AnalyticsReactNativeE2E[2796:1adcab4] [com.apple.network:connection] nw_socket_set_connection_idle [C16.1.1:2] setsockopt SO_CONNECTION_IDLE failed [42: Protocol not available]
2026-02-11 19:00:14.987 Db AnalyticsReactNativeE2E[2796:1adc367] [com.apple.network:activity] No threshold for activity <nw_activity 12:2 [8F791540-1A3D-4A55-A3A6-F6F97197BAEC] (reporting strategy default) complete (reason success)>
2026-02-11 19:00:14.987 I  AnalyticsReactNativeE2E[2796:1add81f] [com.facebook.react.log:javascript] 'An internal error occurred: ', { [Error] type: 1, innerError: undefined, statusCode: 429 }
2026-02-11 19:00:14.987 I  AnalyticsReactNativeE2E[2796:1add81f] [com.facebook.react.log:javascript] { [Error] type: 1, innerError: undefined, statusCode: 429 }
2026-02-11 19:00:14.987 E  AnalyticsReactNativeE2E[2796:1add81f] [com.facebook.react.log:javascript] Failed to send 1 events.

