Filtering the log data using "processImagePath BEGINSWITH "/Users/abueide/Library/Developer/CoreSimulator/Devices/651CE25F-D2F4-404C-AC47-0364AA5C94A1/data/Containers/Bundle/Application/2CE46EE6-15A7-4764-BACE-8BE27226907A/AnalyticsReactNativeE2E.app""
Timestamp               Ty Process[PID:TID]
2026-02-11 19:03:11.235 Db AnalyticsReactNativeE2E[3658:1adec4e] [com.apple.network:connection] nw_association_schedule_deactivation_block_invoke <nw_association Hostname#a6e87fda:9091> becoming dormant
2026-02-11 19:03:11.235 Db AnalyticsReactNativeE2E[3658:1adec4e] [com.apple.network:connection] nw_association_schedule_deactivation_block_invoke <nw_association IPv6#379a4a20.9091> becoming dormant
2026-02-11 19:03:11.236 Db AnalyticsReactNativeE2E[3658:1adec4e] [com.apple.CFNetwork:Coalescing] removing all entries config 0x6000002ee0c0
2026-02-11 19:03:11.236 I  AnalyticsReactNativeE2E[3658:1adec4e] [com.apple.network:] nw_context_dealloc Deallocating context <nw_context (null) (private)>
2026-02-11 19:03:11.236 I  AnalyticsReactNativeE2E[3658:1adec4e] [com.apple.network:] nw_context_purge_endpoints Context <nw_context com.apple.CFNetwork.NSURLSession.{D644CD80-0C42-48BC-800C-757EAE3CAC35}{(null)}{Y}{2}{0x0} (private)> has more than 0 cache entries, purging 1 from 1 down to 0
2026-02-11 19:03:11.236 Db AnalyticsReactNativeE2E[3658:1adec4e] [com.apple.network:endpoint] endpoint IPv6#379a4a20.9091 has nothing to cleanup, no protocol instance registrars
2026-02-11 19:03:11.236 Db AnalyticsReactNativeE2E[3658:1adec4e] [com.apple.network:endpoint] endpoint Hostname#a6e87fda:9091 has nothing to cleanup, no protocol instance registrars
2026-02-11 19:03:11.236 I  AnalyticsReactNativeE2E[3658:1adec4e] [com.apple.network:] nw_context_dealloc Deallocating context <nw_context (null) (private)>
2026-02-11 19:03:12.580 I  AnalyticsReactNativeE2E[3658:1adebdb] [com.wix.Detox:WebSocket] Action received: invoke
2026-02-11 19:03:12.718 Df AnalyticsReactNativeE2E[3658:1adebdb] [com.apple.UIKit:EventDispatch] Sending UIEvent type: 0; subtype: 0; to windows: 1
2026-02-11 19:03:12.719 Df AnalyticsReactNativeE2E[3658:1adebdb] [com.apple.UIKit:EventDispatch] Sending UIEvent type: 0; subtype: 0; to window: <UIWindow: 0x102309070>; contextId: 0x290368A9
2026-02-11 19:03:12.719 A  AnalyticsReactNativeE2E[3658:1adebdb] (UIKitCore) send gesture actions
2026-02-11 19:03:12.735 Df AnalyticsReactNativeE2E[3658:1adebdb] [com.apple.UIKit:EventDispatch] Sending UIEvent type: 0; subtype: 0; to windows: 1
2026-02-11 19:03:12.735 Df AnalyticsReactNativeE2E[3658:1adebdb] [com.apple.UIKit:EventDispatch] Sending UIEvent type: 0; subtype: 0; to window: <UIWindow: 0x102309070>; contextId: 0x290368A9
2026-02-11 19:03:12.735 A  AnalyticsReactNativeE2E[3658:1adebdb] (UIKitCore) send gesture actions
2026-02-11 19:03:12.736 Df AnalyticsReactNativeE2E[3658:1adec4e] [com.apple.CFNetwork:Default] Task <B3788A09-3836-4E92-8C2B-36A0DC9B5F07>.<2> resuming, timeouts(0.0, 604800.0) qos(0x19) voucher((null)) activity(00000000-0000-0000-0000-000000000000)
2026-02-11 19:03:12.736 Db AnalyticsReactNativeE2E[3658:1adec4e] [com.apple.network:activity] Returning should log: 0 for activity cfnetwork:foreground_task
2026-02-11 19:03:12.736 Db AnalyticsReactNativeE2E[3658:1adec4e] [com.apple.network:activity] Domain cfnetwork rate configured in registry as 1 / 20000
2026-02-11 19:03:12.737 Db AnalyticsReactNativeE2E[3658:1adec4e] [com.apple.network:activity] Domain cfnetwork rate configured after remote default override as 1 / 20000
2026-02-11 19:03:12.737 Db AnalyticsReactNativeE2E[3658:1adec4e] [com.apple.network:activity] After reading settings plist, domain cfnetwork rate configured as 1 / 2000000
2026-02-11 19:03:12.737 Db AnalyticsReactNativeE2E[3658:1adec4e] [com.apple.network:activity] After settings override, domain cfnetwork rate configured as 1 / 2000000
2026-02-11 19:03:12.737 Db AnalyticsReactNativeE2E[3658:1adec4e] [com.apple.network:activity] Final domain cfnetwork rate configured as 1 / 2000000
2026-02-11 19:03:12.737 Db AnalyticsReactNativeE2E[3658:1adec4e] [com.apple.network:activity] <nw_activity 12:2 [No UUID] (reporting strategy default)> sampled at 1 / 2000000
2026-02-11 19:03:12.737 Db AnalyticsReactNativeE2E[3658:1adec4e] [com.apple.network:activity] Returning should log: 0 for activity cfnetwork:foreground_task
2026-02-11 19:03:12.737 Db AnalyticsReactNativeE2E[3658:1adec4e] [com.apple.network:activity] Returning should log: 0 for activity cfnetwork:foreground_task
2026-02-11 19:03:12.737 Db AnalyticsReactNativeE2E[3658:1adec4e] [com.apple.CFNetwork:Default] [Telemetry]: Activity <nw_activity 12:2 [C033ECE5-56C2-4ABA-9CCE-A31243D7F2E2] (reporting strategy default)> on Task <B3788A09-3836-4E92-8C2B-36A0DC9B5F07>.<2> was not selected for reporting
2026-02-11 19:03:12.737 Db AnalyticsReactNativeE2E[3658:1adec2a] [com.apple.networkextension:] ne_tracker_check_is_hostname_blocked() proceeding with the in_the_app check for hostname: localhost
2026-02-11 19:03:12.737 Db AnalyticsReactNativeE2E[3658:1adec2a] [com.apple.CFBundle:resources] Resource lookup at CFBundle 0x600003b00000 </Users/abueide/Library/Developer/CoreSimulator/Devices/651CE25F-D2F4-404C-AC47-0364AA5C94A1/data/Containers/Bundle/Application/2CE46EE6-15A7-4764-BACE-8BE27226907A/AnalyticsReactNativeE2E.app> (executable, loaded)
	Request       : InfoPlist type: strings
	Result        : None
2026-02-11 19:03:12.737 Db AnalyticsReactNativeE2E[3658:1adec2a] [com.apple.CFBundle:resources] Resource lookup at CFBundle 0x600003b00000 </Users/abueide/Library/Developer/CoreSimulator/Devices/651CE25F-D2F4-404C-AC47-0364AA5C94A1/data/Containers/Bundle/Application/2CE46EE6-15A7-4764-BACE-8BE27226907A/AnalyticsReactNativeE2E.app> (executable, loaded)
	Request       : InfoPlist type: stringsdict
	Result        : None
2026-02-11 19:03:12.737 Db AnalyticsReactNativeE2E[3658:1adec2a] [com.apple.networkextension:] ne_tracker_check_is_hostname_blocked(): hostname localhost is not a tracker. Returning: ne_tracker_status_none
2026-02-11 19:03:12.737 Db AnalyticsReactNativeE2E[3658:1adec2a] [com.apple.CFNetwork:ATS] Uploading ATS exception ATSAllowsLocalNetworking
2026-02-11 19:03:12.737 Db AnalyticsReactNativeE2E[3658:1adec2a] [com.apple.CFNetwork:ATS] Uploading ATS exception ATSExceptionDomains
2026-02-11 19:03:12.737 A  AnalyticsReactNativeE2E[3658:1adec4e] (Security) SecTrustReportNetworkingAnalytics
2026-02-11 19:03:12.737 Db AnalyticsReactNativeE2E[3658:1adec2a] [com.apple.CFNetwork:Default] Connection 19: set is idle true
2026-02-11 19:03:12.737 Df AnalyticsReactNativeE2E[3658:1adec2a] [com.apple.network:connection] [C19] event: client:connection_idle @2.185s
2026-02-11 19:03:12.737 I  AnalyticsReactNativeE2E[3658:1adec2a] [com.apple.network:connection] nw_endpoint_handler_report_connection_idle [C19 IPv6#379a4a20.9091 ready parent-flow (satisfied (Path is satisfied), interface: en0[802.11], uses wifi, LQM: unknown)] Reporting connection idle to protocols
2026-02-11 19:03:12.737 I  AnalyticsReactNativeE2E[3658:1adec2a] [com.apple.network:connection] nw_flow_passthrough_notify [C19.1.1 IPv6#379a4a20.9091 ready socket-flow (satisfied (Path is satisfied), interface: lo0)] received notification connection_idle
2026-02-11 19:03:12.737 Df AnalyticsReactNativeE2E[3658:1adec2a] [com.apple.network:connection] nw_protocol_socket_notify [C19.1.1:2] nw_protocol_notification_type_connection_idle is true
2026-02-11 19:03:12.737 E  AnalyticsReactNativeE2E[3658:1adec2a] [com.apple.network:connection] nw_socket_set_connection_idle [C19.1.1:2] setsockopt SO_CONNECTION_IDLE failed [42: Protocol not available]
2026-02-11 19:03:12.737 Df AnalyticsReactNativeE2E[3658:1adec2a] [com.apple.CFNetwork:Default] Task <B3788A09-3836-4E92-8C2B-36A0DC9B5F07>.<2> now using Connection 19
2026-02-11 19:03:12.737 Db AnalyticsReactNativeE2E[3658:1adec2a] [com.apple.network:activity] Returning should log: 0 for activity cfnetwork:foreground_task
2026-02-11 19:03:12.737 Db AnalyticsReactNativeE2E[3658:1adec2a] [com.apple.network:connection] nw_connection_modify_estimated_bytes_block_invoke [C19] Incremented estimated bytes to send by 952, total now 952
2026-02-11 19:03:12.737 Db AnalyticsReactNativeE2E[3658:1adec2a] [com.apple.network:connection] nw_connection_modify_estimated_bytes_block_invoke [C19] Using lower threshold 12582912, upper threshold 31457280
2026-02-11 19:03:12.737 Db AnalyticsReactNativeE2E[3658:1adec2a] [com.apple.CFNetwork:Default] Connection 19: set is idle false
2026-02-11 19:03:12.737 Df AnalyticsReactNativeE2E[3658:1adec2a] [com.apple.network:connection] [C19] event: client:connection_reused @2.186s
2026-02-11 19:03:12.737 I  AnalyticsReactNativeE2E[3658:1adec2a] [com.apple.network:connection] nw_endpoint_handler_report_connection_idle [C19 IPv6#379a4a20.9091 ready parent-flow (satisfied (Path is satisfied), interface: en0[802.11], uses wifi, LQM: unknown)] Reporting connection not idle to protocols
2026-02-11 19:03:12.737 I  AnalyticsReactNativeE2E[3658:1adec2a] [com.apple.network:connection] nw_flow_passthrough_notify [C19.1.1 IPv6#379a4a20.9091 ready socket-flow (satisfied (Path is satisfied), interface: lo0)] received notification connection_idle
2026-02-11 19:03:12.737 Df AnalyticsReactNativeE2E[3658:1adec2a] [com.apple.network:connection] nw_protocol_socket_notify [C19.1.1:2] nw_protocol_notification_type_connection_idle is false
2026-02-11 19:03:12.737 E  AnalyticsReactNativeE2E[3658:1adec2a] [com.apple.network:connection] nw_socket_set_connection_idle [C19.1.1:2] setsockopt SO_CONNECTION_IDLE failed [42: Protocol not available]
2026-02-11 19:03:12.738 Df AnalyticsReactNativeE2E[3658:1adf47e] [com.apple.CFNetwork:Default] Task <B3788A09-3836-4E92-8C2B-36A0DC9B5F07>.<2> sent request, body S 952
2026-02-11 19:03:12.738 Df AnalyticsReactNativeE2E[3658:1adec4e] [com.apple.securityd:SecError] SecTrustReportNetworkingAnalytics failed with error: -4
2026-02-11 19:03:12.738 A  AnalyticsReactNativeE2E[3658:1adec4e] (Security) SecTrustReportNetworkingAnalytics
2026-02-11 19:03:12.738 Df AnalyticsReactNativeE2E[3658:1adec4e] [com.apple.securityd:SecError] SecTrustReportNetworkingAnalytics failed with error: -4
2026-02-11 19:03:12.739 Df AnalyticsReactNativeE2E[3658:1adec4e] [com.apple.CFNetwork:Default] Task <B3788A09-3836-4E92-8C2B-36A0DC9B5F07>.<2> received response, status 200 content K
2026-02-11 19:03:12.739 Db AnalyticsReactNativeE2E[3658:1adec4e] [com.apple.network:connection] nw_connection_modify_estimated_bytes_block_invoke [C19] Incremented estimated bytes to receive by 20, total now 395
2026-02-11 19:03:12.739 Db AnalyticsReactNativeE2E[3658:1adec4e] [com.apple.network:connection] nw_connection_modify_estimated_bytes_block_invoke [C19] Using lower threshold 12582912, upper threshold 31457280
2026-02-11 19:03:12.739 Df AnalyticsReactNativeE2E[3658:1adec4e] [com.apple.CFNetwork:Default] Task <B3788A09-3836-4E92-8C2B-36A0DC9B5F07>.<2> response ended
2026-02-11 19:03:12.739 Df AnalyticsReactNativeE2E[3658:1adec4e] [com.apple.CFNetwork:Default] Task <B3788A09-3836-4E92-8C2B-36A0DC9B5F07>.<2> done using Connection 19
2026-02-11 19:03:12.739 Db AnalyticsReactNativeE2E[3658:1adec4e] [com.apple.network:activity] Returning should log: 0 for activity cfnetwork:foreground_task
2026-02-11 19:03:12.739 Db AnalyticsReactNativeE2E[3658:1adec4e] [com.apple.CFNetwork:Default] Connection 19: set is idle true
2026-02-11 19:03:12.739 Df AnalyticsReactNativeE2E[3658:1adec4e] [com.apple.network:connection] [C19] event: client:connection_idle @2.188s
2026-02-11 19:03:12.739 I  AnalyticsReactNativeE2E[3658:1adec4e] [com.apple.network:connection] nw_endpoint_handler_report_connection_idle [C19 IPv6#379a4a20.9091 ready parent-flow (satisfied (Path is satisfied), interface: en0[802.11], uses wifi, LQM: unknown)] Reporting connection idle to protocols
2026-02-11 19:03:12.739 I  AnalyticsReactNativeE2E[3658:1adec4e] [com.apple.network:connection] nw_flow_passthrough_notify [C19.1.1 IPv6#379a4a20.9091 ready socket-flow (satisfied (Path is satisfied), interface: lo0)] received notification connection_idle
2026-02-11 19:03:12.739 Df AnalyticsReactNativeE2E[3658:1adec4e] [com.apple.network:connection] nw_protocol_socket_notify [C19.1.1:2] nw_protocol_notification_type_connection_idle is true
2026-02-11 19:03:12.739 Df AnalyticsReactNativeE2E[3658:1adf47e] [com.apple.CFNetwork:Summary] Task <B3788A09-3836-4E92-8C2B-36A0DC9B5F07>.<2> summary for task success {transaction_duration_ms=2, response_status=200, connection=19, reused=1, reused_after_ms=0, request_start_ms=0, request_duration_ms=0, response_start_ms=2, response_duration_ms=0, request_bytes=1242, request_throughput_kbps=62480, response_bytes=255, response_throughput_kbps=19227, cache_hit=true}
2026-02-11 19:03:12.739 E  AnalyticsReactNativeE2E[3658:1adec4e] [com.apple.network:connection] nw_socket_set_connection_idle [C19.1.1:2] setsockopt SO_CONNECTION_IDLE failed [42: Protocol not available]
2026-02-11 19:03:12.739 I  AnalyticsReactNativeE2E[3658:1adec2a] [com.apple.runningboard:assertion] Acquiring assertion: <RBSAssertionDescriptor| "com.apple.CFNetwork.StorageDB" ID:(null) target:3658>
2026-02-11 19:03:12.739 Df AnalyticsReactNativeE2E[3658:1adf47e] [com.apple.CFNetwork:Default] Task <B3788A09-3836-4E92-8C2B-36A0DC9B5F07>.<2> finished successfully
2026-02-11 19:03:12.739 Db AnalyticsReactNativeE2E[3658:1adec4e] [com.apple.CFNetwork:Default] Connection 19: set is idle true
2026-02-11 19:03:12.739 Db AnalyticsReactNativeE2E[3658:1adf47e] [com.apple.network:activity] Returning should log: 0 for activity cfnetwork:foreground_task
2026-02-11 19:03:12.739 Df AnalyticsReactNativeE2E[3658:1adec4e] [com.apple.network:connection] [C19] event: client:connection_idle @2.188s
2026-02-11 19:03:12.739 Db AnalyticsReactNativeE2E[3658:1adf47e] [com.apple.network:activity] Returning should log: 0 for activity cfnetwork:foreground_task
2026-02-11 19:03:12.739 I  AnalyticsReactNativeE2E[3658:1adec4e] [com.apple.network:connection] nw_endpoint_handler_report_connection_idle [C19 IPv6#379a4a20.9091 ready parent-flow (satisfied (Path is satisfied), interface: en0[802.11], uses wifi, LQM: unknown)] Reporting connection idle to protocols
2026-02-11 19:03:12.739 Db AnalyticsReactNativeE2E[3658:1adf47e] [com.apple.network:activity] No threshold for cfnetwork:foreground_task, returning NW_ACTIVITY_DURATION_INVALID
2026-02-11 19:03:12.739 I  AnalyticsReactNativeE2E[3658:1adec4e] [com.apple.network:connection] nw_flow_passthrough_notify [C19.1.1 IPv6#379a4a20.9091 ready socket-flow (satisfied (Path is satisfied), interface: lo0)] received notification connection_idle
2026-02-11 19:03:12.739 Db AnalyticsReactNativeE2E[3658:1adf47e] [com.apple.network:activity] No threshold for activity <nw_activity 12:2 [C033ECE5-56C2-4ABA-9CCE-A31243D7F2E2] (reporting strategy default) complete (reason success)>
2026-02-11 19:03:12.740 Df AnalyticsReactNativeE2E[3658:1adec4e] [com.apple.network:connection] nw_protocol_socket_notify [C19.1.1:2] nw_protocol_notification_type_connection_idle is true
2026-02-11 19:03:12.740 E  AnalyticsReactNativeE2E[3658:1adec4e] [com.apple.network:connection] nw_socket_set_connection_idle [C19.1.1:2] setsockopt SO_CONNECTION_IDLE failed [42: Protocol not available]
2026-02-11 19:03:12.740 I  AnalyticsReactNativeE2E[3658:1ae0e1f] [com.facebook.react.log:javascript] Sent 1 events
2026-02-11 19:03:12.740 Db AnalyticsReactNativeE2E[3658:1adec2a] [com.apple.runningboard:assertion] Adding assertion 1422-3658-968 to dictionary
2026-02-11 19:03:14.128 I  AnalyticsReactNativeE2E[3658:1adebdb] [com.wix.Detox:WebSocket] Action received: invoke
2026-02-11 19:03:14.268 Df AnalyticsReactNativeE2E[3658:1adebdb] [com.apple.UIKit:EventDispatch] Sending UIEvent type: 0; subtype: 0; to windows: 1
2026-02-11 19:03:14.269 Df AnalyticsReactNativeE2E[3658:1adebdb] [com.apple.UIKit:EventDispatch] Sending UIEvent type: 0; subtype: 0; to window: <UIWindow: 0x102309070>; contextId: 0x290368A9
2026-02-11 19:03:14.269 A  AnalyticsReactNativeE2E[3658:1adebdb] (UIKitCore) send gesture actions
2026-02-11 19:03:14.285 Df AnalyticsReactNativeE2E[3658:1adebdb] [com.apple.UIKit:EventDispatch] Sending UIEvent type: 0; subtype: 0; to windows: 1
2026-02-11 19:03:14.285 Df AnalyticsReactNativeE2E[3658:1adebdb] [com.apple.UIKit:EventDispatch] Sending UIEvent type: 0; subtype: 0; to window: <UIWindow: 0x102309070>; contextId: 0x290368A9
2026-02-11 19:03:14.285 A  AnalyticsReactNativeE2E[3658:1adebdb] (UIKitCore) send gesture actions
2026-02-11 19:03:14.286 I  AnalyticsReactNativeE2E[3658:1ae0e1f] [com.facebook.react.log:javascript] 'TRACK event saved', { type: 'track',
  event: 'Track pressed',
  properties: { foo: 'bar' } }
2026-02-11 19:03:14.975 I  AnalyticsReactNativeE2E[3658:1adebdb] [com.wix.Detox:WebSocket] Action received: invoke
2026-02-11 19:03:15.102 Df AnalyticsReactNativeE2E[3658:1adebdb] [com.apple.UIKit:EventDispatch] Sending UIEvent type: 0; subtype: 0; to windows: 1
2026-02-11 19:03:15.102 Df AnalyticsReactNativeE2E[3658:1adebdb] [com.apple.UIKit:EventDispatch] Sending UIEvent type: 0; subtype: 0; to window: <UIWindow: 0x102309070>; contextId: 0x290368A9
2026-02-11 19:03:15.102 A  AnalyticsReactNativeE2E[3658:1adebdb] (UIKitCore) send gesture actions
2026-02-11 19:03:15.118 Df AnalyticsReactNativeE2E[3658:1adebdb] [com.apple.UIKit:EventDispatch] Sending UIEvent type: 0; subtype: 0; to windows: 1
2026-02-11 19:03:15.118 Df AnalyticsReactNativeE2E[3658:1adebdb] [com.apple.UIKit:EventDispatch] Sending UIEvent type: 0; subtype: 0; to window: <UIWindow: 0x102309070>; contextId: 0x290368A9
2026-02-11 19:03:15.119 A  AnalyticsReactNativeE2E[3658:1adebdb] (UIKitCore) send gesture actions
2026-02-11 19:03:15.119 Df AnalyticsReactNativeE2E[3658:1adf47e] [com.apple.CFNetwork:Default] Task <66D39A51-D5B4-4F5A-86A6-0BC5B77EB519>.<3> resuming, timeouts(0.0, 604800.0) qos(0x19) voucher((null)) activity(00000000-0000-0000-0000-000000000000)
2026-02-11 19:03:15.119 Db AnalyticsReactNativeE2E[3658:1adf47e] [com.apple.network:activity] Returning should log: 0 for activity cfnetwork:foreground_task
2026-02-11 19:03:15.119 Db AnalyticsReactNativeE2E[3658:1adf47e] [com.apple.network:activity] Domain cfnetwork rate configured in registry as 1 / 20000
2026-02-11 19:03:15.119 Db AnalyticsReactNativeE2E[3658:1adf47e] [com.apple.network:activity] Domain cfnetwork rate configured after remote default override as 1 / 20000
2026-02-11 19:03:15.119 Db AnalyticsReactNativeE2E[3658:1adf47e] [com.apple.network:activity] After reading settings plist, domain cfnetwork rate configured as 1 / 2000000
2026-02-11 19:03:15.119 Db AnalyticsReactNativeE2E[3658:1adf47e] [com.apple.network:activity] After settings override, domain cfnetwork rate configured as 1 / 2000000
2026-02-11 19:03:15.119 Db AnalyticsReactNativeE2E[3658:1adf47e] [com.apple.network:activity] Final domain cfnetwork rate configured as 1 / 2000000
2026-02-11 19:03:15.119 Db AnalyticsReactNativeE2E[3658:1adf47e] [com.apple.network:activity] <nw_activity 12:2 [No UUID] (reporting strategy default)> sampled at 1 / 2000000
2026-02-11 19:03:15.119 Db AnalyticsReactNativeE2E[3658:1adf47e] [com.apple.network:activity] Returning should log: 0 for activity cfnetwork:foreground_task
2026-02-11 19:03:15.119 Db AnalyticsReactNativeE2E[3658:1adf47e] [com.apple.network:activity] Returning should log: 0 for activity cfnetwork:foreground_task
2026-02-11 19:03:15.119 Db AnalyticsReactNativeE2E[3658:1adf47e] [com.apple.CFNetwork:Default] [Telemetry]: Activity <nw_activity 12:2 [3567CC84-9D4A-4F27-9C86-2EEB48670099] (reporting strategy default)> on Task <66D39A51-D5B4-4F5A-86A6-0BC5B77EB519>.<3> was not selected for reporting
2026-02-11 19:03:15.120 Db AnalyticsReactNativeE2E[3658:1adec2a] [com.apple.networkextension:] ne_tracker_check_is_hostname_blocked() proceeding with the in_the_app check for hostname: localhost
2026-02-11 19:03:15.120 Db AnalyticsReactNativeE2E[3658:1adec2a] [com.apple.CFBundle:resources] Resource lookup at CFBundle 0x600003b00000 </Users/abueide/Library/Developer/CoreSimulator/Devices/651CE25F-D2F4-404C-AC47-0364AA5C94A1/data/Containers/Bundle/Application/2CE46EE6-15A7-4764-BACE-8BE27226907A/AnalyticsReactNativeE2E.app> (executable, loaded)
	Request       : InfoPlist type: strings
	Result        : None
2026-02-11 19:03:15.120 Db AnalyticsReactNativeE2E[3658:1adec2a] [com.apple.CFBundle:resources] Resource lookup at CFBundle 0x600003b00000 </Users/abueide/Library/Developer/CoreSimulator/Devices/651CE25F-D2F4-404C-AC47-0364AA5C94A1/data/Containers/Bundle/Application/2CE46EE6-15A7-4764-BACE-8BE27226907A/AnalyticsReactNativeE2E.app> (executable, loaded)
	Request       : InfoPlist type: stringsdict
	Result        : None
2026-02-11 19:03:15.120 Db AnalyticsReactNativeE2E[3658:1adec2a] [com.apple.networkextension:] ne_tracker_check_is_hostname_blocked(): hostname localhost is not a tracker. Returning: ne_tracker_status_none
2026-02-11 19:03:15.120 Db AnalyticsReactNativeE2E[3658:1adec2a] [com.apple.CFNetwork:ATS] Uploading ATS exception ATSAllowsLocalNetworking
2026-02-11 19:03:15.120 Db AnalyticsReactNativeE2E[3658:1adec2a] [com.apple.CFNetwork:ATS] Uploading ATS exception ATSExceptionDomains
2026-02-11 19:03:15.120 A  AnalyticsReactNativeE2E[3658:1adf47e] (Security) SecTrustReportNetworkingAnalytics
2026-02-11 19:03:15.120 Db AnalyticsReactNativeE2E[3658:1adec2a] [com.apple.CFNetwork:Default] Connection 19: set is idle true
2026-02-11 19:03:15.120 Df AnalyticsReactNativeE2E[3658:1adec2a] [com.apple.network:connection] [C19] event: client:connection_idle @4.568s
2026-02-11 19:03:15.120 I  AnalyticsReactNativeE2E[3658:1adec2a] [com.apple.network:connection] nw_endpoint_handler_report_connection_idle [C19 IPv6#379a4a20.9091 ready parent-flow (satisfied (Path is satisfied), interface: en0[802.11], uses wifi, LQM: unknown)] Reporting connection idle to protocols
2026-02-11 19:03:15.120 I  AnalyticsReactNativeE2E[3658:1adec2a] [com.apple.network:connection] nw_flow_passthrough_notify [C19.1.1 IPv6#379a4a20.9091 ready socket-flow (satisfied (Path is satisfied), interface: lo0)] received notification connection_idle
2026-02-11 19:03:15.120 Df AnalyticsReactNativeE2E[3658:1adec2a] [com.apple.network:connection] nw_protocol_socket_notify [C19.1.1:2] nw_protocol_notification_type_connection_idle is true
2026-02-11 19:03:15.120 E  AnalyticsReactNativeE2E[3658:1adec2a] [com.apple.network:connection] nw_socket_set_connection_idle [C19.1.1:2] setsockopt SO_CONNECTION_IDLE failed [42: Protocol not available]
2026-02-11 19:03:15.120 Df AnalyticsReactNativeE2E[3658:1adec2a] [com.apple.CFNetwork:Default] Task <66D39A51-D5B4-4F5A-86A6-0BC5B77EB519>.<3> now using Connection 19
2026-02-11 19:03:15.120 Db AnalyticsReactNativeE2E[3658:1adec2a] [com.apple.network:activity] Returning should log: 0 for activity cfnetwork:foreground_task
2026-02-11 19:03:15.120 Db AnalyticsReactNativeE2E[3658:1adec2a] [com.apple.network:connection] nw_connection_modify_estimated_bytes_block_invoke [C19] Incremented estimated bytes to send by 907, total now 1859
2026-02-11 19:03:15.120 Db AnalyticsReactNativeE2E[3658:1adec2a] [com.apple.network:connection] nw_connection_modify_estimated_bytes_block_invoke [C19] Using lower threshold 12582912, upper threshold 31457280
2026-02-11 19:03:15.120 Db AnalyticsReactNativeE2E[3658:1adec2a] [com.apple.CFNetwork:Default] Connection 19: set is idle false
2026-02-11 19:03:15.120 Df AnalyticsReactNativeE2E[3658:1adec2a] [com.apple.network:connection] [C19] event: client:connection_reused @4.568s
2026-02-11 19:03:15.120 I  AnalyticsReactNativeE2E[3658:1adec2a] [com.apple.network:connection] nw_endpoint_handler_report_connection_idle [C19 IPv6#379a4a20.9091 ready parent-flow (satisfied (Path is satisfied), interface: en0[802.11], uses wifi, LQM: unknown)] Reporting connection not idle to protocols
2026-02-11 19:03:15.120 I  AnalyticsReactNativeE2E[3658:1adec2a] [com.apple.network:connection] nw_flow_passthrough_notify [C19.1.1 IPv6#379a4a20.9091 ready socket-flow (satisfied (Path is satisfied), interface: lo0)] received notification connection_idle
2026-02-11 19:03:15.120 Df AnalyticsReactNativeE2E[3658:1adec2a] [com.apple.network:connection] nw_protocol_socket_notify [C19.1.1:2] nw_protocol_notification_type_connection_idle is false
2026-02-11 19:03:15.120 E  AnalyticsReactNativeE2E[3658:1adec2a] [com.apple.network:connection] nw_socket_set_connection_idle [C19.1.1:2] setsockopt SO_CONNECTION_IDLE failed [42: Protocol not available]
2026-02-11 19:03:15.120 Df AnalyticsReactNativeE2E[3658:1adec4e] [com.apple.CFNetwork:Default] Task <66D39A51-D5B4-4F5A-86A6-0BC5B77EB519>.<3> sent request, body S 907
2026-02-11 19:03:15.122 Df AnalyticsReactNativeE2E[3658:1adec2a] [com.apple.CFNetwork:Default] Task <66D39A51-D5B4-4F5A-86A6-0BC5B77EB519>.<3> received response, status 500 content K
2026-02-11 19:03:15.122 Db AnalyticsReactNativeE2E[3658:1adec2a] [com.apple.network:connection] nw_connection_modify_estimated_bytes_block_invoke [C19] Incremented estimated bytes to receive by 33, total now 428
2026-02-11 19:03:15.122 Db AnalyticsReactNativeE2E[3658:1adec2a] [com.apple.network:connection] nw_connection_modify_estimated_bytes_block_invoke [C19] Using lower threshold 12582912, upper threshold 31457280
2026-02-11 19:03:15.122 Df AnalyticsReactNativeE2E[3658:1adec2a] [com.apple.CFNetwork:Default] Task <66D39A51-D5B4-4F5A-86A6-0BC5B77EB519>.<3> response ended
2026-02-11 19:03:15.122 Df AnalyticsReactNativeE2E[3658:1adec2a] [com.apple.CFNetwork:Default] Task <66D39A51-D5B4-4F5A-86A6-0BC5B77EB519>.<3> done using Connection 19
2026-02-11 19:03:15.122 Db AnalyticsReactNativeE2E[3658:1adec2a] [com.apple.network:activity] Returning should log: 0 for activity cfnetwork:foreground_task
2026-02-11 19:03:15.122 Db AnalyticsReactNativeE2E[3658:1adec2a] [com.apple.CFNetwork:Default] Connection 19: set is idle true
2026-02-11 19:03:15.122 Df AnalyticsReactNativeE2E[3658:1adec2a] [com.apple.network:connection] [C19] event: client:connection_idle @4.570s
2026-02-11 19:03:15.122 I  AnalyticsReactNativeE2E[3658:1adec2a] [com.apple.network:connection] nw_endpoint_handler_report_connection_idle [C19 IPv6#379a4a20.9091 ready parent-flow (satisfied (Path is satisfied), interface: en0[802.11], uses wifi, LQM: unknown)] Reporting connection idle to protocols
2026-02-11 19:03:15.122 I  AnalyticsReactNativeE2E[3658:1adec2a] [com.apple.network:connection] nw_flow_passthrough_notify [C19.1.1 IPv6#379a4a20.9091 ready socket-flow (satisfied (Path is satisfied), interface: lo0)] received notification connection_idle
2026-02-11 19:03:15.122 Df AnalyticsReactNativeE2E[3658:1adec2a] [com.apple.network:connection] nw_protocol_socket_notify [C19.1.1:2] nw_protocol_notification_type_connection_idle is true
2026-02-11 19:03:15.122 Df AnalyticsReactNativeE2E[3658:1adec4e] [com.apple.CFNetwork:Summary] Task <66D39A51-D5B4-4F5A-86A6-0BC5B77EB519>.<3> summary for task success {transaction_duration_ms=2, response_status=500, connection=19, reused=1, reused_after_ms=0, request_start_ms=0, request_duration_ms=0, response_start_ms=2, response_duration_ms=0, request_bytes=1197, request_throughput_kbps=63854, response_bytes=287, response_throughput_kbps=21072, cache_hit=true}
2026-02-11 19:03:15.122 E  AnalyticsReactNativeE2E[3658:1adec2a] [com.apple.network:connection] nw_socket_set_connection_idle [C19.1.1:2] setsockopt SO_CONNECTION_IDLE failed [42: Protocol not available]
2026-02-11 19:03:15.122 Df AnalyticsReactNativeE2E[3658:1adec4e] [com.apple.CFNetwork:Default] Task <66D39A51-D5B4-4F5A-86A6-0BC5B77EB519>.<3> finished successfully
2026-02-11 19:03:15.122 Db AnalyticsReactNativeE2E[3658:1adec2a] [com.apple.CFNetwork:Default] Connection 19: set is idle true
2026-02-11 19:03:15.122 Db AnalyticsReactNativeE2E[3658:1adec4e] [com.apple.network:activity] Returning should log: 0 for activity cfnetwork:foreground_task
2026-02-11 19:03:15.122 Df AnalyticsReactNativeE2E[3658:1adec2a] [com.apple.network:connection] [C19] event: client:connection_idle @4.570s
2026-02-11 19:03:15.122 Db AnalyticsReactNativeE2E[3658:1adec4e] [com.apple.network:activity] Returning should log: 0 for activity cfnetwork:foreground_task
2026-02-11 19:03:15.122 I  AnalyticsReactNativeE2E[3658:1adec2a] [com.apple.network:connection] nw_endpoint_handler_report_connection_idle [C19 IPv6#379a4a20.9091 ready parent-flow (satisfied (Path is satisfied), interface: en0[802.11], uses wifi, LQM: unknown)] Reporting connection idle to protocols
2026-02-11 19:03:15.122 Db AnalyticsReactNativeE2E[3658:1adec4e] [com.apple.network:activity] No threshold for cfnetwork:foreground_task, returning NW_ACTIVITY_DURATION_INVALID
2026-02-11 19:03:15.122 Db AnalyticsReactNativeE2E[3658:1adec4e] [com.apple.network:activity] No threshold for activity <nw_activity 12:2 [3567CC84-9D4A-4F27-9C86-2EEB48670099] (reporting strategy default) complete (reason success)>
2026-02-11 19:03:15.122 I  AnalyticsReactNativeE2E[3658:1adec2a] [com.apple.network:connection] nw_flow_passthrough_notify [C19.1.1 IPv6#379a4a20.9091 ready socket-flow (satisfied (Path is satisfied), interface: lo0)] received notification connection_idle
2026-02-11 19:03:15.122 Df AnalyticsReactNativeE2E[3658:1adec2a] [com.apple.network:connection] nw_protocol_socket_notify [C19.1.1:2] nw_protocol_notification_type_connection_idle is true
2026-02-11 19:03:15.122 E  AnalyticsReactNativeE2E[3658:1adec2a] [com.apple.network:connection] nw_socket_set_connection_idle [C19.1.1:2] setsockopt SO_CONNECTION_IDLE failed [42: Protocol not available]
2026-02-11 19:03:15.122 I  AnalyticsReactNativeE2E[3658:1ae0e1f] [com.facebook.react.log:javascript] 'An internal error occurred: ', { [Error] type: 2, innerError: undefined, statusCode: 500 }
2026-02-11 19:03:15.122 I  AnalyticsReactNativeE2E[3658:1ae0e1f] [com.facebook.react.log:javascript] { [Error] type: 2, innerError: undefined, statusCode: 500 }
2026-02-11 19:03:15.122 E  AnalyticsReactNativeE2E[3658:1ae0e1f] [com.facebook.react.log:javascript] Failed to send 1 events.
2026-02-11 19:03:15.122 Df AnalyticsReactNativeE2E[3658:1adf47e] [com.apple.securityd:SecError] SecTrustReportNetworkingAnalytics failed with error: -4
2026-02-11 19:03:15.122 A  AnalyticsReactNativeE2E[3658:1adf47e] (Security) SecTrustReportNetworkingAnalytics
2026-02-11 19:03:15.123 Df AnalyticsReactNativeE2E[3658:1adf47e] [com.apple.securityd:SecError] SecTrustReportNetworkingAnalytics failed with error: -4
2026-02-11 19:03:16.810 I  AnalyticsReactNativeE2E[3658:1adebdb] [com.wix.Detox:WebSocket] Action received: invoke
2026-02-11 19:03:16.952 Df AnalyticsReactNativeE2E[3658:1adebdb] [com.apple.UIKit:EventDispatch] Sending UIEvent type: 0; subtype: 0; to windows: 1
2026-02-11 19:03:16.952 Df AnalyticsReactNativeE2E[3658:1adebdb] [com.apple.UIKit:EventDispatch] Sending UIEvent type: 0; subtype: 0; to window: <UIWindow: 0x102309070>; contextId: 0x290368A9
2026-02-11 19:03:16.953 A  AnalyticsReactNativeE2E[3658:1adebdb] (UIKitCore) send gesture actions
2026-02-11 19:03:16.968 Df AnalyticsReactNativeE2E[3658:1adebdb] [com.apple.UIKit:EventDispatch] Sending UIEvent type: 0; subtype: 0; to windows: 1
2026-02-11 19:03:16.968 Df AnalyticsReactNativeE2E[3658:1adebdb] [com.apple.UIKit:EventDispatch] Sending UIEvent type: 0; subtype: 0; to window: <UIWindow: 0x102309070>; contextId: 0x290368A9
2026-02-11 19:03:16.969 A  AnalyticsReactNativeE2E[3658:1adebdb] (UIKitCore) send gesture actions
2026-02-11 19:03:16.969 Df AnalyticsReactNativeE2E[3658:1adec2a] [com.apple.CFNetwork:Default] Task <28362923-4B1A-49E5-921D-F283E5B8D527>.<4> resuming, timeouts(0.0, 604800.0) qos(0x19) voucher((null)) activity(00000000-0000-0000-0000-000000000000)
2026-02-11 19:03:16.969 Db AnalyticsReactNativeE2E[3658:1adec2a] [com.apple.network:activity] Returning should log: 0 for activity cfnetwork:foreground_task
2026-02-11 19:03:16.969 Db AnalyticsReactNativeE2E[3658:1adec2a] [com.apple.network:activity] Domain cfnetwork rate configured in registry as 1 / 20000
2026-02-11 19:03:16.969 Db AnalyticsReactNativeE2E[3658:1adec2a] [com.apple.network:activity] Domain cfnetwork rate configured after remote default override as 1 / 20000
2026-02-11 19:03:16.969 Db AnalyticsReactNativeE2E[3658:1adec2a] [com.apple.network:activity] After reading settings plist, domain cfnetwork rate configured as 1 / 2000000
2026-02-11 19:03:16.969 Db AnalyticsReactNativeE2E[3658:1adec2a] [com.apple.network:activity] After settings override, domain cfnetwork rate configured as 1 / 2000000
2026-02-11 19:03:16.969 Db AnalyticsReactNativeE2E[3658:1adec2a] [com.apple.network:activity] Final domain cfnetwork rate configured as 1 / 2000000
2026-02-11 19:03:16.969 Db AnalyticsReactNativeE2E[3658:1adec2a] [com.apple.network:activity] <nw_activity 12:2 [No UUID] (reporting strategy default)> sampled at 1 / 2000000
2026-02-11 19:03:16.969 Db AnalyticsReactNativeE2E[3658:1adec2a] [com.apple.network:activity] Returning should log: 0 for activity cfnetwork:foreground_task
2026-02-11 19:03:16.969 Db AnalyticsReactNativeE2E[3658:1adec2a] [com.apple.network:activity] Returning should log: 0 for activity cfnetwork:foreground_task
2026-02-11 19:03:16.969 Db AnalyticsReactNativeE2E[3658:1adec2a] [com.apple.CFNetwork:Default] [Telemetry]: Activity <nw_activity 12:2 [501278B4-FE33-4DEA-8D88-E000816E3BD7] (reporting strategy default)> on Task <28362923-4B1A-49E5-921D-F283E5B8D527>.<4> was not selected for reporting
2026-02-11 19:03:16.970 Db AnalyticsReactNativeE2E[3658:1adf47e] [com.apple.networkextension:] ne_tracker_check_is_hostname_blocked() proceeding with the in_the_app check for hostname: localhost
2026-02-11 19:03:16.970 Db AnalyticsReactNativeE2E[3658:1adf47e] [com.apple.CFBundle:resources] Resource lookup at CFBundle 0x600003b00000 </Users/abueide/Library/Developer/CoreSimulator/Devices/651CE25F-D2F4-404C-AC47-0364AA5C94A1/data/Containers/Bundle/Application/2CE46EE6-15A7-4764-BACE-8BE27226907A/AnalyticsReactNativeE2E.app> (executable, loaded)
	Request       : InfoPlist type: strings
	Result        : None
2026-02-11 19:03:16.970 Db AnalyticsReactNativeE2E[3658:1adf47e] [com.apple.CFBundle:resources] Resource lookup at CFBundle 0x600003b00000 </Users/abueide/Library/Developer/CoreSimulator/Devices/651CE25F-D2F4-404C-AC47-0364AA5C94A1/data/Containers/Bundle/Application/2CE46EE6-15A7-4764-BACE-8BE27226907A/AnalyticsReactNativeE2E.app> (executable, loaded)
	Request       : InfoPlist type: stringsdict
	Result        : None
2026-02-11 19:03:16.970 Db AnalyticsReactNativeE2E[3658:1adf47e] [com.apple.networkextension:] ne_tracker_check_is_hostname_blocked(): hostname localhost is not a tracker. Returning: ne_tracker_status_none
2026-02-11 19:03:16.970 Db AnalyticsReactNativeE2E[3658:1adf47e] [com.apple.CFNetwork:ATS] Uploading ATS exception ATSAllowsLocalNetworking
2026-02-11 19:03:16.970 Db AnalyticsReactNativeE2E[3658:1adf47e] [com.apple.CFNetwork:ATS] Uploading ATS exception ATSExceptionDomains
2026-02-11 19:03:16.970 A  AnalyticsReactNativeE2E[3658:1adec2a] (Security) SecTrustReportNetworkingAnalytics
2026-02-11 19:03:16.970 Db AnalyticsReactNativeE2E[3658:1adf47e] [com.apple.CFNetwork:Default] Connection 19: set is idle true
2026-02-11 19:03:16.970 Df AnalyticsReactNativeE2E[3658:1adf47e] [com.apple.network:connection] [C19] event: client:connection_idle @6.418s
2026-02-11 19:03:16.970 I  AnalyticsReactNativeE2E[3658:1adf47e] [com.apple.network:connection] nw_endpoint_handler_report_connection_idle [C19 IPv6#379a4a20.9091 ready parent-flow (satisfied (Path is satisfied), interface: en0[802.11], uses wifi, LQM: unknown)] Reporting connection idle to protocols
2026-02-11 19:03:16.970 I  AnalyticsReactNativeE2E[3658:1adf47e] [com.apple.network:connection] nw_flow_passthrough_notify [C19.1.1 IPv6#379a4a20.9091 ready socket-flow (satisfied (Path is satisfied), interface: lo0)] received notification connection_idle
2026-02-11 19:03:16.970 Df AnalyticsReactNativeE2E[3658:1adf47e] [com.apple.network:connection] nw_protocol_socket_notify [C19.1.1:2] nw_protocol_notification_type_connection_idle is true
2026-02-11 19:03:16.970 E  AnalyticsReactNativeE2E[3658:1adf47e] [com.apple.network:connection] nw_socket_set_connection_idle [C19.1.1:2] setsockopt SO_CONNECTION_IDLE failed [42: Protocol not available]
2026-02-11 19:03:16.970 Df AnalyticsReactNativeE2E[3658:1adf47e] [com.apple.CFNetwork:Default] Task <28362923-4B1A-49E5-921D-F283E5B8D527>.<4> now using Connection 19
2026-02-11 19:03:16.970 Db AnalyticsReactNativeE2E[3658:1adf47e] [com.apple.network:activity] Returning should log: 0 for activity cfnetwork:foreground_task
2026-02-11 19:03:16.970 Db AnalyticsReactNativeE2E[3658:1adf47e] [com.apple.network:connection] nw_connection_modify_estimated_bytes_block_invoke [C19] Incremented estimated bytes to send by 907, total now 2766
2026-02-11 19:03:16.970 Db AnalyticsReactNativeE2E[3658:1adf47e] [com.apple.network:connection] nw_connection_modify_estimated_bytes_block_invoke [C19] Using lower threshold 12582912, upper threshold 31457280
2026-02-11 19:03:16.970 Db AnalyticsReactNativeE2E[3658:1adf47e] [com.apple.CFNetwork:Default] Connection 19: set is idle false
2026-02-11 19:03:16.970 Df AnalyticsReactNativeE2E[3658:1adf47e] [com.apple.network:connection] [C19] event: client:connection_reused @6.418s
2026-02-11 19:03:16.970 I  AnalyticsReactNativeE2E[3658:1adf47e] [com.apple.network:connection] nw_endpoint_handler_report_connection_idle [C19 IPv6#379a4a20.9091 ready parent-flow (satisfied (Path is satisfied), interface: en0[802.11], uses wifi, LQM: unknown)] Reporting connection not idle to protocols
2026-02-11 19:03:16.970 I  AnalyticsReactNativeE2E[3658:1adf47e] [com.apple.network:connection] nw_flow_passthrough_notify [C19.1.1 IPv6#379a4a20.9091 ready socket-flow (satisfied (Path is satisfied), interface: lo0)] received notification connection_idle
2026-02-11 19:03:16.970 Df AnalyticsReactNativeE2E[3658:1adf47e] [com.apple.network:connection] nw_protocol_socket_notify [C19.1.1:2] nw_protocol_notification_type_connection_idle is false
2026-02-11 19:03:16.970 E  AnalyticsReactNativeE2E[3658:1adf47e] [com.apple.network:connection] nw_socket_set_connection_idle [C19.1.1:2] setsockopt SO_CONNECTION_IDLE failed [42: Protocol not available]
2026-02-11 19:03:16.970 Df AnalyticsReactNativeE2E[3658:1adec2a] [com.apple.securityd:SecError] SecTrustReportNetworkingAnalytics failed with error: -4
2026-02-11 19:03:16.970 A  AnalyticsReactNativeE2E[3658:1adec2a] (Security) SecTrustReportNetworkingAnalytics
2026-02-11 19:03:16.970 Df AnalyticsReactNativeE2E[3658:1adf47e] [com.apple.CFNetwork:Default] Task <28362923-4B1A-49E5-921D-F283E5B8D527>.<4> sent request, body S 907
2026-02-11 19:03:16.971 Df AnalyticsReactNativeE2E[3658:1adec2a] [com.apple.securityd:SecError] SecTrustReportNetworkingAnalytics failed with error: -4
2026-02-11 19:03:16.971 Df AnalyticsReactNativeE2E[3658:1adec2a] [com.apple.CFNetwork:Default] Task <28362923-4B1A-49E5-921D-F283E5B8D527>.<4> received response, status 200 content K
2026-02-11 19:03:16.971 Db AnalyticsReactNativeE2E[3658:1adec2a] [com.apple.network:connection] nw_connection_modify_estimated_bytes_block_invoke [C19] Incremented estimated bytes to receive by 20, total now 448
2026-02-11 19:03:16.971 Db AnalyticsReactNativeE2E[3658:1adec2a] [com.apple.network:connection] nw_connection_modify_estimated_bytes_block_invoke [C19] Using lower threshold 12582912, upper threshold 31457280
2026-02-11 19:03:16.971 Df AnalyticsReactNativeE2E[3658:1adec2a] [com.apple.CFNetwork:Default] Task <28362923-4B1A-49E5-921D-F283E5B8D527>.<4> response ended
2026-02-11 19:03:16.971 Df AnalyticsReactNativeE2E[3658:1adec2a] [com.apple.CFNetwork:Default] Task <28362923-4B1A-49E5-921D-F283E5B8D527>.<4> done using Connection 19
2026-02-11 19:03:16.971 Db AnalyticsReactNativeE2E[3658:1adec2a] [com.apple.network:activity] Returning should log: 0 for activity cfnetwork:foreground_task
2026-02-11 19:03:16.971 Db AnalyticsReactNativeE2E[3658:1adec2a] [com.apple.CFNetwork:Default] Connection 19: set is idle true
2026-02-11 19:03:16.971 Df AnalyticsReactNativeE2E[3658:1adec2a] [com.apple.network:connection] [C19] event: client:connection_idle @6.420s
2026-02-11 19:03:16.971 I  AnalyticsReactNativeE2E[3658:1adec2a] [com.apple.network:connection] nw_endpoint_handler_report_connection_idle [C19 IPv6#379a4a20.9091 ready parent-flow (satisfied (Path is satisfied), interface: en0[802.11], uses wifi, LQM: unknown)] Reporting connection idle to protocols
2026-02-11 19:03:16.971 I  AnalyticsReactNativeE2E[3658:1adec2a] [com.apple.network:connection] nw_flow_passthrough_notify [C19.1.1 IPv6#379a4a20.9091 ready socket-flow (satisfied (Path is satisfied), interface: lo0)] received notification connection_idle
2026-02-11 19:03:16.971 Df AnalyticsReactNativeE2E[3658:1adec2a] [com.apple.network:connection] nw_protocol_socket_notify [C19.1.1:2] nw_protocol_notification_type_connection_idle is true
2026-02-11 19:03:16.971 E  AnalyticsReactNativeE2E[3658:1adec2a] [com.apple.network:connection] nw_socket_set_connection_idle [C19.1.1:2] setsockopt SO_CONNECTION_IDLE failed [42: Protocol not available]
2026-02-11 19:03:16.971 Db AnalyticsReactNativeE2E[3658:1adec2a] [com.apple.CFNetwork:Default] Connection 19: set is idle true
2026-02-11 19:03:16.971 Df AnalyticsReactNativeE2E[3658:1adec2a] [com.apple.network:connection] [C19] event: client:connection_idle @6.420s
2026-02-11 19:03:16.971 Df AnalyticsReactNativeE2E[3658:1adf47c] [com.apple.CFNetwork:Summary] Task <28362923-4B1A-49E5-921D-F283E5B8D527>.<4> summary for task success {transaction_duration_ms=1, response_status=200, connection=19, reused=1, reused_after_ms=0, request_start_ms=0, request_duration_ms=0, response_start_ms=1, response_duration_ms=0, request_bytes=1197, request_throughput_kbps=46033, response_bytes=255, response_throughput_kbps=15815, cache_hit=true}
2026-02-11 19:03:16.971 I  AnalyticsReactNativeE2E[3658:1adec2a] [com.apple.network:connection] nw_endpoint_handler_report_connection_idle [C19 IPv6#379a4a20.9091 ready parent-flow (satisfied (Path is satisfied), interface: en0[802.11], uses wifi, LQM: unknown)] Reporting connection idle to protocols
2026-02-11 19:03:16.971 Df AnalyticsReactNativeE2E[3658:1adf47c] [com.apple.CFNetwork:Default] Task <28362923-4B1A-49E5-921D-F283E5B8D527>.<4> finished successfully
2026-02-11 19:03:16.971 I  AnalyticsReactNativeE2E[3658:1adec2a] [com.apple.network:connection] nw_flow_passthrough_notify [C19.1.1 IPv6#379a4a20.9091 ready socket-flow (satisfied (Path is satisfied), interface: lo0)] received notification connection_idle
2026-02-11 19:03:16.971 Db AnalyticsReactNativeE2E[3658:1adf47c] [com.apple.network:activity] Returning should log: 0 for activity cfnetwork:foreground_task
2026-02-11 19:03:16.971 Df AnalyticsReactNativeE2E[3658:1adec2a] [com.apple.network:connection] nw_protocol_socket_notify [C19.1.1:2] nw_protocol_notification_type_connection_idle is true
2026-02-11 19:03:16.971 I  AnalyticsReactNativeE2E[3658:1adf47e] [com.apple.runningboard:assertion] Acquiring assertion: <RBSAssertionDescriptor| "com.apple.CFNetwork.StorageDB" ID:(null) target:3658>
2026-02-11 19:03:16.971 E  AnalyticsReactNativeE2E[3658:1adec2a] [com.apple.network:connection] nw_socket_set_connection_idle [C19.1.1:2] setsockopt SO_CONNECTION_IDLE failed [42: Protocol not available]
2026-02-11 19:03:16.971 Db AnalyticsReactNativeE2E[3658:1adf47c] [com.apple.network:activity] Returning should log: 0 for activity cfnetwork:foreground_task
2026-02-11 19:03:16.972 Db AnalyticsReactNativeE2E[3658:1adf47c] [com.apple.network:activity] No threshold for cfnetwork:foreground_task, returning NW_ACTIVITY_DURATION_INVALID
2026-02-11 19:03:16.972 Db AnalyticsReactNativeE2E[3658:1adf47c] [com.apple.network:activity] No threshold for activity <nw_activity 12:2 [501278B4-FE33-4DEA-8D88-E000816E3BD7] (reporting strategy default) complete (reason success)>
2026-02-11 19:03:16.972 I  AnalyticsReactNativeE2E[3658:1ae0e1f] [com.facebook.react.log:javascript] Sent 1 events
2026-02-11 19:03:16.972 Db AnalyticsReactNativeE2E[3658:1adf47e] [com.apple.runningboard:assertion] Adding assertion 1422-3658-969 to dictionary

