Filtering the log data using "processImagePath BEGINSWITH "/Users/abueide/Library/Developer/CoreSimulator/Devices/651CE25F-D2F4-404C-AC47-0364AA5C94A1/data/Containers/Bundle/Application/44BA5D4D-84C4-464A-8E7D-D50ACB3D9D0E/AnalyticsReactNativeE2E.app""
Timestamp               Ty Process[PID:TID]
2026-02-11 19:04:15.520 Db AnalyticsReactNativeE2E[5688:1ae18ec] [com.apple.network:connection] nw_association_schedule_deactivation_block_invoke <nw_association Hostname#77ed5934:9091> becoming dormant
2026-02-11 19:04:15.520 Db AnalyticsReactNativeE2E[5688:1ae18ec] [com.apple.network:connection] nw_association_schedule_deactivation_block_invoke <nw_association IPv6#cb8d5b3b.9091> becoming dormant
2026-02-11 19:04:15.520 Db AnalyticsReactNativeE2E[5688:1ae18ec] [com.apple.CFNetwork:Coalescing] removing all entries config 0x6000002587a0
2026-02-11 19:04:15.520 I  AnalyticsReactNativeE2E[5688:1ae18ec] [com.apple.network:] nw_context_dealloc Deallocating context <nw_context (null) (private)>
2026-02-11 19:04:15.520 I  AnalyticsReactNativeE2E[5688:1ae18ec] [com.apple.network:] nw_context_purge_endpoints Context <nw_context com.apple.CFNetwork.NSURLSession.{6AF60FBA-9E79-4D12-A2CB-EC50B13CABBA}{(null)}{Y}{2}{0x0} (private)> has more than 0 cache entries, purging 1 from 1 down to 0
2026-02-11 19:04:15.520 Db AnalyticsReactNativeE2E[5688:1ae18ec] [com.apple.network:endpoint] endpoint IPv6#cb8d5b3b.9091 has nothing to cleanup, no protocol instance registrars
2026-02-11 19:04:15.521 Db AnalyticsReactNativeE2E[5688:1ae18ec] [com.apple.network:endpoint] endpoint Hostname#77ed5934:9091 has nothing to cleanup, no protocol instance registrars
2026-02-11 19:04:15.521 I  AnalyticsReactNativeE2E[5688:1ae18ec] [com.apple.network:] nw_context_dealloc Deallocating context <nw_context (null) (private)>
2026-02-11 19:04:17.332 I  AnalyticsReactNativeE2E[5688:1ae1859] [com.wix.Detox:WebSocket] Action received: invoke
2026-02-11 19:04:17.468 Df AnalyticsReactNativeE2E[5688:1ae1859] [com.apple.UIKit:EventDispatch] Sending UIEvent type: 0; subtype: 0; to windows: 1
2026-02-11 19:04:17.469 Df AnalyticsReactNativeE2E[5688:1ae1859] [com.apple.UIKit:EventDispatch] Sending UIEvent type: 0; subtype: 0; to window: <UIWindow: 0x1019076c0>; contextId: 0x4C590A9A
2026-02-11 19:04:17.469 A  AnalyticsReactNativeE2E[5688:1ae1859] (UIKitCore) send gesture actions
2026-02-11 19:04:17.485 Df AnalyticsReactNativeE2E[5688:1ae1859] [com.apple.UIKit:EventDispatch] Sending UIEvent type: 0; subtype: 0; to windows: 1
2026-02-11 19:04:17.485 Df AnalyticsReactNativeE2E[5688:1ae1859] [com.apple.UIKit:EventDispatch] Sending UIEvent type: 0; subtype: 0; to window: <UIWindow: 0x1019076c0>; contextId: 0x4C590A9A
2026-02-11 19:04:17.485 A  AnalyticsReactNativeE2E[5688:1ae1859] (UIKitCore) send gesture actions
2026-02-11 19:04:17.486 Df AnalyticsReactNativeE2E[5688:1ae18ec] [com.apple.CFNetwork:Default] Task <89448FFE-5D32-446E-9CFF-206DF788F24C>.<2> resuming, timeouts(0.0, 604800.0) qos(0x19) voucher((null)) activity(00000000-0000-0000-0000-000000000000)
2026-02-11 19:04:17.486 Db AnalyticsReactNativeE2E[5688:1ae18ec] [com.apple.network:activity] Returning should log: 0 for activity cfnetwork:foreground_task
2026-02-11 19:04:17.486 Db AnalyticsReactNativeE2E[5688:1ae18ec] [com.apple.network:activity] Domain cfnetwork rate configured in registry as 1 / 20000
2026-02-11 19:04:17.486 Db AnalyticsReactNativeE2E[5688:1ae18ec] [com.apple.network:activity] Domain cfnetwork rate configured after remote default override as 1 / 20000
2026-02-11 19:04:17.487 Db AnalyticsReactNativeE2E[5688:1ae18ec] [com.apple.network:activity] After reading settings plist, domain cfnetwork rate configured as 1 / 2000000
2026-02-11 19:04:17.487 Db AnalyticsReactNativeE2E[5688:1ae18ec] [com.apple.network:activity] After settings override, domain cfnetwork rate configured as 1 / 2000000
2026-02-11 19:04:17.487 Db AnalyticsReactNativeE2E[5688:1ae18ec] [com.apple.network:activity] Final domain cfnetwork rate configured as 1 / 2000000
2026-02-11 19:04:17.487 Db AnalyticsReactNativeE2E[5688:1ae18ec] [com.apple.network:activity] <nw_activity 12:2 [No UUID] (reporting strategy default)> sampled at 1 / 2000000
2026-02-11 19:04:17.487 Db AnalyticsReactNativeE2E[5688:1ae18ec] [com.apple.network:activity] Returning should log: 0 for activity cfnetwork:foreground_task
2026-02-11 19:04:17.487 Db AnalyticsReactNativeE2E[5688:1ae18ec] [com.apple.network:activity] Returning should log: 0 for activity cfnetwork:foreground_task
2026-02-11 19:04:17.487 Db AnalyticsReactNativeE2E[5688:1ae18ec] [com.apple.CFNetwork:Default] [Telemetry]: Activity <nw_activity 12:2 [174126BC-8635-420D-979C-C585551C2302] (reporting strategy default)> on Task <89448FFE-5D32-446E-9CFF-206DF788F24C>.<2> was not selected for reporting
2026-02-11 19:04:17.487 Db AnalyticsReactNativeE2E[5688:1ae18ee] [com.apple.networkextension:] ne_tracker_check_is_hostname_blocked() proceeding with the in_the_app check for hostname: localhost
2026-02-11 19:04:17.487 Db AnalyticsReactNativeE2E[5688:1ae18ee] [com.apple.CFBundle:resources] Resource lookup at CFBundle 0x600003b040e0 </Users/abueide/Library/Developer/CoreSimulator/Devices/651CE25F-D2F4-404C-AC47-0364AA5C94A1/data/Containers/Bundle/Application/44BA5D4D-84C4-464A-8E7D-D50ACB3D9D0E/AnalyticsReactNativeE2E.app> (executable, loaded)
	Request       : InfoPlist type: strings
	Result        : None
2026-02-11 19:04:17.487 Db AnalyticsReactNativeE2E[5688:1ae18ee] [com.apple.CFBundle:resources] Resource lookup at CFBundle 0x600003b040e0 </Users/abueide/Library/Developer/CoreSimulator/Devices/651CE25F-D2F4-404C-AC47-0364AA5C94A1/data/Containers/Bundle/Application/44BA5D4D-84C4-464A-8E7D-D50ACB3D9D0E/AnalyticsReactNativeE2E.app> (executable, loaded)
	Request       : InfoPlist type: stringsdict
	Result        : None
2026-02-11 19:04:17.487 Db AnalyticsReactNativeE2E[5688:1ae18ee] [com.apple.networkextension:] ne_tracker_check_is_hostname_blocked(): hostname localhost is not a tracker. Returning: ne_tracker_status_none
2026-02-11 19:04:17.487 Db AnalyticsReactNativeE2E[5688:1ae18ee] [com.apple.CFNetwork:ATS] Uploading ATS exception ATSAllowsLocalNetworking
2026-02-11 19:04:17.487 Db AnalyticsReactNativeE2E[5688:1ae18ee] [com.apple.CFNetwork:ATS] Uploading ATS exception ATSExceptionDomains
2026-02-11 19:04:17.487 A  AnalyticsReactNativeE2E[5688:1ae18ec] (Security) SecTrustReportNetworkingAnalytics
2026-02-11 19:04:17.487 Db AnalyticsReactNativeE2E[5688:1ae18ee] [com.apple.CFNetwork:Default] Connection 7: set is idle true
2026-02-11 19:04:17.487 Df AnalyticsReactNativeE2E[5688:1ae18ee] [com.apple.network:connection] [C7] event: client:connection_idle @2.187s
2026-02-11 19:04:17.487 I  AnalyticsReactNativeE2E[5688:1ae18ee] [com.apple.network:connection] nw_endpoint_handler_report_connection_idle [C7 IPv6#cb8d5b3b.9091 ready parent-flow (satisfied (Path is satisfied), interface: en0[802.11], uses wifi, LQM: unknown)] Reporting connection idle to protocols
2026-02-11 19:04:17.487 I  AnalyticsReactNativeE2E[5688:1ae18ee] [com.apple.network:connection] nw_flow_passthrough_notify [C7.1.1 IPv6#cb8d5b3b.9091 ready socket-flow (satisfied (Path is satisfied), interface: lo0)] received notification connection_idle
2026-02-11 19:04:17.487 Df AnalyticsReactNativeE2E[5688:1ae18ee] [com.apple.network:connection] nw_protocol_socket_notify [C7.1.1:2] nw_protocol_notification_type_connection_idle is true
2026-02-11 19:04:17.487 E  AnalyticsReactNativeE2E[5688:1ae18ee] [com.apple.network:connection] nw_socket_set_connection_idle [C7.1.1:2] setsockopt SO_CONNECTION_IDLE failed [42: Protocol not available]
2026-02-11 19:04:17.487 Df AnalyticsReactNativeE2E[5688:1ae18ee] [com.apple.CFNetwork:Default] Task <89448FFE-5D32-446E-9CFF-206DF788F24C>.<2> now using Connection 7
2026-02-11 19:04:17.487 Db AnalyticsReactNativeE2E[5688:1ae18ee] [com.apple.network:activity] Returning should log: 0 for activity cfnetwork:foreground_task
2026-02-11 19:04:17.487 Db AnalyticsReactNativeE2E[5688:1ae18ee] [com.apple.network:connection] nw_connection_modify_estimated_bytes_block_invoke [C7] Incremented estimated bytes to send by 952, total now 952
2026-02-11 19:04:17.487 Db AnalyticsReactNativeE2E[5688:1ae18ee] [com.apple.network:connection] nw_connection_modify_estimated_bytes_block_invoke [C7] Using lower threshold 12582912, upper threshold 31457280
2026-02-11 19:04:17.487 Db AnalyticsReactNativeE2E[5688:1ae18ee] [com.apple.CFNetwork:Default] Connection 7: set is idle false
2026-02-11 19:04:17.487 Df AnalyticsReactNativeE2E[5688:1ae18ee] [com.apple.network:connection] [C7] event: client:connection_reused @2.188s
2026-02-11 19:04:17.487 I  AnalyticsReactNativeE2E[5688:1ae18ee] [com.apple.network:connection] nw_endpoint_handler_report_connection_idle [C7 IPv6#cb8d5b3b.9091 ready parent-flow (satisfied (Path is satisfied), interface: en0[802.11], uses wifi, LQM: unknown)] Reporting connection not idle to protocols
2026-02-11 19:04:17.487 I  AnalyticsReactNativeE2E[5688:1ae18ee] [com.apple.network:connection] nw_flow_passthrough_notify [C7.1.1 IPv6#cb8d5b3b.9091 ready socket-flow (satisfied (Path is satisfied), interface: lo0)] received notification connection_idle
2026-02-11 19:04:17.487 Df AnalyticsReactNativeE2E[5688:1ae18ee] [com.apple.network:connection] nw_protocol_socket_notify [C7.1.1:2] nw_protocol_notification_type_connection_idle is false
2026-02-11 19:04:17.487 E  AnalyticsReactNativeE2E[5688:1ae18ee] [com.apple.network:connection] nw_socket_set_connection_idle [C7.1.1:2] setsockopt SO_CONNECTION_IDLE failed [42: Protocol not available]
2026-02-11 19:04:17.488 Df AnalyticsReactNativeE2E[5688:1ae18ec] [com.apple.securityd:SecError] SecTrustReportNetworkingAnalytics failed with error: -4
2026-02-11 19:04:17.488 A  AnalyticsReactNativeE2E[5688:1ae18ec] (Security) SecTrustReportNetworkingAnalytics
2026-02-11 19:04:17.488 Df AnalyticsReactNativeE2E[5688:1ae18f5] [com.apple.CFNetwork:Default] Task <89448FFE-5D32-446E-9CFF-206DF788F24C>.<2> sent request, body S 952
2026-02-11 19:04:17.488 Df AnalyticsReactNativeE2E[5688:1ae18ec] [com.apple.securityd:SecError] SecTrustReportNetworkingAnalytics failed with error: -4
2026-02-11 19:04:17.488 Df AnalyticsReactNativeE2E[5688:1ae18ec] [com.apple.CFNetwork:Default] Task <89448FFE-5D32-446E-9CFF-206DF788F24C>.<2> received response, status 200 content K
2026-02-11 19:04:17.488 Db AnalyticsReactNativeE2E[5688:1ae18ec] [com.apple.network:connection] nw_connection_modify_estimated_bytes_block_invoke [C7] Incremented estimated bytes to receive by 20, total now 395
2026-02-11 19:04:17.488 Db AnalyticsReactNativeE2E[5688:1ae18ec] [com.apple.network:connection] nw_connection_modify_estimated_bytes_block_invoke [C7] Using lower threshold 12582912, upper threshold 31457280
2026-02-11 19:04:17.488 Df AnalyticsReactNativeE2E[5688:1ae18ec] [com.apple.CFNetwork:Default] Task <89448FFE-5D32-446E-9CFF-206DF788F24C>.<2> response ended
2026-02-11 19:04:17.489 Df AnalyticsReactNativeE2E[5688:1ae18ec] [com.apple.CFNetwork:Default] Task <89448FFE-5D32-446E-9CFF-206DF788F24C>.<2> done using Connection 7
2026-02-11 19:04:17.489 Db AnalyticsReactNativeE2E[5688:1ae18ec] [com.apple.network:activity] Returning should log: 0 for activity cfnetwork:foreground_task
2026-02-11 19:04:17.489 Db AnalyticsReactNativeE2E[5688:1ae18ec] [com.apple.CFNetwork:Default] Connection 7: set is idle true
2026-02-11 19:04:17.489 Df AnalyticsReactNativeE2E[5688:1ae18ec] [com.apple.network:connection] [C7] event: client:connection_idle @2.189s
2026-02-11 19:04:17.489 I  AnalyticsReactNativeE2E[5688:1ae18ec] [com.apple.network:connection] nw_endpoint_handler_report_connection_idle [C7 IPv6#cb8d5b3b.9091 ready parent-flow (satisfied (Path is satisfied), interface: en0[802.11], uses wifi, LQM: unknown)] Reporting connection idle to protocols
2026-02-11 19:04:17.489 I  AnalyticsReactNativeE2E[5688:1ae18ec] [com.apple.network:connection] nw_flow_passthrough_notify [C7.1.1 IPv6#cb8d5b3b.9091 ready socket-flow (satisfied (Path is satisfied), interface: lo0)] received notification connection_idle
2026-02-11 19:04:17.489 I  AnalyticsReactNativeE2E[5688:1ae18ee] [com.apple.runningboard:assertion] Acquiring assertion: <RBSAssertionDescriptor| "com.apple.CFNetwork.StorageDB" ID:(null) target:5688>
2026-02-11 19:04:17.489 Df AnalyticsReactNativeE2E[5688:1ae18f5] [com.apple.CFNetwork:Summary] Task <89448FFE-5D32-446E-9CFF-206DF788F24C>.<2> summary for task success {transaction_duration_ms=1, response_status=200, connection=7, reused=1, reused_after_ms=0, request_start_ms=0, request_duration_ms=0, response_start_ms=1, response_duration_ms=0, request_bytes=1242, request_throughput_kbps=40539, response_bytes=255, response_throughput_kbps=12000, cache_hit=true}
2026-02-11 19:04:17.489 Df AnalyticsReactNativeE2E[5688:1ae18ec] [com.apple.network:connection] nw_protocol_socket_notify [C7.1.1:2] nw_protocol_notification_type_connection_idle is true
2026-02-11 19:04:17.489 Df AnalyticsReactNativeE2E[5688:1ae18f5] [com.apple.CFNetwork:Default] Task <89448FFE-5D32-446E-9CFF-206DF788F24C>.<2> finished successfully
2026-02-11 19:04:17.489 E  AnalyticsReactNativeE2E[5688:1ae18ec] [com.apple.network:connection] nw_socket_set_connection_idle [C7.1.1:2] setsockopt SO_CONNECTION_IDLE failed [42: Protocol not available]
2026-02-11 19:04:17.489 Db AnalyticsReactNativeE2E[5688:1ae18f5] [com.apple.network:activity] Returning should log: 0 for activity cfnetwork:foreground_task
2026-02-11 19:04:17.489 Db AnalyticsReactNativeE2E[5688:1ae18ec] [com.apple.CFNetwork:Default] Connection 7: set is idle true
2026-02-11 19:04:17.489 Db AnalyticsReactNativeE2E[5688:1ae18f5] [com.apple.network:activity] Returning should log: 0 for activity cfnetwork:foreground_task
2026-02-11 19:04:17.489 Df AnalyticsReactNativeE2E[5688:1ae18ec] [com.apple.network:connection] [C7] event: client:connection_idle @2.189s
2026-02-11 19:04:17.489 Db AnalyticsReactNativeE2E[5688:1ae18f5] [com.apple.network:activity] No threshold for cfnetwork:foreground_task, returning NW_ACTIVITY_DURATION_INVALID
2026-02-11 19:04:17.489 I  AnalyticsReactNativeE2E[5688:1ae18ec] [com.apple.network:connection] nw_endpoint_handler_report_connection_idle [C7 IPv6#cb8d5b3b.9091 ready parent-flow (satisfied (Path is satisfied), interface: en0[802.11], uses wifi, LQM: unknown)] Reporting connection idle to protocols
2026-02-11 19:04:17.489 Db AnalyticsReactNativeE2E[5688:1ae18f5] [com.apple.network:activity] No threshold for activity <nw_activity 12:2 [174126BC-8635-420D-979C-C585551C2302] (reporting strategy default) complete (reason success)>
2026-02-11 19:04:17.489 I  AnalyticsReactNativeE2E[5688:1ae1f52] [com.facebook.react.log:javascript] Sent 1 events
2026-02-11 19:04:17.489 I  AnalyticsReactNativeE2E[5688:1ae18ec] [com.apple.network:connection] nw_flow_passthrough_notify [C7.1.1 IPv6#cb8d5b3b.9091 ready socket-flow (satisfied (Path is satisfied), interface: lo0)] received notification connection_idle
2026-02-11 19:04:17.489 Df AnalyticsReactNativeE2E[5688:1ae18ec] [com.apple.network:connection] nw_protocol_socket_notify [C7.1.1:2] nw_protocol_notification_type_connection_idle is true
2026-02-11 19:04:17.489 Db AnalyticsReactNativeE2E[5688:1ae18ee] [com.apple.runningboard:assertion] Adding assertion 1422-5688-1019 to dictionary
2026-02-11 19:04:17.489 E  AnalyticsReactNativeE2E[5688:1ae18ec] [com.apple.network:connection] nw_socket_set_connection_idle [C7.1.1:2] setsockopt SO_CONNECTION_IDLE failed [42: Protocol not available]
2026-02-11 19:04:18.879 I  AnalyticsReactNativeE2E[5688:1ae1859] [com.wix.Detox:WebSocket] Action received: invoke
2026-02-11 19:04:19.002 Df AnalyticsReactNativeE2E[5688:1ae1859] [com.apple.UIKit:EventDispatch] Sending UIEvent type: 0; subtype: 0; to windows: 1
2026-02-11 19:04:19.003 Df AnalyticsReactNativeE2E[5688:1ae1859] [com.apple.UIKit:EventDispatch] Sending UIEvent type: 0; subtype: 0; to window: <UIWindow: 0x1019076c0>; contextId: 0x4C590A9A
2026-02-11 19:04:19.003 A  AnalyticsReactNativeE2E[5688:1ae1859] (UIKitCore) send gesture actions
2026-02-11 19:04:19.018 Df AnalyticsReactNativeE2E[5688:1ae1859] [com.apple.UIKit:EventDispatch] Sending UIEvent type: 0; subtype: 0; to windows: 1
2026-02-11 19:04:19.018 Df AnalyticsReactNativeE2E[5688:1ae1859] [com.apple.UIKit:EventDispatch] Sending UIEvent type: 0; subtype: 0; to window: <UIWindow: 0x1019076c0>; contextId: 0x4C590A9A
2026-02-11 19:04:19.019 A  AnalyticsReactNativeE2E[5688:1ae1859] (UIKitCore) send gesture actions
2026-02-11 19:04:19.019 I  AnalyticsReactNativeE2E[5688:1ae1f52] [com.facebook.react.log:javascript] 'TRACK event saved', { type: 'track',
  event: 'Track pressed',
  properties: { foo: 'bar' } }
2026-02-11 19:04:19.710 I  AnalyticsReactNativeE2E[5688:1ae1859] [com.wix.Detox:WebSocket] Action received: invoke
2026-02-11 19:04:19.835 Df AnalyticsReactNativeE2E[5688:1ae1859] [com.apple.UIKit:EventDispatch] Sending UIEvent type: 0; subtype: 0; to windows: 1
2026-02-11 19:04:19.835 Df AnalyticsReactNativeE2E[5688:1ae1859] [com.apple.UIKit:EventDispatch] Sending UIEvent type: 0; subtype: 0; to window: <UIWindow: 0x1019076c0>; contextId: 0x4C590A9A
2026-02-11 19:04:19.836 A  AnalyticsReactNativeE2E[5688:1ae1859] (UIKitCore) send gesture actions
2026-02-11 19:04:19.852 Df AnalyticsReactNativeE2E[5688:1ae1859] [com.apple.UIKit:EventDispatch] Sending UIEvent type: 0; subtype: 0; to windows: 1
2026-02-11 19:04:19.852 Df AnalyticsReactNativeE2E[5688:1ae1859] [com.apple.UIKit:EventDispatch] Sending UIEvent type: 0; subtype: 0; to window: <UIWindow: 0x1019076c0>; contextId: 0x4C590A9A
2026-02-11 19:04:19.852 A  AnalyticsReactNativeE2E[5688:1ae1859] (UIKitCore) send gesture actions
2026-02-11 19:04:19.853 Df AnalyticsReactNativeE2E[5688:1ae18f5] [com.apple.CFNetwork:Default] Task <0DE88C94-4542-4798-A90A-DE67A2CF80E0>.<3> resuming, timeouts(0.0, 604800.0) qos(0x19) voucher((null)) activity(00000000-0000-0000-0000-000000000000)
2026-02-11 19:04:19.853 Db AnalyticsReactNativeE2E[5688:1ae18f5] [com.apple.network:activity] Returning should log: 0 for activity cfnetwork:foreground_task
2026-02-11 19:04:19.853 Db AnalyticsReactNativeE2E[5688:1ae18f5] [com.apple.network:activity] Domain cfnetwork rate configured in registry as 1 / 20000
2026-02-11 19:04:19.853 Db AnalyticsReactNativeE2E[5688:1ae18f5] [com.apple.network:activity] Domain cfnetwork rate configured after remote default override as 1 / 20000
2026-02-11 19:04:19.853 Db AnalyticsReactNativeE2E[5688:1ae18f5] [com.apple.network:activity] After reading settings plist, domain cfnetwork rate configured as 1 / 2000000
2026-02-11 19:04:19.853 Db AnalyticsReactNativeE2E[5688:1ae18f5] [com.apple.network:activity] After settings override, domain cfnetwork rate configured as 1 / 2000000
2026-02-11 19:04:19.853 Db AnalyticsReactNativeE2E[5688:1ae18f5] [com.apple.network:activity] Final domain cfnetwork rate configured as 1 / 2000000
2026-02-11 19:04:19.853 Db AnalyticsReactNativeE2E[5688:1ae18f5] [com.apple.network:activity] <nw_activity 12:2 [No UUID] (reporting strategy default)> sampled at 1 / 2000000
2026-02-11 19:04:19.853 Db AnalyticsReactNativeE2E[5688:1ae18f5] [com.apple.network:activity] Returning should log: 0 for activity cfnetwork:foreground_task
2026-02-11 19:04:19.853 Db AnalyticsReactNativeE2E[5688:1ae18f5] [com.apple.network:activity] Returning should log: 0 for activity cfnetwork:foreground_task
2026-02-11 19:04:19.853 Db AnalyticsReactNativeE2E[5688:1ae18f5] [com.apple.CFNetwork:Default] [Telemetry]: Activity <nw_activity 12:2 [054D2B21-6AF3-4B45-BE3C-7D2822BE46CF] (reporting strategy default)> on Task <0DE88C94-4542-4798-A90A-DE67A2CF80E0>.<3> was not selected for reporting
2026-02-11 19:04:19.853 Db AnalyticsReactNativeE2E[5688:1ae18f5] [com.apple.networkextension:] ne_tracker_check_is_hostname_blocked() proceeding with the in_the_app check for hostname: localhost
2026-02-11 19:04:19.853 Db AnalyticsReactNativeE2E[5688:1ae18f5] [com.apple.CFBundle:resources] Resource lookup at CFBundle 0x600003b040e0 </Users/abueide/Library/Developer/CoreSimulator/Devices/651CE25F-D2F4-404C-AC47-0364AA5C94A1/data/Containers/Bundle/Application/44BA5D4D-84C4-464A-8E7D-D50ACB3D9D0E/AnalyticsReactNativeE2E.app> (executable, loaded)
	Request       : InfoPlist type: strings
	Result        : None
2026-02-11 19:04:19.853 Db AnalyticsReactNativeE2E[5688:1ae18f5] [com.apple.CFBundle:resources] Resource lookup at CFBundle 0x600003b040e0 </Users/abueide/Library/Developer/CoreSimulator/Devices/651CE25F-D2F4-404C-AC47-0364AA5C94A1/data/Containers/Bundle/Application/44BA5D4D-84C4-464A-8E7D-D50ACB3D9D0E/AnalyticsReactNativeE2E.app> (executable, loaded)
	Request       : InfoPlist type: stringsdict
	Result        : None
2026-02-11 19:04:19.853 Db AnalyticsReactNativeE2E[5688:1ae18f5] [com.apple.networkextension:] ne_tracker_check_is_hostname_blocked(): hostname localhost is not a tracker. Returning: ne_tracker_status_none
2026-02-11 19:04:19.853 Db AnalyticsReactNativeE2E[5688:1ae18f5] [com.apple.CFNetwork:ATS] Uploading ATS exception ATSAllowsLocalNetworking
2026-02-11 19:04:19.853 Db AnalyticsReactNativeE2E[5688:1ae18f5] [com.apple.CFNetwork:ATS] Uploading ATS exception ATSExceptionDomains
2026-02-11 19:04:19.853 A  AnalyticsReactNativeE2E[5688:1ae18ee] (Security) SecTrustReportNetworkingAnalytics
2026-02-11 19:04:19.853 Db AnalyticsReactNativeE2E[5688:1ae18f5] [com.apple.CFNetwork:Default] Connection 7: set is idle true
2026-02-11 19:04:19.853 Df AnalyticsReactNativeE2E[5688:1ae18f5] [com.apple.network:connection] [C7] event: client:connection_idle @4.554s
2026-02-11 19:04:19.853 I  AnalyticsReactNativeE2E[5688:1ae18f5] [com.apple.network:connection] nw_endpoint_handler_report_connection_idle [C7 IPv6#cb8d5b3b.9091 ready parent-flow (satisfied (Path is satisfied), interface: en0[802.11], uses wifi, LQM: unknown)] Reporting connection idle to protocols
2026-02-11 19:04:19.853 I  AnalyticsReactNativeE2E[5688:1ae18f5] [com.apple.network:connection] nw_flow_passthrough_notify [C7.1.1 IPv6#cb8d5b3b.9091 ready socket-flow (satisfied (Path is satisfied), interface: lo0)] received notification connection_idle
2026-02-11 19:04:19.853 Df AnalyticsReactNativeE2E[5688:1ae18f5] [com.apple.network:connection] nw_protocol_socket_notify [C7.1.1:2] nw_protocol_notification_type_connection_idle is true
2026-02-11 19:04:19.853 E  AnalyticsReactNativeE2E[5688:1ae18f5] [com.apple.network:connection] nw_socket_set_connection_idle [C7.1.1:2] setsockopt SO_CONNECTION_IDLE failed [42: Protocol not available]
2026-02-11 19:04:19.853 Df AnalyticsReactNativeE2E[5688:1ae18f5] [com.apple.CFNetwork:Default] Task <0DE88C94-4542-4798-A90A-DE67A2CF80E0>.<3> now using Connection 7
2026-02-11 19:04:19.853 Db AnalyticsReactNativeE2E[5688:1ae18f5] [com.apple.network:activity] Returning should log: 0 for activity cfnetwork:foreground_task
2026-02-11 19:04:19.853 Db AnalyticsReactNativeE2E[5688:1ae18f5] [com.apple.network:connection] nw_connection_modify_estimated_bytes_block_invoke [C7] Incremented estimated bytes to send by 907, total now 1859
2026-02-11 19:04:19.853 Db AnalyticsReactNativeE2E[5688:1ae18f5] [com.apple.network:connection] nw_connection_modify_estimated_bytes_block_invoke [C7] Using lower threshold 12582912, upper threshold 31457280
2026-02-11 19:04:19.853 Db AnalyticsReactNativeE2E[5688:1ae18f5] [com.apple.CFNetwork:Default] Connection 7: set is idle false
2026-02-11 19:04:19.853 Df AnalyticsReactNativeE2E[5688:1ae18f5] [com.apple.network:connection] [C7] event: client:connection_reused @4.554s
2026-02-11 19:04:19.854 I  AnalyticsReactNativeE2E[5688:1ae18f5] [com.apple.network:connection] nw_endpoint_handler_report_connection_idle [C7 IPv6#cb8d5b3b.9091 ready parent-flow (satisfied (Path is satisfied), interface: en0[802.11], uses wifi, LQM: unknown)] Reporting connection not idle to protocols
2026-02-11 19:04:19.854 I  AnalyticsReactNativeE2E[5688:1ae18f5] [com.apple.network:connection] nw_flow_passthrough_notify [C7.1.1 IPv6#cb8d5b3b.9091 ready socket-flow (satisfied (Path is satisfied), interface: lo0)] received notification connection_idle
2026-02-11 19:04:19.854 Df AnalyticsReactNativeE2E[5688:1ae18f5] [com.apple.network:connection] nw_protocol_socket_notify [C7.1.1:2] nw_protocol_notification_type_connection_idle is false
2026-02-11 19:04:19.854 E  AnalyticsReactNativeE2E[5688:1ae18f5] [com.apple.network:connection] nw_socket_set_connection_idle [C7.1.1:2] setsockopt SO_CONNECTION_IDLE failed [42: Protocol not available]
2026-02-11 19:04:19.854 Df AnalyticsReactNativeE2E[5688:1ae18ee] [com.apple.securityd:SecError] SecTrustReportNetworkingAnalytics failed with error: -4
2026-02-11 19:04:19.854 A  AnalyticsReactNativeE2E[5688:1ae18ee] (Security) SecTrustReportNetworkingAnalytics
2026-02-11 19:04:19.854 Df AnalyticsReactNativeE2E[5688:1ae18ec] [com.apple.CFNetwork:Default] Task <0DE88C94-4542-4798-A90A-DE67A2CF80E0>.<3> sent request, body S 907
2026-02-11 19:04:19.854 Df AnalyticsReactNativeE2E[5688:1ae18ee] [com.apple.securityd:SecError] SecTrustReportNetworkingAnalytics failed with error: -4
2026-02-11 19:04:19.855 Df AnalyticsReactNativeE2E[5688:1ae18ee] [com.apple.CFNetwork:Default] Task <0DE88C94-4542-4798-A90A-DE67A2CF80E0>.<3> received response, status 429 content K
2026-02-11 19:04:19.855 Db AnalyticsReactNativeE2E[5688:1ae18ee] [com.apple.network:connection] nw_connection_modify_estimated_bytes_block_invoke [C7] Incremented estimated bytes to receive by 29, total now 424
2026-02-11 19:04:19.855 Db AnalyticsReactNativeE2E[5688:1ae18ee] [com.apple.network:connection] nw_connection_modify_estimated_bytes_block_invoke [C7] Using lower threshold 12582912, upper threshold 31457280
2026-02-11 19:04:19.855 Df AnalyticsReactNativeE2E[5688:1ae18ee] [com.apple.CFNetwork:Default] Task <0DE88C94-4542-4798-A90A-DE67A2CF80E0>.<3> response ended
2026-02-11 19:04:19.855 Df AnalyticsReactNativeE2E[5688:1ae18ee] [com.apple.CFNetwork:Default] Task <0DE88C94-4542-4798-A90A-DE67A2CF80E0>.<3> done using Connection 7
2026-02-11 19:04:19.855 Db AnalyticsReactNativeE2E[5688:1ae18ee] [com.apple.network:activity] Returning should log: 0 for activity cfnetwork:foreground_task
2026-02-11 19:04:19.855 Db AnalyticsReactNativeE2E[5688:1ae18ee] [com.apple.CFNetwork:Default] Connection 7: set is idle true
2026-02-11 19:04:19.855 Df AnalyticsReactNativeE2E[5688:1ae18ee] [com.apple.network:connection] [C7] event: client:connection_idle @4.555s
2026-02-11 19:04:19.855 I  AnalyticsReactNativeE2E[5688:1ae18ee] [com.apple.network:connection] nw_endpoint_handler_report_connection_idle [C7 IPv6#cb8d5b3b.9091 ready parent-flow (satisfied (Path is satisfied), interface: en0[802.11], uses wifi, LQM: unknown)] Reporting connection idle to protocols
2026-02-11 19:04:19.855 I  AnalyticsReactNativeE2E[5688:1ae18ee] [com.apple.network:connection] nw_flow_passthrough_notify [C7.1.1 IPv6#cb8d5b3b.9091 ready socket-flow (satisfied (Path is satisfied), interface: lo0)] received notification connection_idle
2026-02-11 19:04:19.855 Df AnalyticsReactNativeE2E[5688:1ae18ee] [com.apple.network:connection] nw_protocol_socket_notify [C7.1.1:2] nw_protocol_notification_type_connection_idle is true
2026-02-11 19:04:19.855 E  AnalyticsReactNativeE2E[5688:1ae18ee] [com.apple.network:connection] nw_socket_set_connection_idle [C7.1.1:2] setsockopt SO_CONNECTION_IDLE failed [42: Protocol not available]
2026-02-11 19:04:19.855 Db AnalyticsReactNativeE2E[5688:1ae18ee] [com.apple.CFNetwork:Default] Connection 7: set is idle true
2026-02-11 19:04:19.855 Df AnalyticsReactNativeE2E[5688:1ae18ee] [com.apple.network:connection] [C7] event: client:connection_idle @4.555s
2026-02-11 19:04:19.855 Df AnalyticsReactNativeE2E[5688:1ae18f5] [com.apple.CFNetwork:Summary] Task <0DE88C94-4542-4798-A90A-DE67A2CF80E0>.<3> summary for task success {transaction_duration_ms=1, response_status=429, connection=7, reused=1, reused_after_ms=0, request_start_ms=0, request_duration_ms=0, response_start_ms=1, response_duration_ms=0, request_bytes=1197, request_throughput_kbps=63003, response_bytes=295, response_throughput_kbps=19679, cache_hit=true}
2026-02-11 19:04:19.855 I  AnalyticsReactNativeE2E[5688:1ae18ee] [com.apple.network:connection] nw_endpoint_handler_report_connection_idle [C7 IPv6#cb8d5b3b.9091 ready parent-flow (satisfied (Path is satisfied), interface: en0[802.11], uses wifi, LQM: unknown)] Reporting connection idle to protocols
2026-02-11 19:04:19.855 Df AnalyticsReactNativeE2E[5688:1ae18f5] [com.apple.CFNetwork:Default] Task <0DE88C94-4542-4798-A90A-DE67A2CF80E0>.<3> finished successfully
2026-02-11 19:04:19.855 I  AnalyticsReactNativeE2E[5688:1ae18ee] [com.apple.network:connection] nw_flow_passthrough_notify [C7.1.1 IPv6#cb8d5b3b.9091 ready socket-flow (satisfied (Path is satisfied), interface: lo0)] received notification connection_idle
2026-02-11 19:04:19.855 Db AnalyticsReactNativeE2E[5688:1ae18f5] [com.apple.network:activity] Returning should log: 0 for activity cfnetwork:foreground_task
2026-02-11 19:04:19.855 Df AnalyticsReactNativeE2E[5688:1ae18ee] [com.apple.network:connection] nw_protocol_socket_notify [C7.1.1:2] nw_protocol_notification_type_connection_idle is true
2026-02-11 19:04:19.855 Db AnalyticsReactNativeE2E[5688:1ae18f5] [com.apple.network:activity] Returning should log: 0 for activity cfnetwork:foreground_task
2026-02-11 19:04:19.855 E  AnalyticsReactNativeE2E[5688:1ae18ee] [com.apple.network:connection] nw_socket_set_connection_idle [C7.1.1:2] setsockopt SO_CONNECTION_IDLE failed [42: Protocol not available]
2026-02-11 19:04:19.855 Db AnalyticsReactNativeE2E[5688:1ae18f5] [com.apple.network:activity] No threshold for cfnetwork:foreground_task, returning NW_ACTIVITY_DURATION_INVALID
2026-02-11 19:04:19.855 Db AnalyticsReactNativeE2E[5688:1ae18f5] [com.apple.network:activity] No threshold for activity <nw_activity 12:2 [054D2B21-6AF3-4B45-BE3C-7D2822BE46CF] (reporting strategy default) complete (reason success)>
2026-02-11 19:04:19.855 I  AnalyticsReactNativeE2E[5688:1ae1f52] [com.facebook.react.log:javascript] 'An internal error occurred: ', { [Error] type: 1, innerError: undefined, statusCode: 429 }
2026-02-11 19:04:19.855 I  AnalyticsReactNativeE2E[5688:1ae1f52] [com.facebook.react.log:javascript] { [Error] type: 1, innerError: undefined, statusCode: 429 }
2026-02-11 19:04:19.855 E  AnalyticsReactNativeE2E[5688:1ae1f52] [com.facebook.react.log:javascript] Failed to send 1 events.
2026-02-11 19:04:22.045 I  AnalyticsReactNativeE2E[5688:1ae1859] [com.wix.Detox:WebSocket] Action received: invoke
2026-02-11 19:04:22.168 Df AnalyticsReactNativeE2E[5688:1ae1859] [com.apple.UIKit:EventDispatch] Sending UIEvent type: 0; subtype: 0; to windows: 1
2026-02-11 19:04:22.169 Df AnalyticsReactNativeE2E[5688:1ae1859] [com.apple.UIKit:EventDispatch] Sending UIEvent type: 0; subtype: 0; to window: <UIWindow: 0x1019076c0>; contextId: 0x4C590A9A
2026-02-11 19:04:22.169 A  AnalyticsReactNativeE2E[5688:1ae1859] (UIKitCore) send gesture actions
2026-02-11 19:04:22.185 Df AnalyticsReactNativeE2E[5688:1ae1859] [com.apple.UIKit:EventDispatch] Sending UIEvent type: 0; subtype: 0; to windows: 1
2026-02-11 19:04:22.185 Df AnalyticsReactNativeE2E[5688:1ae1859] [com.apple.UIKit:EventDispatch] Sending UIEvent type: 0; subtype: 0; to window: <UIWindow: 0x1019076c0>; contextId: 0x4C590A9A
2026-02-11 19:04:22.186 A  AnalyticsReactNativeE2E[5688:1ae1859] (UIKitCore) send gesture actions
2026-02-11 19:04:22.186 I  AnalyticsReactNativeE2E[5688:1ae1f52] [com.facebook.react.log:javascript] 'TRACK event saved', { type: 'track',
  event: 'Track pressed',
  properties: { foo: 'bar' } }
2026-02-11 19:04:22.877 I  AnalyticsReactNativeE2E[5688:1ae1859] [com.wix.Detox:WebSocket] Action received: invoke
2026-02-11 19:04:23.019 Df AnalyticsReactNativeE2E[5688:1ae1859] [com.apple.UIKit:EventDispatch] Sending UIEvent type: 0; subtype: 0; to windows: 1
2026-02-11 19:04:23.019 Df AnalyticsReactNativeE2E[5688:1ae1859] [com.apple.UIKit:EventDispatch] Sending UIEvent type: 0; subtype: 0; to window: <UIWindow: 0x1019076c0>; contextId: 0x4C590A9A
2026-02-11 19:04:23.020 A  AnalyticsReactNativeE2E[5688:1ae1859] (UIKitCore) send gesture actions
2026-02-11 19:04:23.036 Df AnalyticsReactNativeE2E[5688:1ae1859] [com.apple.UIKit:EventDispatch] Sending UIEvent type: 0; subtype: 0; to windows: 1
2026-02-11 19:04:23.036 Df AnalyticsReactNativeE2E[5688:1ae1859] [com.apple.UIKit:EventDispatch] Sending UIEvent type: 0; subtype: 0; to window: <UIWindow: 0x1019076c0>; contextId: 0x4C590A9A
2026-02-11 19:04:23.036 A  AnalyticsReactNativeE2E[5688:1ae1859] (UIKitCore) send gesture actions
2026-02-11 19:04:23.037 Df AnalyticsReactNativeE2E[5688:1ae18ee] [com.apple.CFNetwork:Default] Task <2D8A90C1-0E39-42B2-9588-DB6A340F3676>.<4> resuming, timeouts(0.0, 604800.0) qos(0x19) voucher((null)) activity(00000000-0000-0000-0000-000000000000)
2026-02-11 19:04:23.037 Db AnalyticsReactNativeE2E[5688:1ae18ee] [com.apple.network:activity] Returning should log: 0 for activity cfnetwork:foreground_task
2026-02-11 19:04:23.037 Db AnalyticsReactNativeE2E[5688:1ae18ee] [com.apple.network:activity] Domain cfnetwork rate configured in registry as 1 / 20000
2026-02-11 19:04:23.037 Db AnalyticsReactNativeE2E[5688:1ae18ee] [com.apple.network:activity] Domain cfnetwork rate configured after remote default override as 1 / 20000
2026-02-11 19:04:23.037 Db AnalyticsReactNativeE2E[5688:1ae18ee] [com.apple.network:activity] After reading settings plist, domain cfnetwork rate configured as 1 / 2000000
2026-02-11 19:04:23.037 Db AnalyticsReactNativeE2E[5688:1ae18ee] [com.apple.network:activity] After settings override, domain cfnetwork rate configured as 1 / 2000000
2026-02-11 19:04:23.037 Db AnalyticsReactNativeE2E[5688:1ae18ee] [com.apple.network:activity] Final domain cfnetwork rate configured as 1 / 2000000
2026-02-11 19:04:23.037 Db AnalyticsReactNativeE2E[5688:1ae18ee] [com.apple.network:activity] <nw_activity 12:2 [No UUID] (reporting strategy default)> sampled at 1 / 2000000
2026-02-11 19:04:23.037 Db AnalyticsReactNativeE2E[5688:1ae18ee] [com.apple.network:activity] Returning should log: 0 for activity cfnetwork:foreground_task
2026-02-11 19:04:23.037 Db AnalyticsReactNativeE2E[5688:1ae18ee] [com.apple.network:activity] Returning should log: 0 for activity cfnetwork:foreground_task
2026-02-11 19:04:23.037 Db AnalyticsReactNativeE2E[5688:1ae18ee] [com.apple.CFNetwork:Default] [Telemetry]: Activity <nw_activity 12:2 [F27CBA46-EA15-41A9-8AB8-A1B5DFDDC6C2] (reporting strategy default)> on Task <2D8A90C1-0E39-42B2-9588-DB6A340F3676>.<4> was not selected for reporting
2026-02-11 19:04:23.037 Db AnalyticsReactNativeE2E[5688:1ae18ec] [com.apple.networkextension:] ne_tracker_check_is_hostname_blocked() proceeding with the in_the_app check for hostname: localhost
2026-02-11 19:04:23.037 Db AnalyticsReactNativeE2E[5688:1ae18ec] [com.apple.CFBundle:resources] Resource lookup at CFBundle 0x600003b040e0 </Users/abueide/Library/Developer/CoreSimulator/Devices/651CE25F-D2F4-404C-AC47-0364AA5C94A1/data/Containers/Bundle/Application/44BA5D4D-84C4-464A-8E7D-D50ACB3D9D0E/AnalyticsReactNativeE2E.app> (executable, loaded)
	Request       : InfoPlist type: strings
	Result        : None
2026-02-11 19:04:23.037 Db AnalyticsReactNativeE2E[5688:1ae18ec] [com.apple.CFBundle:resources] Resource lookup at CFBundle 0x600003b040e0 </Users/abueide/Library/Developer/CoreSimulator/Devices/651CE25F-D2F4-404C-AC47-0364AA5C94A1/data/Containers/Bundle/Application/44BA5D4D-84C4-464A-8E7D-D50ACB3D9D0E/AnalyticsReactNativeE2E.app> (executable, loaded)
	Request       : InfoPlist type: stringsdict
	Result        : None
2026-02-11 19:04:23.037 Db AnalyticsReactNativeE2E[5688:1ae18ec] [com.apple.networkextension:] ne_tracker_check_is_hostname_blocked(): hostname localhost is not a tracker. Returning: ne_tracker_status_none
2026-02-11 19:04:23.037 Db AnalyticsReactNativeE2E[5688:1ae18ec] [com.apple.CFNetwork:ATS] Uploading ATS exception ATSAllowsLocalNetworking
2026-02-11 19:04:23.037 Db AnalyticsReactNativeE2E[5688:1ae18ec] [com.apple.CFNetwork:ATS] Uploading ATS exception ATSExceptionDomains
2026-02-11 19:04:23.037 A  AnalyticsReactNativeE2E[5688:1ae18ee] (Security) SecTrustReportNetworkingAnalytics
2026-02-11 19:04:23.037 Db AnalyticsReactNativeE2E[5688:1ae18ec] [com.apple.CFNetwork:Default] Connection 7: set is idle true
2026-02-11 19:04:23.037 Df AnalyticsReactNativeE2E[5688:1ae18ec] [com.apple.network:connection] [C7] event: client:connection_idle @7.738s
2026-02-11 19:04:23.037 I  AnalyticsReactNativeE2E[5688:1ae18ec] [com.apple.network:connection] nw_endpoint_handler_report_connection_idle [C7 IPv6#cb8d5b3b.9091 ready parent-flow (satisfied (Path is satisfied), interface: en0[802.11], uses wifi, LQM: unknown)] Reporting connection idle to protocols
2026-02-11 19:04:23.037 I  AnalyticsReactNativeE2E[5688:1ae18ec] [com.apple.network:connection] nw_flow_passthrough_notify [C7.1.1 IPv6#cb8d5b3b.9091 ready socket-flow (satisfied (Path is satisfied), interface: lo0)] received notification connection_idle
2026-02-11 19:04:23.037 Df AnalyticsReactNativeE2E[5688:1ae18ec] [com.apple.network:connection] nw_protocol_socket_notify [C7.1.1:2] nw_protocol_notification_type_connection_idle is true
2026-02-11 19:04:23.037 E  AnalyticsReactNativeE2E[5688:1ae18ec] [com.apple.network:connection] nw_socket_set_connection_idle [C7.1.1:2] setsockopt SO_CONNECTION_IDLE failed [42: Protocol not available]
2026-02-11 19:04:23.037 Df AnalyticsReactNativeE2E[5688:1ae18ec] [com.apple.CFNetwork:Default] Task <2D8A90C1-0E39-42B2-9588-DB6A340F3676>.<4> now using Connection 7
2026-02-11 19:04:23.037 Db AnalyticsReactNativeE2E[5688:1ae18ec] [com.apple.network:activity] Returning should log: 0 for activity cfnetwork:foreground_task
2026-02-11 19:04:23.037 Db AnalyticsReactNativeE2E[5688:1ae18ec] [com.apple.network:connection] nw_connection_modify_estimated_bytes_block_invoke [C7] Incremented estimated bytes to send by 1750, total now 3609
2026-02-11 19:04:23.037 Db AnalyticsReactNativeE2E[5688:1ae18ec] [com.apple.network:connection] nw_connection_modify_estimated_bytes_block_invoke [C7] Using lower threshold 12582912, upper threshold 31457280
2026-02-11 19:04:23.037 Db AnalyticsReactNativeE2E[5688:1ae18ec] [com.apple.CFNetwork:Default] Connection 7: set is idle false
2026-02-11 19:04:23.037 Df AnalyticsReactNativeE2E[5688:1ae18ec] [com.apple.network:connection] [C7] event: client:connection_reused @7.738s
2026-02-11 19:04:23.037 I  AnalyticsReactNativeE2E[5688:1ae18ec] [com.apple.network:connection] nw_endpoint_handler_report_connection_idle [C7 IPv6#cb8d5b3b.9091 ready parent-flow (satisfied (Path is satisfied), interface: en0[802.11], uses wifi, LQM: unknown)] Reporting connection not idle to protocols
2026-02-11 19:04:23.037 I  AnalyticsReactNativeE2E[5688:1ae18ec] [com.apple.network:connection] nw_flow_passthrough_notify [C7.1.1 IPv6#cb8d5b3b.9091 ready socket-flow (satisfied (Path is satisfied), interface: lo0)] received notification connection_idle
2026-02-11 19:04:23.037 Df AnalyticsReactNativeE2E[5688:1ae18ec] [com.apple.network:connection] nw_protocol_socket_notify [C7.1.1:2] nw_protocol_notification_type_connection_idle is false
2026-02-11 19:04:23.037 E  AnalyticsReactNativeE2E[5688:1ae18ec] [com.apple.network:connection] nw_socket_set_connection_idle [C7.1.1:2] setsockopt SO_CONNECTION_IDLE failed [42: Protocol not available]
2026-02-11 19:04:23.038 Df AnalyticsReactNativeE2E[5688:1ae18ec] [com.apple.CFNetwork:Default] Task <2D8A90C1-0E39-42B2-9588-DB6A340F3676>.<4> sent request, body S 1750
2026-02-11 19:04:23.038 Df AnalyticsReactNativeE2E[5688:1ae18ee] [com.apple.securityd:SecError] SecTrustReportNetworkingAnalytics failed with error: -4
2026-02-11 19:04:23.038 A  AnalyticsReactNativeE2E[5688:1ae18ee] (Security) SecTrustReportNetworkingAnalytics
2026-02-11 19:04:23.038 Df AnalyticsReactNativeE2E[5688:1ae18ee] [com.apple.securityd:SecError] SecTrustReportNetworkingAnalytics failed with error: -4
2026-02-11 19:04:23.038 Df AnalyticsReactNativeE2E[5688:1ae18ee] [com.apple.CFNetwork:Default] Task <2D8A90C1-0E39-42B2-9588-DB6A340F3676>.<4> received response, status 200 content K
2026-02-11 19:04:23.038 Db AnalyticsReactNativeE2E[5688:1ae18ee] [com.apple.network:connection] nw_connection_modify_estimated_bytes_block_invoke [C7] Incremented estimated bytes to receive by 20, total now 444
2026-02-11 19:04:23.038 Db AnalyticsReactNativeE2E[5688:1ae18ee] [com.apple.network:connection] nw_connection_modify_estimated_bytes_block_invoke [C7] Using lower threshold 12582912, upper threshold 31457280
2026-02-11 19:04:23.038 Df AnalyticsReactNativeE2E[5688:1ae18ee] [com.apple.CFNetwork:Default] Task <2D8A90C1-0E39-42B2-9588-DB6A340F3676>.<4> response ended
2026-02-11 19:04:23.038 Df AnalyticsReactNativeE2E[5688:1ae18ee] [com.apple.CFNetwork:Default] Task <2D8A90C1-0E39-42B2-9588-DB6A340F3676>.<4> done using Connection 7
2026-02-11 19:04:23.038 Db AnalyticsReactNativeE2E[5688:1ae18ee] [com.apple.network:activity] Returning should log: 0 for activity cfnetwork:foreground_task
2026-02-11 19:04:23.038 Db AnalyticsReactNativeE2E[5688:1ae18ee] [com.apple.CFNetwork:Default] Connection 7: set is idle true
2026-02-11 19:04:23.039 Df AnalyticsReactNativeE2E[5688:1ae18ee] [com.apple.network:connection] [C7] event: client:connection_idle @7.739s
2026-02-11 19:04:23.039 I  AnalyticsReactNativeE2E[5688:1ae18ee] [com.apple.network:connection] nw_endpoint_handler_report_connection_idle [C7 IPv6#cb8d5b3b.9091 ready parent-flow (satisfied (Path is satisfied), interface: en0[802.11], uses wifi, LQM: unknown)] Reporting connection idle to protocols
2026-02-11 19:04:23.039 I  AnalyticsReactNativeE2E[5688:1ae18ee] [com.apple.network:connection] nw_flow_passthrough_notify [C7.1.1 IPv6#cb8d5b3b.9091 ready socket-flow (satisfied (Path is satisfied), interface: lo0)] received notification connection_idle
2026-02-11 19:04:23.039 Df AnalyticsReactNativeE2E[5688:1ae18ee] [com.apple.network:connection] nw_protocol_socket_notify [C7.1.1:2] nw_protocol_notification_type_connection_idle is true
2026-02-11 19:04:23.039 E  AnalyticsReactNativeE2E[5688:1ae18ee] [com.apple.network:connection] nw_socket_set_connection_idle [C7.1.1:2] setsockopt SO_CONNECTION_IDLE failed [42: Protocol not available]
2026-02-11 19:04:23.039 Db AnalyticsReactNativeE2E[5688:1ae18ee] [com.apple.CFNetwork:Default] Connection 7: set is idle true
2026-02-11 19:04:23.039 Df AnalyticsReactNativeE2E[5688:1ae18ee] [com.apple.network:connection] [C7] event: client:connection_idle @7.739s
2026-02-11 19:04:23.039 I  AnalyticsReactNativeE2E[5688:1ae18ec] [com.apple.runningboard:assertion] Acquiring assertion: <RBSAssertionDescriptor| "com.apple.CFNetwork.StorageDB" ID:(null) target:5688>
2026-02-11 19:04:23.039 Df AnalyticsReactNativeE2E[5688:1ae18ef] [com.apple.CFNetwork:Summary] Task <2D8A90C1-0E39-42B2-9588-DB6A340F3676>.<4> summary for task success {transaction_duration_ms=1, response_status=200, connection=7, reused=1, reused_after_ms=0, request_start_ms=0, request_duration_ms=0, response_start_ms=1, response_duration_ms=0, request_bytes=2041, request_throughput_kbps=104716, response_bytes=255, response_throughput_kbps=20203, cache_hit=true}
2026-02-11 19:04:23.039 Df AnalyticsReactNativeE2E[5688:1ae18ef] [com.apple.CFNetwork:Default] Task <2D8A90C1-0E39-42B2-9588-DB6A340F3676>.<4> finished successfully
2026-02-11 19:04:23.039 Db AnalyticsReactNativeE2E[5688:1ae18ef] [com.apple.network:activity] Returning should log: 0 for activity cfnetwork:foreground_task
2026-02-11 19:04:23.039 Db AnalyticsReactNativeE2E[5688:1ae18ef] [com.apple.network:activity] Returning should log: 0 for activity cfnetwork:foreground_task
2026-02-11 19:04:23.039 I  AnalyticsReactNativeE2E[5688:1ae18ee] [com.apple.network:connection] nw_endpoint_handler_report_connection_idle [C7 IPv6#cb8d5b3b.9091 ready parent-flow (satisfied (Path is satisfied), interface: en0[802.11], uses wifi, LQM: unknown)] Reporting connection idle to protocols
2026-02-11 19:04:23.039 I  AnalyticsReactNativeE2E[5688:1ae1f52] [com.facebook.react.log:javascript] Sent 2 events
2026-02-11 19:04:23.039 Db AnalyticsReactNativeE2E[5688:1ae18ef] [com.apple.network:activity] No threshold for cfnetwork:foreground_task, returning NW_ACTIVITY_DURATION_INVALID
2026-02-11 19:04:23.039 Db AnalyticsReactNativeE2E[5688:1ae18ec] [com.apple.runningboard:assertion] Adding assertion 1422-5688-1020 to dictionary
2026-02-11 19:04:23.039 Db AnalyticsReactNativeE2E[5688:1ae18ef] [com.apple.network:activity] No threshold for activity <nw_activity 12:2 [F27CBA46-EA15-41A9-8AB8-A1B5DFDDC6C2] (reporting strategy default) complete (reason success)>
2026-02-11 19:04:23.039 I  AnalyticsReactNativeE2E[5688:1ae18ee] [com.apple.network:connection] nw_flow_passthrough_notify [C7.1.1 IPv6#cb8d5b3b.9091 ready socket-flow (satisfied (Path is satisfied), interface: lo0)] received notification connection_idle
2026-02-11 19:04:23.039 Df AnalyticsReactNativeE2E[5688:1ae18ee] [com.apple.network:connection] nw_protocol_socket_notify [C7.1.1:2] nw_protocol_notification_type_connection_idle is true
2026-02-11 19:04:23.040 E  AnalyticsReactNativeE2E[5688:1ae18ee] [com.apple.network:connection] nw_socket_set_connection_idle [C7.1.1:2] setsockopt SO_CONNECTION_IDLE failed [42: Protocol not available]
2026-02-11 19:04:23.726 I  AnalyticsReactNativeE2E[5688:1ae1859] [com.wix.Detox:WebSocket] Action received: invoke
2026-02-11 19:04:23.852 Df AnalyticsReactNativeE2E[5688:1ae1859] [com.apple.UIKit:EventDispatch] Sending UIEvent type: 0; subtype: 0; to windows: 1
2026-02-11 19:04:23.853 Df AnalyticsReactNativeE2E[5688:1ae1859] [com.apple.UIKit:EventDispatch] Sending UIEvent type: 0; subtype: 0; to window: <UIWindow: 0x1019076c0>; contextId: 0x4C590A9A
2026-02-11 19:04:23.853 A  AnalyticsReactNativeE2E[5688:1ae1859] (UIKitCore) send gesture actions
2026-02-11 19:04:23.869 Df AnalyticsReactNativeE2E[5688:1ae1859] [com.apple.UIKit:EventDispatch] Sending UIEvent type: 0; subtype: 0; to windows: 1
2026-02-11 19:04:23.869 Df AnalyticsReactNativeE2E[5688:1ae1859] [com.apple.UIKit:EventDispatch] Sending UIEvent type: 0; subtype: 0; to window: <UIWindow: 0x1019076c0>; contextId: 0x4C590A9A
2026-02-11 19:04:23.869 A  AnalyticsReactNativeE2E[5688:1ae1859] (UIKitCore) send gesture actions
2026-02-11 19:04:23.870 I  AnalyticsReactNativeE2E[5688:1ae1f52] [com.facebook.react.log:javascript] 'TRACK event saved', { type: 'track',
  event: 'Track pressed',
  properties: { foo: 'bar' } }
2026-02-11 19:04:24.561 I  AnalyticsReactNativeE2E[5688:1ae1859] [com.wix.Detox:WebSocket] Action received: invoke
2026-02-11 19:04:24.651 Db AnalyticsReactNativeE2E[5688:1ae1f53] [com.apple.network:endpoint] endpoint IPv6#cb8d5b3b.60215 has nothing to cleanup, no protocol instance registrars
2026-02-11 19:04:24.651 Db AnalyticsReactNativeE2E[5688:1ae1f53] [com.apple.network:endpoint] endpoint IPv6#cb8d5b3b.60215 has associations
2026-02-11 19:04:24.651 Db AnalyticsReactNativeE2E[5688:1ae1f53] [com.apple.network:endpoint] endpoint Hostname#c84205e9:60215 has nothing to cleanup, no protocol instance registrars
2026-02-11 19:04:24.651 Db AnalyticsReactNativeE2E[5688:1ae1f53] [com.apple.network:endpoint] endpoint Hostname#c84205e9:60215 has associations
2026-02-11 19:04:24.685 Df AnalyticsReactNativeE2E[5688:1ae1859] [com.apple.UIKit:EventDispatch] Sending UIEvent type: 0; subtype: 0; to windows: 1
2026-02-11 19:04:24.686 Df AnalyticsReactNativeE2E[5688:1ae1859] [com.apple.UIKit:EventDispatch] Sending UIEvent type: 0; subtype: 0; to window: <UIWindow: 0x1019076c0>; contextId: 0x4C590A9A
2026-02-11 19:04:24.686 A  AnalyticsReactNativeE2E[5688:1ae1859] (UIKitCore) send gesture actions
2026-02-11 19:04:24.702 Df AnalyticsReactNativeE2E[5688:1ae1859] [com.apple.UIKit:EventDispatch] Sending UIEvent type: 0; subtype: 0; to windows: 1
2026-02-11 19:04:24.702 Df AnalyticsReactNativeE2E[5688:1ae1859] [com.apple.UIKit:EventDispatch] Sending UIEvent type: 0; subtype: 0; to window: <UIWindow: 0x1019076c0>; contextId: 0x4C590A9A
2026-02-11 19:04:24.702 A  AnalyticsReactNativeE2E[5688:1ae1859] (UIKitCore) send gesture actions
2026-02-11 19:04:24.702 Df AnalyticsReactNativeE2E[5688:1ae1f53] [com.apple.CFNetwork:Default] Task <5921B106-A293-4EAA-89DD-62C9BDA8F538>.<5> resuming, timeouts(0.0, 604800.0) qos(0x19) voucher((null)) activity(00000000-0000-0000-0000-000000000000)
2026-02-11 19:04:24.703 Db AnalyticsReactNativeE2E[5688:1ae1f53] [com.apple.network:activity] Returning should log: 0 for activity cfnetwork:foreground_task
2026-02-11 19:04:24.703 Db AnalyticsReactNativeE2E[5688:1ae1f53] [com.apple.network:activity] Domain cfnetwork rate configured in registry as 1 / 20000
2026-02-11 19:04:24.703 Db AnalyticsReactNativeE2E[5688:1ae1f53] [com.apple.network:activity] Domain cfnetwork rate configured after remote default override as 1 / 20000
2026-02-11 19:04:24.703 Db AnalyticsReactNativeE2E[5688:1ae1f53] [com.apple.network:activity] After reading settings plist, domain cfnetwork rate configured as 1 / 2000000
2026-02-11 19:04:24.703 Db AnalyticsReactNativeE2E[5688:1ae1f53] [com.apple.network:activity] After settings override, domain cfnetwork rate configured as 1 / 2000000
2026-02-11 19:04:24.703 Db AnalyticsReactNativeE2E[5688:1ae1f53] [com.apple.network:activity] Final domain cfnetwork rate configured as 1 / 2000000
2026-02-11 19:04:24.703 Db AnalyticsReactNativeE2E[5688:1ae1f53] [com.apple.network:activity] <nw_activity 12:2 [No UUID] (reporting strategy default)> sampled at 1 / 2000000
2026-02-11 19:04:24.703 Db AnalyticsReactNativeE2E[5688:1ae1f53] [com.apple.network:activity] Returning should log: 0 for activity cfnetwork:foreground_task
2026-02-11 19:04:24.703 Db AnalyticsReactNativeE2E[5688:1ae1f53] [com.apple.network:activity] Returning should log: 0 for activity cfnetwork:foreground_task
