Filtering the log data using "processImagePath BEGINSWITH "/Users/abueide/Library/Developer/CoreSimulator/Devices/651CE25F-D2F4-404C-AC47-0364AA5C94A1/data/Containers/Bundle/Application/5771E38C-E04E-4E48-81AC-81C22604788E/AnalyticsReactNativeE2E.app""
Timestamp               Ty Process[PID:TID]
2026-02-11 19:28:05.198 I  AnalyticsReactNativeE2E[24701:1af926f] [com.wix.Detox:WebSocket] Action received: invoke
2026-02-11 19:28:05.327 Df AnalyticsReactNativeE2E[24701:1af926f] [com.apple.UIKit:EventDispatch] Sending UIEvent type: 0; subtype: 0; to windows: 1
2026-02-11 19:28:05.328 Df AnalyticsReactNativeE2E[24701:1af926f] [com.apple.UIKit:EventDispatch] Sending UIEvent type: 0; subtype: 0; to window: <UIWindow: 0x106666ee0>; contextId: 0x775196FA
2026-02-11 19:28:05.328 A  AnalyticsReactNativeE2E[24701:1af926f] (UIKitCore) send gesture actions
2026-02-11 19:28:05.344 Df AnalyticsReactNativeE2E[24701:1af926f] [com.apple.UIKit:EventDispatch] Sending UIEvent type: 0; subtype: 0; to windows: 1
2026-02-11 19:28:05.344 Df AnalyticsReactNativeE2E[24701:1af926f] [com.apple.UIKit:EventDispatch] Sending UIEvent type: 0; subtype: 0; to window: <UIWindow: 0x106666ee0>; contextId: 0x775196FA
2026-02-11 19:28:05.345 A  AnalyticsReactNativeE2E[24701:1af926f] (UIKitCore) send gesture actions
2026-02-11 19:28:05.346 Df AnalyticsReactNativeE2E[24701:1af9307] [com.apple.CFNetwork:Default] Task <0E014FE7-7006-43A3-8898-44007CC1CDA7>.<2> resuming, timeouts(0.0, 604800.0) qos(0x19) voucher((null)) activity(00000000-0000-0000-0000-000000000000)
2026-02-11 19:28:05.346 Db AnalyticsReactNativeE2E[24701:1af9307] [com.apple.network:activity] Returning should log: 0 for activity cfnetwork:foreground_task
2026-02-11 19:28:05.346 Db AnalyticsReactNativeE2E[24701:1af9307] [com.apple.network:activity] Domain cfnetwork rate configured in registry as 1 / 20000
2026-02-11 19:28:05.346 Db AnalyticsReactNativeE2E[24701:1af9307] [com.apple.network:activity] Domain cfnetwork rate configured after remote default override as 1 / 20000
2026-02-11 19:28:05.346 Db AnalyticsReactNativeE2E[24701:1af9307] [com.apple.network:activity] After reading settings plist, domain cfnetwork rate configured as 1 / 2000000
2026-02-11 19:28:05.346 Db AnalyticsReactNativeE2E[24701:1af9307] [com.apple.network:activity] After settings override, domain cfnetwork rate configured as 1 / 2000000
2026-02-11 19:28:05.346 Db AnalyticsReactNativeE2E[24701:1af9307] [com.apple.network:activity] Final domain cfnetwork rate configured as 1 / 2000000
2026-02-11 19:28:05.346 Db AnalyticsReactNativeE2E[24701:1af9307] [com.apple.network:activity] <nw_activity 12:2 [No UUID] (reporting strategy default)> sampled at 1 / 2000000
2026-02-11 19:28:05.346 Db AnalyticsReactNativeE2E[24701:1af9307] [com.apple.network:activity] Returning should log: 0 for activity cfnetwork:foreground_task
2026-02-11 19:28:05.346 Db AnalyticsReactNativeE2E[24701:1af9307] [com.apple.network:activity] Returning should log: 0 for activity cfnetwork:foreground_task
2026-02-11 19:28:05.346 Db AnalyticsReactNativeE2E[24701:1af9307] [com.apple.CFNetwork:Default] [Telemetry]: Activity <nw_activity 12:2 [605D1DC2-5D77-4ECB-B730-137216E7477F] (reporting strategy default)> on Task <0E014FE7-7006-43A3-8898-44007CC1CDA7>.<2> was not selected for reporting
2026-02-11 19:28:05.346 Db AnalyticsReactNativeE2E[24701:1af930e] [com.apple.networkextension:] ne_tracker_check_is_hostname_blocked() proceeding with the in_the_app check for hostname: localhost
2026-02-11 19:28:05.346 Db AnalyticsReactNativeE2E[24701:1af930e] [com.apple.CFBundle:resources] Resource lookup at CFBundle 0x600003b0c1c0 </Users/abueide/Library/Developer/CoreSimulator/Devices/651CE25F-D2F4-404C-AC47-0364AA5C94A1/data/Containers/Bundle/Application/5771E38C-E04E-4E48-81AC-81C22604788E/AnalyticsReactNativeE2E.app> (executable, loaded)
	Request       : InfoPlist type: strings
	Result        : None
2026-02-11 19:28:05.346 Db AnalyticsReactNativeE2E[24701:1af930e] [com.apple.CFBundle:resources] Resource lookup at CFBundle 0x600003b0c1c0 </Users/abueide/Library/Developer/CoreSimulator/Devices/651CE25F-D2F4-404C-AC47-0364AA5C94A1/data/Containers/Bundle/Application/5771E38C-E04E-4E48-81AC-81C22604788E/AnalyticsReactNativeE2E.app> (executable, loaded)
	Request       : InfoPlist type: stringsdict
	Result        : None
2026-02-11 19:28:05.346 Db AnalyticsReactNativeE2E[24701:1af930e] [com.apple.networkextension:] ne_tracker_check_is_hostname_blocked(): hostname localhost is not a tracker. Returning: ne_tracker_status_none
2026-02-11 19:28:05.346 Db AnalyticsReactNativeE2E[24701:1af930e] [com.apple.CFNetwork:ATS] Uploading ATS exception ATSAllowsLocalNetworking
2026-02-11 19:28:05.346 Db AnalyticsReactNativeE2E[24701:1af930e] [com.apple.CFNetwork:ATS] Uploading ATS exception ATSExceptionDomains
2026-02-11 19:28:05.346 A  AnalyticsReactNativeE2E[24701:1af9307] (Security) SecTrustReportNetworkingAnalytics
2026-02-11 19:28:05.346 Db AnalyticsReactNativeE2E[24701:1af930e] [com.apple.CFNetwork:Default] Connection 10: set is idle true
2026-02-11 19:28:05.346 Df AnalyticsReactNativeE2E[24701:1af930e] [com.apple.network:connection] [C10] event: client:connection_idle @2.176s
2026-02-11 19:28:05.346 I  AnalyticsReactNativeE2E[24701:1af930e] [com.apple.network:connection] nw_endpoint_handler_report_connection_idle [C10 IPv6#5661fd3a.9091 ready parent-flow (satisfied (Path is satisfied), interface: en0[802.11], uses wifi, LQM: unknown)] Reporting connection idle to protocols
2026-02-11 19:28:05.346 I  AnalyticsReactNativeE2E[24701:1af930e] [com.apple.network:connection] nw_flow_passthrough_notify [C10.1.1 IPv6#5661fd3a.9091 ready socket-flow (satisfied (Path is satisfied), interface: lo0)] received notification connection_idle
2026-02-11 19:28:05.346 Df AnalyticsReactNativeE2E[24701:1af930e] [com.apple.network:connection] nw_protocol_socket_notify [C10.1.1:2] nw_protocol_notification_type_connection_idle is true
2026-02-11 19:28:05.347 E  AnalyticsReactNativeE2E[24701:1af930e] [com.apple.network:connection] nw_socket_set_connection_idle [C10.1.1:2] setsockopt SO_CONNECTION_IDLE failed [42: Protocol not available]
2026-02-11 19:28:05.347 Df AnalyticsReactNativeE2E[24701:1af930e] [com.apple.CFNetwork:Default] Task <0E014FE7-7006-43A3-8898-44007CC1CDA7>.<2> now using Connection 10
2026-02-11 19:28:05.347 Db AnalyticsReactNativeE2E[24701:1af930e] [com.apple.network:activity] Returning should log: 0 for activity cfnetwork:foreground_task
2026-02-11 19:28:05.347 Db AnalyticsReactNativeE2E[24701:1af930e] [com.apple.network:connection] nw_connection_modify_estimated_bytes_block_invoke [C10] Incremented estimated bytes to send by 1795, total now 1795
2026-02-11 19:28:05.347 Db AnalyticsReactNativeE2E[24701:1af930e] [com.apple.network:connection] nw_connection_modify_estimated_bytes_block_invoke [C10] Using lower threshold 12582912, upper threshold 31457280
2026-02-11 19:28:05.347 Db AnalyticsReactNativeE2E[24701:1af930e] [com.apple.CFNetwork:Default] Connection 10: set is idle false
2026-02-11 19:28:05.347 Df AnalyticsReactNativeE2E[24701:1af930e] [com.apple.network:connection] [C10] event: client:connection_reused @2.176s
2026-02-11 19:28:05.347 I  AnalyticsReactNativeE2E[24701:1af930e] [com.apple.network:connection] nw_endpoint_handler_report_connection_idle [C10 IPv6#5661fd3a.9091 ready parent-flow (satisfied (Path is satisfied), interface: en0[802.11], uses wifi, LQM: unknown)] Reporting connection not idle to protocols
2026-02-11 19:28:05.347 I  AnalyticsReactNativeE2E[24701:1af930e] [com.apple.network:connection] nw_flow_passthrough_notify [C10.1.1 IPv6#5661fd3a.9091 ready socket-flow (satisfied (Path is satisfied), interface: lo0)] received notification connection_idle
2026-02-11 19:28:05.347 Df AnalyticsReactNativeE2E[24701:1af930e] [com.apple.network:connection] nw_protocol_socket_notify [C10.1.1:2] nw_protocol_notification_type_connection_idle is false
2026-02-11 19:28:05.347 E  AnalyticsReactNativeE2E[24701:1af930e] [com.apple.network:connection] nw_socket_set_connection_idle [C10.1.1:2] setsockopt SO_CONNECTION_IDLE failed [42: Protocol not available]
2026-02-11 19:28:05.347 Df AnalyticsReactNativeE2E[24701:1af9307] [com.apple.securityd:SecError] SecTrustReportNetworkingAnalytics failed with error: -4
2026-02-11 19:28:05.347 A  AnalyticsReactNativeE2E[24701:1af9307] (Security) SecTrustReportNetworkingAnalytics
2026-02-11 19:28:05.347 Df AnalyticsReactNativeE2E[24701:1af9310] [com.apple.CFNetwork:Default] Task <0E014FE7-7006-43A3-8898-44007CC1CDA7>.<2> sent request, body S 1795
2026-02-11 19:28:05.347 Df AnalyticsReactNativeE2E[24701:1af9307] [com.apple.securityd:SecError] SecTrustReportNetworkingAnalytics failed with error: -4
2026-02-11 19:28:05.348 Df AnalyticsReactNativeE2E[24701:1af9307] [com.apple.CFNetwork:Default] Task <0E014FE7-7006-43A3-8898-44007CC1CDA7>.<2> received response, status 200 content K
2026-02-11 19:28:05.348 Db AnalyticsReactNativeE2E[24701:1af9307] [com.apple.network:connection] nw_connection_modify_estimated_bytes_block_invoke [C10] Incremented estimated bytes to receive by 20, total now 395
2026-02-11 19:28:05.348 Db AnalyticsReactNativeE2E[24701:1af9307] [com.apple.network:connection] nw_connection_modify_estimated_bytes_block_invoke [C10] Using lower threshold 12582912, upper threshold 31457280
2026-02-11 19:28:05.348 Df AnalyticsReactNativeE2E[24701:1af9307] [com.apple.CFNetwork:Default] Task <0E014FE7-7006-43A3-8898-44007CC1CDA7>.<2> response ended
2026-02-11 19:28:05.348 Df AnalyticsReactNativeE2E[24701:1af9307] [com.apple.CFNetwork:Default] Task <0E014FE7-7006-43A3-8898-44007CC1CDA7>.<2> done using Connection 10
2026-02-11 19:28:05.348 Db AnalyticsReactNativeE2E[24701:1af9307] [com.apple.network:activity] Returning should log: 0 for activity cfnetwork:foreground_task
2026-02-11 19:28:05.348 Db AnalyticsReactNativeE2E[24701:1af9307] [com.apple.CFNetwork:Default] Connection 10: set is idle true
2026-02-11 19:28:05.348 Df AnalyticsReactNativeE2E[24701:1af9307] [com.apple.network:connection] [C10] event: client:connection_idle @2.178s
2026-02-11 19:28:05.348 I  AnalyticsReactNativeE2E[24701:1af9307] [com.apple.network:connection] nw_endpoint_handler_report_connection_idle [C10 IPv6#5661fd3a.9091 ready parent-flow (satisfied (Path is satisfied), interface: en0[802.11], uses wifi, LQM: unknown)] Reporting connection idle to protocols
2026-02-11 19:28:05.348 I  AnalyticsReactNativeE2E[24701:1af9307] [com.apple.network:connection] nw_flow_passthrough_notify [C10.1.1 IPv6#5661fd3a.9091 ready socket-flow (satisfied (Path is satisfied), interface: lo0)] received notification connection_idle
2026-02-11 19:28:05.348 Df AnalyticsReactNativeE2E[24701:1af9307] [com.apple.network:connection] nw_protocol_socket_notify [C10.1.1:2] nw_protocol_notification_type_connection_idle is true
2026-02-11 19:28:05.348 E  AnalyticsReactNativeE2E[24701:1af9307] [com.apple.network:connection] nw_socket_set_connection_idle [C10.1.1:2] setsockopt SO_CONNECTION_IDLE failed [42: Protocol not available]
2026-02-11 19:28:05.348 Df AnalyticsReactNativeE2E[24701:1af930e] [com.apple.CFNetwork:Summary] Task <0E014FE7-7006-43A3-8898-44007CC1CDA7>.<2> summary for task success {transaction_duration_ms=1, response_status=200, connection=10, reused=1, reused_after_ms=0, request_start_ms=0, request_duration_ms=0, response_start_ms=1, response_duration_ms=0, request_bytes=2086, request_throughput_kbps=69819, response_bytes=255, response_throughput_kbps=14166, cache_hit=true}
2026-02-11 19:28:05.348 I  AnalyticsReactNativeE2E[24701:1af9310] [com.apple.runningboard:assertion] Acquiring assertion: <RBSAssertionDescriptor| "com.apple.CFNetwork.StorageDB" ID:(null) target:24701>
2026-02-11 19:28:05.348 Df AnalyticsReactNativeE2E[24701:1af930e] [com.apple.CFNetwork:Default] Task <0E014FE7-7006-43A3-8898-44007CC1CDA7>.<2> finished successfully
2026-02-11 19:28:05.348 Db AnalyticsReactNativeE2E[24701:1af9307] [com.apple.CFNetwork:Default] Connection 10: set is idle true
2026-02-11 19:28:05.348 Db AnalyticsReactNativeE2E[24701:1af930e] [com.apple.network:activity] Returning should log: 0 for activity cfnetwork:foreground_task
2026-02-11 19:28:05.348 Df AnalyticsReactNativeE2E[24701:1af9307] [com.apple.network:connection] [C10] event: client:connection_idle @2.178s
2026-02-11 19:28:05.348 Db AnalyticsReactNativeE2E[24701:1af930e] [com.apple.network:activity] Returning should log: 0 for activity cfnetwork:foreground_task
2026-02-11 19:28:05.348 I  AnalyticsReactNativeE2E[24701:1af9307] [com.apple.network:connection] nw_endpoint_handler_report_connection_idle [C10 IPv6#5661fd3a.9091 ready parent-flow (satisfied (Path is satisfied), interface: en0[802.11], uses wifi, LQM: unknown)] Reporting connection idle to protocols
2026-02-11 19:28:05.348 Db AnalyticsReactNativeE2E[24701:1af930e] [com.apple.network:activity] No threshold for cfnetwork:foreground_task, returning NW_ACTIVITY_DURATION_INVALID
2026-02-11 19:28:05.348 I  AnalyticsReactNativeE2E[24701:1af9307] [com.apple.network:connection] nw_flow_passthrough_notify [C10.1.1 IPv6#5661fd3a.9091 ready socket-flow (satisfied (Path is satisfied), interface: lo0)] received notification connection_idle
2026-02-11 19:28:05.349 Db AnalyticsReactNativeE2E[24701:1af930e] [com.apple.network:activity] No threshold for activity <nw_activity 12:2 [605D1DC2-5D77-4ECB-B730-137216E7477F] (reporting strategy default) complete (reason success)>
2026-02-11 19:28:05.349 Df AnalyticsReactNativeE2E[24701:1af9307] [com.apple.network:connection] nw_protocol_socket_notify [C10.1.1:2] nw_protocol_notification_type_connection_idle is true
2026-02-11 19:28:05.349 I  AnalyticsReactNativeE2E[24701:1afa2ab] [com.facebook.react.log:javascript] Sent 2 events
2026-02-11 19:28:05.349 E  AnalyticsReactNativeE2E[24701:1af9307] [com.apple.network:connection] nw_socket_set_connection_idle [C10.1.1:2] setsockopt SO_CONNECTION_IDLE failed [42: Protocol not available]
2026-02-11 19:28:05.349 Db AnalyticsReactNativeE2E[24701:1af9310] [com.apple.runningboard:assertion] Adding assertion 1422-24701-1598 to dictionary
2026-02-11 19:28:06.736 I  AnalyticsReactNativeE2E[24701:1af926f] [com.wix.Detox:WebSocket] Action received: invoke
2026-02-11 19:28:06.878 Df AnalyticsReactNativeE2E[24701:1af926f] [com.apple.UIKit:EventDispatch] Sending UIEvent type: 0; subtype: 0; to windows: 1
2026-02-11 19:28:06.878 Df AnalyticsReactNativeE2E[24701:1af926f] [com.apple.UIKit:EventDispatch] Sending UIEvent type: 0; subtype: 0; to window: <UIWindow: 0x106666ee0>; contextId: 0x775196FA
2026-02-11 19:28:06.879 A  AnalyticsReactNativeE2E[24701:1af926f] (UIKitCore) send gesture actions
2026-02-11 19:28:06.894 Df AnalyticsReactNativeE2E[24701:1af926f] [com.apple.UIKit:EventDispatch] Sending UIEvent type: 0; subtype: 0; to windows: 1
2026-02-11 19:28:06.894 Df AnalyticsReactNativeE2E[24701:1af926f] [com.apple.UIKit:EventDispatch] Sending UIEvent type: 0; subtype: 0; to window: <UIWindow: 0x106666ee0>; contextId: 0x775196FA
2026-02-11 19:28:06.895 A  AnalyticsReactNativeE2E[24701:1af926f] (UIKitCore) send gesture actions
2026-02-11 19:28:06.895 I  AnalyticsReactNativeE2E[24701:1afa2ab] [com.facebook.react.log:javascript] 'TRACK event saved', { type: 'track',
  event: 'Track pressed',
  properties: { foo: 'bar' } }
2026-02-11 19:28:07.572 Db AnalyticsReactNativeE2E[24701:1af9dc2] [com.apple.network:connection] nw_association_schedule_deactivation_block_invoke <nw_association Hostname#c2d0d3fb:9091> becoming dormant
2026-02-11 19:28:07.572 Db AnalyticsReactNativeE2E[24701:1af9dc2] [com.apple.network:connection] nw_association_schedule_deactivation_block_invoke <nw_association IPv6#5661fd3a.9091> becoming dormant
2026-02-11 19:28:07.572 Db AnalyticsReactNativeE2E[24701:1af9dc2] [com.apple.CFNetwork:Coalescing] removing all entries config 0x60000075ef20
2026-02-11 19:28:07.572 I  AnalyticsReactNativeE2E[24701:1af9dc2] [com.apple.network:] nw_context_dealloc Deallocating context <nw_context (null) (private)>
2026-02-11 19:28:07.572 I  AnalyticsReactNativeE2E[24701:1af9dc2] [com.apple.network:] nw_context_purge_endpoints Context <nw_context com.apple.CFNetwork.NSURLSession.{26B9532F-2B8C-426C-82B5-8F00221E19B9}{(null)}{Y}{2}{0x0} (private)> has more than 0 cache entries, purging 1 from 1 down to 0
2026-02-11 19:28:07.572 Db AnalyticsReactNativeE2E[24701:1af9dc2] [com.apple.network:endpoint] endpoint IPv6#5661fd3a.9091 has nothing to cleanup, no protocol instance registrars
2026-02-11 19:28:07.572 Db AnalyticsReactNativeE2E[24701:1af9dc2] [com.apple.network:endpoint] endpoint Hostname#c2d0d3fb:9091 has nothing to cleanup, no protocol instance registrars
2026-02-11 19:28:07.572 I  AnalyticsReactNativeE2E[24701:1af9dc2] [com.apple.network:] nw_context_dealloc Deallocating context <nw_context (null) (private)>
2026-02-11 19:28:07.585 I  AnalyticsReactNativeE2E[24701:1af926f] [com.wix.Detox:WebSocket] Action received: invoke
2026-02-11 19:28:07.710 Df AnalyticsReactNativeE2E[24701:1af926f] [com.apple.UIKit:EventDispatch] Sending UIEvent type: 0; subtype: 0; to windows: 1
2026-02-11 19:28:07.711 Df AnalyticsReactNativeE2E[24701:1af926f] [com.apple.UIKit:EventDispatch] Sending UIEvent type: 0; subtype: 0; to window: <UIWindow: 0x106666ee0>; contextId: 0x775196FA
2026-02-11 19:28:07.711 A  AnalyticsReactNativeE2E[24701:1af926f] (UIKitCore) send gesture actions
2026-02-11 19:28:07.728 Df AnalyticsReactNativeE2E[24701:1af926f] [com.apple.UIKit:EventDispatch] Sending UIEvent type: 0; subtype: 0; to windows: 1
2026-02-11 19:28:07.728 Df AnalyticsReactNativeE2E[24701:1af926f] [com.apple.UIKit:EventDispatch] Sending UIEvent type: 0; subtype: 0; to window: <UIWindow: 0x106666ee0>; contextId: 0x775196FA
2026-02-11 19:28:07.728 A  AnalyticsReactNativeE2E[24701:1af926f] (UIKitCore) send gesture actions
2026-02-11 19:28:07.728 Df AnalyticsReactNativeE2E[24701:1af9dc2] [com.apple.CFNetwork:Default] Task <AD64A7D5-885B-4F05-B43B-431CE5760F20>.<3> resuming, timeouts(0.0, 604800.0) qos(0x19) voucher((null)) activity(00000000-0000-0000-0000-000000000000)
2026-02-11 19:28:07.728 Db AnalyticsReactNativeE2E[24701:1af9dc2] [com.apple.network:activity] Returning should log: 0 for activity cfnetwork:foreground_task
2026-02-11 19:28:07.729 Db AnalyticsReactNativeE2E[24701:1af9dc2] [com.apple.network:activity] Domain cfnetwork rate configured in registry as 1 / 20000
2026-02-11 19:28:07.729 Db AnalyticsReactNativeE2E[24701:1af9dc2] [com.apple.network:activity] Domain cfnetwork rate configured after remote default override as 1 / 20000
2026-02-11 19:28:07.729 Db AnalyticsReactNativeE2E[24701:1af9dc2] [com.apple.network:activity] After reading settings plist, domain cfnetwork rate configured as 1 / 2000000
2026-02-11 19:28:07.729 Db AnalyticsReactNativeE2E[24701:1af9dc2] [com.apple.network:activity] After settings override, domain cfnetwork rate configured as 1 / 2000000
2026-02-11 19:28:07.729 Db AnalyticsReactNativeE2E[24701:1af9dc2] [com.apple.network:activity] Final domain cfnetwork rate configured as 1 / 2000000
2026-02-11 19:28:07.729 Db AnalyticsReactNativeE2E[24701:1af9dc2] [com.apple.network:activity] <nw_activity 12:2 [No UUID] (reporting strategy default)> sampled at 1 / 2000000
2026-02-11 19:28:07.729 Db AnalyticsReactNativeE2E[24701:1af9dc2] [com.apple.network:activity] Returning should log: 0 for activity cfnetwork:foreground_task
2026-02-11 19:28:07.729 Db AnalyticsReactNativeE2E[24701:1af9dc2] [com.apple.network:activity] Returning should log: 0 for activity cfnetwork:foreground_task
2026-02-11 19:28:07.729 Db AnalyticsReactNativeE2E[24701:1af9dc2] [com.apple.CFNetwork:Default] [Telemetry]: Activity <nw_activity 12:2 [ACE2CD57-09E3-4272-8986-5BF755990AE4] (reporting strategy default)> on Task <AD64A7D5-885B-4F05-B43B-431CE5760F20>.<3> was not selected for reporting
2026-02-11 19:28:07.729 Db AnalyticsReactNativeE2E[24701:1af9310] [com.apple.networkextension:] ne_tracker_check_is_hostname_blocked() proceeding with the in_the_app check for hostname: localhost
2026-02-11 19:28:07.729 Db AnalyticsReactNativeE2E[24701:1af9310] [com.apple.CFBundle:resources] Resource lookup at CFBundle 0x600003b0c1c0 </Users/abueide/Library/Developer/CoreSimulator/Devices/651CE25F-D2F4-404C-AC47-0364AA5C94A1/data/Containers/Bundle/Application/5771E38C-E04E-4E48-81AC-81C22604788E/AnalyticsReactNativeE2E.app> (executable, loaded)
	Request       : InfoPlist type: strings
	Result        : None
2026-02-11 19:28:07.729 Db AnalyticsReactNativeE2E[24701:1af9310] [com.apple.CFBundle:resources] Resource lookup at CFBundle 0x600003b0c1c0 </Users/abueide/Library/Developer/CoreSimulator/Devices/651CE25F-D2F4-404C-AC47-0364AA5C94A1/data/Containers/Bundle/Application/5771E38C-E04E-4E48-81AC-81C22604788E/AnalyticsReactNativeE2E.app> (executable, loaded)
	Request       : InfoPlist type: stringsdict
	Result        : None
2026-02-11 19:28:07.729 Db AnalyticsReactNativeE2E[24701:1af9310] [com.apple.networkextension:] ne_tracker_check_is_hostname_blocked(): hostname localhost is not a tracker. Returning: ne_tracker_status_none
2026-02-11 19:28:07.729 Db AnalyticsReactNativeE2E[24701:1af9310] [com.apple.CFNetwork:ATS] Uploading ATS exception ATSAllowsLocalNetworking
2026-02-11 19:28:07.729 Db AnalyticsReactNativeE2E[24701:1af9310] [com.apple.CFNetwork:ATS] Uploading ATS exception ATSExceptionDomains
2026-02-11 19:28:07.729 A  AnalyticsReactNativeE2E[24701:1af9dc2] (Security) SecTrustReportNetworkingAnalytics
2026-02-11 19:28:07.729 Db AnalyticsReactNativeE2E[24701:1af9310] [com.apple.CFNetwork:Default] Connection 10: set is idle true
2026-02-11 19:28:07.729 Df AnalyticsReactNativeE2E[24701:1af9310] [com.apple.network:connection] [C10] event: client:connection_idle @4.559s
2026-02-11 19:28:07.729 I  AnalyticsReactNativeE2E[24701:1af9310] [com.apple.network:connection] nw_endpoint_handler_report_connection_idle [C10 IPv6#5661fd3a.9091 ready parent-flow (satisfied (Path is satisfied), interface: en0[802.11], uses wifi, LQM: unknown)] Reporting connection idle to protocols
2026-02-11 19:28:07.729 I  AnalyticsReactNativeE2E[24701:1af9310] [com.apple.network:connection] nw_flow_passthrough_notify [C10.1.1 IPv6#5661fd3a.9091 ready socket-flow (satisfied (Path is satisfied), interface: lo0)] received notification connection_idle
2026-02-11 19:28:07.729 Df AnalyticsReactNativeE2E[24701:1af9310] [com.apple.network:connection] nw_protocol_socket_notify [C10.1.1:2] nw_protocol_notification_type_connection_idle is true
2026-02-11 19:28:07.729 E  AnalyticsReactNativeE2E[24701:1af9310] [com.apple.network:connection] nw_socket_set_connection_idle [C10.1.1:2] setsockopt SO_CONNECTION_IDLE failed [42: Protocol not available]
2026-02-11 19:28:07.729 Df AnalyticsReactNativeE2E[24701:1af9310] [com.apple.CFNetwork:Default] Task <AD64A7D5-885B-4F05-B43B-431CE5760F20>.<3> now using Connection 10
2026-02-11 19:28:07.729 Db AnalyticsReactNativeE2E[24701:1af9310] [com.apple.network:activity] Returning should log: 0 for activity cfnetwork:foreground_task
2026-02-11 19:28:07.729 Db AnalyticsReactNativeE2E[24701:1af9310] [com.apple.network:connection] nw_connection_modify_estimated_bytes_block_invoke [C10] Incremented estimated bytes to send by 907, total now 2702
2026-02-11 19:28:07.729 Db AnalyticsReactNativeE2E[24701:1af9310] [com.apple.network:connection] nw_connection_modify_estimated_bytes_block_invoke [C10] Using lower threshold 12582912, upper threshold 31457280
2026-02-11 19:28:07.729 Db AnalyticsReactNativeE2E[24701:1af9310] [com.apple.CFNetwork:Default] Connection 10: set is idle false
2026-02-11 19:28:07.729 Df AnalyticsReactNativeE2E[24701:1af9310] [com.apple.network:connection] [C10] event: client:connection_reused @4.559s
2026-02-11 19:28:07.729 I  AnalyticsReactNativeE2E[24701:1af9310] [com.apple.network:connection] nw_endpoint_handler_report_connection_idle [C10 IPv6#5661fd3a.9091 ready parent-flow (satisfied (Path is satisfied), interface: en0[802.11], uses wifi, LQM: unknown)] Reporting connection not idle to protocols
2026-02-11 19:28:07.729 I  AnalyticsReactNativeE2E[24701:1af9310] [com.apple.network:connection] nw_flow_passthrough_notify [C10.1.1 IPv6#5661fd3a.9091 ready socket-flow (satisfied (Path is satisfied), interface: lo0)] received notification connection_idle
2026-02-11 19:28:07.729 Df AnalyticsReactNativeE2E[24701:1af9310] [com.apple.network:connection] nw_protocol_socket_notify [C10.1.1:2] nw_protocol_notification_type_connection_idle is false
2026-02-11 19:28:07.729 E  AnalyticsReactNativeE2E[24701:1af9310] [com.apple.network:connection] nw_socket_set_connection_idle [C10.1.1:2] setsockopt SO_CONNECTION_IDLE failed [42: Protocol not available]
2026-02-11 19:28:07.730 Df AnalyticsReactNativeE2E[24701:1af9307] [com.apple.CFNetwork:Default] Task <AD64A7D5-885B-4F05-B43B-431CE5760F20>.<3> sent request, body S 907
2026-02-11 19:28:07.730 Df AnalyticsReactNativeE2E[24701:1af9dc2] [com.apple.securityd:SecError] SecTrustReportNetworkingAnalytics failed with error: -4
2026-02-11 19:28:07.730 A  AnalyticsReactNativeE2E[24701:1af9dc2] (Security) SecTrustReportNetworkingAnalytics
2026-02-11 19:28:07.730 Df AnalyticsReactNativeE2E[24701:1af9dc2] [com.apple.securityd:SecError] SecTrustReportNetworkingAnalytics failed with error: -4
2026-02-11 19:28:07.731 Df AnalyticsReactNativeE2E[24701:1af9dc2] [com.apple.CFNetwork:Default] Task <AD64A7D5-885B-4F05-B43B-431CE5760F20>.<3> received response, status 400 content K
2026-02-11 19:28:07.731 Db AnalyticsReactNativeE2E[24701:1af9dc2] [com.apple.network:connection] nw_connection_modify_estimated_bytes_block_invoke [C10] Incremented estimated bytes to receive by 23, total now 418
2026-02-11 19:28:07.731 Db AnalyticsReactNativeE2E[24701:1af9dc2] [com.apple.network:connection] nw_connection_modify_estimated_bytes_block_invoke [C10] Using lower threshold 12582912, upper threshold 31457280
2026-02-11 19:28:07.731 Df AnalyticsReactNativeE2E[24701:1af9dc2] [com.apple.CFNetwork:Default] Task <AD64A7D5-885B-4F05-B43B-431CE5760F20>.<3> response ended
2026-02-11 19:28:07.731 Df AnalyticsReactNativeE2E[24701:1af9dc2] [com.apple.CFNetwork:Default] Task <AD64A7D5-885B-4F05-B43B-431CE5760F20>.<3> done using Connection 10
2026-02-11 19:28:07.731 Db AnalyticsReactNativeE2E[24701:1af9dc2] [com.apple.network:activity] Returning should log: 0 for activity cfnetwork:foreground_task
2026-02-11 19:28:07.731 Db AnalyticsReactNativeE2E[24701:1af9dc2] [com.apple.CFNetwork:Default] Connection 10: set is idle true
2026-02-11 19:28:07.731 Df AnalyticsReactNativeE2E[24701:1af9dc2] [com.apple.network:connection] [C10] event: client:connection_idle @4.560s
2026-02-11 19:28:07.731 Df AnalyticsReactNativeE2E[24701:1af9307] [com.apple.CFNetwork:Summary] Task <AD64A7D5-885B-4F05-B43B-431CE5760F20>.<3> summary for task success {transaction_duration_ms=1, response_status=400, connection=10, reused=1, reused_after_ms=0, request_start_ms=0, request_duration_ms=0, response_start_ms=1, response_duration_ms=0, request_bytes=1197, request_throughput_kbps=56649, response_bytes=267, response_throughput_kbps=12636, cache_hit=true}
2026-02-11 19:28:07.731 I  AnalyticsReactNativeE2E[24701:1af9dc2] [com.apple.network:connection] nw_endpoint_handler_report_connection_idle [C10 IPv6#5661fd3a.9091 ready parent-flow (satisfied (Path is satisfied), interface: en0[802.11], uses wifi, LQM: unknown)] Reporting connection idle to protocols
2026-02-11 19:28:07.731 Df AnalyticsReactNativeE2E[24701:1af9307] [com.apple.CFNetwork:Default] Task <AD64A7D5-885B-4F05-B43B-431CE5760F20>.<3> finished successfully
2026-02-11 19:28:07.731 I  AnalyticsReactNativeE2E[24701:1af9dc2] [com.apple.network:connection] nw_flow_passthrough_notify [C10.1.1 IPv6#5661fd3a.9091 ready socket-flow (satisfied (Path is satisfied), interface: lo0)] received notification connection_idle
2026-02-11 19:28:07.731 Db AnalyticsReactNativeE2E[24701:1af9307] [com.apple.network:activity] Returning should log: 0 for activity cfnetwork:foreground_task
2026-02-11 19:28:07.731 Db AnalyticsReactNativeE2E[24701:1af9307] [com.apple.network:activity] Returning should log: 0 for activity cfnetwork:foreground_task
2026-02-11 19:28:07.731 Db AnalyticsReactNativeE2E[24701:1af9307] [com.apple.network:activity] No threshold for cfnetwork:foreground_task, returning NW_ACTIVITY_DURATION_INVALID
2026-02-11 19:28:07.731 Df AnalyticsReactNativeE2E[24701:1af9dc2] [com.apple.network:connection] nw_protocol_socket_notify [C10.1.1:2] nw_protocol_notification_type_connection_idle is true
2026-02-11 19:28:07.731 Db AnalyticsReactNativeE2E[24701:1af9307] [com.apple.network:activity] No threshold for activity <nw_activity 12:2 [ACE2CD57-09E3-4272-8986-5BF755990AE4] (reporting strategy default) complete (reason success)>
2026-02-11 19:28:07.731 E  AnalyticsReactNativeE2E[24701:1af9dc2] [com.apple.network:connection] nw_socket_set_connection_idle [C10.1.1:2] setsockopt SO_CONNECTION_IDLE failed [42: Protocol not available]
2026-02-11 19:28:07.731 Db AnalyticsReactNativeE2E[24701:1af9dc2] [com.apple.CFNetwork:Default] Connection 10: set is idle true
2026-02-11 19:28:07.731 Df AnalyticsReactNativeE2E[24701:1af9dc2] [com.apple.network:connection] [C10] event: client:connection_idle @4.560s
2026-02-11 19:28:07.731 I  AnalyticsReactNativeE2E[24701:1af9dc2] [com.apple.network:connection] nw_endpoint_handler_report_connection_idle [C10 IPv6#5661fd3a.9091 ready parent-flow (satisfied (Path is satisfied), interface: en0[802.11], uses wifi, LQM: unknown)] Reporting connection idle to protocols
2026-02-11 19:28:07.731 I  AnalyticsReactNativeE2E[24701:1af9dc2] [com.apple.network:connection] nw_flow_passthrough_notify [C10.1.1 IPv6#5661fd3a.9091 ready socket-flow (satisfied (Path is satisfied), interface: lo0)] received notification connection_idle
2026-02-11 19:28:07.731 Df AnalyticsReactNativeE2E[24701:1af9dc2] [com.apple.network:connection] nw_protocol_socket_notify [C10.1.1:2] nw_protocol_notification_type_connection_idle is true
2026-02-11 19:28:07.731 E  AnalyticsReactNativeE2E[24701:1af9dc2] [com.apple.network:connection] nw_socket_set_connection_idle [C10.1.1:2] setsockopt SO_CONNECTION_IDLE failed [42: Protocol not available]
2026-02-11 19:28:07.731 I  AnalyticsReactNativeE2E[24701:1afa2ab] [com.facebook.react.log:javascript] 'An internal error occurred: ', { [Error] type: 2, innerError: undefined, statusCode: 400 }
2026-02-11 19:28:07.731 I  AnalyticsReactNativeE2E[24701:1afa2ab] [com.facebook.react.log:javascript] { [Error] type: 2, innerError: undefined, statusCode: 400 }
2026-02-11 19:28:07.731 E  AnalyticsReactNativeE2E[24701:1afa2ab] [com.facebook.react.log:javascript] Failed to send 1 events.
2026-02-11 19:28:08.418 I  AnalyticsReactNativeE2E[24701:1af926f] [com.wix.Detox:WebSocket] Action received: invoke
2026-02-11 19:28:08.561 Df AnalyticsReactNativeE2E[24701:1af926f] [com.apple.UIKit:EventDispatch] Sending UIEvent type: 0; subtype: 0; to windows: 1
2026-02-11 19:28:08.561 Df AnalyticsReactNativeE2E[24701:1af926f] [com.apple.UIKit:EventDispatch] Sending UIEvent type: 0; subtype: 0; to window: <UIWindow: 0x106666ee0>; contextId: 0x775196FA
2026-02-11 19:28:08.561 A  AnalyticsReactNativeE2E[24701:1af926f] (UIKitCore) send gesture actions
2026-02-11 19:28:08.577 Df AnalyticsReactNativeE2E[24701:1af926f] [com.apple.UIKit:EventDispatch] Sending UIEvent type: 0; subtype: 0; to windows: 1
2026-02-11 19:28:08.577 Df AnalyticsReactNativeE2E[24701:1af926f] [com.apple.UIKit:EventDispatch] Sending UIEvent type: 0; subtype: 0; to window: <UIWindow: 0x106666ee0>; contextId: 0x775196FA
2026-02-11 19:28:08.578 A  AnalyticsReactNativeE2E[24701:1af926f] (UIKitCore) send gesture actions
2026-02-11 19:28:08.578 I  AnalyticsReactNativeE2E[24701:1afa2ab] [com.facebook.react.log:javascript] 'TRACK event saved', { type: 'track',
  event: 'Track pressed',
  properties: { foo: 'bar' } }
2026-02-11 19:28:09.267 I  AnalyticsReactNativeE2E[24701:1af926f] [com.wix.Detox:WebSocket] Action received: invoke
2026-02-11 19:28:09.410 Df AnalyticsReactNativeE2E[24701:1af926f] [com.apple.UIKit:EventDispatch] Sending UIEvent type: 0; subtype: 0; to windows: 1
2026-02-11 19:28:09.411 Df AnalyticsReactNativeE2E[24701:1af926f] [com.apple.UIKit:EventDispatch] Sending UIEvent type: 0; subtype: 0; to window: <UIWindow: 0x106666ee0>; contextId: 0x775196FA
2026-02-11 19:28:09.411 A  AnalyticsReactNativeE2E[24701:1af926f] (UIKitCore) send gesture actions
2026-02-11 19:28:09.428 Df AnalyticsReactNativeE2E[24701:1af926f] [com.apple.UIKit:EventDispatch] Sending UIEvent type: 0; subtype: 0; to windows: 1
2026-02-11 19:28:09.428 Df AnalyticsReactNativeE2E[24701:1af926f] [com.apple.UIKit:EventDispatch] Sending UIEvent type: 0; subtype: 0; to window: <UIWindow: 0x106666ee0>; contextId: 0x775196FA
2026-02-11 19:28:09.428 A  AnalyticsReactNativeE2E[24701:1af926f] (UIKitCore) send gesture actions
2026-02-11 19:28:09.429 Df AnalyticsReactNativeE2E[24701:1af9dc2] [com.apple.CFNetwork:Default] Task <1CCEBDCD-8AA8-4BDB-9CAE-3420D4BCCE49>.<4> resuming, timeouts(0.0, 604800.0) qos(0x19) voucher((null)) activity(00000000-0000-0000-0000-000000000000)
2026-02-11 19:28:09.429 Db AnalyticsReactNativeE2E[24701:1af9dc2] [com.apple.network:activity] Returning should log: 0 for activity cfnetwork:foreground_task
2026-02-11 19:28:09.429 Db AnalyticsReactNativeE2E[24701:1af9dc2] [com.apple.network:activity] Domain cfnetwork rate configured in registry as 1 / 20000
2026-02-11 19:28:09.429 Db AnalyticsReactNativeE2E[24701:1af9dc2] [com.apple.network:activity] Domain cfnetwork rate configured after remote default override as 1 / 20000
2026-02-11 19:28:09.429 Db AnalyticsReactNativeE2E[24701:1af9dc2] [com.apple.network:activity] After reading settings plist, domain cfnetwork rate configured as 1 / 2000000
2026-02-11 19:28:09.429 Db AnalyticsReactNativeE2E[24701:1af9dc2] [com.apple.network:activity] After settings override, domain cfnetwork rate configured as 1 / 2000000
2026-02-11 19:28:09.429 Db AnalyticsReactNativeE2E[24701:1af9dc2] [com.apple.network:activity] Final domain cfnetwork rate configured as 1 / 2000000
2026-02-11 19:28:09.429 Db AnalyticsReactNativeE2E[24701:1af9dc2] [com.apple.network:activity] <nw_activity 12:2 [No UUID] (reporting strategy default)> sampled at 1 / 2000000
2026-02-11 19:28:09.429 Db AnalyticsReactNativeE2E[24701:1af9dc2] [com.apple.network:activity] Returning should log: 0 for activity cfnetwork:foreground_task
2026-02-11 19:28:09.429 Db AnalyticsReactNativeE2E[24701:1af9dc2] [com.apple.network:activity] Returning should log: 0 for activity cfnetwork:foreground_task
2026-02-11 19:28:09.429 Db AnalyticsReactNativeE2E[24701:1af9dc2] [com.apple.CFNetwork:Default] [Telemetry]: Activity <nw_activity 12:2 [A2D4A193-4569-4FD1-B1D8-F9997CC6D2AE] (reporting strategy default)> on Task <1CCEBDCD-8AA8-4BDB-9CAE-3420D4BCCE49>.<4> was not selected for reporting
2026-02-11 19:28:09.429 Db AnalyticsReactNativeE2E[24701:1af9310] [com.apple.networkextension:] ne_tracker_check_is_hostname_blocked() proceeding with the in_the_app check for hostname: localhost
2026-02-11 19:28:09.429 Db AnalyticsReactNativeE2E[24701:1af9310] [com.apple.CFBundle:resources] Resource lookup at CFBundle 0x600003b0c1c0 </Users/abueide/Library/Developer/CoreSimulator/Devices/651CE25F-D2F4-404C-AC47-0364AA5C94A1/data/Containers/Bundle/Application/5771E38C-E04E-4E48-81AC-81C22604788E/AnalyticsReactNativeE2E.app> (executable, loaded)
	Request       : InfoPlist type: strings
	Result        : None
2026-02-11 19:28:09.429 Db AnalyticsReactNativeE2E[24701:1af9310] [com.apple.CFBundle:resources] Resource lookup at CFBundle 0x600003b0c1c0 </Users/abueide/Library/Developer/CoreSimulator/Devices/651CE25F-D2F4-404C-AC47-0364AA5C94A1/data/Containers/Bundle/Application/5771E38C-E04E-4E48-81AC-81C22604788E/AnalyticsReactNativeE2E.app> (executable, loaded)
	Request       : InfoPlist type: stringsdict
	Result        : None
2026-02-11 19:28:09.429 Db AnalyticsReactNativeE2E[24701:1af9310] [com.apple.networkextension:] ne_tracker_check_is_hostname_blocked(): hostname localhost is not a tracker. Returning: ne_tracker_status_none
2026-02-11 19:28:09.429 Db AnalyticsReactNativeE2E[24701:1af9310] [com.apple.CFNetwork:ATS] Uploading ATS exception ATSAllowsLocalNetworking
2026-02-11 19:28:09.429 Db AnalyticsReactNativeE2E[24701:1af9310] [com.apple.CFNetwork:ATS] Uploading ATS exception ATSExceptionDomains
2026-02-11 19:28:09.429 A  AnalyticsReactNativeE2E[24701:1af9dc2] (Security) SecTrustReportNetworkingAnalytics
2026-02-11 19:28:09.429 Db AnalyticsReactNativeE2E[24701:1af9310] [com.apple.CFNetwork:Default] Connection 10: set is idle true
2026-02-11 19:28:09.429 Df AnalyticsReactNativeE2E[24701:1af9310] [com.apple.network:connection] [C10] event: client:connection_idle @6.259s
2026-02-11 19:28:09.429 I  AnalyticsReactNativeE2E[24701:1af9310] [com.apple.network:connection] nw_endpoint_handler_report_connection_idle [C10 IPv6#5661fd3a.9091 ready parent-flow (satisfied (Path is satisfied), interface: en0[802.11], uses wifi, LQM: unknown)] Reporting connection idle to protocols
2026-02-11 19:28:09.429 I  AnalyticsReactNativeE2E[24701:1af9310] [com.apple.network:connection] nw_flow_passthrough_notify [C10.1.1 IPv6#5661fd3a.9091 ready socket-flow (satisfied (Path is satisfied), interface: lo0)] received notification connection_idle
2026-02-11 19:28:09.429 Df AnalyticsReactNativeE2E[24701:1af9310] [com.apple.network:connection] nw_protocol_socket_notify [C10.1.1:2] nw_protocol_notification_type_connection_idle is true
2026-02-11 19:28:09.429 E  AnalyticsReactNativeE2E[24701:1af9310] [com.apple.network:connection] nw_socket_set_connection_idle [C10.1.1:2] setsockopt SO_CONNECTION_IDLE failed [42: Protocol not available]
2026-02-11 19:28:09.429 Df AnalyticsReactNativeE2E[24701:1af9310] [com.apple.CFNetwork:Default] Task <1CCEBDCD-8AA8-4BDB-9CAE-3420D4BCCE49>.<4> now using Connection 10
2026-02-11 19:28:09.429 Db AnalyticsReactNativeE2E[24701:1af9310] [com.apple.network:activity] Returning should log: 0 for activity cfnetwork:foreground_task
2026-02-11 19:28:09.429 Db AnalyticsReactNativeE2E[24701:1af9310] [com.apple.network:connection] nw_connection_modify_estimated_bytes_block_invoke [C10] Incremented estimated bytes to send by 1750, total now 4452
2026-02-11 19:28:09.429 Db AnalyticsReactNativeE2E[24701:1af9310] [com.apple.network:connection] nw_connection_modify_estimated_bytes_block_invoke [C10] Using lower threshold 12582912, upper threshold 31457280
2026-02-11 19:28:09.429 Db AnalyticsReactNativeE2E[24701:1af9310] [com.apple.CFNetwork:Default] Connection 10: set is idle false
2026-02-11 19:28:09.430 Df AnalyticsReactNativeE2E[24701:1af9310] [com.apple.network:connection] [C10] event: client:connection_reused @6.259s
2026-02-11 19:28:09.430 I  AnalyticsReactNativeE2E[24701:1af9310] [com.apple.network:connection] nw_endpoint_handler_report_connection_idle [C10 IPv6#5661fd3a.9091 ready parent-flow (satisfied (Path is satisfied), interface: en0[802.11], uses wifi, LQM: unknown)] Reporting connection not idle to protocols
2026-02-11 19:28:09.430 I  AnalyticsReactNativeE2E[24701:1af9310] [com.apple.network:connection] nw_flow_passthrough_notify [C10.1.1 IPv6#5661fd3a.9091 ready socket-flow (satisfied (Path is satisfied), interface: lo0)] received notification connection_idle
2026-02-11 19:28:09.430 Df AnalyticsReactNativeE2E[24701:1af9310] [com.apple.network:connection] nw_protocol_socket_notify [C10.1.1:2] nw_protocol_notification_type_connection_idle is false
2026-02-11 19:28:09.430 E  AnalyticsReactNativeE2E[24701:1af9310] [com.apple.network:connection] nw_socket_set_connection_idle [C10.1.1:2] setsockopt SO_CONNECTION_IDLE failed [42: Protocol not available]
2026-02-11 19:28:09.430 Df AnalyticsReactNativeE2E[24701:1af9dc2] [com.apple.securityd:SecError] SecTrustReportNetworkingAnalytics failed with error: -4
2026-02-11 19:28:09.430 A  AnalyticsReactNativeE2E[24701:1af9dc2] (Security) SecTrustReportNetworkingAnalytics
2026-02-11 19:28:09.430 Df AnalyticsReactNativeE2E[24701:1af9a61] [com.apple.CFNetwork:Default] Task <1CCEBDCD-8AA8-4BDB-9CAE-3420D4BCCE49>.<4> sent request, body S 1750
2026-02-11 19:28:09.430 Df AnalyticsReactNativeE2E[24701:1af9dc2] [com.apple.securityd:SecError] SecTrustReportNetworkingAnalytics failed with error: -4
2026-02-11 19:28:09.431 Df AnalyticsReactNativeE2E[24701:1af9dc2] [com.apple.CFNetwork:Default] Task <1CCEBDCD-8AA8-4BDB-9CAE-3420D4BCCE49>.<4> received response, status 200 content K
2026-02-11 19:28:09.431 Db AnalyticsReactNativeE2E[24701:1af9dc2] [com.apple.network:connection] nw_connection_modify_estimated_bytes_block_invoke [C10] Incremented estimated bytes to receive by 20, total now 438
2026-02-11 19:28:09.431 Db AnalyticsReactNativeE2E[24701:1af9dc2] [com.apple.network:connection] nw_connection_modify_estimated_bytes_block_invoke [C10] Using lower threshold 12582912, upper threshold 31457280
2026-02-11 19:28:09.431 Df AnalyticsReactNativeE2E[24701:1af9dc2] [com.apple.CFNetwork:Default] Task <1CCEBDCD-8AA8-4BDB-9CAE-3420D4BCCE49>.<4> response ended
2026-02-11 19:28:09.431 Df AnalyticsReactNativeE2E[24701:1af9dc2] [com.apple.CFNetwork:Default] Task <1CCEBDCD-8AA8-4BDB-9CAE-3420D4BCCE49>.<4> done using Connection 10
2026-02-11 19:28:09.431 Db AnalyticsReactNativeE2E[24701:1af9dc2] [com.apple.network:activity] Returning should log: 0 for activity cfnetwork:foreground_task
2026-02-11 19:28:09.431 Db AnalyticsReactNativeE2E[24701:1af9dc2] [com.apple.CFNetwork:Default] Connection 10: set is idle true
2026-02-11 19:28:09.431 Df AnalyticsReactNativeE2E[24701:1af9dc2] [com.apple.network:connection] [C10] event: client:connection_idle @6.260s
2026-02-11 19:28:09.431 I  AnalyticsReactNativeE2E[24701:1af9310] [com.apple.runningboard:assertion] Acquiring assertion: <RBSAssertionDescriptor| "com.apple.CFNetwork.StorageDB" ID:(null) target:24701>
2026-02-11 19:28:09.431 Df AnalyticsReactNativeE2E[24701:1af9a61] [com.apple.CFNetwork:Summary] Task <1CCEBDCD-8AA8-4BDB-9CAE-3420D4BCCE49>.<4> summary for task success {transaction_duration_ms=2, response_status=200, connection=10, reused=1, reused_after_ms=0, request_start_ms=0, request_duration_ms=0, response_start_ms=1, response_duration_ms=0, request_bytes=2041, request_throughput_kbps=132722, response_bytes=255, response_throughput_kbps=12214, cache_hit=true}
2026-02-11 19:28:09.431 I  AnalyticsReactNativeE2E[24701:1af9dc2] [com.apple.network:connection] nw_endpoint_handler_report_connection_idle [C10 IPv6#5661fd3a.9091 ready parent-flow (satisfied (Path is satisfied), interface: en0[802.11], uses wifi, LQM: unknown)] Reporting connection idle to protocols
2026-02-11 19:28:09.431 Df AnalyticsReactNativeE2E[24701:1af9a61] [com.apple.CFNetwork:Default] Task <1CCEBDCD-8AA8-4BDB-9CAE-3420D4BCCE49>.<4> finished successfully
2026-02-11 19:28:09.431 I  AnalyticsReactNativeE2E[24701:1af9dc2] [com.apple.network:connection] nw_flow_passthrough_notify [C10.1.1 IPv6#5661fd3a.9091 ready socket-flow (satisfied (Path is satisfied), interface: lo0)] received notification connection_idle
2026-02-11 19:28:09.431 Db AnalyticsReactNativeE2E[24701:1af9a61] [com.apple.network:activity] Returning should log: 0 for activity cfnetwork:foreground_task
2026-02-11 19:28:09.431 Db AnalyticsReactNativeE2E[24701:1af9a61] [com.apple.network:activity] Returning should log: 0 for activity cfnetwork:foreground_task
2026-02-11 19:28:09.431 Df AnalyticsReactNativeE2E[24701:1af9dc2] [com.apple.network:connection] nw_protocol_socket_notify [C10.1.1:2] nw_protocol_notification_type_connection_idle is true
2026-02-11 19:28:09.431 Db AnalyticsReactNativeE2E[24701:1af9a61] [com.apple.network:activity] No threshold for cfnetwork:foreground_task, returning NW_ACTIVITY_DURATION_INVALID
2026-02-11 19:28:09.431 E  AnalyticsReactNativeE2E[24701:1af9dc2] [com.apple.network:connection] nw_socket_set_connection_idle [C10.1.1:2] setsockopt SO_CONNECTION_IDLE failed [42: Protocol not available]
2026-02-11 19:28:09.431 Db AnalyticsReactNativeE2E[24701:1af9310] [com.apple.runningboard:assertion] Adding assertion 1422-24701-1599 to dictionary
2026-02-11 19:28:09.431 Db AnalyticsReactNativeE2E[24701:1af9dc2] [com.apple.CFNetwork:Default] Connection 10: set is idle true
2026-02-11 19:28:09.431 Db AnalyticsReactNativeE2E[24701:1af9a61] [com.apple.network:activity] No threshold for activity <nw_activity 12:2 [A2D4A193-4569-4FD1-B1D8-F9997CC6D2AE] (reporting strategy default) complete (reason success)>
2026-02-11 19:28:09.432 I  AnalyticsReactNativeE2E[24701:1afa2ab] [com.facebook.react.log:javascript] Sent 2 events
2026-02-11 19:28:09.432 Df AnalyticsReactNativeE2E[24701:1af9dc2] [com.apple.network:connection] [C10] event: client:connection_idle @6.261s
2026-02-11 19:28:09.432 I  AnalyticsReactNativeE2E[24701:1af9dc2] [com.apple.network:connection] nw_endpoint_handler_report_connection_idle [C10 IPv6#5661fd3a.9091 ready parent-flow (satisfied (Path is satisfied), interface: en0[802.11], uses wifi, LQM: unknown)] Reporting connection idle to protocols
2026-02-11 19:28:09.432 I  AnalyticsReactNativeE2E[24701:1af9dc2] [com.apple.network:connection] nw_flow_passthrough_notify [C10.1.1 IPv6#5661fd3a.9091 ready socket-flow (satisfied (Path is satisfied), interface: lo0)] received notification connection_idle
2026-02-11 19:28:09.432 Df AnalyticsReactNativeE2E[24701:1af9dc2] [com.apple.network:connection] nw_protocol_socket_notify [C10.1.1:2] nw_protocol_notification_type_connection_idle is true
2026-02-11 19:28:09.432 E  AnalyticsReactNativeE2E[24701:1af9dc2] [com.apple.network:connection] nw_socket_set_connection_idle [C10.1.1:2] setsockopt SO_CONNECTION_IDLE failed [42: Protocol not available]

