2026-02-11 19:02:24.670 Df AnalyticsReactNativeE2E[3658:1adec2a] [com.apple.network:connection] nw_protocol_socket_notify [C11.1.1:2] nw_protocol_notification_type_connection_idle is false
2026-02-11 19:02:24.670 E  AnalyticsReactNativeE2E[3658:1adec2a] [com.apple.network:connection] nw_socket_set_connection_idle [C11.1.1:2] setsockopt SO_CONNECTION_IDLE failed [42: Protocol not available]
2026-02-11 19:02:24.670 Df AnalyticsReactNativeE2E[3658:1adf47c] [com.apple.securityd:SecError] SecTrustReportNetworkingAnalytics failed with error: -4
2026-02-11 19:02:24.670 Df AnalyticsReactNativeE2E[3658:1adfe6e] [com.apple.CFNetwork:Default] Task <6C456A27-F902-4018-ABFC-477BADCC455C>.<7> sent request, body S 907
2026-02-11 19:02:24.670 A  AnalyticsReactNativeE2E[3658:1adf47c] (Security) SecTrustReportNetworkingAnalytics
2026-02-11 19:02:24.670 Df AnalyticsReactNativeE2E[3658:1adf47c] [com.apple.securityd:SecError] SecTrustReportNetworkingAnalytics failed with error: -4
2026-02-11 19:02:24.772 Df AnalyticsReactNativeE2E[3658:1adf47c] [com.apple.CFNetwork:Default] Task <6C456A27-F902-4018-ABFC-477BADCC455C>.<7> received response, status 200 content K
2026-02-11 19:02:24.772 Db AnalyticsReactNativeE2E[3658:1adf47c] [com.apple.network:connection] nw_connection_modify_estimated_bytes_block_invoke [C11] Incremented estimated bytes to receive by 20, total now 495
2026-02-11 19:02:24.772 Db AnalyticsReactNativeE2E[3658:1adf47c] [com.apple.network:connection] nw_connection_modify_estimated_bytes_block_invoke [C11] Using lower threshold 12582912, upper threshold 31457280
2026-02-11 19:02:24.772 Df AnalyticsReactNativeE2E[3658:1adf47c] [com.apple.CFNetwork:Default] Task <6C456A27-F902-4018-ABFC-477BADCC455C>.<7> response ended
2026-02-11 19:02:24.772 Df AnalyticsReactNativeE2E[3658:1adf47c] [com.apple.CFNetwork:Default] Task <6C456A27-F902-4018-ABFC-477BADCC455C>.<7> done using Connection 11
2026-02-11 19:02:24.772 Db AnalyticsReactNativeE2E[3658:1adf47c] [com.apple.network:activity] Returning should log: 0 for activity cfnetwork:foreground_task
2026-02-11 19:02:24.772 Db AnalyticsReactNativeE2E[3658:1adf47c] [com.apple.CFNetwork:Default] Connection 11: set is idle true
2026-02-11 19:02:24.772 Df AnalyticsReactNativeE2E[3658:1adf47c] [com.apple.network:connection] [C11] event: client:connection_idle @14.626s
2026-02-11 19:02:24.772 I  AnalyticsReactNativeE2E[3658:1adf47c] [com.apple.network:connection] nw_endpoint_handler_report_connection_idle [C11 IPv6#379a4a20.9091 ready parent-flow (satisfied (Path is satisfied), interface: en0[802.11], uses wifi, LQM: unknown)] Reporting connection idle to protocols
2026-02-11 19:02:24.772 Df AnalyticsReactNativeE2E[3658:1adfe6e] [com.apple.CFNetwork:Summary] Task <6C456A27-F902-4018-ABFC-477BADCC455C>.<7> summary for task success {transaction_duration_ms=102, response_status=200, connection=11, reused=1, reused_after_ms=0, request_start_ms=0, request_duration_ms=0, response_start_ms=102, response_duration_ms=0, request_bytes=1197, request_throughput_kbps=47169, response_bytes=255, response_throughput_kbps=11859, cache_hit=true}
2026-02-11 19:02:24.772 I  AnalyticsReactNativeE2E[3658:1adf47c] [com.apple.network:connection] nw_flow_passthrough_notify [C11.1.1 IPv6#379a4a20.9091 ready socket-flow (satisfied (Path is satisfied), interface: lo0)] received notification connection_idle
2026-02-11 19:02:24.772 Df AnalyticsReactNativeE2E[3658:1adfe6e] [com.apple.CFNetwork:Default] Task <6C456A27-F902-4018-ABFC-477BADCC455C>.<7> finished successfully
2026-02-11 19:02:24.772 Df AnalyticsReactNativeE2E[3658:1adf47c] [com.apple.network:connection] nw_protocol_socket_notify [C11.1.1:2] nw_protocol_notification_type_connection_idle is true
2026-02-11 19:02:24.772 Db AnalyticsReactNativeE2E[3658:1adfe6e] [com.apple.network:activity] Returning should log: 0 for activity cfnetwork:foreground_task
2026-02-11 19:02:24.772 E  AnalyticsReactNativeE2E[3658:1adf47c] [com.apple.network:connection] nw_socket_set_connection_idle [C11.1.1:2] setsockopt SO_CONNECTION_IDLE failed [42: Protocol not available]
2026-02-11 19:02:24.773 Db AnalyticsReactNativeE2E[3658:1adfe6e] [com.apple.network:activity] Returning should log: 0 for activity cfnetwork:foreground_task
2026-02-11 19:02:24.773 Db AnalyticsReactNativeE2E[3658:1adf47c] [com.apple.CFNetwork:Default] Connection 11: set is idle true
2026-02-11 19:02:24.773 Db AnalyticsReactNativeE2E[3658:1adfe6e] [com.apple.network:activity] No threshold for cfnetwork:foreground_task, returning NW_ACTIVITY_DURATION_INVALID
2026-02-11 19:02:24.773 Df AnalyticsReactNativeE2E[3658:1adf47c] [com.apple.network:connection] [C11] event: client:connection_idle @14.627s
2026-02-11 19:02:24.773 Db AnalyticsReactNativeE2E[3658:1adfe6e] [com.apple.network:activity] No threshold for activity <nw_activity 12:2 [0BF668DF-BD9B-4EDA-ADC6-0C6BC3BB7CAB] (reporting strategy default) complete (reason success)>
2026-02-11 19:02:24.773 I  AnalyticsReactNativeE2E[3658:1adf47c] [com.apple.network:connection] nw_endpoint_handler_report_connection_idle [C11 IPv6#379a4a20.9091 ready parent-flow (satisfied (Path is satisfied), interface: en0[802.11], uses wifi, LQM: unknown)] Reporting connection idle to protocols
2026-02-11 19:02:24.773 I  AnalyticsReactNativeE2E[3658:1adf47c] [com.apple.network:connection] nw_flow_passthrough_notify [C11.1.1 IPv6#379a4a20.9091 ready socket-flow (satisfied (Path is satisfied), interface: lo0)] received notification connection_idle
2026-02-11 19:02:24.773 Df AnalyticsReactNativeE2E[3658:1adf47c] [com.apple.network:connection] nw_protocol_socket_notify [C11.1.1:2] nw_protocol_notification_type_connection_idle is true
2026-02-11 19:02:24.773 E  AnalyticsReactNativeE2E[3658:1adf47c] [com.apple.network:connection] nw_socket_set_connection_idle [C11.1.1:2] setsockopt SO_CONNECTION_IDLE failed [42: Protocol not available]
2026-02-11 19:02:24.773 I  AnalyticsReactNativeE2E[3658:1adffaa] [com.facebook.react.log:javascript] Sent 1 events

