2026-02-11 18:58:13.000 Db AnalyticsReactNativeE2E[2693:1adbe62] [com.apple.network:connection] nw_endpoint_flow_attach_protocols [C2 Hostname#9c7c059b:9091 in_progress parent-flow (satisfied (Path is satisfied), interface: en0[802.11], uses wifi, LQM: unknown)] stopping after adding persistent application protocols
2026-02-11 18:58:13.000 Db AnalyticsReactNativeE2E[2693:1adbe62] [com.apple.network:connection] nw_endpoint_flow_setup_protocols [C2 Hostname#9c7c059b:9091 in_progress parent-flow (satisfied (Path is satisfied), interface: en0[802.11], uses wifi, LQM: unknown)] persistent protocol stack, starting
2026-02-11 18:58:13.000 Df AnalyticsReactNativeE2E[2693:1adbe62] [com.apple.network:connection] [C2 Hostname#9c7c059b:9091 in_progress parent-flow (satisfied (Path is satisfied), interface: en0[802.11], uses wifi, LQM: unknown)] event: flow:start_connect @0.000s
2026-02-11 18:58:13.000 Df AnalyticsReactNativeE2E[2693:1adbe62] [com.apple.network:connection] nw_connection_report_state_with_handler_on_nw_queue [C2] reporting state preparing
2026-02-11 18:58:13.000 I  AnalyticsReactNativeE2E[2693:1adbe62] [com.apple.network:connection] nw_endpoint_flow_connect [C2 Hostname#9c7c059b:9091 in_progress parent-flow (satisfied (Path is satisfied), interface: en0[802.11], uses wifi, LQM: unknown)] connect bottom protocol
2026-02-11 18:58:13.000 Db AnalyticsReactNativeE2E[2693:1adbe62] [com.apple.network:connection] nw_endpoint_flow_start_child [C2 Hostname#9c7c059b:9091 in_progress parent-flow (satisfied (Path is satisfied), interface: en0[802.11], uses wifi, LQM: unknown)] creating and starting child handler
2026-02-11 18:58:13.000 Db AnalyticsReactNativeE2E[2693:1adbe62] [com.apple.network:] nw_endpoint_proxy_handler_should_use_proxy Looking up proxy for hostname: localhost, ifindex: 0
2026-02-11 18:58:13.000 Db AnalyticsReactNativeE2E[2693:1adbe62] [com.apple.SystemConfiguration:SCPreferences] create <SCPreferences 0x11a20d4d0 [0x1e578fa80]> {name = SCDynamicStoreCopyProxiesWithOptions, id = /Library/Managed Preferences/mobile/com.apple.SystemConfiguration.plist, path = /Library/Managed Preferences/mobile/com.apple.SystemConfiguration.plist}
2026-02-11 18:58:13.000 Db AnalyticsReactNativeE2E[2693:1adbe62] [com.apple.SystemConfiguration:SCPreferences] SCPreferences() access: /Library/Managed Preferences/mobile/com.apple.SystemConfiguration.plist, size=0
2026-02-11 18:58:13.000 Db AnalyticsReactNativeE2E[2693:1adbe62] [com.apple.SystemConfiguration:SCPreferences] release <SCPreferences 0x11a20d4d0 [0x1e578fa80]> {name = SCDynamicStoreCopyProxiesWithOptions, id = /Library/Managed Preferences/mobile/com.apple.SystemConfiguration.plist, path = /Library/Managed Preferences/mobile/com.apple.SystemConfiguration.plist, accessed}
2026-02-11 18:58:13.000 Df AnalyticsReactNativeE2E[2693:1adbe73] [com.apple.securityd:SecError] SecTrustReportNetworkingAnalytics failed with error: -4
2026-02-11 18:58:13.000 Df AnalyticsReactNativeE2E[2693:1adbe62] [com.apple.network:connection] [C2 Hostname#9c7c059b:9091 in_progress parent-flow (satisfied (Path is satisfied), interface: en0[802.11], uses wifi, LQM: unknown)] event: flow:start_child @0.000s
2026-02-11 18:58:13.000 I  AnalyticsReactNativeE2E[2693:1adbe62] [com.apple.network:connection] nw_endpoint_handler_start [C2.1 Hostname#9c7c059b:9091 initial path ((null))]
2026-02-11 18:58:13.000 Db AnalyticsReactNativeE2E[2693:1adbe62] [com.apple.network:connection] nw_endpoint_flow_receive_report [C2 Hostname#9c7c059b:9091 in_progress parent-flow (satisfied (Path is satisfied), interface: en0[802.11], uses wifi, LQM: unknown)] received child report: [C2.1 Hostname#9c7c059b:9091 initial path ((null))]
2026-02-11 18:58:13.000 Df AnalyticsReactNativeE2E[2693:1adbe62] [com.apple.network:connection] [C2.1 Hostname#9c7c059b:9091 initial path ((null))] event: path:start @0.000s
2026-02-11 18:58:13.000 Db AnalyticsReactNativeE2E[2693:1adbe62] [com.apple.network:connection] nw_endpoint_handler_path_change [C2.1 Hostname#9c7c059b:9091 waiting path (satisfied (Path is satisfied), interface: en0[802.11], uses wifi, LQM: unknown)]
2026-02-11 18:58:13.000 Db AnalyticsReactNativeE2E[2693:1adbe62] [com.apple.networkextension:] ne_tracker_check_is_hostname_blocked() proceeding with the in_the_app check for hostname: localhost
2026-02-11 18:58:13.000 Db AnalyticsReactNativeE2E[2693:1adbe62] [com.apple.CFBundle:resources] Resource lookup at CFBundle 0x600003b080e0 </Users/abueide/Library/Developer/CoreSimulator/Devices/651CE25F-D2F4-404C-AC47-0364AA5C94A1/data/Containers/Bundle/Application/C6511978-CF3F-46FC-BD26-6EED378B8D96/AnalyticsReactNativeE2E.app> (executable, loaded)
	Request       : InfoPlist type: strings
	Result        : None
2026-02-11 18:58:13.000 Db AnalyticsReactNativeE2E[2693:1adbe62] [com.apple.CFBundle:resources] Resource lookup at CFBundle 0x600003b080e0 </Users/abueide/Library/Developer/CoreSimulator/Devices/651CE25F-D2F4-404C-AC47-0364AA5C94A1/data/Containers/Bundle/Application/C6511978-CF3F-46FC-BD26-6EED378B8D96/AnalyticsReactNativeE2E.app> (executable, loaded)
	Request       : InfoPlist type: stringsdict
	Result        : None
2026-02-11 18:58:13.000 Db AnalyticsReactNativeE2E[2693:1adbe62] [com.apple.networkextension:] ne_tracker_check_is_hostname_blocked(): hostname localhost is not a tracker. Returning: ne_tracker_status_none
2026-02-11 18:58:13.000 Db AnalyticsReactNativeE2E[2693:1adbe51] [com.apple.defaults:User Defaults] found no value for key UIBarsApplyChromelessEverywhere in CFPrefsSearchListSource<0x600002c0c300> (Domain: org.reactjs.native.example.AnalyticsReactNativeE2E, Container: (null) Non-launch persona: 0)
2026-02-11 18:58:13.000 Db AnalyticsReactNativeE2E[2693:1adbe62] [com.apple.network:connection] nw_endpoint_flow_receive_report [C2 Hostname#9c7c059b:9091 in_progress parent-flow (satisfied (Path is satisfied), interface: en0[802.11], uses wifi, LQM: unknown)] received child report: [C2.1 Hostname#9c7c059b:9091 waiting path (satisfied (Path is satisfied), interface: en0[802.11], uses wifi, LQM: unknown)]
2026-02-11 18:58:13.000 Df AnalyticsReactNativeE2E[2693:1adbe62] [com.apple.network:connection] [C2.1 Hostname#9c7c059b:9091 waiting path (satisfied (Path is satisfied), interface: en0[802.11], uses wifi, LQM: unknown)] event: path:satisfied @0.000s, uuid: 532D1F67-B77F-4A35-B44D-4D27EBA9943F
2026-02-11 18:58:13.000 Db AnalyticsReactNativeE2E[2693:1adbe62] [com.apple.network:] nw_endpoint_proxy_handler_should_use_proxy Looking up proxy for hostname: localhost, ifindex: 0
2026-02-11 18:58:13.000 Db AnalyticsReactNativeE2E[2693:1adbe62] [com.apple.SystemConfiguration:SCPreferences] create <SCPreferences 0x103e04080 [0x1e578fa80]> {name = SCDynamicStoreCopyProxiesWithOptions, id = /Library/Managed Preferences/mobile/com.apple.SystemConfiguration.plist, path = /Library/Managed Preferences/mobile/com.apple.SystemConfiguration.plist}
2026-02-11 18:58:13.000 Db AnalyticsReactNativeE2E[2693:1adbe62] [com.apple.SystemConfiguration:SCPreferences] SCPreferences() access: /Library/Managed Preferences/mobile/com.apple.SystemConfiguration.plist, size=0
2026-02-11 18:58:13.000 Db AnalyticsReactNativeE2E[2693:1adbe62] [com.apple.SystemConfiguration:SCPreferences] release <SCPreferences 0x103e04080 [0x1e578fa80]> {name = SCDynamicStoreCopyProxiesWithOptions, id = /Library/Managed Preferences/mobile/com.apple.SystemConfiguration.plist, path = /Library/Managed Preferences/mobile/com.apple.SystemConfiguration.plist, accessed}
2026-02-11 18:58:13.001 Db AnalyticsReactNativeE2E[2693:1adbe62] [com.apple.network:connection] -[NWConcrete_nw_endpoint_resolver startWithHandler:] [C2.1 Hostname#9c7c059b:9091 waiting resolver (satisfied (Path is satisfied), interface: en0[802.11], uses wifi, LQM: unknown)]
2026-02-11 18:58:13.001 Db AnalyticsReactNativeE2E[2693:1adbe62] [com.apple.network:connection] nw_endpoint_flow_receive_report [C2 Hostname#9c7c059b:9091 in_progress parent-flow (satisfied (Path is satisfied), interface: en0[802.11], uses wifi, LQM: unknown)] received child report: [C2.1 Hostname#9c7c059b:9091 in_progress resolver (satisfied (Path is satisfied), interface: en0[802.11], uses wifi, LQM: unknown)]
2026-02-11 18:58:13.001 Df AnalyticsReactNativeE2E[2693:1adbe62] [com.apple.network:connection] [C2.1 Hostname#9c7c059b:9091 in_progress resolver (satisfied (Path is satisfied), interface: en0[802.11], uses wifi, LQM: unknown)] event: resolver:start_dns @0.001s
2026-02-11 18:58:13.001 Db AnalyticsReactNativeE2E[2693:1adbe62] [com.apple.networkextension:] ne_tracker_check_is_hostname_blocked() proceeding with the in_the_app check for hostname: localhost
2026-02-11 18:58:13.001 Db AnalyticsReactNativeE2E[2693:1adbe62] [com.apple.CFBundle:resources] Resource lookup at CFBundle 0x600003b080e0 </Users/abueide/Library/Developer/CoreSimulator/Devices/651CE25F-D2F4-404C-AC47-0364AA5C94A1/data/Containers/Bundle/Application/C6511978-CF3F-46FC-BD26-6EED378B8D96/AnalyticsReactNativeE2E.app> (executable, loaded)
	Request       : InfoPlist type: strings
	Result        : None
2026-02-11 18:58:13.001 Db AnalyticsReactNativeE2E[2693:1adbe62] [com.apple.CFBundle:resources] Resource lookup at CFBundle 0x600003b080e0 </Users/abueide/Library/Developer/CoreSimulator/Devices/651CE25F-D2F4-404C-AC47-0364AA5C94A1/data/Containers/Bundle/Application/C6511978-CF3F-46FC-BD26-6EED378B8D96/AnalyticsReactNativeE2E.app> (executable, loaded)
	Request       : InfoPlist type: stringsdict
	Result        : None
2026-02-11 18:58:13.001 Db AnalyticsReactNativeE2E[2693:1adbe62] [com.apple.networkextension:] ne_tracker_check_is_hostname_blocked(): hostname localhost is not a tracker. Returning: ne_tracker_status_none
2026-02-11 18:58:13.001 I  AnalyticsReactNativeE2E[2693:1adbe62] [com.apple.network:connection] nw_resolver_create_dns_service_locked [C2.1] Starting host resolution Hostname#9c7c059b:9091, flags 0xc000d000 proto 0
2026-02-11 18:58:13.001 Df AnalyticsReactNativeE2E[2693:1adbe62] [com.apple.CFNetwork:Default] Task <77CE2F2C-FDBB-4ED9-A4A9-5D05CA694064>.<1> setting up Connection 2
2026-02-11 18:58:13.001 Db AnalyticsReactNativeE2E[2693:1adbe62] [com.apple.network:activity] Returning should log: 0 for activity cfnetwork:foreground_task
2026-02-11 18:58:13.001 I  AnalyticsReactNativeE2E[2693:1adbe62] [com.apple.network:connection] nw_resolver_host_resolve_callback [C2.1] flags=0x40000003 ifindex=4294967295 error=NoError(0) hostname=localhost. addr=IPv6#87762a9a ttl=1
2026-02-11 18:58:13.001 I  AnalyticsReactNativeE2E[2693:1adbe62] [com.apple.network:connection] nw_resolver_host_resolve_callback [C2.1] flags=0x40000002 ifindex=4294967295 error=NoError(0) hostname=localhost. addr=IPv4#570371d2 ttl=1
2026-02-11 18:58:13.001 Db AnalyticsReactNativeE2E[2693:1adbe62] [com.apple.network:] sa_dst_compare_rfc6724 Rule 6, prefer d2, d2 precedence 50 > d1 precedence 35
2026-02-11 18:58:13.001 Db AnalyticsReactNativeE2E[2693:1adbe62] [com.apple.network:] sa_dst_compare_internal <private>@0 < <private>@0
2026-02-11 18:58:13.001 Db AnalyticsReactNativeE2E[2693:1adbe62] [com.apple.network:connection] nw_endpoint_resolver_update [C2.1 Hostname#9c7c059b:9091 in_progress resolver (satisfied (Path is satisfied), interface: en0[802.11], uses wifi, LQM: unknown)] resolver is complete
2026-02-11 18:58:13.001 Df AnalyticsReactNativeE2E[2693:1adbe62] [com.apple.network:connection] nw_endpoint_resolver_update [C2.1 Hostname#9c7c059b:9091 in_progress resolver (satisfied (Path is satisfied), interface: en0[802.11], uses wifi, LQM: unknown)] Adding endpoint handler for IPv6#606eb413.9091
2026-02-11 18:58:13.001 Df AnalyticsReactNativeE2E[2693:1adbe62] [com.apple.network:connection] nw_endpoint_resolver_update [C2.1 Hostname#9c7c059b:9091 in_progress resolver (satisfied (Path is satisfied), interface: en0[802.11], uses wifi, LQM: unknown)] Adding endpoint handler for IPv4#71e33eac:9091
2026-02-11 18:58:13.001 Db AnalyticsReactNativeE2E[2693:1adbe62] [com.apple.network:connection] nw_endpoint_resolver_update [C2.1 Hostname#9c7c059b:9091 in_progress resolver (satisfied (Path is satisfied), interface: en0[802.11], uses wifi, LQM: unknown)] Updated endpoint list is (IPv6#606eb413.9091,IPv4#71e33eac:9091)
2026-02-11 18:58:13.001 Db AnalyticsReactNativeE2E[2693:1adbe62] [com.apple.network:connection] nw_endpoint_flow_receive_report [C2 Hostname#9c7c059b:9091 in_progress parent-flow (satisfied (Path is satisfied), interface: en0[802.11], uses wifi, LQM: unknown)] received child report: [C2.1 Hostname#9c7c059b:9091 in_progress resolver (satisfied (Path is satisfied), interface: en0[802.11], uses wifi, LQM: unknown)]
2026-02-11 18:58:13.001 Df AnalyticsReactNativeE2E[2693:1adbe62] [com.apple.network:connection] [C2.1 Hostname#9c7c059b:9091 in_progress resolver (satisfied (Path is satisfied), interface: en0[802.11], uses wifi, LQM: unknown)] event: resolver:receive_dns @0.001s
2026-02-11 18:58:13.001 I  AnalyticsReactNativeE2E[2693:1adbe62] [com.apple.network:connection] nw_endpoint_resolver_start_next_child [C2.1 Hostname#9c7c059b:9091 in_progress resolver (satisfied (Path is satisfied), interface: en0[802.11], uses wifi, LQM: unknown)] starting child endpoint IPv6#606eb413.9091
2026-02-11 18:58:13.001 I  AnalyticsReactNativeE2E[2693:1adbe62] [com.apple.network:connection] nw_endpoint_handler_start [C2.1.1 IPv6#606eb413.9091 initial path ((null))]
2026-02-11 18:58:13.001 Db AnalyticsReactNativeE2E[2693:1adbe62] [com.apple.network:connection] nw_endpoint_resolver_receive_report [C2.1 Hostname#9c7c059b:9091 in_progress resolver (satisfied (Path is satisfied), interface: en0[802.11], uses wifi, LQM: unknown)] received child report: [C2.1.1 IPv6#606eb413.9091 initial path ((null))]
2026-02-11 18:58:13.001 Db AnalyticsReactNativeE2E[2693:1adbe62] [com.apple.network:connection] nw_endpoint_flow_receive_report [C2 Hostname#9c7c059b:9091 in_progress parent-flow (satisfied (Path is satisfied), interface: en0[802.11], uses wifi, LQM: unknown)] received child report: [C2.1.1 IPv6#606eb413.9091 initial path ((null))]
2026-02-11 18:58:13.001 Df AnalyticsReactNativeE2E[2693:1adbe62] [com.apple.network:connection] [C2.1.1 IPv6#606eb413.9091 initial path ((null))] event: path:start @0.001s
2026-02-11 18:58:13.001 Db AnalyticsReactNativeE2E[2693:1adbe62] [com.apple.network:connection] nw_endpoint_handler_path_change [C2.1.1 IPv6#606eb413.9091 waiting path (satisfied (Path is satisfied), interface: lo0)]
2026-02-11 18:58:13.001 Db AnalyticsReactNativeE2E[2693:1adbe62] [com.apple.network:connection] nw_endpoint_resolver_receive_report [C2.1 Hostname#9c7c059b:9091 in_progress resolver (satisfied (Path is satisfied), interface: en0[802.11], uses wifi, LQM: unknown)] received child report: [C2.1.1 IPv6#606eb413.9091 waiting path (satisfied (Path is satisfied), interface: lo0)]
2026-02-11 18:58:13.001 Db AnalyticsReactNativeE2E[2693:1adbe62] [com.apple.network:connection] nw_endpoint_flow_receive_report [C2 Hostname#9c7c059b:9091 in_progress parent-flow (satisfied (Path is satisfied), interface: en0[802.11], uses wifi, LQM: unknown)] received child report: [C2.1.1 IPv6#606eb413.9091 waiting path (satisfied (Path is satisfied), interface: lo0)]
2026-02-11 18:58:13.001 Df AnalyticsReactNativeE2E[2693:1adbe62] [com.apple.network:connection] [C2.1.1 IPv6#606eb413.9091 waiting path (satisfied (Path is satisfied), interface: lo0)] event: path:satisfied @0.001s, uuid: 3AAD700D-7FCC-4FCA-82CC-8F87FBD14485
2026-02-11 18:58:13.001 Db AnalyticsReactNativeE2E[2693:1adbe62] [com.apple.network:] nw_endpoint_proxy_handler_should_use_proxy Looking up proxy for hostname: <nil>, ifindex: 0
2026-02-11 18:58:13.001 Db AnalyticsReactNativeE2E[2693:1adbe62] [com.apple.SystemConfiguration:SCPreferences] create <SCPreferences 0x104705780 [0x1e578fa80]> {name = SCDynamicStoreCopyProxiesWithOptions, id = /Library/Managed Preferences/mobile/com.apple.SystemConfiguration.plist, path = /Library/Managed Preferences/mobile/com.apple.SystemConfiguration.plist}
2026-02-11 18:58:13.001 Db AnalyticsReactNativeE2E[2693:1adbe62] [com.apple.SystemConfiguration:SCPreferences] SCPreferences() access: /Library/Managed Preferences/mobile/com.apple.SystemConfiguration.plist, size=0
2026-02-11 18:58:13.001 Db AnalyticsReactNativeE2E[2693:1adbe62] [com.apple.SystemConfiguration:SCPreferences] release <SCPreferences 0x104705780 [0x1e578fa80]> {name = SCDynamicStoreCopyProxiesWithOptions, id = /Library/Managed Preferences/mobile/com.apple.SystemConfiguration.plist, path = /Library/Managed Preferences/mobile/com.apple.SystemConfiguration.plist, accessed}
2026-02-11 18:58:13.001 I  AnalyticsReactNativeE2E[2693:1adbe62] [com.apple.network:connection] nw_association_create_flow <nw_association IPv6#606eb413.9091> Added association flow ID 3D434E0C-0658-437C-A39D-CAEF8E10561D
2026-02-11 18:58:13.001 I  AnalyticsReactNativeE2E[2693:1adbe62] [com.apple.network:connection] nw_endpoint_flow_setup_protocols [C2.1.1 IPv6#606eb413.9091 in_progress socket-flow (satisfied (Path is satisfied), interface: lo0)] setup flow id 3D434E0C-0658-437C-A39D-CAEF8E10561D
2026-02-11 18:58:13.001 Db AnalyticsReactNativeE2E[2693:1adbe62] [com.apple.network:connection] nw_endpoint_flow_attach_protocols [C2.1.1 IPv6#606eb413.9091 in_progress socket-flow (satisfied (Path is satisfied), interface: lo0)]
2026-02-11 18:58:13.001 Db AnalyticsReactNativeE2E[2693:1adbe62] [com.apple.network:connection] nw_endpoint_flow_attach_protocols_block_invoke [C2.1.1 IPv6#606eb413.9091 in_progress socket-flow (satisfied (Path is satisfied), interface: lo0)] Attached application protocol: CFNetworkConnection-1422145618
2026-02-11 18:58:13.001 Db AnalyticsReactNativeE2E[2693:1adbe62] [com.apple.network:] nw_fd_wrapper_create Created <fd_wrapper 8, guarded: false>
2026-02-11 18:58:13.001 Db AnalyticsReactNativeE2E[2693:1adbe62] [com.apple.network:connection] nw_endpoint_flow_attach_protocols [C2.1.1 IPv6#606eb413.9091 in_progress socket-flow (satisfied (Path is satisfied), interface: lo0)] Attached socket protocol
2026-02-11 18:58:13.002 Db AnalyticsReactNativeE2E[2693:1adbe62] [com.apple.network:connection] nw_endpoint_flow_setup_protocols [C2.1.1 IPv6#606eb413.9091 in_progress socket-flow (satisfied (Path is satisfied), interface: lo0)] leaf flow starting
2026-02-11 18:58:13.002 Db AnalyticsReactNativeE2E[2693:1adbe62] [com.apple.network:connection] nw_endpoint_resolver_receive_report [C2.1 Hostname#9c7c059b:9091 in_progress resolver (satisfied (Path is satisfied), interface: en0[802.11], uses wifi, LQM: unknown)] received child report: [C2.1.1 IPv6#606eb413.9091 in_progress socket-flow (satisfied (Path is satisfied), interface: lo0)]
2026-02-11 18:58:13.002 Db AnalyticsReactNativeE2E[2693:1adbe62] [com.apple.network:connection] nw_endpoint_flow_receive_report [C2 Hostname#9c7c059b:9091 in_progress parent-flow (satisfied (Path is satisfied), interface: en0[802.11], uses wifi, LQM: unknown)] received child report: [C2.1.1 IPv6#606eb413.9091 in_progress socket-flow (satisfied (Path is satisfied), interface: lo0)]
2026-02-11 18:58:13.002 Df AnalyticsReactNativeE2E[2693:1adbe62] [com.apple.network:connection] [C2.1.1 IPv6#606eb413.9091 in_progress socket-flow (satisfied (Path is satisfied), interface: lo0)] event: flow:start_connect @0.002s
2026-02-11 18:58:13.002 I  AnalyticsReactNativeE2E[2693:1adbe62] [com.apple.network:connection] nw_endpoint_resolver_start_next_child [C2.1 Hostname#9c7c059b:9091 in_progress resolver (satisfied (Path is satisfied), interface: en0[802.11], uses wifi, LQM: unknown)] starting next child endpoint in 100ms
2026-02-11 18:58:13.002 Db AnalyticsReactNativeE2E[2693:1adbe62] [com.apple.network:connection] nw_socket_handle_socket_event [C2.1.1:2] Event mask: 0x800
2026-02-11 18:58:13.002 Df AnalyticsReactNativeE2E[2693:1adbe62] [com.apple.network:connection] nw_socket_handle_socket_event [C2.1.1:2] Socket received CONNECTED event
2026-02-11 18:58:13.002 Db AnalyticsReactNativeE2E[2693:1adbe62] [com.apple.network:connection] nw_socket_setup_notsent_lowat [C2.1.1:2] Set TCP_NOTSENT_LOWAT(16384)
2026-02-11 18:58:13.002 Df AnalyticsReactNativeE2E[2693:1adbe62] [com.apple.network:connection] nw_flow_connected [C2.1.1 IPv6#606eb413.9091 in_progress socket-flow (satisfied (Path is satisfied), interface: lo0)] Transport protocol connected (socket)
2026-02-11 18:58:13.002 Db AnalyticsReactNativeE2E[2693:1adbe62] [com.apple.network:connection] nw_endpoint_resolver_receive_report [C2.1 Hostname#9c7c059b:9091 in_progress resolver (satisfied (Path is satisfied), interface: en0[802.11], uses wifi, LQM: unknown)] received child report: [C2.1.1 IPv6#606eb413.9091 in_progress socket-flow (satisfied (Path is satisfied), interface: lo0)]
2026-02-11 18:58:13.002 Db AnalyticsReactNativeE2E[2693:1adbe62] [com.apple.network:connection] nw_endpoint_flow_receive_report [C2 Hostname#9c7c059b:9091 in_progress parent-flow (satisfied (Path is satisfied), interface: en0[802.11], uses wifi, LQM: unknown)] received child report: [C2.1.1 IPv6#606eb413.9091 in_progress socket-flow (satisfied (Path is satisfied), interface: lo0)]
2026-02-11 18:58:13.002 Df AnalyticsReactNativeE2E[2693:1adbe62] [com.apple.network:connection] [C2.1.1 IPv6#606eb413.9091 in_progress socket-flow (satisfied (Path is satisfied), interface: lo0)] event: flow:finish_transport @0.002s
2026-02-11 18:58:13.002 I  AnalyticsReactNativeE2E[2693:1adbe62] [com.apple.network:connection] nw_endpoint_resolver_receive_report [C2.1 Hostname#9c7c059b:9091 in_progress resolver (satisfied (Path is satisfied), interface: en0[802.11], uses wifi, LQM: unknown)] pushing out endpoint race by 2000ms
2026-02-11 18:58:13.002 Df AnalyticsReactNativeE2E[2693:1adbe62] [com.apple.network:connection] nw_flow_connected [C2.1.1 IPv6#606eb413.9091 in_progress socket-flow (satisfied (Path is satisfied), interface: lo0)] Output protocol connected (CFNetworkConnection-1422145618)
2026-02-11 18:58:13.002 Db AnalyticsReactNativeE2E[2693:1adbe62] [com.apple.network:connection] nw_endpoint_flow_connected_path_change [C2.1.1 IPv6#606eb413.9091 ready socket-flow (satisfied (Path is satisfied), interface: lo0)]
2026-02-11 18:58:13.002 I  AnalyticsReactNativeE2E[2693:1adbe62] [com.apple.network:connection] nw_endpoint_flow_connected_path_change [C2.1.1 IPv6#606eb413.9091 ready socket-flow (satisfied (Path is satisfied), interface: lo0)] Connected path is satisfied, not viable
2026-02-11 18:58:13.002 Db AnalyticsReactNativeE2E[2693:1adbe62] [com.apple.network:connection] nw_endpoint_resolver_receive_report [C2.1 Hostname#9c7c059b:9091 in_progress resolver (satisfied (Path is satisfied), interface: en0[802.11], uses wifi, LQM: unknown)] received child report: [C2.1.1 IPv6#606eb413.9091 ready socket-flow (satisfied (Path is satisfied), interface: lo0)]
2026-02-11 18:58:13.002 Db AnalyticsReactNativeE2E[2693:1adbe62] [com.apple.network:connection] nw_endpoint_flow_receive_report [C2 Hostname#9c7c059b:9091 in_progress parent-flow (satisfied (Path is satisfied), interface: en0[802.11], uses wifi, LQM: unknown)] received child report: [C2.1.1 IPv6#606eb413.9091 ready socket-flow (satisfied (Path is satisfied), interface: lo0)]
2026-02-11 18:58:13.002 Df AnalyticsReactNativeE2E[2693:1adbe62] [com.apple.network:connection] [C2.1.1 IPv6#606eb413.9091 ready socket-flow (satisfied (Path is satisfied), interface: lo0)] event: flow:child_finish_connect @0.002s
2026-02-11 18:58:13.002 Db AnalyticsReactNativeE2E[2693:1adbe62] [com.apple.network:connection] nw_endpoint_flow_receive_report [C2 IPv6#606eb413.9091 in_progress parent-flow (satisfied (Path is satisfied), interface: en0[802.11], uses wifi, LQM: unknown)] connecting endpoint_flow to child's shared protocol
2026-02-11 18:58:13.002 Db AnalyticsReactNativeE2E[2693:1adbe62] [com.apple.network:connection] nw_endpoint_flow_setup_protocols [C2 IPv6#606eb413.9091 in_progress parent-flow (satisfied (Path is satisfied), interface: en0[802.11], uses wifi, LQM: unknown)] already set up
2026-02-11 18:58:13.002 Db AnalyticsReactNativeE2E[2693:1adbe62] [com.apple.network:connection] nw_endpoint_flow_setup_protocols [C2 IPv6#606eb413.9091 in_progress parent-flow (satisfied (Path is satisfied), interface: en0[802.11], uses wifi, LQM: unknown)] child flow connected, starting
2026-02-11 18:58:13.002 Db AnalyticsReactNativeE2E[2693:1adbe62] [com.apple.network:connection] nw_endpoint_flow_setup_protocols [C2 IPv6#606eb413.9091 in_progress parent-flow (satisfied (Path is satisfied), interface: en0[802.11], uses wifi, LQM: unknown)] already started
2026-02-11 18:58:13.002 Db AnalyticsReactNativeE2E[2693:1adbe62] [com.apple.network:connection] nw_endpoint_flow_receive_report [C2 IPv6#606eb413.9091 in_progress parent-flow (satisfied (Path is satisfied), interface: en0[802.11], uses wifi, LQM: unknown)] received child report: [C2.1 Hostname#9c7c059b:9091 ready resolver (satisfied (Path is satisfied), interface: en0[802.11], uses wifi, LQM: unknown)]
2026-02-11 18:58:13.002 Df AnalyticsReactNativeE2E[2693:1adbe62] [com.apple.network:connection] [C2.1 Hostname#9c7c059b:9091 ready resolver (satisfied (Path is satisfied), interface: en0[802.11], uses wifi, LQM: unknown)] event: flow:child_finish_connect @0.002s
2026-02-11 18:58:13.002 I  AnalyticsReactNativeE2E[2693:1adbe62] [com.apple.network:connection] nw_endpoint_handler_cancel [C2.1.2 IPv4#71e33eac:9091 initial path ((null))]
2026-02-11 18:58:13.002 Df AnalyticsReactNativeE2E[2693:1adbe62] [com.apple.network:connection] nw_flow_connected [C2 IPv6#606eb413.9091 in_progress parent-flow (satisfied (Path is satisfied), interface: en0[802.11], uses wifi, LQM: unknown)] Output protocol connected (endpoint_flow)
2026-02-11 18:58:13.002 Db AnalyticsReactNativeE2E[2693:1adbe62] [com.apple.network:connection] nw_endpoint_flow_connected_path_change [C2 IPv6#606eb413.9091 ready parent-flow (satisfied (Path is satisfied), interface: en0[802.11], uses wifi, LQM: unknown)]
2026-02-11 18:58:13.002 I  AnalyticsReactNativeE2E[2693:1adbe62] [com.apple.network:connection] nw_endpoint_flow_connected_path_change [C2 IPv6#606eb413.9091 ready parent-flow (satisfied (Path is satisfied), interface: en0[802.11], uses wifi, LQM: unknown)] Connected path is satisfied, child is not viable
2026-02-11 18:58:13.002 Df AnalyticsReactNativeE2E[2693:1adbe62] [com.apple.network:connection] [C2 IPv6#606eb413.9091 ready parent-flow (satisfied (Path is satisfied), interface: en0[802.11], uses wifi, LQM: unknown)] event: flow:finish_connect @0.002s
2026-02-11 18:58:13.002 Db AnalyticsReactNativeE2E[2693:1adbe62] [com.apple.network:connection] nw_connection_run_pqtls_probe_locked_on_nw_queue [C2] No TLS metadata; not running PQ-TLS probe
2026-02-11 18:58:13.002 Db AnalyticsReactNativeE2E[2693:1adbe62] [com.apple.network:connection] nw_connection_run_ech_probe_locked_on_nw_queue [C2] stack doesn't include TLS; not running ECH probe
2026-02-11 18:58:13.002 Db AnalyticsReactNativeE2E[2693:1adbe62] [com.apple.network:connection] nw_connection_endpoint_report_on_nw_queue_block_invoke [C2] Connected fallback generation 0
2026-02-11 18:58:13.002 I  AnalyticsReactNativeE2E[2693:1adbe62] [com.apple.network:connection] nw_connection_start_candidate_manager_if_needed_locked [C2] Checking whether to start candidate manager
2026-02-11 18:58:13.003 Db AnalyticsReactNativeE2E[2693:1adbe62] [com.apple.network:connection] nw_connection_start_candidate_manager_if_needed_locked [C2] Connection does not support multipath, not starting candidate manager
2026-02-11 18:58:13.003 Df AnalyticsReactNativeE2E[2693:1adbe62] [com.apple.network:connection] nw_connection_report_state_with_handler_on_nw_queue [C2] reporting state ready
2026-02-11 18:58:13.003 Df AnalyticsReactNativeE2E[2693:1adbe62] [com.apple.CFNetwork:Default] Connection 2: connected successfully
2026-02-11 18:58:13.003 Df AnalyticsReactNativeE2E[2693:1adbe62] [com.apple.CFNetwork:Default] Connection 2: ready C(N) E(N)
2026-02-11 18:58:13.003 Db AnalyticsReactNativeE2E[2693:1adbe62] [com.apple.CFNetwork:Default] Task <77CE2F2C-FDBB-4ED9-A4A9-5D05CA694064>.<1> done setting up Connection 2
2026-02-11 18:58:13.003 Db AnalyticsReactNativeE2E[2693:1adbe62] [com.apple.network:activity] Returning should log: 0 for activity cfnetwork:foreground_task
2026-02-11 18:58:13.003 Df AnalyticsReactNativeE2E[2693:1adbe62] [com.apple.CFNetwork:Default] Task <77CE2F2C-FDBB-4ED9-A4A9-5D05CA694064>.<1> now using Connection 2
2026-02-11 18:58:13.003 Db AnalyticsReactNativeE2E[2693:1adbe62] [com.apple.network:activity] Returning should log: 0 for activity cfnetwork:foreground_task
2026-02-11 18:58:13.003 I  AnalyticsReactNativeE2E[2693:1adbe51] [com.facebook.react.log:native] [GESTURE HANDLER] Initialize gesture handler for view <RCTRootContentView: 0x103f0c670; frame = (0 0; 402 874); gestureRecognizers = <NSArray: 0x60000000cdd0>; layer = <CALayer: 0x600000c4a250>> reactTag: 1; frame = {{0, 0}, {402, 874}}; layer = <CALayer: 0x600000c4a250>
2026-02-11 18:58:13.003 Df AnalyticsReactNativeE2E[2693:1adbe62] [com.apple.CFNetwork:Default] Task <77CE2F2C-FDBB-4ED9-A4A9-5D05CA694064>.<1> sent request, body N 0
2026-02-11 18:58:13.003 Db AnalyticsReactNativeE2E[2693:1adbe62] [com.apple.defaults:User Defaults] looked up value 1 for key RCTI18nUtil_makeRTLFlipLeftAndRightStyles in CFPrefsPlistSource<0x600002c04180> (Domain: org.reactjs.native.example.AnalyticsReactNativeE2E, User: kCFPreferencesCurrentUser, ByHost: No, Container: (null), Contents Need Refresh: No) via CFPrefsSearchListSource<0x600002c0c300> (Domain: org.reactjs.native.example.AnalyticsReactNativeE2E, Container: (null) Non-launch persona: 0)
2026-02-11 18:58:13.003 Db AnalyticsReactNativeE2E[2693:1adbe51] [com.apple.defaults:User Defaults] found no value for key UIObservationTrackingLoggingEnabled in CFPrefsSearchListSource<0x600002c0c300> (Domain: org.reactjs.native.example.AnalyticsReactNativeE2E, Container: (null) Non-launch persona: 0)
2026-02-11 18:58:13.003 Df AnalyticsReactNativeE2E[2693:1adbe62] [com.apple.CFNetwork:Default] Task <77CE2F2C-FDBB-4ED9-A4A9-5D05CA694064>.<1> received response, status 200 content K
2026-02-11 18:58:13.003 Db AnalyticsReactNativeE2E[2693:1adbe62] [com.apple.network:connection] nw_connection_modify_estimated_bytes_block_invoke [C2] Incremented estimated bytes to receive by 375, total now 375
2026-02-11 18:58:13.003 Db AnalyticsReactNativeE2E[2693:1adbe62] [com.apple.network:connection] nw_connection_modify_estimated_bytes_block_invoke [C2] Using lower threshold 12582912, upper threshold 31457280
2026-02-11 18:58:13.003 Df AnalyticsReactNativeE2E[2693:1adbe62] [com.apple.CFNetwork:Default] Task <77CE2F2C-FDBB-4ED9-A4A9-5D05CA694064>.<1> response ended
2026-02-11 18:58:13.003 Df AnalyticsReactNativeE2E[2693:1adbe62] [com.apple.CFNetwork:Default] Task <77CE2F2C-FDBB-4ED9-A4A9-5D05CA694064>.<1> done using Connection 2
2026-02-11 18:58:13.003 Db AnalyticsReactNativeE2E[2693:1adbe62] [com.apple.network:activity] Returning should log: 0 for activity cfnetwork:foreground_task
2026-02-11 18:58:13.003 Db AnalyticsReactNativeE2E[2693:1adbe62] [com.apple.CFNetwork:Default] Connection 2: set is idle true
2026-02-11 18:58:13.003 Df AnalyticsReactNativeE2E[2693:1adbe62] [com.apple.network:connection] [C2] event: client:connection_idle @0.003s
2026-02-11 18:58:13.004 I  AnalyticsReactNativeE2E[2693:1adbe62] [com.apple.network:connection] nw_endpoint_handler_report_connection_idle [C2 IPv6#606eb413.9091 ready parent-flow (satisfied (Path is satisfied), interface: en0[802.11], uses wifi, LQM: unknown)] Reporting connection idle to protocols
2026-02-11 18:58:13.004 I  AnalyticsReactNativeE2E[2693:1adbe62] [com.apple.network:connection] nw_flow_passthrough_notify [C2.1.1 IPv6#606eb413.9091 ready socket-flow (satisfied (Path is satisfied), interface: lo0)] received notification connection_idle
2026-02-11 18:58:13.004 Df AnalyticsReactNativeE2E[2693:1adbe62] [com.apple.network:connection] nw_protocol_socket_notify [C2.1.1:2] nw_protocol_notification_type_connection_idle is true
2026-02-11 18:58:13.004 E  AnalyticsReactNativeE2E[2693:1adbe62] [com.apple.network:connection] nw_socket_set_connection_idle [C2.1.1:2] setsockopt SO_CONNECTION_IDLE failed [42: Protocol not available]
2026-02-11 18:58:13.004 Db AnalyticsReactNativeE2E[2693:1adbe62] [com.apple.CFNetwork:Default] Connection 2: set is idle true
2026-02-11 18:58:13.004 Df AnalyticsReactNativeE2E[2693:1adbe73] [com.apple.CFNetwork:Summary] Task <77CE2F2C-FDBB-4ED9-A4A9-5D05CA694064>.<1> summary for task success {transaction_duration_ms=11, response_status=200, connection=2, protocol="http/1.1", domain_lookup_duration_ms=0, connect_duration_ms=0, secure_connection_duration_ms=0, private_relay=false, request_start_ms=11, request_duration_ms=0, response_start_ms=11, response_duration_ms=0, request_bytes=266, request_throughput_kbps=56135, response_bytes=612, response_throughput_kbps=23878, cache_hit=false}
2026-02-11 18:58:13.004 Df AnalyticsReactNativeE2E[2693:1adbe62] [com.apple.network:connection] [C2] event: client:connection_idle @0.004s
2026-02-11 18:58:13.004 Db AnalyticsReactNativeE2E[2693:1adbe51] [com.apple.defaults:User Defaults] found no value for key UIScrollPocketDebug in CFPrefsSearchListSource<0x600002c06400> (Domain: com.apple.UIKit, Container: (null) Non-launch persona: 0)
2026-02-11 18:58:13.004 Db AnalyticsReactNativeE2E[2693:1adbe51] [com.apple.defaults:User Defaults] found no value for key UIScrollPocketDebugMask in CFPrefsSearchListSource<0x600002c06400> (Domain: com.apple.UIKit, Container: (null) Non-launch persona: 0)
2026-02-11 18:58:13.004 Db AnalyticsReactNativeE2E[2693:1adbe51] [com.apple.defaults:User Defaults] found no value for key MPBackgroundScale in CFPrefsSearchListSource<0x600002c06400> (Domain: com.apple.UIKit, Container: (null) Non-launch persona: 0)
2026-02-11 18:58:13.004 Db AnalyticsReactNativeE2E[2693:1adbe51] [com.apple.defaults:User Defaults] found no value for key MPBackgroundEnabled in CFPrefsSearchListSource<0x600002c06400> (Domain: com.apple.UIKit, Container: (null) Non-launch persona: 0)
2026-02-11 18:58:13.004 Df AnalyticsReactNativeE2E[2693:1adbe73] [com.apple.CFNetwork:Default] Task <77CE2F2C-FDBB-4ED9-A4A9-5D05CA694064>.<1> finished successfully
2026-02-11 18:58:13.004 Db AnalyticsReactNativeE2E[2693:1adbe51] [com.apple.defaults:User Defaults] found no value for key MPEffectScale in CFPrefsSearchListSource<0x600002c06400> (Domain: com.apple.UIKit, Container: (null) Non-launch persona: 0)
2026-02-11 18:58:13.004 Db AnalyticsReactNativeE2E[2693:1adbe51] [com.apple.defaults:User Defaults] found no value for key MPEffectSoftFilter in CFPrefsSearchListSource<0x600002c06400> (Domain: com.apple.UIKit, Container: (null) Non-launch persona: 0)
2026-02-11 18:58:13.004 I  AnalyticsReactNativeE2E[2693:1adbe62] [com.apple.network:connection] nw_endpoint_handler_report_connection_idle [C2 IPv6#606eb413.9091 ready parent-flow (satisfied (Path is satisfied), interface: en0[802.11], uses wifi, LQM: unknown)] Reporting connection idle to protocols
2026-02-11 18:58:13.004 Db AnalyticsReactNativeE2E[2693:1adbe51] [com.apple.defaults:User Defaults] found no value for key MPEffectHardFilter in CFPrefsSearchListSource<0x600002c06400> (Domain: com.apple.UIKit, Container: (null) Non-launch persona: 0)
2026-02-11 18:58:13.004 Db AnalyticsReactNativeE2E[2693:1adbe73] [com.apple.network:activity] Returning should log: 0 for activity cfnetwork:foreground_task
2026-02-11 18:58:13.004 Db AnalyticsReactNativeE2E[2693:1adbe51] [com.apple.defaults:User Defaults] found no value for key MPDimmingTopAlpha in CFPrefsSearchListSource<0x600002c06400> (Domain: com.apple.UIKit, Container: (null) Non-launch persona: 0)
2026-02-11 18:58:13.004 Db AnalyticsReactNativeE2E[2693:1adbe51] [com.apple.defaults:User Defaults] found no value for key MPDimmingBottomAlpha in CFPrefsSearchListSource<0x600002c06400> (Domain: com.apple.UIKit, Container: (null) Non-launch persona: 0)
2026-02-11 18:58:13.004 Db AnalyticsReactNativeE2E[2693:1adbe73] [com.apple.network:activity] Returning should log: 0 for activity cfnetwork:foreground_task
2026-02-11 18:58:13.004 Db AnalyticsReactNativeE2E[2693:1adbe51] [com.apple.defaults:User Defaults] found no value for key MPRasterizePortals in CFPrefsSearchListSource<0x600002c06400> (Domain: com.apple.UIKit, Container: (null) Non-launch persona: 0)
2026-02-11 18:58:13.004 Db AnalyticsReactNativeE2E[2693:1adbe51] [com.apple.defaults:User Defaults] found no value for key MPPocketRasterScale in CFPrefsSearchListSource<0x600002c06400> (Domain: com.apple.UIKit, Container: (null) Non-launch persona: 0)
2026-02-11 18:58:13.004 I  AnalyticsReactNativeE2E[2693:1adbe62] [com.apple.network:connection] nw_flow_passthrough_notify [C2.1.1 IPv6#606eb413.9091 ready socket-flow (satisfied (Path is satisfied), interface: lo0)] received notification connection_idle
2026-02-11 18:58:13.004 Db AnalyticsReactNativeE2E[2693:1adbe73] [com.apple.network:activity] No threshold for cfnetwork:foreground_task, returning NW_ACTIVITY_DURATION_INVALID
2026-02-11 18:58:13.004 Df AnalyticsReactNativeE2E[2693:1adbe62] [com.apple.network:connection] nw_protocol_socket_notify [C2.1.1:2] nw_protocol_notification_type_connection_idle is true
2026-02-11 18:58:13.004 Db AnalyticsReactNativeE2E[2693:1adbe73] [com.apple.network:activity] No threshold for activity <nw_activity 12:2 [5574F054-DA9D-4FDF-8E86-4DAD9747AF69] (parent is global) (reporting strategy default) complete (reason success)>
2026-02-11 18:58:13.004 E  AnalyticsReactNativeE2E[2693:1adbe62] [com.apple.network:connection] nw_socket_set_connection_idle [C2.1.1:2] setsockopt SO_CONNECTION_IDLE failed [42: Protocol not available]
2026-02-11 18:58:13.006 Db AnalyticsReactNativeE2E[2693:1adbe51] [com.apple.defaults:User Defaults] CFPrefsManagedSource<0x600002c78600> (Domain: com.apple.SwiftUI, User: kCFPreferencesCurrentUser, ByHost: Yes, Container: (null), Contents Need Refresh: No) loaded: an empty base plist and no additional changes from the base plist
2026-02-11 18:58:13.006 Db AnalyticsReactNativeE2E[2693:1adbe51] [com.apple.defaults:User Defaults] CFPrefsManagedSource<0x600002c78680> (Domain: com.apple.SwiftUI, User: kCFPreferencesAnyUser, ByHost: Yes, Container: (null), Contents Need Refresh: No) loaded: an empty base plist and no additional changes from the base plist
2026-02-11 18:58:13.006 Db AnalyticsReactNativeE2E[2693:1adbe51] [com.apple.defaults:User Defaults] CFPrefsPlistSource<0x600002c78580> (Domain: com.apple.SwiftUI, User: kCFPreferencesCurrentUser, ByHost: No, Container: (null), Contents Need Refresh: No) loaded: an empty base plist and no additional changes from the base plist
2026-02-11 18:58:13.006 Db AnalyticsReactNativeE2E[2693:1adbe51] [com.apple.defaults:User Defaults] CFPrefsPlistSource<0x600002c78800> (Domain: com.apple.SwiftUI, User: kCFPreferencesCurrentUser, ByHost: No, Container: /Users/abueide/Library/Developer/CoreSimulator/Devices/651CE25F-D2F4-404C-AC47-0364AA5C94A1/data, Contents Need Refresh: No) loaded: an empty base plist and no additional changes from the base plist
2026-02-11 18:58:13.006 Db AnalyticsReactNativeE2E[2693:1adbe51] [com.apple.defaults:User Defaults] CFPrefsPlistSource<0x600002c78900> (Domain: com.apple.SwiftUI, User: kCFPreferencesCurrentUser, ByHost: Yes, Container: (null), Contents Need Refresh: No) loaded: an empty base plist and no additional changes from the base plist
2026-02-11 18:58:13.006 Db AnalyticsReactNativeE2E[2693:1adbe51] [com.apple.defaults:User Defaults] found no value for key AdaptiveGlassHysteresisLightRangeArray in CFPrefsSearchListSource<0x600002c78500> (Domain: com.apple.SwiftUI, Container: (null) Non-launch persona: 0)
2026-02-11 18:58:13.006 Db AnalyticsReactNativeE2E[2693:1adbe51] [com.apple.defaults:User Defaults] found no value for key AdaptiveGlassHysteresisDarkRangeArray in CFPrefsSearchListSource<0x600002c78500> (Domain: com.apple.SwiftUI, Container: (null) Non-launch persona: 0)
2026-02-11 18:58:13.006 Db AnalyticsReactNativeE2E[2693:1adbe51] [com.apple.defaults:User Defaults] found no value for key MPLumaTrackingAnimationDuration in CFPrefsSearchListSource<0x600002c06400> (Domain: com.apple.UIKit, Container: (null) Non-launch persona: 0)
2026-02-11 18:58:13.006 Db AnalyticsReactNativeE2E[2693:1adbe51] [com.apple.defaults:User Defaults] found no value for key MPLumaTrackingEMAWeight in CFPrefsSearchListSource<0x600002c06400> (Domain: com.apple.UIKit, Container: (null) Non-launch persona: 0)
2026-02-11 18:58:13.006 Db AnalyticsReactNativeE2E[2693:1adbe51] [com.apple.defaults:User Defaults] found no value for key MPLumaTrackingEMASettleDelay in CFPrefsSearchListSource<0x600002c06400> (Domain: com.apple.UIKit, Container: (null) Non-launch persona: 0)
2026-02-11 18:58:13.006 Db AnalyticsReactNativeE2E[2693:1adbe51] [com.apple.defaults:User Defaults] found no value for key MPMinimumAnimationFPS in CFPrefsSearchListSource<0x600002c06400> (Domain: com.apple.UIKit, Container: (null) Non-launch persona: 0)
2026-02-11 18:58:13.007 Db AnalyticsReactNativeE2E[2693:1adbe51] [com.apple.CFBundle:resources] Language lookup at CFBundle 0x600003b24d20 </Library/Developer/CoreSimulator/Volumes/iOS_23C54/Library/Developer/CoreSimulator/Profiles/Runtimes/iOS 26.2.simruntime/Contents/Resources/RuntimeRoot/System/Library/PrivateFrameworks/UIKitCore.framework/Artwork.bundle> (not loaded)
	Localizations : [en]
	Dev language  : en
	User prefs    : [en-US]
	Main bundle   : [en]
	Allow mixed   : 0 
	Result        : [en]
2026-02-11 18:58:13.008 Db AnalyticsReactNativeE2E[2693:1adbe51] [com.apple.CFBundle:resources] Resource lookup at CFBundle 0x600003b24d20 </Library/Developer/CoreSimulator/Volumes/iOS_23C54/Library/Developer/CoreSimulator/Profiles/Runtimes/iOS 26.2.simruntime/Contents/Resources/RuntimeRoot/System/Library/PrivateFrameworks/UIKitCore.framework/Artwork.bundle> (not loaded)
	Request       : Assets type: car
	Result        : file:///Library/Developer/CoreSimulator/Volumes/iOS_23C54/Library/Developer/CoreSimulator/Profiles/Runtimes/iOS%2026.2.simruntime/Contents/Resources/RuntimeRoot/System/Library/PrivateFrameworks/UIKitCore.framework/Artwork.bundle/Assets.car
2026-02-11 18:58:13.008 Db AnalyticsReactNativeE2E[2693:1adbe51] [com.apple.defaults:User Defaults] looked up value 1 for key RCTI18nUtil_makeRTLFlipLeftAndRightStyles in CFPrefsPlistSource<0x600002c04180> (Domain: org.reactjs.native.example.AnalyticsReactNativeE2E, User: kCFPreferencesCurrentUser, ByHost: No, Container: (null), Contents Need Refresh: No) via CFPrefsSearchListSource<0x600002c0c300> (Domain: org.reactjs.native.example.AnalyticsReactNativeE2E, Container: (null) Non-launch persona: 0)
2026-02-11 18:58:13.008 Db AnalyticsReactNativeE2E[2693:1adbe51] [com.apple.defaults:User Defaults] looked up value 1 for key RCTI18nUtil_makeRTLFlipLeftAndRightStyles in CFPrefsPlistSource<0x600002c04180> (Domain: org.reactjs.native.example.AnalyticsReactNativeE2E, User: kCFPreferencesCurrentUser, ByHost: No, Container: (null), Contents Need Refresh: No) via CFPrefsSearchListSource<0x600002c0c300> (Domain: org.reactjs.native.example.AnalyticsReactNativeE2E, Container: (null) Non-launch persona: 0)
2026-02-11 18:58:13.008 Db AnalyticsReactNativeE2E[2693:1adbe51] [com.apple.defaults:User Defaults] looked up value 1 for key RCTI18nUtil_makeRTLFlipLeftAndRightStyles in CFPrefsPlistSource<0x600002c04180> (Domain: org.reactjs.native.example.AnalyticsReactNativeE2E, User: kCFPreferencesCurrentUser, ByHost: No, Container: (null), Contents Need Refresh: No) via CFPrefsSearchListSource<0x600002c0c300> (Domain: org.reactjs.native.example.AnalyticsReactNativeE2E, Container: (null) Non-launch persona: 0)
2026-02-11 18:58:13.008 Db AnalyticsReactNativeE2E[2693:1adbe51] [com.apple.defaults:User Defaults] looked up value 1 for key RCTI18nUtil_makeRTLFlipLeftAndRightStyles in CFPrefsPlistSource<0x600002c04180> (Domain: org.reactjs.native.example.AnalyticsReactNativeE2E, User: kCFPreferencesCurrentUser, ByHost: No, Container: (null), Contents Need Refresh: No) via CFPrefsSearchListSource<0x600002c0c300> (Domain: org.reactjs.native.example.AnalyticsReactNativeE2E, Container: (null) Non-launch persona: 0)
2026-02-11 18:58:13.008 Db AnalyticsReactNativeE2E[2693:1adbe51] [com.apple.defaults:User Defaults] looked up value 1 for key RCTI18nUtil_makeRTLFlipLeftAndRightStyles in CFPrefsPlistSource<0x600002c04180> (Domain: org.reactjs.native.example.AnalyticsReactNativeE2E, User: kCFPreferencesCurrentUser, ByHost: No, Container: (null), Contents Need Refresh: No) via CFPrefsSearchListSource<0x600002c0c300> (Domain: org.reactjs.native.example.AnalyticsReactNativeE2E, Container: (null) Non-launch persona: 0)
2026-02-11 18:58:13.008 Db AnalyticsReactNativeE2E[2693:1adbe51] [com.apple.defaults:User Defaults] looked up value 1 for key RCTI18nUtil_makeRTLFlipLeftAndRightStyles in CFPrefsPlistSource<0x600002c04180> (Domain: org.reactjs.native.example.AnalyticsReactNativeE2E, User: kCFPreferencesCurrentUser, ByHost: No, Container: (null), Contents Need Refresh: No) via CFPrefsSearchListSource<0x600002c0c300> (Domain: org.reactjs.native.example.AnalyticsReactNativeE2E, Container: (null) Non-launch persona: 0)
2026-02-11 18:58:13.008 Db AnalyticsReactNativeE2E[2693:1adbe51] [com.apple.defaults:User Defaults] looked up value 1 for key RCTI18nUtil_makeRTLFlipLeftAndRightStyles in CFPrefsPlistSource<0x600002c04180> (Domain: org.reactjs.native.example.AnalyticsReactNativeE2E, User: kCFPreferencesCurrentUser, ByHost: No, Container: (null), Contents Need Refresh: No) via CFPrefsSearchListSource<0x600002c0c300> (Domain: org.reactjs.native.example.AnalyticsReactNativeE2E, Container: (null) Non-launch persona: 0)
2026-02-11 18:58:13.008 Db AnalyticsReactNativeE2E[2693:1adbe51] [com.apple.defaults:User Defaults] looked up value 1 for key RCTI18nUtil_makeRTLFlipLeftAndRightStyles in CFPrefsPlistSource<0x600002c04180> (Domain: org.reactjs.native.example.AnalyticsReactNativeE2E, User: kCFPreferencesCurrentUser, ByHost: No, Container: (null), Contents Need Refresh: No) via CFPrefsSearchListSource<0x600002c0c300> (Domain: org.reactjs.native.example.AnalyticsReactNativeE2E, Container: (null) Non-launch persona: 0)
2026-02-11 18:58:13.008 Db AnalyticsReactNativeE2E[2693:1adbe51] [com.apple.defaults:User Defaults] looked up value 1 for key RCTI18nUtil_makeRTLFlipLeftAndRightStyles in CFPrefsPlistSource<0x600002c04180> (Domain: org.reactjs.native.example.AnalyticsReactNativeE2E, User: kCFPreferencesCurrentUser, ByHost: No, Container: (null), Contents Need Refresh: No) via CFPrefsSearchListSource<0x600002c0c300> (Domain: org.reactjs.native.example.AnalyticsReactNativeE2E, Container: (null) Non-launch persona: 0)
2026-02-11 18:58:13.008 Db AnalyticsReactNativeE2E[2693:1adbe51] [com.apple.defaults:User Defaults] looked up value 1 for key RCTI18nUtil_makeRTLFlipLeftAndRightStyles in CFPrefsPlistSource<0x600002c04180> (Domain: org.reactjs.native.example.AnalyticsReactNativeE2E, User: kCFPreferencesCurrentUser, ByHost: No, Container: (null), Contents Need Refresh: No) via CFPrefsSearchListSource<0x600002c0c300> (Domain: org.reactjs.native.example.AnalyticsReactNativeE2E, Container: (null) Non-launch persona: 0)
2026-02-11 18:58:13.008 Db AnalyticsReactNativeE2E[2693:1adbe51] [com.apple.defaults:User Defaults] looked up value 1 for key RCTI18nUtil_makeRTLFlipLeftAndRightStyles in CFPrefsPlistSource<0x600002c04180> (Domain: org.reactjs.native.example.AnalyticsReactNativeE2E, User: kCFPreferencesCurrentUser, ByHost: No, Container: (null), Contents Need Refresh: No) via CFPrefsSearchListSource<0x600002c0c300> (Domain: org.reactjs.native.example.AnalyticsReactNativeE2E, Container: (null) Non-launch persona: 0)
2026-02-11 18:58:13.008 Db AnalyticsReactNativeE2E[2693:1adbe51] [com.apple.defaults:User Defaults] looked up value 1 for key RCTI18nUtil_makeRTLFlipLeftAndRightStyles in CFPrefsPlistSource<0x600002c04180> (Domain: org.reactjs.native.example.AnalyticsReactNativeE2E, User: kCFPreferencesCurrentUser, ByHost: No, Container: (null), Contents Need Refresh: No) via CFPrefsSearchListSource<0x600002c0c300> (Domain: org.reactjs.native.example.AnalyticsReactNativeE2E, Container: (null) Non-launch persona: 0)
2026-02-11 18:58:13.008 Db AnalyticsReactNativeE2E[2693:1adbe51] [com.apple.defaults:User Defaults] looked up value 1 for key RCTI18nUtil_makeRTLFlipLeftAndRightStyles in CFPrefsPlistSource<0x600002c04180> (Domain: org.reactjs.native.example.AnalyticsReactNativeE2E, User: kCFPreferencesCurrentUser, ByHost: No, Container: (null), Contents Need Refresh: No) via CFPrefsSearchListSource<0x600002c0c300> (Domain: org.reactjs.native.example.AnalyticsReactNativeE2E, Container: (null) Non-launch persona: 0)
2026-02-11 18:58:13.008 Db AnalyticsReactNativeE2E[2693:1adbe51] [com.apple.defaults:User Defaults] looked up value 1 for key RCTI18nUtil_makeRTLFlipLeftAndRightStyles in CFPrefsPlistSource<0x600002c04180> (Domain: org.reactjs.native.example.AnalyticsReactNativeE2E, User: kCFPreferencesCurrentUser, ByHost: No, Container: (null), Contents Need Refresh: No) via CFPrefsSearchListSource<0x600002c0c300> (Domain: org.reactjs.native.example.AnalyticsReactNativeE2E, Container: (null) Non-launch persona: 0)
2026-02-11 18:58:13.008 Db AnalyticsReactNativeE2E[2693:1adbe51] [com.apple.defaults:User Defaults] looked up value 1 for key RCTI18nUtil_makeRTLFlipLeftAndRightStyles in CFPrefsPlistSource<0x600002c04180> (Domain: org.reactjs.native.example.AnalyticsReactNativeE2E, User: kCFPreferencesCurrentUser, ByHost: No, Container: (null), Contents Need Refresh: No) via CFPrefsSearchListSource<0x600002c0c300> (Domain: org.reactjs.native.example.AnalyticsReactNativeE2E, Container: (null) Non-launch persona: 0)
