2026-02-11 18:23:27.401 Db AnalyticsReactNativeE2E[93335:1ac757b] [com.apple.networkextension:] ne_tracker_check_is_hostname_blocked() proceeding with the in_the_app check for hostname: localhost
2026-02-11 18:23:27.401 Db AnalyticsReactNativeE2E[93335:1ac757b] [com.apple.CFBundle:resources] Resource lookup at CFBundle 0x600003b04380 </Users/abueide/Library/Developer/CoreSimulator/Devices/651CE25F-D2F4-404C-AC47-0364AA5C94A1/data/Containers/Bundle/Application/BFE8FF65-02A9-4063-89B9-4C849CC3B473/AnalyticsReactNativeE2E.app> (executable, loaded)
	Request       : InfoPlist type: strings
	Result        : None
2026-02-11 18:23:27.401 Db AnalyticsReactNativeE2E[93335:1ac757b] [com.apple.CFBundle:resources] Resource lookup at CFBundle 0x600003b04380 </Users/abueide/Library/Developer/CoreSimulator/Devices/651CE25F-D2F4-404C-AC47-0364AA5C94A1/data/Containers/Bundle/Application/BFE8FF65-02A9-4063-89B9-4C849CC3B473/AnalyticsReactNativeE2E.app> (executable, loaded)
	Request       : InfoPlist type: stringsdict
	Result        : None
2026-02-11 18:23:27.401 Db AnalyticsReactNativeE2E[93335:1ac757b] [com.apple.networkextension:] ne_tracker_check_is_hostname_blocked(): hostname localhost is not a tracker. Returning: ne_tracker_status_none
2026-02-11 18:23:27.401 I  AnalyticsReactNativeE2E[93335:1ac757b] [com.apple.network:connection] nw_resolver_create_dns_service_locked [C2.1] Starting host resolution Hostname#38aabde4:9091, flags 0xc000d000 proto 0
2026-02-11 18:23:27.401 Df AnalyticsReactNativeE2E[93335:1ac757b] [com.apple.CFNetwork:Default] Task <65FE180B-3860-4B57-ADEE-322DAAD21B91>.<1> setting up Connection 2
2026-02-11 18:23:27.401 Db AnalyticsReactNativeE2E[93335:1ac757b] [com.apple.network:activity] Returning should log: 0 for activity cfnetwork:foreground_task
2026-02-11 18:23:27.401 I  AnalyticsReactNativeE2E[93335:1ac757b] [com.apple.network:connection] nw_resolver_host_resolve_callback [C2.1] flags=0x40000003 ifindex=4294967295 error=NoError(0) hostname=localhost. addr=IPv6#42dcb318 ttl=1
2026-02-11 18:23:27.401 I  AnalyticsReactNativeE2E[93335:1ac757b] [com.apple.network:connection] nw_resolver_host_resolve_callback [C2.1] flags=0x40000002 ifindex=4294967295 error=NoError(0) hostname=localhost. addr=IPv4#5c4f4b36 ttl=1
2026-02-11 18:23:27.401 Db AnalyticsReactNativeE2E[93335:1ac74b0] [com.apple.CFBundle:resources] Language lookup at CFBundle 0x600003b49500 </Library/Developer/CoreSimulator/Volumes/iOS_23C54/Library/Developer/CoreSimulator/Profiles/Runtimes/iOS 26.2.simruntime/Contents/Resources/RuntimeRoot/System/Library/PrivateFrameworks/UIKitCore.framework/Artwork.bundle> (not loaded)
	Localizations : [en]
	Dev language  : en
	User prefs    : [en-US]
	Main bundle   : [en]
	Allow mixed   : 0 
	Result        : [en]
2026-02-11 18:23:27.401 Db AnalyticsReactNativeE2E[93335:1ac757b] [com.apple.network:] sa_dst_compare_rfc6724 Rule 6, prefer d2, d2 precedence 50 > d1 precedence 35
2026-02-11 18:23:27.401 Db AnalyticsReactNativeE2E[93335:1ac757b] [com.apple.network:] sa_dst_compare_internal <private>@0 < <private>@0
2026-02-11 18:23:27.401 Db AnalyticsReactNativeE2E[93335:1ac757b] [com.apple.network:connection] nw_endpoint_resolver_update [C2.1 Hostname#38aabde4:9091 in_progress resolver (satisfied (Path is satisfied), interface: en0[802.11], uses wifi, LQM: unknown)] resolver is complete
2026-02-11 18:23:27.401 Df AnalyticsReactNativeE2E[93335:1ac757b] [com.apple.network:connection] nw_endpoint_resolver_update [C2.1 Hostname#38aabde4:9091 in_progress resolver (satisfied (Path is satisfied), interface: en0[802.11], uses wifi, LQM: unknown)] Adding endpoint handler for IPv6#f0ea1b53.9091
2026-02-11 18:23:27.401 Df AnalyticsReactNativeE2E[93335:1ac757b] [com.apple.network:connection] nw_endpoint_resolver_update [C2.1 Hostname#38aabde4:9091 in_progress resolver (satisfied (Path is satisfied), interface: en0[802.11], uses wifi, LQM: unknown)] Adding endpoint handler for IPv4#5e996317:9091
2026-02-11 18:23:27.401 Db AnalyticsReactNativeE2E[93335:1ac757b] [com.apple.network:connection] nw_endpoint_resolver_update [C2.1 Hostname#38aabde4:9091 in_progress resolver (satisfied (Path is satisfied), interface: en0[802.11], uses wifi, LQM: unknown)] Updated endpoint list is (IPv6#f0ea1b53.9091,IPv4#5e996317:9091)
2026-02-11 18:23:27.401 Db AnalyticsReactNativeE2E[93335:1ac757b] [com.apple.network:connection] nw_endpoint_flow_receive_report [C2 Hostname#38aabde4:9091 in_progress parent-flow (satisfied (Path is satisfied), interface: en0[802.11], uses wifi, LQM: unknown)] received child report: [C2.1 Hostname#38aabde4:9091 in_progress resolver (satisfied (Path is satisfied), interface: en0[802.11], uses wifi, LQM: unknown)]
2026-02-11 18:23:27.401 Df AnalyticsReactNativeE2E[93335:1ac757b] [com.apple.network:connection] [C2.1 Hostname#38aabde4:9091 in_progress resolver (satisfied (Path is satisfied), interface: en0[802.11], uses wifi, LQM: unknown)] event: resolver:receive_dns @0.001s
2026-02-11 18:23:27.401 I  AnalyticsReactNativeE2E[93335:1ac757b] [com.apple.network:connection] nw_endpoint_resolver_start_next_child [C2.1 Hostname#38aabde4:9091 in_progress resolver (satisfied (Path is satisfied), interface: en0[802.11], uses wifi, LQM: unknown)] starting child endpoint IPv6#f0ea1b53.9091
2026-02-11 18:23:27.401 I  AnalyticsReactNativeE2E[93335:1ac757b] [com.apple.network:connection] nw_endpoint_handler_start [C2.1.1 IPv6#f0ea1b53.9091 initial path ((null))]
2026-02-11 18:23:27.401 Db AnalyticsReactNativeE2E[93335:1ac757b] [com.apple.network:connection] nw_endpoint_resolver_receive_report [C2.1 Hostname#38aabde4:9091 in_progress resolver (satisfied (Path is satisfied), interface: en0[802.11], uses wifi, LQM: unknown)] received child report: [C2.1.1 IPv6#f0ea1b53.9091 initial path ((null))]
2026-02-11 18:23:27.401 Db AnalyticsReactNativeE2E[93335:1ac757b] [com.apple.network:connection] nw_endpoint_flow_receive_report [C2 Hostname#38aabde4:9091 in_progress parent-flow (satisfied (Path is satisfied), interface: en0[802.11], uses wifi, LQM: unknown)] received child report: [C2.1.1 IPv6#f0ea1b53.9091 initial path ((null))]
2026-02-11 18:23:27.401 Db AnalyticsReactNativeE2E[93335:1ac74b0] [com.apple.CFBundle:resources] Resource lookup at CFBundle 0x600003b49500 </Library/Developer/CoreSimulator/Volumes/iOS_23C54/Library/Developer/CoreSimulator/Profiles/Runtimes/iOS 26.2.simruntime/Contents/Resources/RuntimeRoot/System/Library/PrivateFrameworks/UIKitCore.framework/Artwork.bundle> (not loaded)
	Request       : Assets type: car
	Result        : file:///Library/Developer/CoreSimulator/Volumes/iOS_23C54/Library/Developer/CoreSimulator/Profiles/Runtimes/iOS%2026.2.simruntime/Contents/Resources/RuntimeRoot/System/Library/PrivateFrameworks/UIKitCore.framework/Artwork.bundle/Assets.car
2026-02-11 18:23:27.401 Df AnalyticsReactNativeE2E[93335:1ac757b] [com.apple.network:connection] [C2.1.1 IPv6#f0ea1b53.9091 initial path ((null))] event: path:start @0.001s
2026-02-11 18:23:27.401 Db AnalyticsReactNativeE2E[93335:1ac757b] [com.apple.network:connection] nw_endpoint_handler_path_change [C2.1.1 IPv6#f0ea1b53.9091 waiting path (satisfied (Path is satisfied), interface: lo0)]
2026-02-11 18:23:27.401 Db AnalyticsReactNativeE2E[93335:1ac757b] [com.apple.network:connection] nw_endpoint_resolver_receive_report [C2.1 Hostname#38aabde4:9091 in_progress resolver (satisfied (Path is satisfied), interface: en0[802.11], uses wifi, LQM: unknown)] received child report: [C2.1.1 IPv6#f0ea1b53.9091 waiting path (satisfied (Path is satisfied), interface: lo0)]
2026-02-11 18:23:27.401 Db AnalyticsReactNativeE2E[93335:1ac757b] [com.apple.network:connection] nw_endpoint_flow_receive_report [C2 Hostname#38aabde4:9091 in_progress parent-flow (satisfied (Path is satisfied), interface: en0[802.11], uses wifi, LQM: unknown)] received child report: [C2.1.1 IPv6#f0ea1b53.9091 waiting path (satisfied (Path is satisfied), interface: lo0)]
2026-02-11 18:23:27.401 Df AnalyticsReactNativeE2E[93335:1ac757b] [com.apple.network:connection] [C2.1.1 IPv6#f0ea1b53.9091 waiting path (satisfied (Path is satisfied), interface: lo0)] event: path:satisfied @0.001s, uuid: 327DE1C9-909F-473E-8401-1435730C8512
2026-02-11 18:23:27.401 Db AnalyticsReactNativeE2E[93335:1ac757b] [com.apple.network:] nw_endpoint_proxy_handler_should_use_proxy Looking up proxy for hostname: <nil>, ifindex: 0
2026-02-11 18:23:27.401 Db AnalyticsReactNativeE2E[93335:1ac757b] [com.apple.SystemConfiguration:SCPreferences] create <SCPreferences 0x101f1a590 [0x1e578fa80]> {name = SCDynamicStoreCopyProxiesWithOptions, id = /Library/Managed Preferences/mobile/com.apple.SystemConfiguration.plist, path = /Library/Managed Preferences/mobile/com.apple.SystemConfiguration.plist}
2026-02-11 18:23:27.401 Db AnalyticsReactNativeE2E[93335:1ac757b] [com.apple.SystemConfiguration:SCPreferences] SCPreferences() access: /Library/Managed Preferences/mobile/com.apple.SystemConfiguration.plist, size=0
2026-02-11 18:23:27.401 Db AnalyticsReactNativeE2E[93335:1ac757b] [com.apple.SystemConfiguration:SCPreferences] release <SCPreferences 0x101f1a590 [0x1e578fa80]> {name = SCDynamicStoreCopyProxiesWithOptions, id = /Library/Managed Preferences/mobile/com.apple.SystemConfiguration.plist, path = /Library/Managed Preferences/mobile/com.apple.SystemConfiguration.plist, accessed}
2026-02-11 18:23:27.401 I  AnalyticsReactNativeE2E[93335:1ac757b] [com.apple.network:connection] nw_association_create_flow <nw_association IPv6#f0ea1b53.9091> Added association flow ID 8315D5F7-E994-4203-9851-47DA0B49C154
2026-02-11 18:23:27.401 I  AnalyticsReactNativeE2E[93335:1ac757b] [com.apple.network:connection] nw_endpoint_flow_setup_protocols [C2.1.1 IPv6#f0ea1b53.9091 in_progress socket-flow (satisfied (Path is satisfied), interface: lo0)] setup flow id 8315D5F7-E994-4203-9851-47DA0B49C154
2026-02-11 18:23:27.401 Db AnalyticsReactNativeE2E[93335:1ac757b] [com.apple.network:connection] nw_endpoint_flow_attach_protocols [C2.1.1 IPv6#f0ea1b53.9091 in_progress socket-flow (satisfied (Path is satisfied), interface: lo0)]
2026-02-11 18:23:27.401 Db AnalyticsReactNativeE2E[93335:1ac757b] [com.apple.network:connection] nw_endpoint_flow_attach_protocols_block_invoke [C2.1.1 IPv6#f0ea1b53.9091 in_progress socket-flow (satisfied (Path is satisfied), interface: lo0)] Attached application protocol: CFNetworkConnection-911644640
2026-02-11 18:23:27.401 Db AnalyticsReactNativeE2E[93335:1ac757b] [com.apple.network:] nw_fd_wrapper_create Created <fd_wrapper 13, guarded: false>
2026-02-11 18:23:27.402 Db AnalyticsReactNativeE2E[93335:1ac757b] [com.apple.network:connection] nw_endpoint_flow_attach_protocols [C2.1.1 IPv6#f0ea1b53.9091 in_progress socket-flow (satisfied (Path is satisfied), interface: lo0)] Attached socket protocol
2026-02-11 18:23:27.402 Db AnalyticsReactNativeE2E[93335:1ac757b] [com.apple.network:connection] nw_endpoint_flow_setup_protocols [C2.1.1 IPv6#f0ea1b53.9091 in_progress socket-flow (satisfied (Path is satisfied), interface: lo0)] leaf flow starting
2026-02-11 18:23:27.402 Db AnalyticsReactNativeE2E[93335:1ac757b] [com.apple.network:connection] nw_endpoint_resolver_receive_report [C2.1 Hostname#38aabde4:9091 in_progress resolver (satisfied (Path is satisfied), interface: en0[802.11], uses wifi, LQM: unknown)] received child report: [C2.1.1 IPv6#f0ea1b53.9091 in_progress socket-flow (satisfied (Path is satisfied), interface: lo0)]
2026-02-11 18:23:27.402 Db AnalyticsReactNativeE2E[93335:1ac757b] [com.apple.network:connection] nw_endpoint_flow_receive_report [C2 Hostname#38aabde4:9091 in_progress parent-flow (satisfied (Path is satisfied), interface: en0[802.11], uses wifi, LQM: unknown)] received child report: [C2.1.1 IPv6#f0ea1b53.9091 in_progress socket-flow (satisfied (Path is satisfied), interface: lo0)]
2026-02-11 18:23:27.402 Df AnalyticsReactNativeE2E[93335:1ac757b] [com.apple.network:connection] [C2.1.1 IPv6#f0ea1b53.9091 in_progress socket-flow (satisfied (Path is satisfied), interface: lo0)] event: flow:start_connect @0.002s
2026-02-11 18:23:27.402 I  AnalyticsReactNativeE2E[93335:1ac757b] [com.apple.network:connection] nw_endpoint_resolver_start_next_child [C2.1 Hostname#38aabde4:9091 in_progress resolver (satisfied (Path is satisfied), interface: en0[802.11], uses wifi, LQM: unknown)] starting next child endpoint in 100ms
2026-02-11 18:23:27.402 Db AnalyticsReactNativeE2E[93335:1ac757b] [com.apple.network:connection] nw_socket_handle_socket_event [C2.1.1:2] Event mask: 0x800
2026-02-11 18:23:27.402 Df AnalyticsReactNativeE2E[93335:1ac757b] [com.apple.network:connection] nw_socket_handle_socket_event [C2.1.1:2] Socket received CONNECTED event
2026-02-11 18:23:27.402 Db AnalyticsReactNativeE2E[93335:1ac757b] [com.apple.network:connection] nw_socket_setup_notsent_lowat [C2.1.1:2] Set TCP_NOTSENT_LOWAT(16384)
2026-02-11 18:23:27.402 Df AnalyticsReactNativeE2E[93335:1ac757b] [com.apple.network:connection] nw_flow_connected [C2.1.1 IPv6#f0ea1b53.9091 in_progress socket-flow (satisfied (Path is satisfied), interface: lo0)] Transport protocol connected (socket)
2026-02-11 18:23:27.402 Db AnalyticsReactNativeE2E[93335:1ac757b] [com.apple.network:connection] nw_endpoint_resolver_receive_report [C2.1 Hostname#38aabde4:9091 in_progress resolver (satisfied (Path is satisfied), interface: en0[802.11], uses wifi, LQM: unknown)] received child report: [C2.1.1 IPv6#f0ea1b53.9091 in_progress socket-flow (satisfied (Path is satisfied), interface: lo0)]
2026-02-11 18:23:27.402 Db AnalyticsReactNativeE2E[93335:1ac757b] [com.apple.network:connection] nw_endpoint_flow_receive_report [C2 Hostname#38aabde4:9091 in_progress parent-flow (satisfied (Path is satisfied), interface: en0[802.11], uses wifi, LQM: unknown)] received child report: [C2.1.1 IPv6#f0ea1b53.9091 in_progress socket-flow (satisfied (Path is satisfied), interface: lo0)]
2026-02-11 18:23:27.402 Df AnalyticsReactNativeE2E[93335:1ac757b] [com.apple.network:connection] [C2.1.1 IPv6#f0ea1b53.9091 in_progress socket-flow (satisfied (Path is satisfied), interface: lo0)] event: flow:finish_transport @0.002s
2026-02-11 18:23:27.402 I  AnalyticsReactNativeE2E[93335:1ac757b] [com.apple.network:connection] nw_endpoint_resolver_receive_report [C2.1 Hostname#38aabde4:9091 in_progress resolver (satisfied (Path is satisfied), interface: en0[802.11], uses wifi, LQM: unknown)] pushing out endpoint race by 2000ms
2026-02-11 18:23:27.402 Df AnalyticsReactNativeE2E[93335:1ac757b] [com.apple.network:connection] nw_flow_connected [C2.1.1 IPv6#f0ea1b53.9091 in_progress socket-flow (satisfied (Path is satisfied), interface: lo0)] Output protocol connected (CFNetworkConnection-911644640)
2026-02-11 18:23:27.402 Db AnalyticsReactNativeE2E[93335:1ac757b] [com.apple.network:connection] nw_endpoint_flow_connected_path_change [C2.1.1 IPv6#f0ea1b53.9091 ready socket-flow (satisfied (Path is satisfied), interface: lo0)]
2026-02-11 18:23:27.402 I  AnalyticsReactNativeE2E[93335:1ac757b] [com.apple.network:connection] nw_endpoint_flow_connected_path_change [C2.1.1 IPv6#f0ea1b53.9091 ready socket-flow (satisfied (Path is satisfied), interface: lo0)] Connected path is satisfied, not viable
2026-02-11 18:23:27.402 Db AnalyticsReactNativeE2E[93335:1ac757b] [com.apple.network:connection] nw_endpoint_resolver_receive_report [C2.1 Hostname#38aabde4:9091 in_progress resolver (satisfied (Path is satisfied), interface: en0[802.11], uses wifi, LQM: unknown)] received child report: [C2.1.1 IPv6#f0ea1b53.9091 ready socket-flow (satisfied (Path is satisfied), interface: lo0)]
2026-02-11 18:23:27.402 Db AnalyticsReactNativeE2E[93335:1ac757b] [com.apple.network:connection] nw_endpoint_flow_receive_report [C2 Hostname#38aabde4:9091 in_progress parent-flow (satisfied (Path is satisfied), interface: en0[802.11], uses wifi, LQM: unknown)] received child report: [C2.1.1 IPv6#f0ea1b53.9091 ready socket-flow (satisfied (Path is satisfied), interface: lo0)]
2026-02-11 18:23:27.402 Df AnalyticsReactNativeE2E[93335:1ac757b] [com.apple.network:connection] [C2.1.1 IPv6#f0ea1b53.9091 ready socket-flow (satisfied (Path is satisfied), interface: lo0)] event: flow:child_finish_connect @0.002s
2026-02-11 18:23:27.402 Db AnalyticsReactNativeE2E[93335:1ac757b] [com.apple.network:connection] nw_endpoint_flow_receive_report [C2 IPv6#f0ea1b53.9091 in_progress parent-flow (satisfied (Path is satisfied), interface: en0[802.11], uses wifi, LQM: unknown)] connecting endpoint_flow to child's shared protocol
2026-02-11 18:23:27.402 Db AnalyticsReactNativeE2E[93335:1ac757b] [com.apple.network:connection] nw_endpoint_flow_setup_protocols [C2 IPv6#f0ea1b53.9091 in_progress parent-flow (satisfied (Path is satisfied), interface: en0[802.11], uses wifi, LQM: unknown)] already set up
2026-02-11 18:23:27.402 Db AnalyticsReactNativeE2E[93335:1ac757b] [com.apple.network:connection] nw_endpoint_flow_setup_protocols [C2 IPv6#f0ea1b53.9091 in_progress parent-flow (satisfied (Path is satisfied), interface: en0[802.11], uses wifi, LQM: unknown)] child flow connected, starting
2026-02-11 18:23:27.402 Db AnalyticsReactNativeE2E[93335:1ac757b] [com.apple.network:connection] nw_endpoint_flow_setup_protocols [C2 IPv6#f0ea1b53.9091 in_progress parent-flow (satisfied (Path is satisfied), interface: en0[802.11], uses wifi, LQM: unknown)] already started
2026-02-11 18:23:27.402 Db AnalyticsReactNativeE2E[93335:1ac757b] [com.apple.network:connection] nw_endpoint_flow_receive_report [C2 IPv6#f0ea1b53.9091 in_progress parent-flow (satisfied (Path is satisfied), interface: en0[802.11], uses wifi, LQM: unknown)] received child report: [C2.1 Hostname#38aabde4:9091 ready resolver (satisfied (Path is satisfied), interface: en0[802.11], uses wifi, LQM: unknown)]
2026-02-11 18:23:27.402 Df AnalyticsReactNativeE2E[93335:1ac757b] [com.apple.network:connection] [C2.1 Hostname#38aabde4:9091 ready resolver (satisfied (Path is satisfied), interface: en0[802.11], uses wifi, LQM: unknown)] event: flow:child_finish_connect @0.002s
2026-02-11 18:23:27.402 I  AnalyticsReactNativeE2E[93335:1ac757b] [com.apple.network:connection] nw_endpoint_handler_cancel [C2.1.2 IPv4#5e996317:9091 initial path ((null))]
2026-02-11 18:23:27.402 Db AnalyticsReactNativeE2E[93335:1ac74b0] [com.apple.defaults:User Defaults] looked up value 1 for key RCTI18nUtil_makeRTLFlipLeftAndRightStyles in CFPrefsPlistSource<0x600002c04080> (Domain: org.reactjs.native.example.AnalyticsReactNativeE2E, User: kCFPreferencesCurrentUser, ByHost: No, Container: (null), Contents Need Refresh: No) via CFPrefsSearchListSource<0x600002c10000> (Domain: org.reactjs.native.example.AnalyticsReactNativeE2E, Container: (null) Non-launch persona: 0)
2026-02-11 18:23:27.402 Df AnalyticsReactNativeE2E[93335:1ac757b] [com.apple.network:connection] nw_flow_connected [C2 IPv6#f0ea1b53.9091 in_progress parent-flow (satisfied (Path is satisfied), interface: en0[802.11], uses wifi, LQM: unknown)] Output protocol connected (endpoint_flow)
2026-02-11 18:23:27.402 Db AnalyticsReactNativeE2E[93335:1ac74b0] [com.apple.defaults:User Defaults] looked up value 1 for key RCTI18nUtil_makeRTLFlipLeftAndRightStyles in CFPrefsPlistSource<0x600002c04080> (Domain: org.reactjs.native.example.AnalyticsReactNativeE2E, User: kCFPreferencesCurrentUser, ByHost: No, Container: (null), Contents Need Refresh: No) via CFPrefsSearchListSource<0x600002c10000> (Domain: org.reactjs.native.example.AnalyticsReactNativeE2E, Container: (null) Non-launch persona: 0)
2026-02-11 18:23:27.402 Db AnalyticsReactNativeE2E[93335:1ac757b] [com.apple.network:connection] nw_endpoint_flow_connected_path_change [C2 IPv6#f0ea1b53.9091 ready parent-flow (satisfied (Path is satisfied), interface: en0[802.11], uses wifi, LQM: unknown)]
2026-02-11 18:23:27.402 Db AnalyticsReactNativeE2E[93335:1ac74b0] [com.apple.defaults:User Defaults] looked up value 1 for key RCTI18nUtil_makeRTLFlipLeftAndRightStyles in CFPrefsPlistSource<0x600002c04080> (Domain: org.reactjs.native.example.AnalyticsReactNativeE2E, User: kCFPreferencesCurrentUser, ByHost: No, Container: (null), Contents Need Refresh: No) via CFPrefsSearchListSource<0x600002c10000> (Domain: org.reactjs.native.example.AnalyticsReactNativeE2E, Container: (null) Non-launch persona: 0)
2026-02-11 18:23:27.402 Db AnalyticsReactNativeE2E[93335:1ac74b0] [com.apple.defaults:User Defaults] looked up value 1 for key RCTI18nUtil_makeRTLFlipLeftAndRightStyles in CFPrefsPlistSource<0x600002c04080> (Domain: org.reactjs.native.example.AnalyticsReactNativeE2E, User: kCFPreferencesCurrentUser, ByHost: No, Container: (null), Contents Need Refresh: No) via CFPrefsSearchListSource<0x600002c10000> (Domain: org.reactjs.native.example.AnalyticsReactNativeE2E, Container: (null) Non-launch persona: 0)
2026-02-11 18:23:27.402 Db AnalyticsReactNativeE2E[93335:1ac74b0] [com.apple.defaults:User Defaults] looked up value 1 for key RCTI18nUtil_makeRTLFlipLeftAndRightStyles in CFPrefsPlistSource<0x600002c04080> (Domain: org.reactjs.native.example.AnalyticsReactNativeE2E, User: kCFPreferencesCurrentUser, ByHost: No, Container: (null), Contents Need Refresh: No) via CFPrefsSearchListSource<0x600002c10000> (Domain: org.reactjs.native.example.AnalyticsReactNativeE2E, Container: (null) Non-launch persona: 0)
2026-02-11 18:23:27.402 I  AnalyticsReactNativeE2E[93335:1ac757b] [com.apple.network:connection] nw_endpoint_flow_connected_path_change [C2 IPv6#f0ea1b53.9091 ready parent-flow (satisfied (Path is satisfied), interface: en0[802.11], uses wifi, LQM: unknown)] Connected path is satisfied, child is not viable
2026-02-11 18:23:27.402 Db AnalyticsReactNativeE2E[93335:1ac74b0] [com.apple.defaults:User Defaults] looked up value 1 for key RCTI18nUtil_makeRTLFlipLeftAndRightStyles in CFPrefsPlistSource<0x600002c04080> (Domain: org.reactjs.native.example.AnalyticsReactNativeE2E, User: kCFPreferencesCurrentUser, ByHost: No, Container: (null), Contents Need Refresh: No) via CFPrefsSearchListSource<0x600002c10000> (Domain: org.reactjs.native.example.AnalyticsReactNativeE2E, Container: (null) Non-launch persona: 0)
2026-02-11 18:23:27.402 Df AnalyticsReactNativeE2E[93335:1ac757b] [com.apple.network:connection] [C2 IPv6#f0ea1b53.9091 ready parent-flow (satisfied (Path is satisfied), interface: en0[802.11], uses wifi, LQM: unknown)] event: flow:finish_connect @0.002s
2026-02-11 18:23:27.402 Db AnalyticsReactNativeE2E[93335:1ac74b0] [com.apple.defaults:User Defaults] looked up value 1 for key RCTI18nUtil_makeRTLFlipLeftAndRightStyles in CFPrefsPlistSource<0x600002c04080> (Domain: org.reactjs.native.example.AnalyticsReactNativeE2E, User: kCFPreferencesCurrentUser, ByHost: No, Container: (null), Contents Need Refresh: No) via CFPrefsSearchListSource<0x600002c10000> (Domain: org.reactjs.native.example.AnalyticsReactNativeE2E, Container: (null) Non-launch persona: 0)
2026-02-11 18:23:27.402 Db AnalyticsReactNativeE2E[93335:1ac757b] [com.apple.network:connection] nw_connection_run_pqtls_probe_locked_on_nw_queue [C2] No TLS metadata; not running PQ-TLS probe
2026-02-11 18:23:27.402 Db AnalyticsReactNativeE2E[93335:1ac74b0] [com.apple.defaults:User Defaults] looked up value 1 for key RCTI18nUtil_makeRTLFlipLeftAndRightStyles in CFPrefsPlistSource<0x600002c04080> (Domain: org.reactjs.native.example.AnalyticsReactNativeE2E, User: kCFPreferencesCurrentUser, ByHost: No, Container: (null), Contents Need Refresh: No) via CFPrefsSearchListSource<0x600002c10000> (Domain: org.reactjs.native.example.AnalyticsReactNativeE2E, Container: (null) Non-launch persona: 0)
2026-02-11 18:23:27.402 Db AnalyticsReactNativeE2E[93335:1ac757b] [com.apple.network:connection] nw_connection_run_ech_probe_locked_on_nw_queue [C2] stack doesn't include TLS; not running ECH probe
2026-02-11 18:23:27.402 Db AnalyticsReactNativeE2E[93335:1ac74b0] [com.apple.defaults:User Defaults] looked up value 1 for key RCTI18nUtil_makeRTLFlipLeftAndRightStyles in CFPrefsPlistSource<0x600002c04080> (Domain: org.reactjs.native.example.AnalyticsReactNativeE2E, User: kCFPreferencesCurrentUser, ByHost: No, Container: (null), Contents Need Refresh: No) via CFPrefsSearchListSource<0x600002c10000> (Domain: org.reactjs.native.example.AnalyticsReactNativeE2E, Container: (null) Non-launch persona: 0)
2026-02-11 18:23:27.402 Db AnalyticsReactNativeE2E[93335:1ac757b] [com.apple.network:connection] nw_connection_endpoint_report_on_nw_queue_block_invoke [C2] Connected fallback generation 0
2026-02-11 18:23:27.402 Db AnalyticsReactNativeE2E[93335:1ac74b0] [com.apple.defaults:User Defaults] looked up value 1 for key RCTI18nUtil_makeRTLFlipLeftAndRightStyles in CFPrefsPlistSource<0x600002c04080> (Domain: org.reactjs.native.example.AnalyticsReactNativeE2E, User: kCFPreferencesCurrentUser, ByHost: No, Container: (null), Contents Need Refresh: No) via CFPrefsSearchListSource<0x600002c10000> (Domain: org.reactjs.native.example.AnalyticsReactNativeE2E, Container: (null) Non-launch persona: 0)
2026-02-11 18:23:27.402 I  AnalyticsReactNativeE2E[93335:1ac757b] [com.apple.network:connection] nw_connection_start_candidate_manager_if_needed_locked [C2] Checking whether to start candidate manager
2026-02-11 18:23:27.402 Db AnalyticsReactNativeE2E[93335:1ac74b0] [com.apple.defaults:User Defaults] looked up value 1 for key RCTI18nUtil_makeRTLFlipLeftAndRightStyles in CFPrefsPlistSource<0x600002c04080> (Domain: org.reactjs.native.example.AnalyticsReactNativeE2E, User: kCFPreferencesCurrentUser, ByHost: No, Container: (null), Contents Need Refresh: No) via CFPrefsSearchListSource<0x600002c10000> (Domain: org.reactjs.native.example.AnalyticsReactNativeE2E, Container: (null) Non-launch persona: 0)
2026-02-11 18:23:27.402 Db AnalyticsReactNativeE2E[93335:1ac74b0] [com.apple.defaults:User Defaults] looked up value 1 for key RCTI18nUtil_makeRTLFlipLeftAndRightStyles in CFPrefsPlistSource<0x600002c04080> (Domain: org.reactjs.native.example.AnalyticsReactNativeE2E, User: kCFPreferencesCurrentUser, ByHost: No, Container: (null), Contents Need Refresh: No) via CFPrefsSearchListSource<0x600002c10000> (Domain: org.reactjs.native.example.AnalyticsReactNativeE2E, Container: (null) Non-launch persona: 0)
2026-02-11 18:23:27.402 Db AnalyticsReactNativeE2E[93335:1ac757b] [com.apple.network:connection] nw_connection_start_candidate_manager_if_needed_locked [C2] Connection does not support multipath, not starting candidate manager
2026-02-11 18:23:27.402 Db AnalyticsReactNativeE2E[93335:1ac74b0] [com.apple.defaults:User Defaults] looked up value 1 for key RCTI18nUtil_makeRTLFlipLeftAndRightStyles in CFPrefsPlistSource<0x600002c04080> (Domain: org.reactjs.native.example.AnalyticsReactNativeE2E, User: kCFPreferencesCurrentUser, ByHost: No, Container: (null), Contents Need Refresh: No) via CFPrefsSearchListSource<0x600002c10000> (Domain: org.reactjs.native.example.AnalyticsReactNativeE2E, Container: (null) Non-launch persona: 0)
2026-02-11 18:23:27.402 Df AnalyticsReactNativeE2E[93335:1ac757b] [com.apple.network:connection] nw_connection_report_state_with_handler_on_nw_queue [C2] reporting state ready
2026-02-11 18:23:27.402 Db AnalyticsReactNativeE2E[93335:1ac74b0] [com.apple.defaults:User Defaults] looked up value 1 for key RCTI18nUtil_makeRTLFlipLeftAndRightStyles in CFPrefsPlistSource<0x600002c04080> (Domain: org.reactjs.native.example.AnalyticsReactNativeE2E, User: kCFPreferencesCurrentUser, ByHost: No, Container: (null), Contents Need Refresh: No) via CFPrefsSearchListSource<0x600002c10000> (Domain: org.reactjs.native.example.AnalyticsReactNativeE2E, Container: (null) Non-launch persona: 0)
2026-02-11 18:23:27.402 Db AnalyticsReactNativeE2E[93335:1ac74b0] [com.apple.defaults:User Defaults] looked up value 1 for key RCTI18nUtil_makeRTLFlipLeftAndRightStyles in CFPrefsPlistSource<0x600002c04080> (Domain: org.reactjs.native.example.AnalyticsReactNativeE2E, User: kCFPreferencesCurrentUser, ByHost: No, Container: (null), Contents Need Refresh: No) via CFPrefsSearchListSource<0x600002c10000> (Domain: org.reactjs.native.example.AnalyticsReactNativeE2E, Container: (null) Non-launch persona: 0)
2026-02-11 18:23:27.402 Df AnalyticsReactNativeE2E[93335:1ac757b] [com.apple.CFNetwork:Default] Connection 2: connected successfully
2026-02-11 18:23:27.403 Db AnalyticsReactNativeE2E[93335:1ac74b0] [com.apple.defaults:User Defaults] looked up value 1 for key RCTI18nUtil_makeRTLFlipLeftAndRightStyles in CFPrefsPlistSource<0x600002c04080> (Domain: org.reactjs.native.example.AnalyticsReactNativeE2E, User: kCFPreferencesCurrentUser, ByHost: No, Container: (null), Contents Need Refresh: No) via CFPrefsSearchListSource<0x600002c10000> (Domain: org.reactjs.native.example.AnalyticsReactNativeE2E, Container: (null) Non-launch persona: 0)
2026-02-11 18:23:27.403 Df AnalyticsReactNativeE2E[93335:1ac757b] [com.apple.CFNetwork:Default] Connection 2: ready C(N) E(N)
2026-02-11 18:23:27.403 Db AnalyticsReactNativeE2E[93335:1ac74b0] [com.apple.defaults:User Defaults] looked up value 1 for key RCTI18nUtil_makeRTLFlipLeftAndRightStyles in CFPrefsPlistSource<0x600002c04080> (Domain: org.reactjs.native.example.AnalyticsReactNativeE2E, User: kCFPreferencesCurrentUser, ByHost: No, Container: (null), Contents Need Refresh: No) via CFPrefsSearchListSource<0x600002c10000> (Domain: org.reactjs.native.example.AnalyticsReactNativeE2E, Container: (null) Non-launch persona: 0)
2026-02-11 18:23:27.403 Db AnalyticsReactNativeE2E[93335:1ac74b0] [com.apple.defaults:User Defaults] looked up value 1 for key RCTI18nUtil_makeRTLFlipLeftAndRightStyles in CFPrefsPlistSource<0x600002c04080> (Domain: org.reactjs.native.example.AnalyticsReactNativeE2E, User: kCFPreferencesCurrentUser, ByHost: No, Container: (null), Contents Need Refresh: No) via CFPrefsSearchListSource<0x600002c10000> (Domain: org.reactjs.native.example.AnalyticsReactNativeE2E, Container: (null) Non-launch persona: 0)
2026-02-11 18:23:27.403 Db AnalyticsReactNativeE2E[93335:1ac757b] [com.apple.CFNetwork:Default] Task <65FE180B-3860-4B57-ADEE-322DAAD21B91>.<1> done setting up Connection 2
2026-02-11 18:23:27.403 Db AnalyticsReactNativeE2E[93335:1ac74b0] [com.apple.defaults:User Defaults] looked up value 1 for key RCTI18nUtil_makeRTLFlipLeftAndRightStyles in CFPrefsPlistSource<0x600002c04080> (Domain: org.reactjs.native.example.AnalyticsReactNativeE2E, User: kCFPreferencesCurrentUser, ByHost: No, Container: (null), Contents Need Refresh: No) via CFPrefsSearchListSource<0x600002c10000> (Domain: org.reactjs.native.example.AnalyticsReactNativeE2E, Container: (null) Non-launch persona: 0)
2026-02-11 18:23:27.403 Db AnalyticsReactNativeE2E[93335:1ac74b0] [com.apple.defaults:User Defaults] looked up value 1 for key RCTI18nUtil_makeRTLFlipLeftAndRightStyles in CFPrefsPlistSource<0x600002c04080> (Domain: org.reactjs.native.example.AnalyticsReactNativeE2E, User: kCFPreferencesCurrentUser, ByHost: No, Container: (null), Contents Need Refresh: No) via CFPrefsSearchListSource<0x600002c10000> (Domain: org.reactjs.native.example.AnalyticsReactNativeE2E, Container: (null) Non-launch persona: 0)
2026-02-11 18:23:27.403 Db AnalyticsReactNativeE2E[93335:1ac757b] [com.apple.network:activity] Returning should log: 0 for activity cfnetwork:foreground_task
2026-02-11 18:23:27.403 Db AnalyticsReactNativeE2E[93335:1ac74b0] [com.apple.defaults:User Defaults] looked up value 1 for key RCTI18nUtil_makeRTLFlipLeftAndRightStyles in CFPrefsPlistSource<0x600002c04080> (Domain: org.reactjs.native.example.AnalyticsReactNativeE2E, User: kCFPreferencesCurrentUser, ByHost: No, Container: (null), Contents Need Refresh: No) via CFPrefsSearchListSource<0x600002c10000> (Domain: org.reactjs.native.example.AnalyticsReactNativeE2E, Container: (null) Non-launch persona: 0)
2026-02-11 18:23:27.403 Df AnalyticsReactNativeE2E[93335:1ac757b] [com.apple.CFNetwork:Default] Task <65FE180B-3860-4B57-ADEE-322DAAD21B91>.<1> now using Connection 2
2026-02-11 18:23:27.403 Db AnalyticsReactNativeE2E[93335:1ac74b0] [com.apple.defaults:User Defaults] looked up value 1 for key RCTI18nUtil_makeRTLFlipLeftAndRightStyles in CFPrefsPlistSource<0x600002c04080> (Domain: org.reactjs.native.example.AnalyticsReactNativeE2E, User: kCFPreferencesCurrentUser, ByHost: No, Container: (null), Contents Need Refresh: No) via CFPrefsSearchListSource<0x600002c10000> (Domain: org.reactjs.native.example.AnalyticsReactNativeE2E, Container: (null) Non-launch persona: 0)
2026-02-11 18:23:27.403 Db AnalyticsReactNativeE2E[93335:1ac757b] [com.apple.network:activity] Returning should log: 0 for activity cfnetwork:foreground_task
2026-02-11 18:23:27.403 Db AnalyticsReactNativeE2E[93335:1ac74b0] [com.apple.defaults:User Defaults] looked up value 1 for key RCTI18nUtil_makeRTLFlipLeftAndRightStyles in CFPrefsPlistSource<0x600002c04080> (Domain: org.reactjs.native.example.AnalyticsReactNativeE2E, User: kCFPreferencesCurrentUser, ByHost: No, Container: (null), Contents Need Refresh: No) via CFPrefsSearchListSource<0x600002c10000> (Domain: org.reactjs.native.example.AnalyticsReactNativeE2E, Container: (null) Non-launch persona: 0)
2026-02-11 18:23:27.403 Db AnalyticsReactNativeE2E[93335:1ac74b0] [com.apple.defaults:User Defaults] looked up value 1 for key RCTI18nUtil_makeRTLFlipLeftAndRightStyles in CFPrefsPlistSource<0x600002c04080> (Domain: org.reactjs.native.example.AnalyticsReactNativeE2E, User: kCFPreferencesCurrentUser, ByHost: No, Container: (null), Contents Need Refresh: No) via CFPrefsSearchListSource<0x600002c10000> (Domain: org.reactjs.native.example.AnalyticsReactNativeE2E, Container: (null) Non-launch persona: 0)
2026-02-11 18:23:27.403 Db AnalyticsReactNativeE2E[93335:1ac74b0] [com.apple.defaults:User Defaults] looked up value 1 for key RCTI18nUtil_makeRTLFlipLeftAndRightStyles in CFPrefsPlistSource<0x600002c04080> (Domain: org.reactjs.native.example.AnalyticsReactNativeE2E, User: kCFPreferencesCurrentUser, ByHost: No, Container: (null), Contents Need Refresh: No) via CFPrefsSearchListSource<0x600002c10000> (Domain: org.reactjs.native.example.AnalyticsReactNativeE2E, Container: (null) Non-launch persona: 0)
2026-02-11 18:23:27.403 Db AnalyticsReactNativeE2E[93335:1ac74b0] [com.apple.defaults:User Defaults] looked up value 1 for key RCTI18nUtil_makeRTLFlipLeftAndRightStyles in CFPrefsPlistSource<0x600002c04080> (Domain: org.reactjs.native.example.AnalyticsReactNativeE2E, User: kCFPreferencesCurrentUser, ByHost: No, Container: (null), Contents Need Refresh: No) via CFPrefsSearchListSource<0x600002c10000> (Domain: org.reactjs.native.example.AnalyticsReactNativeE2E, Container: (null) Non-launch persona: 0)
2026-02-11 18:23:27.403 Db AnalyticsReactNativeE2E[93335:1ac74b0] [com.apple.defaults:User Defaults] looked up value 1 for key RCTI18nUtil_makeRTLFlipLeftAndRightStyles in CFPrefsPlistSource<0x600002c04080> (Domain: org.reactjs.native.example.AnalyticsReactNativeE2E, User: kCFPreferencesCurrentUser, ByHost: No, Container: (null), Contents Need Refresh: No) via CFPrefsSearchListSource<0x600002c10000> (Domain: org.reactjs.native.example.AnalyticsReactNativeE2E, Container: (null) Non-launch persona: 0)
2026-02-11 18:23:27.403 Db AnalyticsReactNativeE2E[93335:1ac74b0] [com.apple.defaults:User Defaults] looked up value 1 for key RCTI18nUtil_makeRTLFlipLeftAndRightStyles in CFPrefsPlistSource<0x600002c04080> (Domain: org.reactjs.native.example.AnalyticsReactNativeE2E, User: kCFPreferencesCurrentUser, ByHost: No, Container: (null), Contents Need Refresh: No) via CFPrefsSearchListSource<0x600002c10000> (Domain: org.reactjs.native.example.AnalyticsReactNativeE2E, Container: (null) Non-launch persona: 0)
2026-02-11 18:23:27.403 Db AnalyticsReactNativeE2E[93335:1ac74b0] [com.apple.defaults:User Defaults] looked up value 1 for key RCTI18nUtil_makeRTLFlipLeftAndRightStyles in CFPrefsPlistSource<0x600002c04080> (Domain: org.reactjs.native.example.AnalyticsReactNativeE2E, User: kCFPreferencesCurrentUser, ByHost: No, Container: (null), Contents Need Refresh: No) via CFPrefsSearchListSource<0x600002c10000> (Domain: org.reactjs.native.example.AnalyticsReactNativeE2E, Container: (null) Non-launch persona: 0)
2026-02-11 18:23:27.403 Df AnalyticsReactNativeE2E[93335:1ac757b] [com.apple.CFNetwork:Default] Task <65FE180B-3860-4B57-ADEE-322DAAD21B91>.<1> sent request, body N 0
2026-02-11 18:23:27.403 Db AnalyticsReactNativeE2E[93335:1ac74b0] [com.apple.defaults:User Defaults] looked up value 1 for key RCTI18nUtil_makeRTLFlipLeftAndRightStyles in CFPrefsPlistSource<0x600002c04080> (Domain: org.reactjs.native.example.AnalyticsReactNativeE2E, User: kCFPreferencesCurrentUser, ByHost: No, Container: (null), Contents Need Refresh: No) via CFPrefsSearchListSource<0x600002c10000> (Domain: org.reactjs.native.example.AnalyticsReactNativeE2E, Container: (null) Non-launch persona: 0)
2026-02-11 18:23:27.403 Db AnalyticsReactNativeE2E[93335:1ac74b0] [com.apple.defaults:User Defaults] looked up value 1 for key RCTI18nUtil_makeRTLFlipLeftAndRightStyles in CFPrefsPlistSource<0x600002c04080> (Domain: org.reactjs.native.example.AnalyticsReactNativeE2E, User: kCFPreferencesCurrentUser, ByHost: No, Container: (null), Contents Need Refresh: No) via CFPrefsSearchListSource<0x600002c10000> (Domain: org.reactjs.native.example.AnalyticsReactNativeE2E, Container: (null) Non-launch persona: 0)
2026-02-11 18:23:27.403 Db AnalyticsReactNativeE2E[93335:1ac74b0] [com.apple.defaults:User Defaults] looked up value 1 for key RCTI18nUtil_makeRTLFlipLeftAndRightStyles in CFPrefsPlistSource<0x600002c04080> (Domain: org.reactjs.native.example.AnalyticsReactNativeE2E, User: kCFPreferencesCurrentUser, ByHost: No, Container: (null), Contents Need Refresh: No) via CFPrefsSearchListSource<0x600002c10000> (Domain: org.reactjs.native.example.AnalyticsReactNativeE2E, Container: (null) Non-launch persona: 0)
2026-02-11 18:23:27.403 Db AnalyticsReactNativeE2E[93335:1ac74b0] [com.apple.defaults:User Defaults] looked up value 1 for key RCTI18nUtil_makeRTLFlipLeftAndRightStyles in CFPrefsPlistSource<0x600002c04080> (Domain: org.reactjs.native.example.AnalyticsReactNativeE2E, User: kCFPreferencesCurrentUser, ByHost: No, Container: (null), Contents Need Refresh: No) via CFPrefsSearchListSource<0x600002c10000> (Domain: org.reactjs.native.example.AnalyticsReactNativeE2E, Container: (null) Non-launch persona: 0)
2026-02-11 18:23:27.403 Db AnalyticsReactNativeE2E[93335:1ac74b0] [com.apple.defaults:User Defaults] looked up value 1 for key RCTI18nUtil_makeRTLFlipLeftAndRightStyles in CFPrefsPlistSource<0x600002c04080> (Domain: org.reactjs.native.example.AnalyticsReactNativeE2E, User: kCFPreferencesCurrentUser, ByHost: No, Container: (null), Contents Need Refresh: No) via CFPrefsSearchListSource<0x600002c10000> (Domain: org.reactjs.native.example.AnalyticsReactNativeE2E, Container: (null) Non-launch persona: 0)
2026-02-11 18:23:27.403 Db AnalyticsReactNativeE2E[93335:1ac74b0] [com.apple.defaults:User Defaults] looked up value 1 for key RCTI18nUtil_makeRTLFlipLeftAndRightStyles in CFPrefsPlistSource<0x600002c04080> (Domain: org.reactjs.native.example.AnalyticsReactNativeE2E, User: kCFPreferencesCurrentUser, ByHost: No, Container: (null), Contents Need Refresh: No) via CFPrefsSearchListSource<0x600002c10000> (Domain: org.reactjs.native.example.AnalyticsReactNativeE2E, Container: (null) Non-launch persona: 0)
2026-02-11 18:23:27.403 Db AnalyticsReactNativeE2E[93335:1ac74b0] [com.apple.defaults:User Defaults] looked up value 1 for key RCTI18nUtil_makeRTLFlipLeftAndRightStyles in CFPrefsPlistSource<0x600002c04080> (Domain: org.reactjs.native.example.AnalyticsReactNativeE2E, User: kCFPreferencesCurrentUser, ByHost: No, Container: (null), Contents Need Refresh: No) via CFPrefsSearchListSource<0x600002c10000> (Domain: org.reactjs.native.example.AnalyticsReactNativeE2E, Container: (null) Non-launch persona: 0)
2026-02-11 18:23:27.403 Db AnalyticsReactNativeE2E[93335:1ac74b0] [com.apple.defaults:User Defaults] looked up value 1 for key RCTI18nUtil_makeRTLFlipLeftAndRightStyles in CFPrefsPlistSource<0x600002c04080> (Domain: org.reactjs.native.example.AnalyticsReactNativeE2E, User: kCFPreferencesCurrentUser, ByHost: No, Container: (null), Contents Need Refresh: No) via CFPrefsSearchListSource<0x600002c10000> (Domain: org.reactjs.native.example.AnalyticsReactNativeE2E, Container: (null) Non-launch persona: 0)
2026-02-11 18:23:27.403 Db AnalyticsReactNativeE2E[93335:1ac74b0] [com.apple.defaults:User Defaults] looked up value 1 for key RCTI18nUtil_makeRTLFlipLeftAndRightStyles in CFPrefsPlistSource<0x600002c04080> (Domain: org.reactjs.native.example.AnalyticsReactNativeE2E, User: kCFPreferencesCurrentUser, ByHost: No, Container: (null), Contents Need Refresh: No) via CFPrefsSearchListSource<0x600002c10000> (Domain: org.reactjs.native.example.AnalyticsReactNativeE2E, Container: (null) Non-launch persona: 0)
2026-02-11 18:23:27.403 Db AnalyticsReactNativeE2E[93335:1ac74b0] [com.apple.defaults:User Defaults] looked up value 1 for key RCTI18nUtil_makeRTLFlipLeftAndRightStyles in CFPrefsPlistSource<0x600002c04080> (Domain: org.reactjs.native.example.AnalyticsReactNativeE2E, User: kCFPreferencesCurrentUser, ByHost: No, Container: (null), Contents Need Refresh: No) via CFPrefsSearchListSource<0x600002c10000> (Domain: org.reactjs.native.example.AnalyticsReactNativeE2E, Container: (null) Non-launch persona: 0)
2026-02-11 18:23:27.403 Db AnalyticsReactNativeE2E[93335:1ac74b0] [com.apple.defaults:User Defaults] looked up value 1 for key RCTI18nUtil_makeRTLFlipLeftAndRightStyles in CFPrefsPlistSource<0x600002c04080> (Domain: org.reactjs.native.example.AnalyticsReactNativeE2E, User: kCFPreferencesCurrentUser, ByHost: No, Container: (null), Contents Need Refresh: No) via CFPrefsSearchListSource<0x600002c10000> (Domain: org.reactjs.native.example.AnalyticsReactNativeE2E, Container: (null) Non-launch persona: 0)
2026-02-11 18:23:27.403 Db AnalyticsReactNativeE2E[93335:1ac74b0] [com.apple.defaults:User Defaults] looked up value 1 for key RCTI18nUtil_makeRTLFlipLeftAndRightStyles in CFPrefsPlistSource<0x600002c04080> (Domain: org.reactjs.native.example.AnalyticsReactNativeE2E, User: kCFPreferencesCurrentUser, ByHost: No, Container: (null), Contents Need Refresh: No) via CFPrefsSearchListSource<0x600002c10000> (Domain: org.reactjs.native.example.AnalyticsReactNativeE2E, Container: (null) Non-launch persona: 0)
2026-02-11 18:23:27.403 Db AnalyticsReactNativeE2E[93335:1ac74b0] [com.apple.defaults:User Defaults] looked up value 1 for key RCTI18nUtil_makeRTLFlipLeftAndRightStyles in CFPrefsPlistSource<0x600002c04080> (Domain: org.reactjs.native.example.AnalyticsReactNativeE2E, User: kCFPreferencesCurrentUser, ByHost: No, Container: (null), Contents Need Refresh: No) via CFPrefsSearchListSource<0x600002c10000> (Domain: org.reactjs.native.example.AnalyticsReactNativeE2E, Container: (null) Non-launch persona: 0)
2026-02-11 18:23:27.403 Db AnalyticsReactNativeE2E[93335:1ac74b0] [com.apple.defaults:User Defaults] looked up value 1 for key RCTI18nUtil_makeRTLFlipLeftAndRightStyles in CFPrefsPlistSource<0x600002c04080> (Domain: org.reactjs.native.example.AnalyticsReactNativeE2E, User: kCFPreferencesCurrentUser, ByHost: No, Container: (null), Contents Need Refresh: No) via CFPrefsSearchListSource<0x600002c10000> (Domain: org.reactjs.native.example.AnalyticsReactNativeE2E, Container: (null) Non-launch persona: 0)
2026-02-11 18:23:27.403 Db AnalyticsReactNativeE2E[93335:1ac74b0] [com.apple.defaults:User Defaults] looked up value 1 for key RCTI18nUtil_makeRTLFlipLeftAndRightStyles in CFPrefsPlistSource<0x600002c04080> (Domain: org.reactjs.native.example.AnalyticsReactNativeE2E, User: kCFPreferencesCurrentUser, ByHost: No, Container: (null), Contents Need Refresh: No) via CFPrefsSearchListSource<0x600002c10000> (Domain: org.reactjs.native.example.AnalyticsReactNativeE2E, Container: (null) Non-launch persona: 0)
2026-02-11 18:23:27.403 Db AnalyticsReactNativeE2E[93335:1ac74b0] [com.apple.defaults:User Defaults] looked up value 1 for key RCTI18nUtil_makeRTLFlipLeftAndRightStyles in CFPrefsPlistSource<0x600002c04080> (Domain: org.reactjs.native.example.AnalyticsReactNativeE2E, User: kCFPreferencesCurrentUser, ByHost: No, Container: (null), Contents Need Refresh: No) via CFPrefsSearchListSource<0x600002c10000> (Domain: org.reactjs.native.example.AnalyticsReactNativeE2E, Container: (null) Non-launch persona: 0)
2026-02-11 18:23:27.403 Db AnalyticsReactNativeE2E[93335:1ac74b0] [com.apple.defaults:User Defaults] looked up value 1 for key RCTI18nUtil_makeRTLFlipLeftAndRightStyles in CFPrefsPlistSource<0x600002c04080> (Domain: org.reactjs.native.example.AnalyticsReactNativeE2E, User: kCFPreferencesCurrentUser, ByHost: No, Container: (null), Contents Need Refresh: No) via CFPrefsSearchListSource<0x600002c10000> (Domain: org.reactjs.native.example.AnalyticsReactNativeE2E, Container: (null) Non-launch persona: 0)
2026-02-11 18:23:27.403 Db AnalyticsReactNativeE2E[93335:1ac74b0] [com.apple.defaults:User Defaults] looked up value 1 for key RCTI18nUtil_makeRTLFlipLeftAndRightStyles in CFPrefsPlistSource<0x600002c04080> (Domain: org.reactjs.native.example.AnalyticsReactNativeE2E, User: kCFPreferencesCurrentUser, ByHost: No, Container: (null), Contents Need Refresh: No) via CFPrefsSearchListSource<0x600002c10000> (Domain: org.reactjs.native.example.AnalyticsReactNativeE2E, Container: (null) Non-launch persona: 0)
2026-02-11 18:23:27.403 Db AnalyticsReactNativeE2E[93335:1ac74b0] [com.apple.defaults:User Defaults] looked up value 1 for key RCTI18nUtil_makeRTLFlipLeftAndRightStyles in CFPrefsPlistSource<0x600002c04080> (Domain: org.reactjs.native.example.AnalyticsReactNativeE2E, User: kCFPreferencesCurrentUser, ByHost: No, Container: (null), Contents Need Refresh: No) via CFPrefsSearchListSource<0x600002c10000> (Domain: org.reactjs.native.example.AnalyticsReactNativeE2E, Container: (null) Non-launch persona: 0)
2026-02-11 18:23:27.403 Db AnalyticsReactNativeE2E[93335:1ac74b0] [com.apple.defaults:User Defaults] looked up value 1 for key RCTI18nUtil_makeRTLFlipLeftAndRightStyles in CFPrefsPlistSource<0x600002c04080> (Domain: org.reactjs.native.example.AnalyticsReactNativeE2E, User: kCFPreferencesCurrentUser, ByHost: No, Container: (null), Contents Need Refresh: No) via CFPrefsSearchListSource<0x600002c10000> (Domain: org.reactjs.native.example.AnalyticsReactNativeE2E, Container: (null) Non-launch persona: 0)
2026-02-11 18:23:27.403 Db AnalyticsReactNativeE2E[93335:1ac74b0] [com.apple.defaults:User Defaults] looked up value 1 for key RCTI18nUtil_makeRTLFlipLeftAndRightStyles in CFPrefsPlistSource<0x600002c04080> (Domain: org.reactjs.native.example.AnalyticsReactNativeE2E, User: kCFPreferencesCurrentUser, ByHost: No, Container: (null), Contents Need Refresh: No) via CFPrefsSearchListSource<0x600002c10000> (Domain: org.reactjs.native.example.AnalyticsReactNativeE2E, Container: (null) Non-launch persona: 0)
2026-02-11 18:23:27.403 Db AnalyticsReactNativeE2E[93335:1ac74b0] [com.apple.defaults:User Defaults] looked up value 1 for key RCTI18nUtil_makeRTLFlipLeftAndRightStyles in CFPrefsPlistSource<0x600002c04080> (Domain: org.reactjs.native.example.AnalyticsReactNativeE2E, User: kCFPreferencesCurrentUser, ByHost: No, Container: (null), Contents Need Refresh: No) via CFPrefsSearchListSource<0x600002c10000> (Domain: org.reactjs.native.example.AnalyticsReactNativeE2E, Container: (null) Non-launch persona: 0)
2026-02-11 18:23:27.403 Db AnalyticsReactNativeE2E[93335:1ac74b0] [com.apple.defaults:User Defaults] looked up value 1 for key RCTI18nUtil_makeRTLFlipLeftAndRightStyles in CFPrefsPlistSource<0x600002c04080> (Domain: org.reactjs.native.example.AnalyticsReactNativeE2E, User: kCFPreferencesCurrentUser, ByHost: No, Container: (null), Contents Need Refresh: No) via CFPrefsSearchListSource<0x600002c10000> (Domain: org.reactjs.native.example.AnalyticsReactNativeE2E, Container: (null) Non-launch persona: 0)
2026-02-11 18:23:27.403 Db AnalyticsReactNativeE2E[93335:1ac74b0] [com.apple.defaults:User Defaults] looked up value 1 for key RCTI18nUtil_makeRTLFlipLeftAndRightStyles in CFPrefsPlistSource<0x600002c04080> (Domain: org.reactjs.native.example.AnalyticsReactNativeE2E, User: kCFPreferencesCurrentUser, ByHost: No, Container: (null), Contents Need Refresh: No) via CFPrefsSearchListSource<0x600002c10000> (Domain: org.reactjs.native.example.AnalyticsReactNativeE2E, Container: (null) Non-launch persona: 0)
2026-02-11 18:23:27.403 Db AnalyticsReactNativeE2E[93335:1ac74b0] [com.apple.defaults:User Defaults] looked up value 1 for key RCTI18nUtil_makeRTLFlipLeftAndRightStyles in CFPrefsPlistSource<0x600002c04080> (Domain: org.reactjs.native.example.AnalyticsReactNativeE2E, User: kCFPreferencesCurrentUser, ByHost: No, Container: (null), Contents Need Refresh: No) via CFPrefsSearchListSource<0x600002c10000> (Domain: org.reactjs.native.example.AnalyticsReactNativeE2E, Container: (null) Non-launch persona: 0)
2026-02-11 18:23:27.403 Db AnalyticsReactNativeE2E[93335:1ac74b0] [com.apple.defaults:User Defaults] looked up value 1 for key RCTI18nUtil_makeRTLFlipLeftAndRightStyles in CFPrefsPlistSource<0x600002c04080> (Domain: org.reactjs.native.example.AnalyticsReactNativeE2E, User: kCFPreferencesCurrentUser, ByHost: No, Container: (null), Contents Need Refresh: No) via CFPrefsSearchListSource<0x600002c10000> (Domain: org.reactjs.native.example.AnalyticsReactNativeE2E, Container: (null) Non-launch persona: 0)
2026-02-11 18:23:27.403 Db AnalyticsReactNativeE2E[93335:1ac74b0] [com.apple.defaults:User Defaults] looked up value 1 for key RCTI18nUtil_makeRTLFlipLeftAndRightStyles in CFPrefsPlistSource<0x600002c04080> (Domain: org.reactjs.native.example.AnalyticsReactNativeE2E, User: kCFPreferencesCurrentUser, ByHost: No, Container: (null), Contents Need Refresh: No) via CFPrefsSearchListSource<0x600002c10000> (Domain: org.reactjs.native.example.AnalyticsReactNativeE2E, Container: (null) Non-launch persona: 0)
