2026-02-11 19:05:50.134 Db AnalyticsReactNativeE2E[6687:1ae3848] [com.apple.CFBundle:resources] Resource lookup at CFBundle 0x600003b081c0 </Users/abueide/Library/Developer/CoreSimulator/Devices/651CE25F-D2F4-404C-AC47-0364AA5C94A1/data/Containers/Bundle/Application/2AF7B1F7-3C37-4836-9754-BC1C7229EE19/AnalyticsReactNativeE2E.app> (executable, loaded)
	Request       : InfoPlist type: strings
	Result        : None
2026-02-11 19:05:50.134 Db AnalyticsReactNativeE2E[6687:1ae3848] [com.apple.CFBundle:resources] Resource lookup at CFBundle 0x600003b081c0 </Users/abueide/Library/Developer/CoreSimulator/Devices/651CE25F-D2F4-404C-AC47-0364AA5C94A1/data/Containers/Bundle/Application/2AF7B1F7-3C37-4836-9754-BC1C7229EE19/AnalyticsReactNativeE2E.app> (executable, loaded)
	Request       : InfoPlist type: stringsdict
	Result        : None
2026-02-11 19:05:50.134 Db AnalyticsReactNativeE2E[6687:1ae3848] [com.apple.CFBundle:strings] Bundle: CFBundle 0x600003b181c0 </Library/Developer/CoreSimulator/Volumes/iOS_23C54/Library/Developer/CoreSimulator/Profiles/Runtimes/iOS 26.2.simruntime/Contents/Resources/RuntimeRoot/System/Library/PrivateFrameworks/UIKitCore.framework> (not loaded), key: KEYSHORTCUTHUD_APP_SETTINGS_ELLIPSIS, value: %@ Settings, table: Localizable, localizationNames: (null), result: %@ Settings
2026-02-11 19:05:50.137 Db AnalyticsReactNativeE2E[6687:1ae3848] [com.apple.CFBundle:strings] Bundle: CFBundle 0x600003b181c0 </Library/Developer/CoreSimulator/Volumes/iOS_23C54/Library/Developer/CoreSimulator/Profiles/Runtimes/iOS 26.2.simruntime/Contents/Resources/RuntimeRoot/System/Library/PrivateFrameworks/UIKitCore.framework> (not loaded), key: CONTEXT_MENU_LOADING, value: Loading, table: Localizable, localizationNames: (null), result: Loading
2026-02-11 19:05:50.138 Db AnalyticsReactNativeE2E[6687:1ae3848] [com.apple.BackBoard:EventDelivery] flushing changes: {
    contentsMask: 0x8; keyCommandsRegistrations: [environment: keyboardFocus; token: 0x764AEDC; keyCommands: 34];
}
2026-02-11 19:05:50.139 Df AnalyticsReactNativeE2E[6687:1ae3848] [com.apple.network:activity] Create activity from XPC object <nw_activity 50:1 [A5D6C3A7-CB3A-40A8-B85A-8D8FE64584FE] (reporting strategy default)>
2026-02-11 19:05:50.139 Df AnalyticsReactNativeE2E[6687:1ae3848] [com.apple.network:activity] Create activity from XPC object <nw_activity 50:2 [D615DA2C-1BA2-4520-A420-C30BA0389C67] (reporting strategy default)>
2026-02-11 19:05:50.139 Df AnalyticsReactNativeE2E[6687:1ae3848] [com.apple.network:activity] Set activity <nw_activity 50:1 [A5D6C3A7-CB3A-40A8-B85A-8D8FE64584FE] (reporting strategy default)> as the global parent
2026-02-11 19:05:50.139 Df AnalyticsReactNativeE2E[6687:1ae3848] [com.apple.UIKit:BackgroundTask] Ending background task with UIBackgroundTaskIdentifier: 1
2026-02-11 19:05:50.139 Df AnalyticsReactNativeE2E[6687:1ae3848] [com.apple.UIKit:BackgroundTask] Ending task with identifier 1 and description: <_UIBackgroundTaskInfo: 0x6000017207c0>: taskID = 1, taskName = Launch Background Task for Coalescing, creationTime = 544726 (elapsed = 0), _expireHandler: (null)
2026-02-11 19:05:50.139 Df AnalyticsReactNativeE2E[6687:1ae3848] [com.apple.UIKit:BackgroundTask] Decrementing reference count for assertion <BKSProcessAssertion: 0x600002107110> (used by background task with identifier 1: <_UIBackgroundTaskInfo: 0x6000017207c0>: taskID = 1, taskName = Launch Background Task for Coalescing, creationTime = 544726 (elapsed = 0))
2026-02-11 19:05:50.139 Db AnalyticsReactNativeE2E[6687:1ae3848] [com.apple.defaults:User Defaults] found no value for key LogEventBus in CFPrefsSearchListSource<0x600002c0dc80> (Domain: com.apple.UIKit, Container: (null) Non-launch persona: 0)
2026-02-11 19:05:50.139 Df AnalyticsReactNativeE2E[6687:1ae3848] [com.apple.UIKit:EventBus] Event Timing Profile for Touch: not found, path="/System/Library/EventTimingProfiles/Sim.Touch.plist"
2026-02-11 19:05:50.139 Df AnalyticsReactNativeE2E[6687:1ae3848] [com.apple.UIKit:EventBus] Event Timing Profile for Pencil: not found, path="/System/Library/EventTimingProfiles/Sim.Pencil.plist"
2026-02-11 19:05:50.139 Df AnalyticsReactNativeE2E[6687:1ae3848] [com.apple.UIKit:UpdateScheduler] Target list changed: <CADisplay:LCD PurpleMain>
2026-02-11 19:05:50.139 Db AnalyticsReactNativeE2E[6687:1ae3848] [com.apple.defaults:User Defaults] found no value for key LogUpdateCycle in CFPrefsSearchListSource<0x600002c0dc80> (Domain: com.apple.UIKit, Container: (null) Non-launch persona: 0)
2026-02-11 19:05:50.140 Df AnalyticsReactNativeE2E[6687:1ae3848] [com.apple.UIKit:AppLifecycle] sceneOfRecord: sceneID: sceneID:org.reactjs.native.example.AnalyticsReactNativeE2E-default  persistentID: DB368BDB-EC7E-4774-BE13-43EC1777974D
2026-02-11 19:05:50.140 Db AnalyticsReactNativeE2E[6687:1ae3848] [com.apple.BacklightServices:scenes] 0x600000c4e2e0 environment updated:sceneID:org.reactjs.native.example.AnalyticsReactNativeE2E-default
  delta:{ visualState:0 date:0 active:0 seed:0 }
  diff:<FBSSceneSettingsDiff: 0x600001733840; UIApplicationSceneSettings> {
    settings = <BSKeyedSettingsDiff: 0x600000c39f20> {
        _UISceneRenderingEnvironmentSettings = <BSKeyedSettingsDiff: 0x600000c3a040> {
            activeAppearance = 1;
        };
    };
}
  new:(null) (null)
  old:(null) (null)
  new:(null)
2026-02-11 19:05:50.140 Df AnalyticsReactNativeE2E[6687:1ae3848] [com.apple.UIKit:InterfaceStyle] Not push traits update to screen for new style 1, <UIWindowScene: 0x105317fc0> (DB368BDB-EC7E-4774-BE13-43EC1777974D)
2026-02-11 19:05:50.140 Db AnalyticsReactNativeE2E[6687:1ae3848] [com.apple.BaseBoard:Common] [BSBlockSentinel:FBSScene] signaled! 1 of 2
2026-02-11 19:05:50.140 I  AnalyticsReactNativeE2E[6687:1ae3848] [com.apple.Accessibility:AXAppAccessibility] Loading settings loader: (system: 0)
2026-02-11 19:05:50.141 Db AnalyticsReactNativeE2E[6687:1ae3848] [com.apple.defaults:User Defaults] found no value for key ZoomTouchEnabled in CFPrefsSearchListSource<0x600002c05100> (Domain: com.apple.Accessibility, Container: (null) Non-launch persona: 0)
2026-02-11 19:05:50.141 Db AnalyticsReactNativeE2E[6687:1ae3848] [com.apple.Accessibility:AXSupportCommon] CF Read: domain = com.apple.Accessibility, preference = ZoomTouchEnabled, appID = (null) result = (null) (-1 - empty, 0 - false, 1 - true)
2026-02-11 19:05:50.141 Db AnalyticsReactNativeE2E[6687:1ae3848] [com.apple.defaults:User Defaults] found no value for key ZoomTouchEnabled in CFPrefsPlistSource<0x600002c05480> (Domain: com.apple.Accessibility, User: kCFPreferencesCurrentUser, ByHost: No, Container: /Users/abueide/Library/Developer/CoreSimulator/Devices/651CE25F-D2F4-404C-AC47-0364AA5C94A1/data, Contents Need Refresh: No)
2026-02-11 19:05:50.141 Db AnalyticsReactNativeE2E[6687:1ae3848] [com.apple.defaults:User Defaults] found no value for key SpeechSettingsDisabledByManagedConfiguration in CFPrefsSearchListSource<0x600002c05100> (Domain: com.apple.Accessibility, Container: (null) Non-launch persona: 0)
2026-02-11 19:05:50.141 Db AnalyticsReactNativeE2E[6687:1ae3848] [com.apple.Accessibility:AXSupportCommon] CF Read: domain = com.apple.Accessibility, preference = SpeechSettingsDisabledByManagedConfiguration, appID = (null) result = (null) (-1 - empty, 0 - false, 1 - true)
2026-02-11 19:05:50.141 Db AnalyticsReactNativeE2E[6687:1ae3848] [com.apple.defaults:User Defaults] found no value for key SpeechSettingsDisabledByManagedConfiguration in CFPrefsPlistSource<0x600002c05480> (Domain: com.apple.Accessibility, User: kCFPreferencesCurrentUser, ByHost: No, Container: /Users/abueide/Library/Developer/CoreSimulator/Devices/651CE25F-D2F4-404C-AC47-0364AA5C94A1/data, Contents Need Refresh: No)
2026-02-11 19:05:50.141 Db AnalyticsReactNativeE2E[6687:1ae3848] [com.apple.defaults:User Defaults] found no value for key SpeakThisEnabled in CFPrefsSearchListSource<0x600002c05100> (Domain: com.apple.Accessibility, Container: (null) Non-launch persona: 0)
2026-02-11 19:05:50.141 Db AnalyticsReactNativeE2E[6687:1ae3848] [com.apple.Accessibility:AXSupportCommon] CF Read: domain = com.apple.Accessibility, preference = SpeakThisEnabled, appID = (null) result = (null) (-1 - empty, 0 - false, 1 - true)
2026-02-11 19:05:50.141 Db AnalyticsReactNativeE2E[6687:1ae3848] [com.apple.defaults:User Defaults] found no value for key SpeakThisEnabled in CFPrefsPlistSource<0x600002c05480> (Domain: com.apple.Accessibility, User: kCFPreferencesCurrentUser, ByHost: No, Container: /Users/abueide/Library/Developer/CoreSimulator/Devices/651CE25F-D2F4-404C-AC47-0364AA5C94A1/data, Contents Need Refresh: No)
2026-02-11 19:05:50.185 Db AnalyticsReactNativeE2E[6687:1ae3848] [com.apple.defaults:User Defaults] found no value for key __NSTextAttachmentAlwaysUsesAttachmentView in CFPrefsSearchListSource<0x600002c08080> (Domain: org.reactjs.native.example.AnalyticsReactNativeE2E, Container: (null) Non-launch persona: 0)
2026-02-11 19:05:50.186 Db AnalyticsReactNativeE2E[6687:1ae3848] [com.apple.defaults:User Defaults] looked up value 0 for key GrayscaleDisplay in CFPrefsPlistSource<0x600002c05200> (Domain: com.apple.Accessibility, User: kCFPreferencesCurrentUser, ByHost: No, Container: (null), Contents Need Refresh: No) via CFPrefsSearchListSource<0x600002c05100> (Domain: com.apple.Accessibility, Container: (null) Non-launch persona: 0)
2026-02-11 19:05:50.186 Db AnalyticsReactNativeE2E[6687:1ae3848] [com.apple.Accessibility:AXSupportCommon] CF Read: domain = com.apple.Accessibility, preference = GrayscaleDisplay, appID = (null) result = 0 (-1 - empty, 0 - false, 1 - true)
2026-02-11 19:05:50.186 Db AnalyticsReactNativeE2E[6687:1ae3848] [com.apple.defaults:User Defaults] found no value for key EnhancedBackgroundContrastEnabled in CFPrefsSearchListSource<0x600002c05100> (Domain: com.apple.Accessibility, Container: (null) Non-launch persona: 0)
2026-02-11 19:05:50.186 Db AnalyticsReactNativeE2E[6687:1ae3848] [com.apple.Accessibility:AXSupportCommon] CF Read: domain = com.apple.Accessibility, preference = EnhancedBackgroundContrastEnabled, appID = (null) result = (null) (-1 - empty, 0 - false, 1 - true)
2026-02-11 19:05:50.186 Db AnalyticsReactNativeE2E[6687:1ae3848] [com.apple.defaults:User Defaults] found no value for key EnhancedBackgroundContrastEnabled in CFPrefsPlistSource<0x600002c05480> (Domain: com.apple.Accessibility, User: kCFPreferencesCurrentUser, ByHost: No, Container: /Users/abueide/Library/Developer/CoreSimulator/Devices/651CE25F-D2F4-404C-AC47-0364AA5C94A1/data, Contents Need Refresh: No)
2026-02-11 19:05:50.186 Db AnalyticsReactNativeE2E[6687:1ae3848] [com.apple.defaults:User Defaults] found no value for key RCTDevMenu in CFPrefsSearchListSource<0x600002c08080> (Domain: org.reactjs.native.example.AnalyticsReactNativeE2E, Container: (null) Non-launch persona: 0)
2026-02-11 19:05:50.186 Db AnalyticsReactNativeE2E[6687:1ae3848] [com.apple.defaults:User Defaults] setting {
    RCTDevMenu =     {
        hotLoadingEnabled = 1;
        shakeToShow = 1;
    };
} in CFPrefsPlistSource<0x600002c08580> (Domain: org.reactjs.native.example.AnalyticsReactNativeE2E, User: kCFPreferencesCurrentUser, ByHost: No, Container: (null), Contents Need Refresh: No)
2026-02-11 19:05:50.187 Db AnalyticsReactNativeE2E[6687:1ae3848] [com.apple.defaults:User Defaults] setting {
    RCTDevMenu =     {
        hotLoadingEnabled = 0;
        shakeToShow = 1;
    };
} in CFPrefsPlistSource<0x600002c08580> (Domain: org.reactjs.native.example.AnalyticsReactNativeE2E, User: kCFPreferencesCurrentUser, ByHost: No, Container: (null), Contents Need Refresh: No)
2026-02-11 19:05:50.188 Db AnalyticsReactNativeE2E[6687:1ae3848] [com.apple.defaults:User Defaults] CFPrefsPlistSource<0x600002c08800> (Domain: org.reactjs.native.example.AnalyticsReactNativeE2E, User: kCFPreferencesCurrentUser, ByHost: No, Container: /Users/abueide/Library/Developer/CoreSimulator/Devices/651CE25F-D2F4-404C-AC47-0364AA5C94A1/data, Contents Need Refresh: No) loaded: an empty base plist and no additional changes from the base plist
2026-02-11 19:05:50.188 Db AnalyticsReactNativeE2E[6687:1ae3848] [com.apple.defaults:User Defaults] CFPrefsPlistSource<0x600002c08a80> (Domain: org.reactjs.native.example.AnalyticsReactNativeE2E, User: kCFPreferencesCurrentUser, ByHost: Yes, Container: (null), Contents Need Refresh: No) loaded: an empty base plist and no additional changes from the base plist
2026-02-11 19:05:50.188 Db AnalyticsReactNativeE2E[6687:1ae3848] [com.apple.defaults:User Defaults] found no value for key RCT_jsLocation in CFPrefsSearchListSource<0x600002c08080> (Domain: org.reactjs.native.example.AnalyticsReactNativeE2E, Container: (null) Non-launch persona: 0)
2026-02-11 19:05:50.188 Db AnalyticsReactNativeE2E[6687:1ae3848] [com.apple.defaults:User Defaults] found no value for key RCT_packager_scheme in CFPrefsSearchListSource<0x600002c08080> (Domain: org.reactjs.native.example.AnalyticsReactNativeE2E, Container: (null) Non-launch persona: 0)
2026-02-11 19:05:50.188 Df AnalyticsReactNativeE2E[6687:1ae3848] [com.apple.CFNetwork:Default] Task <4D65BE3B-0652-4695-A50C-72FE5EE8FAA2>.<2> resuming, timeouts(10.0, 604800.0) qos(0x21) voucher(<OS_voucher: 0x60000210a620>) activity(00000000-0000-0000-0000-000000000000)
2026-02-11 19:05:50.188 Db AnalyticsReactNativeE2E[6687:1ae3848] [com.apple.network:activity] Returning should log: 0 for activity cfnetwork:foreground_task
2026-02-11 19:05:50.188 Db AnalyticsReactNativeE2E[6687:1ae3848] [com.apple.network:activity] Activity <nw_activity 12:2 [No UUID] (parent is global) (reporting strategy default)> inheriting reporting strategy from parent <nw_activity 50:1 [A5D6C3A7-CB3A-40A8-B85A-8D8FE64584FE] (reporting strategy default)>
2026-02-11 19:05:50.188 Db AnalyticsReactNativeE2E[6687:1ae3848] [com.apple.network:activity] Returning should log: 0 for activity cfnetwork:foreground_task
2026-02-11 19:05:50.188 Db AnalyticsReactNativeE2E[6687:1ae3848] [com.apple.network:activity] Returning should log: 0 for activity cfnetwork:foreground_task
2026-02-11 19:05:50.188 Db AnalyticsReactNativeE2E[6687:1ae3848] [com.apple.CFNetwork:Default] [Telemetry]: Activity <nw_activity 12:2 [224DB4E5-B6CC-4377-9404-0EFECC0DEA73] (parent is global) (reporting strategy default)> on Task <4D65BE3B-0652-4695-A50C-72FE5EE8FAA2>.<2> was not selected for reporting
2026-02-11 19:05:50.188 Db AnalyticsReactNativeE2E[6687:1ae38ea] [com.apple.CFNetwork:ATS] Uploading ATS exception ATSAllowsLocalNetworking
2026-02-11 19:05:50.188 Db AnalyticsReactNativeE2E[6687:1ae38ea] [com.apple.CFNetwork:ATS] Uploading ATS exception ATSExceptionDomains
2026-02-11 19:05:50.188 A  AnalyticsReactNativeE2E[6687:1ae3935] (Security) SecTrustReportNetworkingAnalytics
2026-02-11 19:05:50.188 Db AnalyticsReactNativeE2E[6687:1ae38ea] [com.apple.CFNetwork:Default] Connection 2: set is idle true
2026-02-11 19:05:50.188 Df AnalyticsReactNativeE2E[6687:1ae38ea] [com.apple.network:connection] [C2] event: client:connection_idle @0.110s
2026-02-11 19:05:50.188 I  AnalyticsReactNativeE2E[6687:1ae38ea] [com.apple.network:connection] nw_endpoint_handler_report_connection_idle [C2 IPv6#766b38df.8081 ready parent-flow (satisfied (Path is satisfied), interface: en0[802.11], uses wifi, LQM: unknown)] Reporting connection idle to protocols
2026-02-11 19:05:50.188 I  AnalyticsReactNativeE2E[6687:1ae38ea] [com.apple.network:connection] nw_flow_passthrough_notify [C2.1.1 IPv6#766b38df.8081 ready socket-flow (satisfied (Path is satisfied), interface: lo0)] received notification connection_idle
2026-02-11 19:05:50.189 Df AnalyticsReactNativeE2E[6687:1ae38ea] [com.apple.network:connection] nw_protocol_socket_notify [C2.1.1:2] nw_protocol_notification_type_connection_idle is true
2026-02-11 19:05:50.189 E  AnalyticsReactNativeE2E[6687:1ae38ea] [com.apple.network:connection] nw_socket_set_connection_idle [C2.1.1:2] setsockopt SO_CONNECTION_IDLE failed [42: Protocol not available]
2026-02-11 19:05:50.189 Df AnalyticsReactNativeE2E[6687:1ae38ea] [com.apple.CFNetwork:Default] Task <4D65BE3B-0652-4695-A50C-72FE5EE8FAA2>.<2> now using Connection 2
2026-02-11 19:05:50.189 Db AnalyticsReactNativeE2E[6687:1ae38ea] [com.apple.network:activity] Returning should log: 0 for activity cfnetwork:foreground_task
2026-02-11 19:05:50.189 Db AnalyticsReactNativeE2E[6687:1ae38ea] [com.apple.CFNetwork:Default] Connection 2: set is idle false
2026-02-11 19:05:50.189 Df AnalyticsReactNativeE2E[6687:1ae38ea] [com.apple.network:connection] [C2] event: client:connection_reused @0.110s
2026-02-11 19:05:50.189 I  AnalyticsReactNativeE2E[6687:1ae38ea] [com.apple.network:connection] nw_endpoint_handler_report_connection_idle [C2 IPv6#766b38df.8081 ready parent-flow (satisfied (Path is satisfied), interface: en0[802.11], uses wifi, LQM: unknown)] Reporting connection not idle to protocols
2026-02-11 19:05:50.189 I  AnalyticsReactNativeE2E[6687:1ae38ea] [com.apple.network:connection] nw_flow_passthrough_notify [C2.1.1 IPv6#766b38df.8081 ready socket-flow (satisfied (Path is satisfied), interface: lo0)] received notification connection_idle
2026-02-11 19:05:50.189 Df AnalyticsReactNativeE2E[6687:1ae38ea] [com.apple.network:connection] nw_protocol_socket_notify [C2.1.1:2] nw_protocol_notification_type_connection_idle is false
2026-02-11 19:05:50.189 E  AnalyticsReactNativeE2E[6687:1ae38ea] [com.apple.network:connection] nw_socket_set_connection_idle [C2.1.1:2] setsockopt SO_CONNECTION_IDLE failed [42: Protocol not available]
2026-02-11 19:05:50.189 Df AnalyticsReactNativeE2E[6687:1ae38ea] [com.apple.CFNetwork:Default] Task <4D65BE3B-0652-4695-A50C-72FE5EE8FAA2>.<2> sent request, body N 0
2026-02-11 19:05:50.189 Df AnalyticsReactNativeE2E[6687:1ae3935] [com.apple.securityd:SecError] SecTrustReportNetworkingAnalytics failed with error: -4
2026-02-11 19:05:50.189 A  AnalyticsReactNativeE2E[6687:1ae3935] (Security) SecTrustReportNetworkingAnalytics
2026-02-11 19:05:50.189 Df AnalyticsReactNativeE2E[6687:1ae3935] [com.apple.securityd:SecError] SecTrustReportNetworkingAnalytics failed with error: -4
2026-02-11 19:05:50.189 Df AnalyticsReactNativeE2E[6687:1ae3935] [com.apple.CFNetwork:Default] Task <4D65BE3B-0652-4695-A50C-72FE5EE8FAA2>.<2> received response, status 200 content C
2026-02-11 19:05:50.189 Df AnalyticsReactNativeE2E[6687:1ae3935] [com.apple.CFNetwork:Default] Task <4D65BE3B-0652-4695-A50C-72FE5EE8FAA2>.<2> response ended
2026-02-11 19:05:50.189 Df AnalyticsReactNativeE2E[6687:1ae3935] [com.apple.CFNetwork:Default] Task <4D65BE3B-0652-4695-A50C-72FE5EE8FAA2>.<2> done using Connection 2
2026-02-11 19:05:50.189 Db AnalyticsReactNativeE2E[6687:1ae3935] [com.apple.network:activity] Returning should log: 0 for activity cfnetwork:foreground_task
2026-02-11 19:05:50.189 Db AnalyticsReactNativeE2E[6687:1ae3935] [com.apple.CFNetwork:Default] Connection 2: set is idle true
2026-02-11 19:05:50.189 Df AnalyticsReactNativeE2E[6687:1ae3935] [com.apple.network:connection] [C2] event: client:connection_idle @0.111s
2026-02-11 19:05:50.189 Df AnalyticsReactNativeE2E[6687:1ae3925] [com.apple.CFNetwork:Summary] Task <4D65BE3B-0652-4695-A50C-72FE5EE8FAA2>.<2> summary for task success {transaction_duration_ms=0, response_status=200, connection=2, reused=1, reused_after_ms=0, request_start_ms=0, request_duration_ms=0, response_start_ms=0, response_duration_ms=0, request_bytes=223, request_throughput_kbps=35047, response_bytes=326, response_throughput_kbps=33918, cache_hit=false}
2026-02-11 19:05:50.189 I  AnalyticsReactNativeE2E[6687:1ae3935] [com.apple.network:connection] nw_endpoint_handler_report_connection_idle [C2 IPv6#766b38df.8081 ready parent-flow (satisfied (Path is satisfied), interface: en0[802.11], uses wifi, LQM: unknown)] Reporting connection idle to protocols
2026-02-11 19:05:50.189 Db AnalyticsReactNativeE2E[6687:1ae38ea] [com.apple.network:activity] Returning should log: 0 for activity cfnetwork:foreground_task
2026-02-11 19:05:50.189 I  AnalyticsReactNativeE2E[6687:1ae3935] [com.apple.network:connection] nw_flow_passthrough_notify [C2.1.1 IPv6#766b38df.8081 ready socket-flow (satisfied (Path is satisfied), interface: lo0)] received notification connection_idle
2026-02-11 19:05:50.189 Db AnalyticsReactNativeE2E[6687:1ae38ea] [com.apple.network:activity] Returning should log: 0 for activity cfnetwork:foreground_task
2026-02-11 19:05:50.189 Df AnalyticsReactNativeE2E[6687:1ae3935] [com.apple.network:connection] nw_protocol_socket_notify [C2.1.1:2] nw_protocol_notification_type_connection_idle is true
2026-02-11 19:05:50.189 Db AnalyticsReactNativeE2E[6687:1ae38ea] [com.apple.network:activity] No threshold for cfnetwork:foreground_task, returning NW_ACTIVITY_DURATION_INVALID
2026-02-11 19:05:50.189 E  AnalyticsReactNativeE2E[6687:1ae3935] [com.apple.network:connection] nw_socket_set_connection_idle [C2.1.1:2] setsockopt SO_CONNECTION_IDLE failed [42: Protocol not available]
2026-02-11 19:05:50.189 Db AnalyticsReactNativeE2E[6687:1ae38ea] [com.apple.network:activity] No threshold for activity <nw_activity 12:2 [224DB4E5-B6CC-4377-9404-0EFECC0DEA73] (parent is global) (reporting strategy default) complete (reason success)>
2026-02-11 19:05:50.189 Db AnalyticsReactNativeE2E[6687:1ae3935] [com.apple.CFNetwork:Default] Connection 2: set is idle true
2026-02-11 19:05:50.190 Df AnalyticsReactNativeE2E[6687:1ae38ea] [com.apple.CFNetwork:Default] Task <4D65BE3B-0652-4695-A50C-72FE5EE8FAA2>.<2> finished successfully
2026-02-11 19:05:50.190 Df AnalyticsReactNativeE2E[6687:1ae3935] [com.apple.network:connection] [C2] event: client:connection_idle @0.111s
2026-02-11 19:05:50.190 Db AnalyticsReactNativeE2E[6687:1ae3848] [com.apple.defaults:User Defaults] found no value for key RCT_packager_scheme in CFPrefsSearchListSource<0x600002c08080> (Domain: org.reactjs.native.example.AnalyticsReactNativeE2E, Container: (null) Non-launch persona: 0)
2026-02-11 19:05:50.190 I  AnalyticsReactNativeE2E[6687:1ae3935] [com.apple.network:connection] nw_endpoint_handler_report_connection_idle [C2 IPv6#766b38df.8081 ready parent-flow (satisfied (Path is satisfied), interface: en0[802.11], uses wifi, LQM: unknown)] Reporting connection idle to protocols
2026-02-11 19:05:50.190 I  AnalyticsReactNativeE2E[6687:1ae3935] [com.apple.network:connection] nw_flow_passthrough_notify [C2.1.1 IPv6#766b38df.8081 ready socket-flow (satisfied (Path is satisfied), interface: lo0)] received notification connection_idle
2026-02-11 19:05:50.190 Df AnalyticsReactNativeE2E[6687:1ae3935] [com.apple.network:connection] nw_protocol_socket_notify [C2.1.1:2] nw_protocol_notification_type_connection_idle is true
2026-02-11 19:05:50.190 E  AnalyticsReactNativeE2E[6687:1ae3935] [com.apple.network:connection] nw_socket_set_connection_idle [C2.1.1:2] setsockopt SO_CONNECTION_IDLE failed [42: Protocol not available]
2026-02-11 19:05:50.190 Db AnalyticsReactNativeE2E[6687:1ae3848] [com.apple.SystemConfiguration:SCPreferences] create <SCPreferences 0x10531d580 [0x1e578fa80]> {name = SCDynamicStoreCopyProxiesWithOptions, id = /Library/Managed Preferences/mobile/com.apple.SystemConfiguration.plist, path = /Library/Managed Preferences/mobile/com.apple.SystemConfiguration.plist}
2026-02-11 19:05:50.190 Db AnalyticsReactNativeE2E[6687:1ae3848] [com.apple.SystemConfiguration:SCPreferences] SCPreferences() access: /Library/Managed Preferences/mobile/com.apple.SystemConfiguration.plist, size=0
2026-02-11 19:05:50.190 Db AnalyticsReactNativeE2E[6687:1ae3848] [com.apple.SystemConfiguration:SCPreferences] release <SCPreferences 0x10531d580 [0x1e578fa80]> {name = SCDynamicStoreCopyProxiesWithOptions, id = /Library/Managed Preferences/mobile/com.apple.SystemConfiguration.plist, path = /Library/Managed Preferences/mobile/com.apple.SystemConfiguration.plist, accessed}
2026-02-11 19:05:50.192 Db AnalyticsReactNativeE2E[6687:1ae3848] [com.apple.network:] tcp_connection_create_with_endpoint_and_parameters 4 localhost 8081
2026-02-11 19:05:50.192 Db AnalyticsReactNativeE2E[6687:1ae3848] [com.apple.network:] tcp_connection_set_usage_model 4 setting usage model to 1
2026-02-11 19:05:50.192 Db AnalyticsReactNativeE2E[6687:1ae3848] [com.apple.CFBundle:resources] Resource lookup at CFBundle 0x600003b081c0 </Users/abueide/Library/Developer/CoreSimulator/Devices/651CE25F-D2F4-404C-AC47-0364AA5C94A1/data/Containers/Bundle/Application/2AF7B1F7-3C37-4836-9754-BC1C7229EE19/AnalyticsReactNativeE2E.app> (executable, loaded)
	Request       : InfoPlist type: strings
	Result        : None
2026-02-11 19:05:50.192 Db AnalyticsReactNativeE2E[6687:1ae3848] [com.apple.CFBundle:resources] Resource lookup at CFBundle 0x600003b081c0 </Users/abueide/Library/Developer/CoreSimulator/Devices/651CE25F-D2F4-404C-AC47-0364AA5C94A1/data/Containers/Bundle/Application/2AF7B1F7-3C37-4836-9754-BC1C7229EE19/AnalyticsReactNativeE2E.app> (executable, loaded)
	Request       : InfoPlist type: stringsdict
	Result        : None
2026-02-11 19:05:50.192 Df AnalyticsReactNativeE2E[6687:1ae3848] [com.apple.CFNetwork:Default] TCP Conn [4:0x60000330d400] using empty proxy configuration
2026-02-11 19:05:50.192 Df AnalyticsReactNativeE2E[6687:1ae3848] [com.apple.CFNetwork:Default] Stream client bypassing proxies on TCP Conn [4:0x60000330d400]
2026-02-11 19:05:50.192 Df AnalyticsReactNativeE2E[6687:1ae3848] [com.apple.CFNetwork:Default] TCP Conn 0x60000330d400 started
2026-02-11 19:05:50.192 Db AnalyticsReactNativeE2E[6687:1ae3848] [com.apple.network:] tcp_connection_start 4 starting
2026-02-11 19:05:50.192 I  AnalyticsReactNativeE2E[6687:1ae3848] [com.apple.network:connection] nw_connection_create_with_id [C4] create connection to Hostname#d6d1a9a2:8081
2026-02-11 19:05:50.192 Db AnalyticsReactNativeE2E[6687:1ae3848] [com.apple.network:] tcp_connection_start starting tc_nwconn=0x107037a70
2026-02-11 19:05:50.192 Df AnalyticsReactNativeE2E[6687:1ae3925] [com.apple.network:connection] [C4 1FC2973C-D280-4D80-BEAB-0E0EC889B8B1 Hostname#d6d1a9a2:8081 tcp, definite, attribution: developer, context: Default Network Context (private), proc: 3C3A368C-3854-35C7-BDBE-A7819C66612E, delegated upid: 0, no proxy, prohibit fallback, allow socket access] start
2026-02-11 19:05:50.192 I  AnalyticsReactNativeE2E[6687:1ae3925] [com.apple.network:connection] nw_endpoint_handler_start [C4 Hostname#d6d1a9a2:8081 initial parent-flow ((null))]
2026-02-11 19:05:50.192 Df AnalyticsReactNativeE2E[6687:1ae3925] [com.apple.network:connection] [C4 Hostname#d6d1a9a2:8081 initial parent-flow ((null))] event: path:start @0.000s
2026-02-11 19:05:50.192 Db AnalyticsReactNativeE2E[6687:1ae3925] [com.apple.network:connection] nw_endpoint_handler_path_change [C4 Hostname#d6d1a9a2:8081 waiting parent-flow (satisfied (Path is satisfied), interface: en0[802.11], uses wifi, LQM: unknown)]
2026-02-11 19:05:50.192 Db AnalyticsReactNativeE2E[6687:1ae3925] [com.apple.networkextension:] ne_tracker_check_is_hostname_blocked() proceeding with the in_the_app check for hostname: localhost
2026-02-11 19:05:50.192 Db AnalyticsReactNativeE2E[6687:1ae3925] [com.apple.CFBundle:resources] Resource lookup at CFBundle 0x600003b081c0 </Users/abueide/Library/Developer/CoreSimulator/Devices/651CE25F-D2F4-404C-AC47-0364AA5C94A1/data/Containers/Bundle/Application/2AF7B1F7-3C37-4836-9754-BC1C7229EE19/AnalyticsReactNativeE2E.app> (executable, loaded)
	Request       : InfoPlist type: strings
	Result        : None
2026-02-11 19:05:50.192 Db AnalyticsReactNativeE2E[6687:1ae3925] [com.apple.CFBundle:resources] Resource lookup at CFBundle 0x600003b081c0 </Users/abueide/Library/Developer/CoreSimulator/Devices/651CE25F-D2F4-404C-AC47-0364AA5C94A1/data/Containers/Bundle/Application/2AF7B1F7-3C37-4836-9754-BC1C7229EE19/AnalyticsReactNativeE2E.app> (executable, loaded)
	Request       : InfoPlist type: stringsdict
	Result        : None
2026-02-11 19:05:50.192 Db AnalyticsReactNativeE2E[6687:1ae3925] [com.apple.networkextension:] ne_tracker_check_is_hostname_blocked(): hostname localhost is not a tracker. Returning: ne_tracker_status_none
2026-02-11 19:05:50.192 Df AnalyticsReactNativeE2E[6687:1ae3925] [com.apple.network:connection] [C4 Hostname#d6d1a9a2:8081 waiting parent-flow (satisfied (Path is satisfied), interface: en0[802.11], uses wifi, LQM: unknown)] event: path:satisfied @0.000s, uuid: 743246C2-6719-4B87-9A2E-1A2DCE7B709A
2026-02-11 19:05:50.192 I  AnalyticsReactNativeE2E[6687:1ae3925] [com.apple.network:connection] nw_connection_endpoint_report_on_nw_queue_block_invoke [C4 Hostname#d6d1a9a2:8081 waiting parent-flow (satisfied (Path is satisfied), interface: en0[802.11], uses wifi, LQM: unknown)] skipping state update
2026-02-11 19:05:50.192 Db AnalyticsReactNativeE2E[6687:1ae3925] [com.apple.network:connection] nw_endpoint_flow_attach_protocols [C4 Hostname#d6d1a9a2:8081 in_progress parent-flow (satisfied (Path is satisfied), interface: en0[802.11], uses wifi, LQM: unknown)]
2026-02-11 19:05:50.192 Db AnalyticsReactNativeE2E[6687:1ae3925] [com.apple.network:connection] nw_endpoint_flow_attach_protocols [C4 Hostname#d6d1a9a2:8081 in_progress parent-flow (satisfied (Path is satisfied), interface: en0[802.11], uses wifi, LQM: unknown)] stopping after adding persistent application protocols
2026-02-11 19:05:50.192 Db AnalyticsReactNativeE2E[6687:1ae3925] [com.apple.network:connection] nw_endpoint_flow_setup_protocols [C4 Hostname#d6d1a9a2:8081 in_progress parent-flow (satisfied (Path is satisfied), interface: en0[802.11], uses wifi, LQM: unknown)] persistent protocol stack, starting
2026-02-11 19:05:50.192 Df AnalyticsReactNativeE2E[6687:1ae3925] [com.apple.network:connection] [C4 Hostname#d6d1a9a2:8081 in_progress parent-flow (satisfied (Path is satisfied), interface: en0[802.11], uses wifi, LQM: unknown)] event: flow:start_connect @0.000s
2026-02-11 19:05:50.192 Df AnalyticsReactNativeE2E[6687:1ae3925] [com.apple.network:connection] nw_connection_report_state_with_handler_on_nw_queue [C4] reporting state preparing
2026-02-11 19:05:50.192 I  AnalyticsReactNativeE2E[6687:1ae3925] [com.apple.network:connection] nw_endpoint_flow_connect [C4 Hostname#d6d1a9a2:8081 in_progress parent-flow (satisfied (Path is satisfied), interface: en0[802.11], uses wifi, LQM: unknown)] connect bottom protocol
2026-02-11 19:05:50.192 Db AnalyticsReactNativeE2E[6687:1ae3925] [com.apple.network:connection] nw_endpoint_flow_start_child [C4 Hostname#d6d1a9a2:8081 in_progress parent-flow (satisfied (Path is satisfied), interface: en0[802.11], uses wifi, LQM: unknown)] creating and starting child handler
2026-02-11 19:05:50.192 Df AnalyticsReactNativeE2E[6687:1ae3925] [com.apple.network:connection] [C4 Hostname#d6d1a9a2:8081 in_progress parent-flow (satisfied (Path is satisfied), interface: en0[802.11], uses wifi, LQM: unknown)] event: flow:start_child @0.000s
2026-02-11 19:05:50.192 I  AnalyticsReactNativeE2E[6687:1ae3925] [com.apple.network:connection] nw_endpoint_handler_start [C4.1 Hostname#d6d1a9a2:8081 initial path ((null))]
2026-02-11 19:05:50.192 Db AnalyticsReactNativeE2E[6687:1ae3925] [com.apple.network:connection] nw_endpoint_flow_receive_report [C4 Hostname#d6d1a9a2:8081 in_progress parent-flow (satisfied (Path is satisfied), interface: en0[802.11], uses wifi, LQM: unknown)] received child report: [C4.1 Hostname#d6d1a9a2:8081 initial path ((null))]
2026-02-11 19:05:50.192 Df AnalyticsReactNativeE2E[6687:1ae3925] [com.apple.network:connection] [C4.1 Hostname#d6d1a9a2:8081 initial path ((null))] event: path:start @0.000s
2026-02-11 19:05:50.192 Db AnalyticsReactNativeE2E[6687:1ae3925] [com.apple.network:connection] nw_endpoint_handler_path_change [C4.1 Hostname#d6d1a9a2:8081 waiting path (satisfied (Path is satisfied), interface: en0[802.11], uses wifi, LQM: unknown)]
2026-02-11 19:05:50.192 Db AnalyticsReactNativeE2E[6687:1ae3925] [com.apple.networkextension:] ne_tracker_check_is_hostname_blocked() proceeding with the in_the_app check for hostname: localhost
2026-02-11 19:05:50.193 Db AnalyticsReactNativeE2E[6687:1ae3925] [com.apple.CFBundle:resources] Resource lookup at CFBundle 0x600003b081c0 </Users/abueide/Library/Developer/CoreSimulator/Devices/651CE25F-D2F4-404C-AC47-0364AA5C94A1/data/Containers/Bundle/Application/2AF7B1F7-3C37-4836-9754-BC1C7229EE19/AnalyticsReactNativeE2E.app> (executable, loaded)
	Request       : InfoPlist type: strings
	Result        : None
2026-02-11 19:05:50.193 Db AnalyticsReactNativeE2E[6687:1ae3925] [com.apple.CFBundle:resources] Resource lookup at CFBundle 0x600003b081c0 </Users/abueide/Library/Developer/CoreSimulator/Devices/651CE25F-D2F4-404C-AC47-0364AA5C94A1/data/Containers/Bundle/Application/2AF7B1F7-3C37-4836-9754-BC1C7229EE19/AnalyticsReactNativeE2E.app> (executable, loaded)
	Request       : InfoPlist type: stringsdict
	Result        : None
2026-02-11 19:05:50.193 Db AnalyticsReactNativeE2E[6687:1ae3925] [com.apple.networkextension:] ne_tracker_check_is_hostname_blocked(): hostname localhost is not a tracker. Returning: ne_tracker_status_none
2026-02-11 19:05:50.193 Db AnalyticsReactNativeE2E[6687:1ae3925] [com.apple.network:connection] nw_endpoint_flow_receive_report [C4 Hostname#d6d1a9a2:8081 in_progress parent-flow (satisfied (Path is satisfied), interface: en0[802.11], uses wifi, LQM: unknown)] received child report: [C4.1 Hostname#d6d1a9a2:8081 waiting path (satisfied (Path is satisfied), interface: en0[802.11], uses wifi, LQM: unknown)]
2026-02-11 19:05:50.193 Db AnalyticsReactNativeE2E[6687:1ae392c] [com.apple.defaults:User Defaults] found no value for key RCTI18nUtil_forceRTL in CFPrefsSearchListSource<0x600002c08080> (Domain: org.reactjs.native.example.AnalyticsReactNativeE2E, Container: (null) Non-launch persona: 0)
2026-02-11 19:05:50.193 Db AnalyticsReactNativeE2E[6687:1ae392c] [com.apple.defaults:User Defaults] found no value for key RCTI18nUtil_allowRTL in CFPrefsSearchListSource<0x600002c08080> (Domain: org.reactjs.native.example.AnalyticsReactNativeE2E, Container: (null) Non-launch persona: 0)
2026-02-11 19:05:50.193 Df AnalyticsReactNativeE2E[6687:1ae3925] [com.apple.network:connection] [C4.1 Hostname#d6d1a9a2:8081 waiting path (satisfied (Path is satisfied), interface: en0[802.11], uses wifi, LQM: unknown)] event: path:satisfied @0.000s, uuid: 743246C2-6719-4B87-9A2E-1A2DCE7B709A
2026-02-11 19:05:50.193 Db AnalyticsReactNativeE2E[6687:1ae3925] [com.apple.network:connection] -[NWConcrete_nw_endpoint_resolver startWithHandler:] [C4.1 Hostname#d6d1a9a2:8081 waiting resolver (satisfied (Path is satisfied), interface: en0[802.11], uses wifi, LQM: unknown)]
2026-02-11 19:05:50.193 Db AnalyticsReactNativeE2E[6687:1ae3925] [com.apple.network:connection] nw_endpoint_flow_receive_report [C4 Hostname#d6d1a9a2:8081 in_progress parent-flow (satisfied (Path is satisfied), interface: en0[802.11], uses wifi, LQM: unknown)] received child report: [C4.1 Hostname#d6d1a9a2:8081 in_progress resolver (satisfied (Path is satisfied), interface: en0[802.11], uses wifi, LQM: unknown)]
2026-02-11 19:05:50.193 Df AnalyticsReactNativeE2E[6687:1ae3925] [com.apple.network:connection] [C4.1 Hostname#d6d1a9a2:8081 in_progress resolver (satisfied (Path is satisfied), interface: en0[802.11], uses wifi, LQM: unknown)] event: resolver:start_dns @0.000s
2026-02-11 19:05:50.193 Db AnalyticsReactNativeE2E[6687:1ae3925] [com.apple.networkextension:] ne_tracker_check_is_hostname_blocked() proceeding with the in_the_app check for hostname: localhost
2026-02-11 19:05:50.193 Db AnalyticsReactNativeE2E[6687:1ae3925] [com.apple.CFBundle:resources] Resource lookup at CFBundle 0x600003b081c0 </Users/abueide/Library/Developer/CoreSimulator/Devices/651CE25F-D2F4-404C-AC47-0364AA5C94A1/data/Containers/Bundle/Application/2AF7B1F7-3C37-4836-9754-BC1C7229EE19/AnalyticsReactNativeE2E.app> (executable, loaded)
	Request       : InfoPlist type: strings
	Result        : None
2026-02-11 19:05:50.193 Db AnalyticsReactNativeE2E[6687:1ae3925] [com.apple.CFBundle:resources] Resource lookup at CFBundle 0x600003b081c0 </Users/abueide/Library/Developer/CoreSimulator/Devices/651CE25F-D2F4-404C-AC47-0364AA5C94A1/data/Containers/Bundle/Application/2AF7B1F7-3C37-4836-9754-BC1C7229EE19/AnalyticsReactNativeE2E.app> (executable, loaded)
	Request       : InfoPlist type: stringsdict
	Result        : None
2026-02-11 19:05:50.193 Db AnalyticsReactNativeE2E[6687:1ae3925] [com.apple.networkextension:] ne_tracker_check_is_hostname_blocked(): hostname localhost is not a tracker. Returning: ne_tracker_status_none
2026-02-11 19:05:50.193 I  AnalyticsReactNativeE2E[6687:1ae3925] [com.apple.network:connection] nw_resolver_create_dns_service_locked [C4.1] Starting host resolution Hostname#d6d1a9a2:8081, flags 0xc000d000 proto 0
2026-02-11 19:05:50.193 I  AnalyticsReactNativeE2E[6687:1ae3925] [com.apple.network:connection] nw_resolver_host_resolve_callback [C4.1] flags=0x40000003 ifindex=4294967295 error=NoError(0) hostname=localhost. addr=IPv6#aa167ca6 ttl=1
2026-02-11 19:05:50.193 I  AnalyticsReactNativeE2E[6687:1ae3925] [com.apple.network:connection] nw_resolver_host_resolve_callback [C4.1] flags=0x40000002 ifindex=4294967295 error=NoError(0) hostname=localhost. addr=IPv4#1a84a3a1 ttl=1
2026-02-11 19:05:50.193 Db AnalyticsReactNativeE2E[6687:1ae3925] [com.apple.network:] sa_dst_compare_rfc6724 Rule 6, prefer d2, d2 precedence 50 > d1 precedence 35
2026-02-11 19:05:50.193 Db AnalyticsReactNativeE2E[6687:1ae3925] [com.apple.network:] sa_dst_compare_internal <private>@0 < <private>@0
2026-02-11 19:05:50.193 Db AnalyticsReactNativeE2E[6687:1ae3925] [com.apple.network:connection] nw_endpoint_resolver_update [C4.1 Hostname#d6d1a9a2:8081 in_progress resolver (satisfied (Path is satisfied), interface: en0[802.11], uses wifi, LQM: unknown)] resolver is complete
2026-02-11 19:05:50.193 Df AnalyticsReactNativeE2E[6687:1ae3925] [com.apple.network:connection] nw_endpoint_resolver_update [C4.1 Hostname#d6d1a9a2:8081 in_progress resolver (satisfied (Path is satisfied), interface: en0[802.11], uses wifi, LQM: unknown)] Adding endpoint handler for IPv6#766b38df.8081
2026-02-11 19:05:50.193 Df AnalyticsReactNativeE2E[6687:1ae3925] [com.apple.network:connection] nw_endpoint_resolver_update [C4.1 Hostname#d6d1a9a2:8081 in_progress resolver (satisfied (Path is satisfied), interface: en0[802.11], uses wifi, LQM: unknown)] Adding endpoint handler for IPv4#56811065:8081
2026-02-11 19:05:50.193 Db AnalyticsReactNativeE2E[6687:1ae3925] [com.apple.network:connection] nw_endpoint_resolver_update [C4.1 Hostname#d6d1a9a2:8081 in_progress resolver (satisfied (Path is satisfied), interface: en0[802.11], uses wifi, LQM: unknown)] Updated endpoint list is (IPv6#766b38df.8081,IPv4#56811065:8081)
2026-02-11 19:05:50.193 Db AnalyticsReactNativeE2E[6687:1ae3925] [com.apple.network:connection] nw_endpoint_flow_receive_report [C4 Hostname#d6d1a9a2:8081 in_progress parent-flow (satisfied (Path is satisfied), interface: en0[802.11], uses wifi, LQM: unknown)] received child report: [C4.1 Hostname#d6d1a9a2:8081 in_progress resolver (satisfied (Path is satisfied), interface: en0[802.11], uses wifi, LQM: unknown)]
2026-02-11 19:05:50.193 Df AnalyticsReactNativeE2E[6687:1ae3925] [com.apple.network:connection] [C4.1 Hostname#d6d1a9a2:8081 in_progress resolver (satisfied (Path is satisfied), interface: en0[802.11], uses wifi, LQM: unknown)] event: resolver:receive_dns @0.001s
2026-02-11 19:05:50.193 I  AnalyticsReactNativeE2E[6687:1ae3925] [com.apple.network:connection] nw_endpoint_resolver_start_next_child [C4.1 Hostname#d6d1a9a2:8081 in_progress resolver (satisfied (Path is satisfied), interface: en0[802.11], uses wifi, LQM: unknown)] starting child endpoint IPv6#766b38df.8081
2026-02-11 19:05:50.193 I  AnalyticsReactNativeE2E[6687:1ae3925] [com.apple.network:connection] nw_endpoint_handler_start [C4.1.1 IPv6#766b38df.8081 initial path ((null))]
2026-02-11 19:05:50.193 Db AnalyticsReactNativeE2E[6687:1ae3925] [com.apple.network:connection] nw_endpoint_resolver_receive_report [C4.1 Hostname#d6d1a9a2:8081 in_progress resolver (satisfied (Path is satisfied), interface: en0[802.11], uses wifi, LQM: unknown)] received child report: [C4.1.1 IPv6#766b38df.8081 initial path ((null))]
2026-02-11 19:05:50.193 Db AnalyticsReactNativeE2E[6687:1ae3925] [com.apple.network:connection] nw_endpoint_flow_receive_report [C4 Hostname#d6d1a9a2:8081 in_progress parent-flow (satisfied (Path is satisfied), interface: en0[802.11], uses wifi, LQM: unknown)] received child report: [C4.1.1 IPv6#766b38df.8081 initial path ((null))]
2026-02-11 19:05:50.193 Df AnalyticsReactNativeE2E[6687:1ae3925] [com.apple.network:connection] [C4.1.1 IPv6#766b38df.8081 initial path ((null))] event: path:start @0.001s
2026-02-11 19:05:50.194 Db AnalyticsReactNativeE2E[6687:1ae3925] [com.apple.network:connection] nw_endpoint_handler_path_change [C4.1.1 IPv6#766b38df.8081 waiting path (satisfied (Path is satisfied), interface: lo0)]
2026-02-11 19:05:50.194 Df AnalyticsReactNativeE2E[6687:1ae3848] [com.apple.UIKit:EventDeferring] [0x600002944070] Scene target of event deferring environments did update: scene: 0x105317fc0; current systemShellManagesKeyboardFocus: 1; systemShellManagesKeyboardFocusForScene: 1; eligibleForRecordRemoval: 1;
2026-02-11 19:05:50.194 Db AnalyticsReactNativeE2E[6687:1ae3925] [com.apple.network:connection] nw_endpoint_resolver_receive_report [C4.1 Hostname#d6d1a9a2:8081 in_progress resolver (satisfied (Path is satisfied), interface: en0[802.11], uses wifi, LQM: unknown)] received child report: [C4.1.1 IPv6#766b38df.8081 waiting path (satisfied (Path is satisfied), interface: lo0)]
2026-02-11 19:05:50.194 Df AnalyticsReactNativeE2E[6687:1ae3848] [com.apple.UIKit:KeyWindow] Scene became target of keyboard event deferring environment: UIWindowScene: 0x105317fc0; scene identity: com.apple.frontboard.systemappservices/FBSceneManager:sceneID%3Aorg.reactjs.native.example.AnalyticsReactNativeE2E-default
2026-02-11 19:05:50.194 Db AnalyticsReactNativeE2E[6687:1ae3925] [com.apple.network:connection] nw_endpoint_flow_receive_report [C4 Hostname#d6d1a9a2:8081 in_progress parent-flow (satisfied (Path is satisfied), interface: en0[802.11], uses wifi, LQM: unknown)] received child report: [C4.1.1 IPv6#766b38df.8081 waiting path (satisfied (Path is satisfied), interface: lo0)]
2026-02-11 19:05:50.194 Df AnalyticsReactNativeE2E[6687:1ae3925] [com.apple.network:connection] [C4.1.1 IPv6#766b38df.8081 waiting path (satisfied (Path is satisfied), interface: lo0)] event: path:satisfied @0.001s, uuid: CECC5DA8-8497-4A6A-911D-C031BE80DD94
2026-02-11 19:05:50.194 Db AnalyticsReactNativeE2E[6687:1ae3848] [com.apple.defaults:User Defaults] found no value for key LogFirstResponderRestoration in CFPrefsSearchListSource<0x600002c0dc80> (Domain: com.apple.UIKit, Container: (null) Non-launch persona: 0)
2026-02-11 19:05:50.194 I  AnalyticsReactNativeE2E[6687:1ae3925] [com.apple.network:connection] nw_association_create_flow <nw_association IPv6#766b38df.8081> Added association flow ID 576AA9B4-AF99-4C20-B535-78360BC61FDB
2026-02-11 19:05:50.194 I  AnalyticsReactNativeE2E[6687:1ae3925] [com.apple.network:connection] nw_endpoint_flow_setup_protocols [C4.1.1 IPv6#766b38df.8081 in_progress socket-flow (satisfied (Path is satisfied), interface: lo0)] setup flow id 576AA9B4-AF99-4C20-B535-78360BC61FDB
2026-02-11 19:05:50.194 Db AnalyticsReactNativeE2E[6687:1ae3925] [com.apple.network:connection] nw_endpoint_flow_attach_protocols [C4.1.1 IPv6#766b38df.8081 in_progress socket-flow (satisfied (Path is satisfied), interface: lo0)]
2026-02-11 19:05:50.194 Db AnalyticsReactNativeE2E[6687:1ae3925] [com.apple.network:] nw_fd_wrapper_create Created <fd_wrapper 14, guarded: false>
2026-02-11 19:05:50.194 Df AnalyticsReactNativeE2E[6687:1ae3925] [com.apple.network:connection] nw_socket_initialize_socket [C4.1.1:1] Not guarding fd 14
2026-02-11 19:05:50.194 Db AnalyticsReactNativeE2E[6687:1ae3925] [com.apple.network:connection] nw_endpoint_flow_attach_protocols [C4.1.1 IPv6#766b38df.8081 in_progress socket-flow (satisfied (Path is satisfied), interface: lo0)] Attached socket protocol
2026-02-11 19:05:50.194 Db AnalyticsReactNativeE2E[6687:1ae3925] [com.apple.network:connection] nw_endpoint_flow_setup_protocols [C4.1.1 IPv6#766b38df.8081 in_progress socket-flow (satisfied (Path is satisfied), interface: lo0)] leaf flow starting
2026-02-11 19:05:50.194 Db AnalyticsReactNativeE2E[6687:1ae3925] [com.apple.network:connection] nw_endpoint_resolver_receive_report [C4.1 Hostname#d6d1a9a2:8081 in_progress resolver (satisfied (Path is satisfied), interface: en0[802.11], uses wifi, LQM: unknown)] received child report: [C4.1.1 IPv6#766b38df.8081 in_progress socket-flow (satisfied (Path is satisfied), interface: lo0)]
2026-02-11 19:05:50.194 Db AnalyticsReactNativeE2E[6687:1ae3925] [com.apple.network:connection] nw_endpoint_flow_receive_report [C4 Hostname#d6d1a9a2:8081 in_progress parent-flow (satisfied (Path is satisfied), interface: en0[802.11], uses wifi, LQM: unknown)] received child report: [C4.1.1 IPv6#766b38df.8081 in_progress socket-flow (satisfied (Path is satisfied), interface: lo0)]
2026-02-11 19:05:50.194 Db AnalyticsReactNativeE2E[6687:1ae3935] [com.apple.BaseBoard:Common] [BSBlockSentinel:FBSScene] signaled! 2 of 2
2026-02-11 19:05:50.194 Db AnalyticsReactNativeE2E[6687:1ae3848] [com.apple.defaults:User Defaults] found no value for key AutomationEnabled in CFPrefsSearchListSource<0x600002c05100> (Domain: com.apple.Accessibility, Container: (null) Non-launch persona: 0)
2026-02-11 19:05:50.194 Db AnalyticsReactNativeE2E[6687:1ae3848] [com.apple.Accessibility:AXSupportCommon] CF Read: domain = com.apple.Accessibility, preference = AutomationEnabled, appID = (null) result = (null) (-1 - empty, 0 - false, 1 - true)
2026-02-11 19:05:50.194 Db AnalyticsReactNativeE2E[6687:1ae3848] [com.apple.defaults:User Defaults] found no value for key AutomationEnabled in CFPrefsPlistSource<0x600002c05480> (Domain: com.apple.Accessibility, User: kCFPreferencesCurrentUser, ByHost: No, Container: /Users/abueide/Library/Developer/CoreSimulator/Devices/651CE25F-D2F4-404C-AC47-0364AA5C94A1/data, Contents Need Refresh: No)
2026-02-11 19:05:50.194 Db AnalyticsReactNativeE2E[6687:1ae3935] [com.apple.BaseBoard:Common] [BSBlockSentinel:FBSScene] dealloc
2026-02-11 19:05:50.194 Df AnalyticsReactNativeE2E[6687:1ae3925] [com.apple.network:connection] [C4.1.1 IPv6#766b38df.8081 in_progress socket-flow (satisfied (Path is satisfied), interface: lo0)] event: flow:start_connect @0.001s
2026-02-11 19:05:50.194 I  AnalyticsReactNativeE2E[6687:1ae3925] [com.apple.network:connection] nw_endpoint_resolver_start_next_child [C4.1 Hostname#d6d1a9a2:8081 in_progress resolver (satisfied (Path is satisfied), interface: en0[802.11], uses wifi, LQM: unknown)] starting next child endpoint in 100ms
2026-02-11 19:05:50.194 Db AnalyticsReactNativeE2E[6687:1ae3925] [com.apple.network:connection] nw_socket_handle_socket_event [C4.1.1:1] Event mask: 0x800
2026-02-11 19:05:50.194 Df AnalyticsReactNativeE2E[6687:1ae3925] [com.apple.network:connection] nw_socket_handle_socket_event [C4.1.1:1] Socket received CONNECTED event
2026-02-11 19:05:50.194 Db AnalyticsReactNativeE2E[6687:1ae3925] [com.apple.network:connection] nw_socket_setup_notsent_lowat [C4.1.1:1] Set TCP_NOTSENT_LOWAT(16384)
2026-02-11 19:05:50.194 Df AnalyticsReactNativeE2E[6687:1ae3848] [com.apple.FrontBoard:SceneExtension] Realizing settings extension SBUISecureRenderingSettingsExtension on FBSSceneSettings
2026-02-11 19:05:50.194 Df AnalyticsReactNativeE2E[6687:1ae3925] [com.apple.network:connection] nw_flow_connected [C4.1.1 IPv6#766b38df.8081 in_progress socket-flow (satisfied (Path is satisfied), interface: lo0)] Output protocol connected (socket)
2026-02-11 19:05:50.194 Db AnalyticsReactNativeE2E[6687:1ae3848] [com.apple.FrontBoard:SceneExtension] registering method "isSecureRenderingEnabled" from extension SBUISecureRenderingSettingsExtension on class "FBSSceneSettings"
2026-02-11 19:05:50.194 Db AnalyticsReactNativeE2E[6687:1ae3925] [com.apple.network:connection] nw_endpoint_flow_connected_path_change [C4.1.1 IPv6#766b38df.8081 ready socket-flow (satisfied (Path is satisfied), interface: lo0)]
2026-02-11 19:05:50.194 Db AnalyticsReactNativeE2E[6687:1ae3848] [com.apple.FrontBoard:SceneExtension] registering method "setSecureRenderingEnabled:" from extension SBUISecureRenderingSettingsExtension on class "FBSSceneSettings"
2026-02-11 19:05:50.194 I  AnalyticsReactNativeE2E[6687:1ae3925] [com.apple.network:connection] nw_endpoint_flow_connected_path_change [C4.1.1 IPv6#766b38df.8081 ready socket-flow (satisfied (Path is satisfied), interface: lo0)] Connected path is satisfied, not viable
2026-02-11 19:05:50.194 Db AnalyticsReactNativeE2E[6687:1ae3925] [com.apple.network:connection] nw_endpoint_resolver_receive_report [C4.1 Hostname#d6d1a9a2:8081 in_progress resolver (satisfied (Path is satisfied), interface: en0[802.11], uses wifi, LQM: unknown)] received child report: [C4.1.1 IPv6#766b38df.8081 ready socket-flow (satisfied (Path is satisfied), interface: lo0)]
2026-02-11 19:05:50.194 Db AnalyticsReactNativeE2E[6687:1ae3925] [com.apple.network:connection] nw_endpoint_flow_receive_report [C4 Hostname#d6d1a9a2:8081 in_progress parent-flow (satisfied (Path is satisfied), interface: en0[802.11], uses wifi, LQM: unknown)] received child report: [C4.1.1 IPv6#766b38df.8081 ready socket-flow (satisfied (Path is satisfied), interface: lo0)]
2026-02-11 19:05:50.194 Db AnalyticsReactNativeE2E[6687:1ae3848] [com.apple.FrontBoard:SceneClient] [(FBSceneManager):sceneID:org.reactjs.native.example.AnalyticsReactNativeE2E-default] Adding extension: "SBUISecureRenderingSceneExtension"
2026-02-11 19:05:50.194 Df AnalyticsReactNativeE2E[6687:1ae3925] [com.apple.network:connection] [C4.1.1 IPv6#766b38df.8081 ready socket-flow (satisfied (Path is satisfied), interface: lo0)] event: flow:child_finish_connect @0.002s
