2026-02-11 18:55:02.124 I  AnalyticsReactNativeE2E[1758:1ad9183] [com.apple.network:connection] nw_endpoint_handler_start [C2.1.1 IPv6#ad87c312.9091 initial path ((null))]
2026-02-11 18:55:02.124 Db AnalyticsReactNativeE2E[1758:1ad9183] [com.apple.network:connection] nw_endpoint_resolver_receive_report [C2.1 Hostname#640a2913:9091 in_progress resolver (satisfied (Path is satisfied), interface: en0[802.11], uses wifi, LQM: unknown)] received child report: [C2.1.1 IPv6#ad87c312.9091 initial path ((null))]
2026-02-11 18:55:02.124 Db AnalyticsReactNativeE2E[1758:1ad9183] [com.apple.network:connection] nw_endpoint_flow_receive_report [C2 Hostname#640a2913:9091 in_progress parent-flow (satisfied (Path is satisfied), interface: en0[802.11], uses wifi, LQM: unknown)] received child report: [C2.1.1 IPv6#ad87c312.9091 initial path ((null))]
2026-02-11 18:55:02.124 Df AnalyticsReactNativeE2E[1758:1ad9183] [com.apple.network:connection] [C2.1.1 IPv6#ad87c312.9091 initial path ((null))] event: path:start @0.004s
2026-02-11 18:55:02.124 Db AnalyticsReactNativeE2E[1758:1ad9183] [com.apple.network:connection] nw_endpoint_handler_path_change [C2.1.1 IPv6#ad87c312.9091 waiting path (satisfied (Path is satisfied), interface: lo0)]
2026-02-11 18:55:02.124 Db AnalyticsReactNativeE2E[1758:1ad9183] [com.apple.network:connection] nw_endpoint_resolver_receive_report [C2.1 Hostname#640a2913:9091 in_progress resolver (satisfied (Path is satisfied), interface: en0[802.11], uses wifi, LQM: unknown)] received child report: [C2.1.1 IPv6#ad87c312.9091 waiting path (satisfied (Path is satisfied), interface: lo0)]
2026-02-11 18:55:02.124 Db AnalyticsReactNativeE2E[1758:1ad9183] [com.apple.network:connection] nw_endpoint_flow_receive_report [C2 Hostname#640a2913:9091 in_progress parent-flow (satisfied (Path is satisfied), interface: en0[802.11], uses wifi, LQM: unknown)] received child report: [C2.1.1 IPv6#ad87c312.9091 waiting path (satisfied (Path is satisfied), interface: lo0)]
2026-02-11 18:55:02.124 Df AnalyticsReactNativeE2E[1758:1ad9183] [com.apple.network:connection] [C2.1.1 IPv6#ad87c312.9091 waiting path (satisfied (Path is satisfied), interface: lo0)] event: path:satisfied @0.004s, uuid: 0916B72D-8AE9-4FA8-BD75-E26B4E7A96EA
2026-02-11 18:55:02.124 Db AnalyticsReactNativeE2E[1758:1ad9183] [com.apple.network:] nw_endpoint_proxy_handler_should_use_proxy Looking up proxy for hostname: <nil>, ifindex: 0
2026-02-11 18:55:02.124 Db AnalyticsReactNativeE2E[1758:1ad9183] [com.apple.SystemConfiguration:SCPreferences] create <SCPreferences 0x1049169d0 [0x1e578fa80]> {name = SCDynamicStoreCopyProxiesWithOptions, id = /Library/Managed Preferences/mobile/com.apple.SystemConfiguration.plist, path = /Library/Managed Preferences/mobile/com.apple.SystemConfiguration.plist}
2026-02-11 18:55:02.124 Db AnalyticsReactNativeE2E[1758:1ad9183] [com.apple.SystemConfiguration:SCPreferences] SCPreferences() access: /Library/Managed Preferences/mobile/com.apple.SystemConfiguration.plist, size=0
2026-02-11 18:55:02.124 Db AnalyticsReactNativeE2E[1758:1ad9183] [com.apple.SystemConfiguration:SCPreferences] release <SCPreferences 0x1049169d0 [0x1e578fa80]> {name = SCDynamicStoreCopyProxiesWithOptions, id = /Library/Managed Preferences/mobile/com.apple.SystemConfiguration.plist, path = /Library/Managed Preferences/mobile/com.apple.SystemConfiguration.plist, accessed}
2026-02-11 18:55:02.125 I  AnalyticsReactNativeE2E[1758:1ad9183] [com.apple.network:connection] nw_association_create_flow <nw_association IPv6#ad87c312.9091> Added association flow ID 338974FB-AAAE-4187-A654-DC5825B12AB8
2026-02-11 18:55:02.125 I  AnalyticsReactNativeE2E[1758:1ad9183] [com.apple.network:connection] nw_endpoint_flow_setup_protocols [C2.1.1 IPv6#ad87c312.9091 in_progress socket-flow (satisfied (Path is satisfied), interface: lo0)] setup flow id 338974FB-AAAE-4187-A654-DC5825B12AB8
2026-02-11 18:55:02.125 Db AnalyticsReactNativeE2E[1758:1ad9183] [com.apple.network:connection] nw_endpoint_flow_attach_protocols [C2.1.1 IPv6#ad87c312.9091 in_progress socket-flow (satisfied (Path is satisfied), interface: lo0)]
2026-02-11 18:55:02.125 Db AnalyticsReactNativeE2E[1758:1ad9183] [com.apple.network:connection] nw_endpoint_flow_attach_protocols_block_invoke [C2.1.1 IPv6#ad87c312.9091 in_progress socket-flow (satisfied (Path is satisfied), interface: lo0)] Attached application protocol: CFNetworkConnection-2253332682
2026-02-11 18:55:02.130 Db AnalyticsReactNativeE2E[1758:1ad9183] [com.apple.network:] nw_fd_wrapper_create Created <fd_wrapper 13, guarded: false>
2026-02-11 18:55:02.130 Db AnalyticsReactNativeE2E[1758:1ad9183] [com.apple.network:connection] nw_endpoint_flow_attach_protocols [C2.1.1 IPv6#ad87c312.9091 in_progress socket-flow (satisfied (Path is satisfied), interface: lo0)] Attached socket protocol
2026-02-11 18:55:02.130 Db AnalyticsReactNativeE2E[1758:1ad9183] [com.apple.network:connection] nw_endpoint_flow_setup_protocols [C2.1.1 IPv6#ad87c312.9091 in_progress socket-flow (satisfied (Path is satisfied), interface: lo0)] leaf flow starting
2026-02-11 18:55:02.130 Db AnalyticsReactNativeE2E[1758:1ad9183] [com.apple.network:connection] nw_endpoint_resolver_receive_report [C2.1 Hostname#640a2913:9091 in_progress resolver (satisfied (Path is satisfied), interface: en0[802.11], uses wifi, LQM: unknown)] received child report: [C2.1.1 IPv6#ad87c312.9091 in_progress socket-flow (satisfied (Path is satisfied), interface: lo0)]
2026-02-11 18:55:02.130 Db AnalyticsReactNativeE2E[1758:1ad9183] [com.apple.network:connection] nw_endpoint_flow_receive_report [C2 Hostname#640a2913:9091 in_progress parent-flow (satisfied (Path is satisfied), interface: en0[802.11], uses wifi, LQM: unknown)] received child report: [C2.1.1 IPv6#ad87c312.9091 in_progress socket-flow (satisfied (Path is satisfied), interface: lo0)]
2026-02-11 18:55:02.130 Df AnalyticsReactNativeE2E[1758:1ad9183] [com.apple.network:connection] [C2.1.1 IPv6#ad87c312.9091 in_progress socket-flow (satisfied (Path is satisfied), interface: lo0)] event: flow:start_connect @0.010s
2026-02-11 18:55:02.130 I  AnalyticsReactNativeE2E[1758:1ad9183] [com.apple.network:connection] nw_endpoint_resolver_start_next_child [C2.1 Hostname#640a2913:9091 in_progress resolver (satisfied (Path is satisfied), interface: en0[802.11], uses wifi, LQM: unknown)] starting next child endpoint in 100ms
2026-02-11 18:55:02.130 Db AnalyticsReactNativeE2E[1758:1ad914e] [com.apple.defaults:User Defaults] looked up value 1 for key RCTI18nUtil_makeRTLFlipLeftAndRightStyles in CFPrefsPlistSource<0x600002c10280> (Domain: org.reactjs.native.example.AnalyticsReactNativeE2E, User: kCFPreferencesCurrentUser, ByHost: No, Container: (null), Contents Need Refresh: No) via CFPrefsSearchListSource<0x600002c0c100> (Domain: org.reactjs.native.example.AnalyticsReactNativeE2E, Container: (null) Non-launch persona: 0)
2026-02-11 18:55:02.130 Db AnalyticsReactNativeE2E[1758:1ad914e] [com.apple.defaults:User Defaults] looked up value 1 for key RCTI18nUtil_makeRTLFlipLeftAndRightStyles in CFPrefsPlistSource<0x600002c10280> (Domain: org.reactjs.native.example.AnalyticsReactNativeE2E, User: kCFPreferencesCurrentUser, ByHost: No, Container: (null), Contents Need Refresh: No) via CFPrefsSearchListSource<0x600002c0c100> (Domain: org.reactjs.native.example.AnalyticsReactNativeE2E, Container: (null) Non-launch persona: 0)
2026-02-11 18:55:02.130 Db AnalyticsReactNativeE2E[1758:1ad914e] [com.apple.defaults:User Defaults] looked up value 1 for key RCTI18nUtil_makeRTLFlipLeftAndRightStyles in CFPrefsPlistSource<0x600002c10280> (Domain: org.reactjs.native.example.AnalyticsReactNativeE2E, User: kCFPreferencesCurrentUser, ByHost: No, Container: (null), Contents Need Refresh: No) via CFPrefsSearchListSource<0x600002c0c100> (Domain: org.reactjs.native.example.AnalyticsReactNativeE2E, Container: (null) Non-launch persona: 0)
2026-02-11 18:55:02.130 Db AnalyticsReactNativeE2E[1758:1ad9183] [com.apple.network:connection] nw_socket_handle_socket_event [C2.1.1:2] Event mask: 0x800
2026-02-11 18:55:02.130 Df AnalyticsReactNativeE2E[1758:1ad9183] [com.apple.network:connection] nw_socket_handle_socket_event [C2.1.1:2] Socket received CONNECTED event
2026-02-11 18:55:02.130 Db AnalyticsReactNativeE2E[1758:1ad9183] [com.apple.network:connection] nw_socket_setup_notsent_lowat [C2.1.1:2] Set TCP_NOTSENT_LOWAT(16384)
2026-02-11 18:55:02.130 Df AnalyticsReactNativeE2E[1758:1ad9183] [com.apple.network:connection] nw_flow_connected [C2.1.1 IPv6#ad87c312.9091 in_progress socket-flow (satisfied (Path is satisfied), interface: lo0)] Transport protocol connected (socket)
2026-02-11 18:55:02.130 Db AnalyticsReactNativeE2E[1758:1ad9183] [com.apple.network:connection] nw_endpoint_resolver_receive_report [C2.1 Hostname#640a2913:9091 in_progress resolver (satisfied (Path is satisfied), interface: en0[802.11], uses wifi, LQM: unknown)] received child report: [C2.1.1 IPv6#ad87c312.9091 in_progress socket-flow (satisfied (Path is satisfied), interface: lo0)]
2026-02-11 18:55:02.130 Db AnalyticsReactNativeE2E[1758:1ad9183] [com.apple.network:connection] nw_endpoint_flow_receive_report [C2 Hostname#640a2913:9091 in_progress parent-flow (satisfied (Path is satisfied), interface: en0[802.11], uses wifi, LQM: unknown)] received child report: [C2.1.1 IPv6#ad87c312.9091 in_progress socket-flow (satisfied (Path is satisfied), interface: lo0)]
2026-02-11 18:55:02.130 Df AnalyticsReactNativeE2E[1758:1ad9183] [com.apple.network:connection] [C2.1.1 IPv6#ad87c312.9091 in_progress socket-flow (satisfied (Path is satisfied), interface: lo0)] event: flow:finish_transport @0.010s
2026-02-11 18:55:02.130 I  AnalyticsReactNativeE2E[1758:1ad9183] [com.apple.network:connection] nw_endpoint_resolver_receive_report [C2.1 Hostname#640a2913:9091 in_progress resolver (satisfied (Path is satisfied), interface: en0[802.11], uses wifi, LQM: unknown)] pushing out endpoint race by 2000ms
2026-02-11 18:55:02.130 Df AnalyticsReactNativeE2E[1758:1ad9183] [com.apple.network:connection] nw_flow_connected [C2.1.1 IPv6#ad87c312.9091 in_progress socket-flow (satisfied (Path is satisfied), interface: lo0)] Output protocol connected (CFNetworkConnection-2253332682)
2026-02-11 18:55:02.130 Db AnalyticsReactNativeE2E[1758:1ad9183] [com.apple.network:connection] nw_endpoint_flow_connected_path_change [C2.1.1 IPv6#ad87c312.9091 ready socket-flow (satisfied (Path is satisfied), interface: lo0)]
2026-02-11 18:55:02.130 I  AnalyticsReactNativeE2E[1758:1ad9183] [com.apple.network:connection] nw_endpoint_flow_connected_path_change [C2.1.1 IPv6#ad87c312.9091 ready socket-flow (satisfied (Path is satisfied), interface: lo0)] Connected path is satisfied, not viable
2026-02-11 18:55:02.130 Db AnalyticsReactNativeE2E[1758:1ad9183] [com.apple.network:connection] nw_endpoint_resolver_receive_report [C2.1 Hostname#640a2913:9091 in_progress resolver (satisfied (Path is satisfied), interface: en0[802.11], uses wifi, LQM: unknown)] received child report: [C2.1.1 IPv6#ad87c312.9091 ready socket-flow (satisfied (Path is satisfied), interface: lo0)]
2026-02-11 18:55:02.130 Db AnalyticsReactNativeE2E[1758:1ad914e] [com.apple.defaults:User Defaults] looked up value 1 for key RCTI18nUtil_makeRTLFlipLeftAndRightStyles in CFPrefsPlistSource<0x600002c10280> (Domain: org.reactjs.native.example.AnalyticsReactNativeE2E, User: kCFPreferencesCurrentUser, ByHost: No, Container: (null), Contents Need Refresh: No) via CFPrefsSearchListSource<0x600002c0c100> (Domain: org.reactjs.native.example.AnalyticsReactNativeE2E, Container: (null) Non-launch persona: 0)
2026-02-11 18:55:02.130 Db AnalyticsReactNativeE2E[1758:1ad9183] [com.apple.network:connection] nw_endpoint_flow_receive_report [C2 Hostname#640a2913:9091 in_progress parent-flow (satisfied (Path is satisfied), interface: en0[802.11], uses wifi, LQM: unknown)] received child report: [C2.1.1 IPv6#ad87c312.9091 ready socket-flow (satisfied (Path is satisfied), interface: lo0)]
2026-02-11 18:55:02.130 Db AnalyticsReactNativeE2E[1758:1ad914e] [com.apple.defaults:User Defaults] looked up value 1 for key RCTI18nUtil_makeRTLFlipLeftAndRightStyles in CFPrefsPlistSource<0x600002c10280> (Domain: org.reactjs.native.example.AnalyticsReactNativeE2E, User: kCFPreferencesCurrentUser, ByHost: No, Container: (null), Contents Need Refresh: No) via CFPrefsSearchListSource<0x600002c0c100> (Domain: org.reactjs.native.example.AnalyticsReactNativeE2E, Container: (null) Non-launch persona: 0)
2026-02-11 18:55:02.130 Db AnalyticsReactNativeE2E[1758:1ad914e] [com.apple.defaults:User Defaults] looked up value 1 for key RCTI18nUtil_makeRTLFlipLeftAndRightStyles in CFPrefsPlistSource<0x600002c10280> (Domain: org.reactjs.native.example.AnalyticsReactNativeE2E, User: kCFPreferencesCurrentUser, ByHost: No, Container: (null), Contents Need Refresh: No) via CFPrefsSearchListSource<0x600002c0c100> (Domain: org.reactjs.native.example.AnalyticsReactNativeE2E, Container: (null) Non-launch persona: 0)
2026-02-11 18:55:02.130 Df AnalyticsReactNativeE2E[1758:1ad9183] [com.apple.network:connection] [C2.1.1 IPv6#ad87c312.9091 ready socket-flow (satisfied (Path is satisfied), interface: lo0)] event: flow:child_finish_connect @0.010s
2026-02-11 18:55:02.130 Db AnalyticsReactNativeE2E[1758:1ad914e] [com.apple.defaults:User Defaults] looked up value 1 for key RCTI18nUtil_makeRTLFlipLeftAndRightStyles in CFPrefsPlistSource<0x600002c10280> (Domain: org.reactjs.native.example.AnalyticsReactNativeE2E, User: kCFPreferencesCurrentUser, ByHost: No, Container: (null), Contents Need Refresh: No) via CFPrefsSearchListSource<0x600002c0c100> (Domain: org.reactjs.native.example.AnalyticsReactNativeE2E, Container: (null) Non-launch persona: 0)
2026-02-11 18:55:02.130 Db AnalyticsReactNativeE2E[1758:1ad9183] [com.apple.network:connection] nw_endpoint_flow_receive_report [C2 IPv6#ad87c312.9091 in_progress parent-flow (satisfied (Path is satisfied), interface: en0[802.11], uses wifi, LQM: unknown)] connecting endpoint_flow to child's shared protocol
2026-02-11 18:55:02.130 Db AnalyticsReactNativeE2E[1758:1ad914e] [com.apple.defaults:User Defaults] looked up value 1 for key RCTI18nUtil_makeRTLFlipLeftAndRightStyles in CFPrefsPlistSource<0x600002c10280> (Domain: org.reactjs.native.example.AnalyticsReactNativeE2E, User: kCFPreferencesCurrentUser, ByHost: No, Container: (null), Contents Need Refresh: No) via CFPrefsSearchListSource<0x600002c0c100> (Domain: org.reactjs.native.example.AnalyticsReactNativeE2E, Container: (null) Non-launch persona: 0)
2026-02-11 18:55:02.130 Db AnalyticsReactNativeE2E[1758:1ad9183] [com.apple.network:connection] nw_endpoint_flow_setup_protocols [C2 IPv6#ad87c312.9091 in_progress parent-flow (satisfied (Path is satisfied), interface: en0[802.11], uses wifi, LQM: unknown)] already set up
2026-02-11 18:55:02.130 Db AnalyticsReactNativeE2E[1758:1ad914e] [com.apple.defaults:User Defaults] looked up value 1 for key RCTI18nUtil_makeRTLFlipLeftAndRightStyles in CFPrefsPlistSource<0x600002c10280> (Domain: org.reactjs.native.example.AnalyticsReactNativeE2E, User: kCFPreferencesCurrentUser, ByHost: No, Container: (null), Contents Need Refresh: No) via CFPrefsSearchListSource<0x600002c0c100> (Domain: org.reactjs.native.example.AnalyticsReactNativeE2E, Container: (null) Non-launch persona: 0)
2026-02-11 18:55:02.130 Db AnalyticsReactNativeE2E[1758:1ad9183] [com.apple.network:connection] nw_endpoint_flow_setup_protocols [C2 IPv6#ad87c312.9091 in_progress parent-flow (satisfied (Path is satisfied), interface: en0[802.11], uses wifi, LQM: unknown)] child flow connected, starting
2026-02-11 18:55:02.131 Db AnalyticsReactNativeE2E[1758:1ad9183] [com.apple.network:connection] nw_endpoint_flow_setup_protocols [C2 IPv6#ad87c312.9091 in_progress parent-flow (satisfied (Path is satisfied), interface: en0[802.11], uses wifi, LQM: unknown)] already started
2026-02-11 18:55:02.131 Db AnalyticsReactNativeE2E[1758:1ad9183] [com.apple.network:connection] nw_endpoint_flow_receive_report [C2 IPv6#ad87c312.9091 in_progress parent-flow (satisfied (Path is satisfied), interface: en0[802.11], uses wifi, LQM: unknown)] received child report: [C2.1 Hostname#640a2913:9091 ready resolver (satisfied (Path is satisfied), interface: en0[802.11], uses wifi, LQM: unknown)]
2026-02-11 18:55:02.131 Df AnalyticsReactNativeE2E[1758:1ad9183] [com.apple.network:connection] [C2.1 Hostname#640a2913:9091 ready resolver (satisfied (Path is satisfied), interface: en0[802.11], uses wifi, LQM: unknown)] event: flow:child_finish_connect @0.010s
2026-02-11 18:55:02.131 I  AnalyticsReactNativeE2E[1758:1ad9183] [com.apple.network:connection] nw_endpoint_handler_cancel [C2.1.2 IPv4#5812f5de:9091 initial path ((null))]
2026-02-11 18:55:02.131 Db AnalyticsReactNativeE2E[1758:1ad914e] [com.apple.defaults:User Defaults] looked up value 1 for key RCTI18nUtil_makeRTLFlipLeftAndRightStyles in CFPrefsPlistSource<0x600002c10280> (Domain: org.reactjs.native.example.AnalyticsReactNativeE2E, User: kCFPreferencesCurrentUser, ByHost: No, Container: (null), Contents Need Refresh: No) via CFPrefsSearchListSource<0x600002c0c100> (Domain: org.reactjs.native.example.AnalyticsReactNativeE2E, Container: (null) Non-launch persona: 0)
2026-02-11 18:55:02.131 Db AnalyticsReactNativeE2E[1758:1ad914e] [com.apple.defaults:User Defaults] looked up value 1 for key RCTI18nUtil_makeRTLFlipLeftAndRightStyles in CFPrefsPlistSource<0x600002c10280> (Domain: org.reactjs.native.example.AnalyticsReactNativeE2E, User: kCFPreferencesCurrentUser, ByHost: No, Container: (null), Contents Need Refresh: No) via CFPrefsSearchListSource<0x600002c0c100> (Domain: org.reactjs.native.example.AnalyticsReactNativeE2E, Container: (null) Non-launch persona: 0)
2026-02-11 18:55:02.131 Db AnalyticsReactNativeE2E[1758:1ad914e] [com.apple.defaults:User Defaults] looked up value 1 for key RCTI18nUtil_makeRTLFlipLeftAndRightStyles in CFPrefsPlistSource<0x600002c10280> (Domain: org.reactjs.native.example.AnalyticsReactNativeE2E, User: kCFPreferencesCurrentUser, ByHost: No, Container: (null), Contents Need Refresh: No) via CFPrefsSearchListSource<0x600002c0c100> (Domain: org.reactjs.native.example.AnalyticsReactNativeE2E, Container: (null) Non-launch persona: 0)
2026-02-11 18:55:02.131 Df AnalyticsReactNativeE2E[1758:1ad9183] [com.apple.network:connection] nw_flow_connected [C2 IPv6#ad87c312.9091 in_progress parent-flow (satisfied (Path is satisfied), interface: en0[802.11], uses wifi, LQM: unknown)] Output protocol connected (endpoint_flow)
2026-02-11 18:55:02.131 Db AnalyticsReactNativeE2E[1758:1ad9183] [com.apple.network:connection] nw_endpoint_flow_connected_path_change [C2 IPv6#ad87c312.9091 ready parent-flow (satisfied (Path is satisfied), interface: en0[802.11], uses wifi, LQM: unknown)]
2026-02-11 18:55:02.131 I  AnalyticsReactNativeE2E[1758:1ad9183] [com.apple.network:connection] nw_endpoint_flow_connected_path_change [C2 IPv6#ad87c312.9091 ready parent-flow (satisfied (Path is satisfied), interface: en0[802.11], uses wifi, LQM: unknown)] Connected path is satisfied, child is not viable
2026-02-11 18:55:02.131 Df AnalyticsReactNativeE2E[1758:1ad9183] [com.apple.network:connection] [C2 IPv6#ad87c312.9091 ready parent-flow (satisfied (Path is satisfied), interface: en0[802.11], uses wifi, LQM: unknown)] event: flow:finish_connect @0.010s
2026-02-11 18:55:02.131 Db AnalyticsReactNativeE2E[1758:1ad9183] [com.apple.network:connection] nw_connection_run_pqtls_probe_locked_on_nw_queue [C2] No TLS metadata; not running PQ-TLS probe
2026-02-11 18:55:02.131 Db AnalyticsReactNativeE2E[1758:1ad9183] [com.apple.network:connection] nw_connection_run_ech_probe_locked_on_nw_queue [C2] stack doesn't include TLS; not running ECH probe
2026-02-11 18:55:02.131 Db AnalyticsReactNativeE2E[1758:1ad9183] [com.apple.network:connection] nw_connection_endpoint_report_on_nw_queue_block_invoke [C2] Connected fallback generation 0
2026-02-11 18:55:02.131 I  AnalyticsReactNativeE2E[1758:1ad9183] [com.apple.network:connection] nw_connection_start_candidate_manager_if_needed_locked [C2] Checking whether to start candidate manager
2026-02-11 18:55:02.131 Db AnalyticsReactNativeE2E[1758:1ad9183] [com.apple.network:connection] nw_connection_start_candidate_manager_if_needed_locked [C2] Connection does not support multipath, not starting candidate manager
2026-02-11 18:55:02.131 Db AnalyticsReactNativeE2E[1758:1ad914e] [com.apple.defaults:User Defaults] looked up value 1 for key RCTI18nUtil_makeRTLFlipLeftAndRightStyles in CFPrefsPlistSource<0x600002c10280> (Domain: org.reactjs.native.example.AnalyticsReactNativeE2E, User: kCFPreferencesCurrentUser, ByHost: No, Container: (null), Contents Need Refresh: No) via CFPrefsSearchListSource<0x600002c0c100> (Domain: org.reactjs.native.example.AnalyticsReactNativeE2E, Container: (null) Non-launch persona: 0)
2026-02-11 18:55:02.131 Db AnalyticsReactNativeE2E[1758:1ad914e] [com.apple.defaults:User Defaults] looked up value 1 for key RCTI18nUtil_makeRTLFlipLeftAndRightStyles in CFPrefsPlistSource<0x600002c10280> (Domain: org.reactjs.native.example.AnalyticsReactNativeE2E, User: kCFPreferencesCurrentUser, ByHost: No, Container: (null), Contents Need Refresh: No) via CFPrefsSearchListSource<0x600002c0c100> (Domain: org.reactjs.native.example.AnalyticsReactNativeE2E, Container: (null) Non-launch persona: 0)
2026-02-11 18:55:02.131 Df AnalyticsReactNativeE2E[1758:1ad9183] [com.apple.network:connection] nw_connection_report_state_with_handler_on_nw_queue [C2] reporting state ready
2026-02-11 18:55:02.131 Db AnalyticsReactNativeE2E[1758:1ad914e] [com.apple.defaults:User Defaults] looked up value 1 for key RCTI18nUtil_makeRTLFlipLeftAndRightStyles in CFPrefsPlistSource<0x600002c10280> (Domain: org.reactjs.native.example.AnalyticsReactNativeE2E, User: kCFPreferencesCurrentUser, ByHost: No, Container: (null), Contents Need Refresh: No) via CFPrefsSearchListSource<0x600002c0c100> (Domain: org.reactjs.native.example.AnalyticsReactNativeE2E, Container: (null) Non-launch persona: 0)
2026-02-11 18:55:02.131 Df AnalyticsReactNativeE2E[1758:1ad9183] [com.apple.CFNetwork:Default] Connection 2: connected successfully
2026-02-11 18:55:02.131 Db AnalyticsReactNativeE2E[1758:1ad914e] [com.apple.defaults:User Defaults] looked up value 1 for key RCTI18nUtil_makeRTLFlipLeftAndRightStyles in CFPrefsPlistSource<0x600002c10280> (Domain: org.reactjs.native.example.AnalyticsReactNativeE2E, User: kCFPreferencesCurrentUser, ByHost: No, Container: (null), Contents Need Refresh: No) via CFPrefsSearchListSource<0x600002c0c100> (Domain: org.reactjs.native.example.AnalyticsReactNativeE2E, Container: (null) Non-launch persona: 0)
2026-02-11 18:55:02.131 Df AnalyticsReactNativeE2E[1758:1ad9183] [com.apple.CFNetwork:Default] Connection 2: ready C(N) E(N)
2026-02-11 18:55:02.131 Db AnalyticsReactNativeE2E[1758:1ad914e] [com.apple.defaults:User Defaults] looked up value 1 for key RCTI18nUtil_makeRTLFlipLeftAndRightStyles in CFPrefsPlistSource<0x600002c10280> (Domain: org.reactjs.native.example.AnalyticsReactNativeE2E, User: kCFPreferencesCurrentUser, ByHost: No, Container: (null), Contents Need Refresh: No) via CFPrefsSearchListSource<0x600002c0c100> (Domain: org.reactjs.native.example.AnalyticsReactNativeE2E, Container: (null) Non-launch persona: 0)
2026-02-11 18:55:02.131 Db AnalyticsReactNativeE2E[1758:1ad9183] [com.apple.CFNetwork:Default] Task <B81D329F-EA06-450E-8D51-0D9FDDCA16C1>.<1> done setting up Connection 2
2026-02-11 18:55:02.131 Db AnalyticsReactNativeE2E[1758:1ad914e] [com.apple.defaults:User Defaults] looked up value 1 for key RCTI18nUtil_makeRTLFlipLeftAndRightStyles in CFPrefsPlistSource<0x600002c10280> (Domain: org.reactjs.native.example.AnalyticsReactNativeE2E, User: kCFPreferencesCurrentUser, ByHost: No, Container: (null), Contents Need Refresh: No) via CFPrefsSearchListSource<0x600002c0c100> (Domain: org.reactjs.native.example.AnalyticsReactNativeE2E, Container: (null) Non-launch persona: 0)
2026-02-11 18:55:02.131 Db AnalyticsReactNativeE2E[1758:1ad9183] [com.apple.network:activity] Returning should log: 0 for activity cfnetwork:foreground_task
2026-02-11 18:55:02.131 Df AnalyticsReactNativeE2E[1758:1ad9183] [com.apple.CFNetwork:Default] Task <B81D329F-EA06-450E-8D51-0D9FDDCA16C1>.<1> now using Connection 2
2026-02-11 18:55:02.131 Db AnalyticsReactNativeE2E[1758:1ad9183] [com.apple.network:activity] Returning should log: 0 for activity cfnetwork:foreground_task
2026-02-11 18:55:02.131 Db AnalyticsReactNativeE2E[1758:1ad914e] [com.apple.defaults:User Defaults] looked up value 1 for key RCTI18nUtil_makeRTLFlipLeftAndRightStyles in CFPrefsPlistSource<0x600002c10280> (Domain: org.reactjs.native.example.AnalyticsReactNativeE2E, User: kCFPreferencesCurrentUser, ByHost: No, Container: (null), Contents Need Refresh: No) via CFPrefsSearchListSource<0x600002c0c100> (Domain: org.reactjs.native.example.AnalyticsReactNativeE2E, Container: (null) Non-launch persona: 0)
2026-02-11 18:55:02.131 Db AnalyticsReactNativeE2E[1758:1ad914e] [com.apple.defaults:User Defaults] looked up value 1 for key RCTI18nUtil_makeRTLFlipLeftAndRightStyles in CFPrefsPlistSource<0x600002c10280> (Domain: org.reactjs.native.example.AnalyticsReactNativeE2E, User: kCFPreferencesCurrentUser, ByHost: No, Container: (null), Contents Need Refresh: No) via CFPrefsSearchListSource<0x600002c0c100> (Domain: org.reactjs.native.example.AnalyticsReactNativeE2E, Container: (null) Non-launch persona: 0)
2026-02-11 18:55:02.131 Db AnalyticsReactNativeE2E[1758:1ad914e] [com.apple.defaults:User Defaults] looked up value 1 for key RCTI18nUtil_makeRTLFlipLeftAndRightStyles in CFPrefsPlistSource<0x600002c10280> (Domain: org.reactjs.native.example.AnalyticsReactNativeE2E, User: kCFPreferencesCurrentUser, ByHost: No, Container: (null), Contents Need Refresh: No) via CFPrefsSearchListSource<0x600002c0c100> (Domain: org.reactjs.native.example.AnalyticsReactNativeE2E, Container: (null) Non-launch persona: 0)
2026-02-11 18:55:02.131 Df AnalyticsReactNativeE2E[1758:1ad9183] [com.apple.CFNetwork:Default] Task <B81D329F-EA06-450E-8D51-0D9FDDCA16C1>.<1> sent request, body N 0
2026-02-11 18:55:02.131 Db AnalyticsReactNativeE2E[1758:1ad914e] [com.apple.defaults:User Defaults] looked up value 1 for key RCTI18nUtil_makeRTLFlipLeftAndRightStyles in CFPrefsPlistSource<0x600002c10280> (Domain: org.reactjs.native.example.AnalyticsReactNativeE2E, User: kCFPreferencesCurrentUser, ByHost: No, Container: (null), Contents Need Refresh: No) via CFPrefsSearchListSource<0x600002c0c100> (Domain: org.reactjs.native.example.AnalyticsReactNativeE2E, Container: (null) Non-launch persona: 0)
2026-02-11 18:55:02.131 Db AnalyticsReactNativeE2E[1758:1ad914e] [com.apple.defaults:User Defaults] looked up value 1 for key RCTI18nUtil_makeRTLFlipLeftAndRightStyles in CFPrefsPlistSource<0x600002c10280> (Domain: org.reactjs.native.example.AnalyticsReactNativeE2E, User: kCFPreferencesCurrentUser, ByHost: No, Container: (null), Contents Need Refresh: No) via CFPrefsSearchListSource<0x600002c0c100> (Domain: org.reactjs.native.example.AnalyticsReactNativeE2E, Container: (null) Non-launch persona: 0)
2026-02-11 18:55:02.131 Db AnalyticsReactNativeE2E[1758:1ad914e] [com.apple.defaults:User Defaults] looked up value 1 for key RCTI18nUtil_makeRTLFlipLeftAndRightStyles in CFPrefsPlistSource<0x600002c10280> (Domain: org.reactjs.native.example.AnalyticsReactNativeE2E, User: kCFPreferencesCurrentUser, ByHost: No, Container: (null), Contents Need Refresh: No) via CFPrefsSearchListSource<0x600002c0c100> (Domain: org.reactjs.native.example.AnalyticsReactNativeE2E, Container: (null) Non-launch persona: 0)
2026-02-11 18:55:02.131 Db AnalyticsReactNativeE2E[1758:1ad914e] [com.apple.defaults:User Defaults] looked up value 1 for key RCTI18nUtil_makeRTLFlipLeftAndRightStyles in CFPrefsPlistSource<0x600002c10280> (Domain: org.reactjs.native.example.AnalyticsReactNativeE2E, User: kCFPreferencesCurrentUser, ByHost: No, Container: (null), Contents Need Refresh: No) via CFPrefsSearchListSource<0x600002c0c100> (Domain: org.reactjs.native.example.AnalyticsReactNativeE2E, Container: (null) Non-launch persona: 0)
2026-02-11 18:55:02.131 Db AnalyticsReactNativeE2E[1758:1ad914e] [com.apple.defaults:User Defaults] looked up value 1 for key RCTI18nUtil_makeRTLFlipLeftAndRightStyles in CFPrefsPlistSource<0x600002c10280> (Domain: org.reactjs.native.example.AnalyticsReactNativeE2E, User: kCFPreferencesCurrentUser, ByHost: No, Container: (null), Contents Need Refresh: No) via CFPrefsSearchListSource<0x600002c0c100> (Domain: org.reactjs.native.example.AnalyticsReactNativeE2E, Container: (null) Non-launch persona: 0)
2026-02-11 18:55:02.131 Db AnalyticsReactNativeE2E[1758:1ad914e] [com.apple.defaults:User Defaults] looked up value 1 for key RCTI18nUtil_makeRTLFlipLeftAndRightStyles in CFPrefsPlistSource<0x600002c10280> (Domain: org.reactjs.native.example.AnalyticsReactNativeE2E, User: kCFPreferencesCurrentUser, ByHost: No, Container: (null), Contents Need Refresh: No) via CFPrefsSearchListSource<0x600002c0c100> (Domain: org.reactjs.native.example.AnalyticsReactNativeE2E, Container: (null) Non-launch persona: 0)
2026-02-11 18:55:02.131 Db AnalyticsReactNativeE2E[1758:1ad914e] [com.apple.defaults:User Defaults] looked up value 1 for key RCTI18nUtil_makeRTLFlipLeftAndRightStyles in CFPrefsPlistSource<0x600002c10280> (Domain: org.reactjs.native.example.AnalyticsReactNativeE2E, User: kCFPreferencesCurrentUser, ByHost: No, Container: (null), Contents Need Refresh: No) via CFPrefsSearchListSource<0x600002c0c100> (Domain: org.reactjs.native.example.AnalyticsReactNativeE2E, Container: (null) Non-launch persona: 0)
2026-02-11 18:55:02.131 Db AnalyticsReactNativeE2E[1758:1ad914e] [com.apple.defaults:User Defaults] looked up value 1 for key RCTI18nUtil_makeRTLFlipLeftAndRightStyles in CFPrefsPlistSource<0x600002c10280> (Domain: org.reactjs.native.example.AnalyticsReactNativeE2E, User: kCFPreferencesCurrentUser, ByHost: No, Container: (null), Contents Need Refresh: No) via CFPrefsSearchListSource<0x600002c0c100> (Domain: org.reactjs.native.example.AnalyticsReactNativeE2E, Container: (null) Non-launch persona: 0)
2026-02-11 18:55:02.131 Db AnalyticsReactNativeE2E[1758:1ad914e] [com.apple.defaults:User Defaults] looked up value 1 for key RCTI18nUtil_makeRTLFlipLeftAndRightStyles in CFPrefsPlistSource<0x600002c10280> (Domain: org.reactjs.native.example.AnalyticsReactNativeE2E, User: kCFPreferencesCurrentUser, ByHost: No, Container: (null), Contents Need Refresh: No) via CFPrefsSearchListSource<0x600002c0c100> (Domain: org.reactjs.native.example.AnalyticsReactNativeE2E, Container: (null) Non-launch persona: 0)
2026-02-11 18:55:02.133 Db AnalyticsReactNativeE2E[1758:1ad914e] [com.apple.defaults:User Defaults] looked up value 1 for key RCTI18nUtil_makeRTLFlipLeftAndRightStyles in CFPrefsPlistSource<0x600002c10280> (Domain: org.reactjs.native.example.AnalyticsReactNativeE2E, User: kCFPreferencesCurrentUser, ByHost: No, Container: (null), Contents Need Refresh: No) via CFPrefsSearchListSource<0x600002c0c100> (Domain: org.reactjs.native.example.AnalyticsReactNativeE2E, Container: (null) Non-launch persona: 0)
2026-02-11 18:55:02.133 Db AnalyticsReactNativeE2E[1758:1ad914e] [com.apple.defaults:User Defaults] looked up value 1 for key RCTI18nUtil_makeRTLFlipLeftAndRightStyles in CFPrefsPlistSource<0x600002c10280> (Domain: org.reactjs.native.example.AnalyticsReactNativeE2E, User: kCFPreferencesCurrentUser, ByHost: No, Container: (null), Contents Need Refresh: No) via CFPrefsSearchListSource<0x600002c0c100> (Domain: org.reactjs.native.example.AnalyticsReactNativeE2E, Container: (null) Non-launch persona: 0)
2026-02-11 18:55:02.133 Db AnalyticsReactNativeE2E[1758:1ad914e] [com.apple.defaults:User Defaults] looked up value 1 for key RCTI18nUtil_makeRTLFlipLeftAndRightStyles in CFPrefsPlistSource<0x600002c10280> (Domain: org.reactjs.native.example.AnalyticsReactNativeE2E, User: kCFPreferencesCurrentUser, ByHost: No, Container: (null), Contents Need Refresh: No) via CFPrefsSearchListSource<0x600002c0c100> (Domain: org.reactjs.native.example.AnalyticsReactNativeE2E, Container: (null) Non-launch persona: 0)
2026-02-11 18:55:02.133 Db AnalyticsReactNativeE2E[1758:1ad914e] [com.apple.defaults:User Defaults] looked up value 1 for key RCTI18nUtil_makeRTLFlipLeftAndRightStyles in CFPrefsPlistSource<0x600002c10280> (Domain: org.reactjs.native.example.AnalyticsReactNativeE2E, User: kCFPreferencesCurrentUser, ByHost: No, Container: (null), Contents Need Refresh: No) via CFPrefsSearchListSource<0x600002c0c100> (Domain: org.reactjs.native.example.AnalyticsReactNativeE2E, Container: (null) Non-launch persona: 0)
2026-02-11 18:55:02.133 Db AnalyticsReactNativeE2E[1758:1ad914e] [com.apple.defaults:User Defaults] looked up value 1 for key RCTI18nUtil_makeRTLFlipLeftAndRightStyles in CFPrefsPlistSource<0x600002c10280> (Domain: org.reactjs.native.example.AnalyticsReactNativeE2E, User: kCFPreferencesCurrentUser, ByHost: No, Container: (null), Contents Need Refresh: No) via CFPrefsSearchListSource<0x600002c0c100> (Domain: org.reactjs.native.example.AnalyticsReactNativeE2E, Container: (null) Non-launch persona: 0)
2026-02-11 18:55:02.133 Db AnalyticsReactNativeE2E[1758:1ad914e] [com.apple.defaults:User Defaults] looked up value 1 for key RCTI18nUtil_makeRTLFlipLeftAndRightStyles in CFPrefsPlistSource<0x600002c10280> (Domain: org.reactjs.native.example.AnalyticsReactNativeE2E, User: kCFPreferencesCurrentUser, ByHost: No, Container: (null), Contents Need Refresh: No) via CFPrefsSearchListSource<0x600002c0c100> (Domain: org.reactjs.native.example.AnalyticsReactNativeE2E, Container: (null) Non-launch persona: 0)
2026-02-11 18:55:02.133 Db AnalyticsReactNativeE2E[1758:1ad914e] [com.apple.defaults:User Defaults] looked up value 1 for key RCTI18nUtil_makeRTLFlipLeftAndRightStyles in CFPrefsPlistSource<0x600002c10280> (Domain: org.reactjs.native.example.AnalyticsReactNativeE2E, User: kCFPreferencesCurrentUser, ByHost: No, Container: (null), Contents Need Refresh: No) via CFPrefsSearchListSource<0x600002c0c100> (Domain: org.reactjs.native.example.AnalyticsReactNativeE2E, Container: (null) Non-launch persona: 0)
2026-02-11 18:55:02.133 Db AnalyticsReactNativeE2E[1758:1ad914e] [com.apple.defaults:User Defaults] looked up value 1 for key RCTI18nUtil_makeRTLFlipLeftAndRightStyles in CFPrefsPlistSource<0x600002c10280> (Domain: org.reactjs.native.example.AnalyticsReactNativeE2E, User: kCFPreferencesCurrentUser, ByHost: No, Container: (null), Contents Need Refresh: No) via CFPrefsSearchListSource<0x600002c0c100> (Domain: org.reactjs.native.example.AnalyticsReactNativeE2E, Container: (null) Non-launch persona: 0)
2026-02-11 18:55:02.133 Db AnalyticsReactNativeE2E[1758:1ad914e] [com.apple.defaults:User Defaults] looked up value 1 for key RCTI18nUtil_makeRTLFlipLeftAndRightStyles in CFPrefsPlistSource<0x600002c10280> (Domain: org.reactjs.native.example.AnalyticsReactNativeE2E, User: kCFPreferencesCurrentUser, ByHost: No, Container: (null), Contents Need Refresh: No) via CFPrefsSearchListSource<0x600002c0c100> (Domain: org.reactjs.native.example.AnalyticsReactNativeE2E, Container: (null) Non-launch persona: 0)
2026-02-11 18:55:02.133 Db AnalyticsReactNativeE2E[1758:1ad914e] [com.apple.defaults:User Defaults] looked up value 1 for key RCTI18nUtil_makeRTLFlipLeftAndRightStyles in CFPrefsPlistSource<0x600002c10280> (Domain: org.reactjs.native.example.AnalyticsReactNativeE2E, User: kCFPreferencesCurrentUser, ByHost: No, Container: (null), Contents Need Refresh: No) via CFPrefsSearchListSource<0x600002c0c100> (Domain: org.reactjs.native.example.AnalyticsReactNativeE2E, Container: (null) Non-launch persona: 0)
2026-02-11 18:55:02.133 Db AnalyticsReactNativeE2E[1758:1ad914e] [com.apple.defaults:User Defaults] looked up value 1 for key RCTI18nUtil_makeRTLFlipLeftAndRightStyles in CFPrefsPlistSource<0x600002c10280> (Domain: org.reactjs.native.example.AnalyticsReactNativeE2E, User: kCFPreferencesCurrentUser, ByHost: No, Container: (null), Contents Need Refresh: No) via CFPrefsSearchListSource<0x600002c0c100> (Domain: org.reactjs.native.example.AnalyticsReactNativeE2E, Container: (null) Non-launch persona: 0)
2026-02-11 18:55:02.133 Db AnalyticsReactNativeE2E[1758:1ad914e] [com.apple.defaults:User Defaults] looked up value 1 for key RCTI18nUtil_makeRTLFlipLeftAndRightStyles in CFPrefsPlistSource<0x600002c10280> (Domain: org.reactjs.native.example.AnalyticsReactNativeE2E, User: kCFPreferencesCurrentUser, ByHost: No, Container: (null), Contents Need Refresh: No) via CFPrefsSearchListSource<0x600002c0c100> (Domain: org.reactjs.native.example.AnalyticsReactNativeE2E, Container: (null) Non-launch persona: 0)
2026-02-11 18:55:02.133 Db AnalyticsReactNativeE2E[1758:1ad914e] [com.apple.BackBoard:EventDelivery] no-op flush
2026-02-11 18:55:02.133 Df AnalyticsReactNativeE2E[1758:1ad9185] [com.apple.CFNetwork:Default] Task <B81D329F-EA06-450E-8D51-0D9FDDCA16C1>.<1> received response, status 200 content K
2026-02-11 18:55:02.133 Db AnalyticsReactNativeE2E[1758:1ad9185] [com.apple.network:connection] nw_connection_modify_estimated_bytes_block_invoke [C2] Incremented estimated bytes to receive by 375, total now 375
2026-02-11 18:55:02.133 Db AnalyticsReactNativeE2E[1758:1ad9185] [com.apple.network:connection] nw_connection_modify_estimated_bytes_block_invoke [C2] Using lower threshold 12582912, upper threshold 31457280
2026-02-11 18:55:02.133 Df AnalyticsReactNativeE2E[1758:1ad9185] [com.apple.CFNetwork:Default] Task <B81D329F-EA06-450E-8D51-0D9FDDCA16C1>.<1> response ended
2026-02-11 18:55:02.133 Df AnalyticsReactNativeE2E[1758:1ad9185] [com.apple.CFNetwork:Default] Task <B81D329F-EA06-450E-8D51-0D9FDDCA16C1>.<1> done using Connection 2
2026-02-11 18:55:02.133 Db AnalyticsReactNativeE2E[1758:1ad9185] [com.apple.network:activity] Returning should log: 0 for activity cfnetwork:foreground_task
2026-02-11 18:55:02.133 Db AnalyticsReactNativeE2E[1758:1ad9185] [com.apple.CFNetwork:Default] Connection 2: set is idle true
2026-02-11 18:55:02.133 Df AnalyticsReactNativeE2E[1758:1ad9185] [com.apple.network:connection] [C2] event: client:connection_idle @0.013s
2026-02-11 18:55:02.133 I  AnalyticsReactNativeE2E[1758:1ad9185] [com.apple.network:connection] nw_endpoint_handler_report_connection_idle [C2 IPv6#ad87c312.9091 ready parent-flow (satisfied (Path is satisfied), interface: en0[802.11], uses wifi, LQM: unknown)] Reporting connection idle to protocols
2026-02-11 18:55:02.133 I  AnalyticsReactNativeE2E[1758:1ad9185] [com.apple.network:connection] nw_flow_passthrough_notify [C2.1.1 IPv6#ad87c312.9091 ready socket-flow (satisfied (Path is satisfied), interface: lo0)] received notification connection_idle
2026-02-11 18:55:02.133 Df AnalyticsReactNativeE2E[1758:1ad9185] [com.apple.network:connection] nw_protocol_socket_notify [C2.1.1:2] nw_protocol_notification_type_connection_idle is true
2026-02-11 18:55:02.133 E  AnalyticsReactNativeE2E[1758:1ad9185] [com.apple.network:connection] nw_socket_set_connection_idle [C2.1.1:2] setsockopt SO_CONNECTION_IDLE failed [42: Protocol not available]
2026-02-11 18:55:02.133 Db AnalyticsReactNativeE2E[1758:1ad9185] [com.apple.CFNetwork:Default] Connection 2: set is idle true
2026-02-11 18:55:02.133 Df AnalyticsReactNativeE2E[1758:1ad9185] [com.apple.network:connection] [C2] event: client:connection_idle @0.013s
2026-02-11 18:55:02.133 I  AnalyticsReactNativeE2E[1758:1ad9185] [com.apple.network:connection] nw_endpoint_handler_report_connection_idle [C2 IPv6#ad87c312.9091 ready parent-flow (satisfied (Path is satisfied), interface: en0[802.11], uses wifi, LQM: unknown)] Reporting connection idle to protocols
2026-02-11 18:55:02.134 Df AnalyticsReactNativeE2E[1758:1ad9186] [com.apple.CFNetwork:Summary] Task <B81D329F-EA06-450E-8D51-0D9FDDCA16C1>.<1> summary for task success {transaction_duration_ms=25, response_status=200, connection=2, protocol="http/1.1", domain_lookup_duration_ms=0, connect_duration_ms=0, secure_connection_duration_ms=0, private_relay=false, request_start_ms=22, request_duration_ms=0, response_start_ms=24, response_duration_ms=0, request_bytes=266, request_throughput_kbps=59109, response_bytes=612, response_throughput_kbps=29653, cache_hit=false}
2026-02-11 18:55:02.134 I  AnalyticsReactNativeE2E[1758:1ad9185] [com.apple.network:connection] nw_flow_passthrough_notify [C2.1.1 IPv6#ad87c312.9091 ready socket-flow (satisfied (Path is satisfied), interface: lo0)] received notification connection_idle
2026-02-11 18:55:02.134 Df AnalyticsReactNativeE2E[1758:1ad9185] [com.apple.network:connection] nw_protocol_socket_notify [C2.1.1:2] nw_protocol_notification_type_connection_idle is true
2026-02-11 18:55:02.134 E  AnalyticsReactNativeE2E[1758:1ad9185] [com.apple.network:connection] nw_socket_set_connection_idle [C2.1.1:2] setsockopt SO_CONNECTION_IDLE failed [42: Protocol not available]
2026-02-11 18:55:02.134 Df AnalyticsReactNativeE2E[1758:1ad9186] [com.apple.CoreAnalytics:client] No XPC connection in Simulator
2026-02-11 18:55:02.134 Db AnalyticsReactNativeE2E[1758:1ad914e] [com.apple.defaults:User Defaults] found no value for key LogUpdateCycle.Stalls in CFPrefsSearchListSource<0x600002c02e00> (Domain: com.apple.UIKit, Container: (null) Non-launch persona: 0)
2026-02-11 18:55:02.134 Df AnalyticsReactNativeE2E[1758:1ad9186] [com.apple.CFNetwork:Default] Task <B81D329F-EA06-450E-8D51-0D9FDDCA16C1>.<1> finished successfully
2026-02-11 18:55:02.134 Db AnalyticsReactNativeE2E[1758:1ad9186] [com.apple.network:activity] Returning should log: 0 for activity cfnetwork:foreground_task
2026-02-11 18:55:02.134 Db AnalyticsReactNativeE2E[1758:1ad9186] [com.apple.network:activity] Returning should log: 0 for activity cfnetwork:foreground_task
2026-02-11 18:55:02.134 Db AnalyticsReactNativeE2E[1758:1ad9186] [com.apple.network:activity] No threshold for cfnetwork:foreground_task, returning NW_ACTIVITY_DURATION_INVALID
2026-02-11 18:55:02.134 Db AnalyticsReactNativeE2E[1758:1ad9186] [com.apple.network:activity] No threshold for activity <nw_activity 12:2 [6870D0B4-6474-40C9-A98A-95AE25D23166] (parent is global) (reporting strategy default) complete (reason success)>
2026-02-11 18:55:02.134 Db AnalyticsReactNativeE2E[1758:1ad914e] [com.apple.defaults:User Defaults] looked up value 1 for key RCTI18nUtil_makeRTLFlipLeftAndRightStyles in CFPrefsPlistSource<0x600002c10280> (Domain: org.reactjs.native.example.AnalyticsReactNativeE2E, User: kCFPreferencesCurrentUser, ByHost: No, Container: (null), Contents Need Refresh: No) via CFPrefsSearchListSource<0x600002c0c100> (Domain: org.reactjs.native.example.AnalyticsReactNativeE2E, Container: (null) Non-launch persona: 0)
2026-02-11 18:55:02.134 Db AnalyticsReactNativeE2E[1758:1ad914e] [com.apple.defaults:User Defaults] looked up value 1 for key RCTI18nUtil_makeRTLFlipLeftAndRightStyles in CFPrefsPlistSource<0x600002c10280> (Domain: org.reactjs.native.example.AnalyticsReactNativeE2E, User: kCFPreferencesCurrentUser, ByHost: No, Container: (null), Contents Need Refresh: No) via CFPrefsSearchListSource<0x600002c0c100> (Domain: org.reactjs.native.example.AnalyticsReactNativeE2E, Container: (null) Non-launch persona: 0)
2026-02-11 18:55:02.135 Db AnalyticsReactNativeE2E[1758:1ad914e] [com.apple.defaults:User Defaults] looked up value 1 for key RCTI18nUtil_makeRTLFlipLeftAndRightStyles in CFPrefsPlistSource<0x600002c10280> (Domain: org.reactjs.native.example.AnalyticsReactNativeE2E, User: kCFPreferencesCurrentUser, ByHost: No, Container: (null), Contents Need Refresh: No) via CFPrefsSearchListSource<0x600002c0c100> (Domain: org.reactjs.native.example.AnalyticsReactNativeE2E, Container: (null) Non-launch persona: 0)
2026-02-11 18:55:02.135 I  AnalyticsReactNativeE2E[1758:1ad919d] [com.facebook.react.log:javascript] Received settings from Segment succesfully.
2026-02-11 18:55:02.135 Db AnalyticsReactNativeE2E[1758:1ad9185] [com.apple.SystemConfiguration:SCNetworkReachability] [0x1047169d0] create w/name <SCNetworkReachability 0x1047169d0 [0x1e578fa80]> {name = google.com}
2026-02-11 18:55:02.135 Db AnalyticsReactNativeE2E[1758:1ad9185] [com.apple.SystemConfiguration:SCNetworkReachability] [0x1047169d0] __SCNetworkReachabilityGetFlagsFromPath(GetFlags), flags = 0x00000002, nw_path_status_satisfied
2026-02-11 18:55:02.135 Db AnalyticsReactNativeE2E[1758:1ad9185] [com.apple.SystemConfiguration:SCNetworkReachability] [0x1047169d0] release
2026-02-11 18:55:02.135 Df AnalyticsReactNativeE2E[1758:1ad9185] [com.apple.xpc:connection] [0x104720e10] activating connection: mach=true listener=false peer=false name=com.apple.lsd.advertisingidentifiers
2026-02-11 18:55:02.139 I  AnalyticsReactNativeE2E[1758:1ad919d] [com.facebook.react.log:javascript] 'TRACK (Application Installed) event saved', { type: 'track',
  event: 'Application Installed',
  properties: { version: '1.0', build: '1' } }
2026-02-11 18:55:02.139 I  AnalyticsReactNativeE2E[1758:1ad919d] [com.facebook.react.log:javascript] 'TRACK (Application Opened) event saved', { type: 'track',
  event: 'Application Opened',
  properties: { from_background: false, version: '1.0', build: '1' } }
2026-02-11 18:55:02.145 Db AnalyticsReactNativeE2E[1758:1ad914e] [com.apple.defaults:User Defaults] found no value for key PhoneticFeedbackEnabled in CFPrefsSearchListSource<0x600002c00480> (Domain: com.apple.Accessibility, Container: (null) Non-launch persona: 0)
2026-02-11 18:55:02.145 Db AnalyticsReactNativeE2E[1758:1ad914e] [com.apple.Accessibility:AXSupportCommon] CF Read: domain = com.apple.Accessibility, preference = PhoneticFeedbackEnabled, appID = (null) result = (null) (-1 - empty, 0 - false, 1 - true)
2026-02-11 18:55:02.145 Db AnalyticsReactNativeE2E[1758:1ad914e] [com.apple.defaults:User Defaults] found no value for key PhoneticFeedbackEnabled in CFPrefsPlistSource<0x600002c00800> (Domain: com.apple.Accessibility, User: kCFPreferencesCurrentUser, ByHost: No, Container: /Users/abueide/Library/Developer/CoreSimulator/Devices/651CE25F-D2F4-404C-AC47-0364AA5C94A1/data, Contents Need Refresh: No)
2026-02-11 18:55:02.145 Db AnalyticsReactNativeE2E[1758:1ad914e] [com.apple.defaults:User Defaults] found no value for key LetterFeedbackEnabled in CFPrefsSearchListSource<0x600002c00480> (Domain: com.apple.Accessibility, Container: (null) Non-launch persona: 0)
2026-02-11 18:55:02.145 Db AnalyticsReactNativeE2E[1758:1ad914e] [com.apple.Accessibility:AXSupportCommon] CF Read: domain = com.apple.Accessibility, preference = LetterFeedbackEnabled, appID = (null) result = (null) (-1 - empty, 0 - false, 1 - true)
2026-02-11 18:55:02.145 Db AnalyticsReactNativeE2E[1758:1ad914e] [com.apple.defaults:User Defaults] found no value for key LetterFeedbackEnabled in CFPrefsPlistSource<0x600002c00800> (Domain: com.apple.Accessibility, User: kCFPreferencesCurrentUser, ByHost: No, Container: /Users/abueide/Library/Developer/CoreSimulator/Devices/651CE25F-D2F4-404C-AC47-0364AA5C94A1/data, Contents Need Refresh: No)
2026-02-11 18:55:02.145 Db AnalyticsReactNativeE2E[1758:1ad914e] [com.apple.defaults:User Defaults] found no value for key PhoneticFeedbackEnabled in CFPrefsSearchListSource<0x600002c00480> (Domain: com.apple.Accessibility, Container: (null) Non-launch persona: 0)
2026-02-11 18:55:02.145 Db AnalyticsReactNativeE2E[1758:1ad914e] [com.apple.Accessibility:AXSupportCommon] CF Read: domain = com.apple.Accessibility, preference = PhoneticFeedbackEnabled, appID = (null) result = (null) (-1 - empty, 0 - false, 1 - true)
2026-02-11 18:55:02.145 Db AnalyticsReactNativeE2E[1758:1ad914e] [com.apple.defaults:User Defaults] found no value for key PhoneticFeedbackEnabled in CFPrefsPlistSource<0x600002c00800> (Domain: com.apple.Accessibility, User: kCFPreferencesCurrentUser, ByHost: No, Container: /Users/abueide/Library/Developer/CoreSimulator/Devices/651CE25F-D2F4-404C-AC47-0364AA5C94A1/data, Contents Need Refresh: No)
2026-02-11 18:55:02.145 Db AnalyticsReactNativeE2E[1758:1ad914e] [com.apple.defaults:User Defaults] found no value for key LetterFeedbackEnabled in CFPrefsSearchListSource<0x600002c00480> (Domain: com.apple.Accessibility, Container: (null) Non-launch persona: 0)
2026-02-11 18:55:02.145 Db AnalyticsReactNativeE2E[1758:1ad914e] [com.apple.Accessibility:AXSupportCommon] CF Read: domain = com.apple.Accessibility, preference = LetterFeedbackEnabled, appID = (null) result = (null) (-1 - empty, 0 - false, 1 - true)
2026-02-11 18:55:02.145 Db AnalyticsReactNativeE2E[1758:1ad914e] [com.apple.defaults:User Defaults] found no value for key LetterFeedbackEnabled in CFPrefsPlistSource<0x600002c00800> (Domain: com.apple.Accessibility, User: kCFPreferencesCurrentUser, ByHost: No, Container: /Users/abueide/Library/Developer/CoreSimulator/Devices/651CE25F-D2F4-404C-AC47-0364AA5C94A1/data, Contents Need Refresh: No)
2026-02-11 18:55:02.145 Db AnalyticsReactNativeE2E[1758:1ad914e] [com.apple.defaults:User Defaults] found no value for key QuickTypePredictionFeedbackEnabled in CFPrefsSearchListSource<0x600002c00480> (Domain: com.apple.Accessibility, Container: (null) Non-launch persona: 0)
2026-02-11 18:55:02.145 Db AnalyticsReactNativeE2E[1758:1ad914e] [com.apple.Accessibility:AXSupportCommon] CF Read: domain = com.apple.Accessibility, preference = QuickTypePredictionFeedbackEnabled, appID = (null) result = (null) (-1 - empty, 0 - false, 1 - true)
2026-02-11 18:55:02.145 Db AnalyticsReactNativeE2E[1758:1ad914e] [com.apple.defaults:User Defaults] found no value for key QuickTypePredictionFeedbackEnabled in CFPrefsPlistSource<0x600002c00800> (Domain: com.apple.Accessibility, User: kCFPreferencesCurrentUser, ByHost: No, Container: /Users/abueide/Library/Developer/CoreSimulator/Devices/651CE25F-D2F4-404C-AC47-0364AA5C94A1/data, Contents Need Refresh: No)
2026-02-11 18:55:02.146 Db AnalyticsReactNativeE2E[1758:1ad914e] [com.apple.defaults:User Defaults] found no value for key WordFeedbackEnabled in CFPrefsSearchListSource<0x600002c00480> (Domain: com.apple.Accessibility, Container: (null) Non-launch persona: 0)
