2026-02-11 18:58:31.278 Df AnalyticsReactNativeE2E[2796:1adc35a] [com.apple.network:connection] nw_endpoint_resolver_update [C2.1 Hostname#c1654a6d:9091 in_progress resolver (satisfied (Path is satisfied), interface: en0[802.11], uses wifi, LQM: unknown)] Adding endpoint handler for IPv6#ec3dd845.9091
2026-02-11 18:58:31.279 Df AnalyticsReactNativeE2E[2796:1adc35a] [com.apple.network:connection] nw_endpoint_resolver_update [C2.1 Hostname#c1654a6d:9091 in_progress resolver (satisfied (Path is satisfied), interface: en0[802.11], uses wifi, LQM: unknown)] Adding endpoint handler for IPv4#2c33820f:9091
2026-02-11 18:58:31.279 Db AnalyticsReactNativeE2E[2796:1adc35a] [com.apple.network:connection] nw_endpoint_resolver_update [C2.1 Hostname#c1654a6d:9091 in_progress resolver (satisfied (Path is satisfied), interface: en0[802.11], uses wifi, LQM: unknown)] Updated endpoint list is (IPv6#ec3dd845.9091,IPv4#2c33820f:9091)
2026-02-11 18:58:31.279 Db AnalyticsReactNativeE2E[2796:1adc35a] [com.apple.network:connection] nw_endpoint_flow_receive_report [C2 Hostname#c1654a6d:9091 in_progress parent-flow (satisfied (Path is satisfied), interface: en0[802.11], uses wifi, LQM: unknown)] received child report: [C2.1 Hostname#c1654a6d:9091 in_progress resolver (satisfied (Path is satisfied), interface: en0[802.11], uses wifi, LQM: unknown)]
2026-02-11 18:58:31.279 Df AnalyticsReactNativeE2E[2796:1adc35a] [com.apple.network:connection] [C2.1 Hostname#c1654a6d:9091 in_progress resolver (satisfied (Path is satisfied), interface: en0[802.11], uses wifi, LQM: unknown)] event: resolver:receive_dns @0.007s
2026-02-11 18:58:31.279 Db AnalyticsReactNativeE2E[2796:1adc2c6] [com.apple.defaults:User Defaults] looked up value 1 for key RCTI18nUtil_makeRTLFlipLeftAndRightStyles in CFPrefsPlistSource<0x600002c00300> (Domain: org.reactjs.native.example.AnalyticsReactNativeE2E, User: kCFPreferencesCurrentUser, ByHost: No, Container: (null), Contents Need Refresh: No) via CFPrefsSearchListSource<0x600002c04100> (Domain: org.reactjs.native.example.AnalyticsReactNativeE2E, Container: (null) Non-launch persona: 0)
2026-02-11 18:58:31.279 I  AnalyticsReactNativeE2E[2796:1adc35a] [com.apple.network:connection] nw_endpoint_resolver_start_next_child [C2.1 Hostname#c1654a6d:9091 in_progress resolver (satisfied (Path is satisfied), interface: en0[802.11], uses wifi, LQM: unknown)] starting child endpoint IPv6#ec3dd845.9091
2026-02-11 18:58:31.279 Db AnalyticsReactNativeE2E[2796:1adc2c6] [com.apple.defaults:User Defaults] looked up value 1 for key RCTI18nUtil_makeRTLFlipLeftAndRightStyles in CFPrefsPlistSource<0x600002c00300> (Domain: org.reactjs.native.example.AnalyticsReactNativeE2E, User: kCFPreferencesCurrentUser, ByHost: No, Container: (null), Contents Need Refresh: No) via CFPrefsSearchListSource<0x600002c04100> (Domain: org.reactjs.native.example.AnalyticsReactNativeE2E, Container: (null) Non-launch persona: 0)
2026-02-11 18:58:31.279 Db AnalyticsReactNativeE2E[2796:1adc2c6] [com.apple.defaults:User Defaults] looked up value 1 for key RCTI18nUtil_makeRTLFlipLeftAndRightStyles in CFPrefsPlistSource<0x600002c00300> (Domain: org.reactjs.native.example.AnalyticsReactNativeE2E, User: kCFPreferencesCurrentUser, ByHost: No, Container: (null), Contents Need Refresh: No) via CFPrefsSearchListSource<0x600002c04100> (Domain: org.reactjs.native.example.AnalyticsReactNativeE2E, Container: (null) Non-launch persona: 0)
2026-02-11 18:58:31.279 I  AnalyticsReactNativeE2E[2796:1adc35a] [com.apple.network:connection] nw_endpoint_handler_start [C2.1.1 IPv6#ec3dd845.9091 initial path ((null))]
2026-02-11 18:58:31.279 Db AnalyticsReactNativeE2E[2796:1adc2c6] [com.apple.defaults:User Defaults] looked up value 1 for key RCTI18nUtil_makeRTLFlipLeftAndRightStyles in CFPrefsPlistSource<0x600002c00300> (Domain: org.reactjs.native.example.AnalyticsReactNativeE2E, User: kCFPreferencesCurrentUser, ByHost: No, Container: (null), Contents Need Refresh: No) via CFPrefsSearchListSource<0x600002c04100> (Domain: org.reactjs.native.example.AnalyticsReactNativeE2E, Container: (null) Non-launch persona: 0)
2026-02-11 18:58:31.279 Db AnalyticsReactNativeE2E[2796:1adc2c6] [com.apple.defaults:User Defaults] looked up value 1 for key RCTI18nUtil_makeRTLFlipLeftAndRightStyles in CFPrefsPlistSource<0x600002c00300> (Domain: org.reactjs.native.example.AnalyticsReactNativeE2E, User: kCFPreferencesCurrentUser, ByHost: No, Container: (null), Contents Need Refresh: No) via CFPrefsSearchListSource<0x600002c04100> (Domain: org.reactjs.native.example.AnalyticsReactNativeE2E, Container: (null) Non-launch persona: 0)
2026-02-11 18:58:31.279 Db AnalyticsReactNativeE2E[2796:1adc35a] [com.apple.network:connection] nw_endpoint_resolver_receive_report [C2.1 Hostname#c1654a6d:9091 in_progress resolver (satisfied (Path is satisfied), interface: en0[802.11], uses wifi, LQM: unknown)] received child report: [C2.1.1 IPv6#ec3dd845.9091 initial path ((null))]
2026-02-11 18:58:31.279 Db AnalyticsReactNativeE2E[2796:1adc2c6] [com.apple.defaults:User Defaults] looked up value 1 for key RCTI18nUtil_makeRTLFlipLeftAndRightStyles in CFPrefsPlistSource<0x600002c00300> (Domain: org.reactjs.native.example.AnalyticsReactNativeE2E, User: kCFPreferencesCurrentUser, ByHost: No, Container: (null), Contents Need Refresh: No) via CFPrefsSearchListSource<0x600002c04100> (Domain: org.reactjs.native.example.AnalyticsReactNativeE2E, Container: (null) Non-launch persona: 0)
2026-02-11 18:58:31.279 Db AnalyticsReactNativeE2E[2796:1adc35a] [com.apple.network:connection] nw_endpoint_flow_receive_report [C2 Hostname#c1654a6d:9091 in_progress parent-flow (satisfied (Path is satisfied), interface: en0[802.11], uses wifi, LQM: unknown)] received child report: [C2.1.1 IPv6#ec3dd845.9091 initial path ((null))]
2026-02-11 18:58:31.279 Df AnalyticsReactNativeE2E[2796:1adc35a] [com.apple.network:connection] [C2.1.1 IPv6#ec3dd845.9091 initial path ((null))] event: path:start @0.007s
2026-02-11 18:58:31.279 Db AnalyticsReactNativeE2E[2796:1adc2c6] [com.apple.defaults:User Defaults] looked up value 1 for key RCTI18nUtil_makeRTLFlipLeftAndRightStyles in CFPrefsPlistSource<0x600002c00300> (Domain: org.reactjs.native.example.AnalyticsReactNativeE2E, User: kCFPreferencesCurrentUser, ByHost: No, Container: (null), Contents Need Refresh: No) via CFPrefsSearchListSource<0x600002c04100> (Domain: org.reactjs.native.example.AnalyticsReactNativeE2E, Container: (null) Non-launch persona: 0)
2026-02-11 18:58:31.279 Db AnalyticsReactNativeE2E[2796:1adc2c6] [com.apple.defaults:User Defaults] looked up value 1 for key RCTI18nUtil_makeRTLFlipLeftAndRightStyles in CFPrefsPlistSource<0x600002c00300> (Domain: org.reactjs.native.example.AnalyticsReactNativeE2E, User: kCFPreferencesCurrentUser, ByHost: No, Container: (null), Contents Need Refresh: No) via CFPrefsSearchListSource<0x600002c04100> (Domain: org.reactjs.native.example.AnalyticsReactNativeE2E, Container: (null) Non-launch persona: 0)
2026-02-11 18:58:31.279 Db AnalyticsReactNativeE2E[2796:1adc2c6] [com.apple.defaults:User Defaults] looked up value 1 for key RCTI18nUtil_makeRTLFlipLeftAndRightStyles in CFPrefsPlistSource<0x600002c00300> (Domain: org.reactjs.native.example.AnalyticsReactNativeE2E, User: kCFPreferencesCurrentUser, ByHost: No, Container: (null), Contents Need Refresh: No) via CFPrefsSearchListSource<0x600002c04100> (Domain: org.reactjs.native.example.AnalyticsReactNativeE2E, Container: (null) Non-launch persona: 0)
2026-02-11 18:58:31.279 Db AnalyticsReactNativeE2E[2796:1adc35a] [com.apple.network:connection] nw_endpoint_handler_path_change [C2.1.1 IPv6#ec3dd845.9091 waiting path (satisfied (Path is satisfied), interface: lo0)]
2026-02-11 18:58:31.279 Db AnalyticsReactNativeE2E[2796:1adc35a] [com.apple.network:connection] nw_endpoint_resolver_receive_report [C2.1 Hostname#c1654a6d:9091 in_progress resolver (satisfied (Path is satisfied), interface: en0[802.11], uses wifi, LQM: unknown)] received child report: [C2.1.1 IPv6#ec3dd845.9091 waiting path (satisfied (Path is satisfied), interface: lo0)]
2026-02-11 18:58:31.279 Db AnalyticsReactNativeE2E[2796:1adc35a] [com.apple.network:connection] nw_endpoint_flow_receive_report [C2 Hostname#c1654a6d:9091 in_progress parent-flow (satisfied (Path is satisfied), interface: en0[802.11], uses wifi, LQM: unknown)] received child report: [C2.1.1 IPv6#ec3dd845.9091 waiting path (satisfied (Path is satisfied), interface: lo0)]
2026-02-11 18:58:31.279 Df AnalyticsReactNativeE2E[2796:1adc35a] [com.apple.network:connection] [C2.1.1 IPv6#ec3dd845.9091 waiting path (satisfied (Path is satisfied), interface: lo0)] event: path:satisfied @0.007s, uuid: 84A439D2-555E-483C-96AA-B27E795D0FD9
2026-02-11 18:58:31.279 Db AnalyticsReactNativeE2E[2796:1adc35a] [com.apple.network:] nw_endpoint_proxy_handler_should_use_proxy Looking up proxy for hostname: <nil>, ifindex: 0
2026-02-11 18:58:31.279 Db AnalyticsReactNativeE2E[2796:1adc35a] [com.apple.SystemConfiguration:SCPreferences] create <SCPreferences 0x106018360 [0x1e578fa80]> {name = SCDynamicStoreCopyProxiesWithOptions, id = /Library/Managed Preferences/mobile/com.apple.SystemConfiguration.plist, path = /Library/Managed Preferences/mobile/com.apple.SystemConfiguration.plist}
2026-02-11 18:58:31.279 Db AnalyticsReactNativeE2E[2796:1adc35a] [com.apple.SystemConfiguration:SCPreferences] SCPreferences() access: /Library/Managed Preferences/mobile/com.apple.SystemConfiguration.plist, size=0
2026-02-11 18:58:31.279 Db AnalyticsReactNativeE2E[2796:1adc35a] [com.apple.SystemConfiguration:SCPreferences] release <SCPreferences 0x106018360 [0x1e578fa80]> {name = SCDynamicStoreCopyProxiesWithOptions, id = /Library/Managed Preferences/mobile/com.apple.SystemConfiguration.plist, path = /Library/Managed Preferences/mobile/com.apple.SystemConfiguration.plist, accessed}
2026-02-11 18:58:31.279 Db AnalyticsReactNativeE2E[2796:1adc2c6] [com.apple.defaults:User Defaults] looked up value 1 for key RCTI18nUtil_makeRTLFlipLeftAndRightStyles in CFPrefsPlistSource<0x600002c00300> (Domain: org.reactjs.native.example.AnalyticsReactNativeE2E, User: kCFPreferencesCurrentUser, ByHost: No, Container: (null), Contents Need Refresh: No) via CFPrefsSearchListSource<0x600002c04100> (Domain: org.reactjs.native.example.AnalyticsReactNativeE2E, Container: (null) Non-launch persona: 0)
2026-02-11 18:58:31.279 Db AnalyticsReactNativeE2E[2796:1adc2c6] [com.apple.defaults:User Defaults] looked up value 1 for key RCTI18nUtil_makeRTLFlipLeftAndRightStyles in CFPrefsPlistSource<0x600002c00300> (Domain: org.reactjs.native.example.AnalyticsReactNativeE2E, User: kCFPreferencesCurrentUser, ByHost: No, Container: (null), Contents Need Refresh: No) via CFPrefsSearchListSource<0x600002c04100> (Domain: org.reactjs.native.example.AnalyticsReactNativeE2E, Container: (null) Non-launch persona: 0)
2026-02-11 18:58:31.279 Db AnalyticsReactNativeE2E[2796:1adc2c6] [com.apple.defaults:User Defaults] looked up value 1 for key RCTI18nUtil_makeRTLFlipLeftAndRightStyles in CFPrefsPlistSource<0x600002c00300> (Domain: org.reactjs.native.example.AnalyticsReactNativeE2E, User: kCFPreferencesCurrentUser, ByHost: No, Container: (null), Contents Need Refresh: No) via CFPrefsSearchListSource<0x600002c04100> (Domain: org.reactjs.native.example.AnalyticsReactNativeE2E, Container: (null) Non-launch persona: 0)
2026-02-11 18:58:31.279 Db AnalyticsReactNativeE2E[2796:1adc2c6] [com.apple.defaults:User Defaults] looked up value 1 for key RCTI18nUtil_makeRTLFlipLeftAndRightStyles in CFPrefsPlistSource<0x600002c00300> (Domain: org.reactjs.native.example.AnalyticsReactNativeE2E, User: kCFPreferencesCurrentUser, ByHost: No, Container: (null), Contents Need Refresh: No) via CFPrefsSearchListSource<0x600002c04100> (Domain: org.reactjs.native.example.AnalyticsReactNativeE2E, Container: (null) Non-launch persona: 0)
2026-02-11 18:58:31.279 Db AnalyticsReactNativeE2E[2796:1adc2c6] [com.apple.defaults:User Defaults] looked up value 1 for key RCTI18nUtil_makeRTLFlipLeftAndRightStyles in CFPrefsPlistSource<0x600002c00300> (Domain: org.reactjs.native.example.AnalyticsReactNativeE2E, User: kCFPreferencesCurrentUser, ByHost: No, Container: (null), Contents Need Refresh: No) via CFPrefsSearchListSource<0x600002c04100> (Domain: org.reactjs.native.example.AnalyticsReactNativeE2E, Container: (null) Non-launch persona: 0)
2026-02-11 18:58:31.279 Db AnalyticsReactNativeE2E[2796:1adc2c6] [com.apple.defaults:User Defaults] looked up value 1 for key RCTI18nUtil_makeRTLFlipLeftAndRightStyles in CFPrefsPlistSource<0x600002c00300> (Domain: org.reactjs.native.example.AnalyticsReactNativeE2E, User: kCFPreferencesCurrentUser, ByHost: No, Container: (null), Contents Need Refresh: No) via CFPrefsSearchListSource<0x600002c04100> (Domain: org.reactjs.native.example.AnalyticsReactNativeE2E, Container: (null) Non-launch persona: 0)
2026-02-11 18:58:31.279 I  AnalyticsReactNativeE2E[2796:1adc35a] [com.apple.network:connection] nw_association_create_flow <nw_association IPv6#ec3dd845.9091> Added association flow ID 01810035-BC1F-4E43-9E6E-ACFDA54EC4D0
2026-02-11 18:58:31.279 I  AnalyticsReactNativeE2E[2796:1adc35a] [com.apple.network:connection] nw_endpoint_flow_setup_protocols [C2.1.1 IPv6#ec3dd845.9091 in_progress socket-flow (satisfied (Path is satisfied), interface: lo0)] setup flow id 01810035-BC1F-4E43-9E6E-ACFDA54EC4D0
2026-02-11 18:58:31.279 Db AnalyticsReactNativeE2E[2796:1adc35a] [com.apple.network:connection] nw_endpoint_flow_attach_protocols [C2.1.1 IPv6#ec3dd845.9091 in_progress socket-flow (satisfied (Path is satisfied), interface: lo0)]
2026-02-11 18:58:31.279 Db AnalyticsReactNativeE2E[2796:1adc2c6] [com.apple.defaults:User Defaults] looked up value 1 for key RCTI18nUtil_makeRTLFlipLeftAndRightStyles in CFPrefsPlistSource<0x600002c00300> (Domain: org.reactjs.native.example.AnalyticsReactNativeE2E, User: kCFPreferencesCurrentUser, ByHost: No, Container: (null), Contents Need Refresh: No) via CFPrefsSearchListSource<0x600002c04100> (Domain: org.reactjs.native.example.AnalyticsReactNativeE2E, Container: (null) Non-launch persona: 0)
2026-02-11 18:58:31.279 Db AnalyticsReactNativeE2E[2796:1adc35a] [com.apple.network:connection] nw_endpoint_flow_attach_protocols_block_invoke [C2.1.1 IPv6#ec3dd845.9091 in_progress socket-flow (satisfied (Path is satisfied), interface: lo0)] Attached application protocol: CFNetworkConnection-497382564
2026-02-11 18:58:31.279 Db AnalyticsReactNativeE2E[2796:1adc2c6] [com.apple.defaults:User Defaults] looked up value 1 for key RCTI18nUtil_makeRTLFlipLeftAndRightStyles in CFPrefsPlistSource<0x600002c00300> (Domain: org.reactjs.native.example.AnalyticsReactNativeE2E, User: kCFPreferencesCurrentUser, ByHost: No, Container: (null), Contents Need Refresh: No) via CFPrefsSearchListSource<0x600002c04100> (Domain: org.reactjs.native.example.AnalyticsReactNativeE2E, Container: (null) Non-launch persona: 0)
2026-02-11 18:58:31.279 Db AnalyticsReactNativeE2E[2796:1adc2c6] [com.apple.defaults:User Defaults] looked up value 1 for key RCTI18nUtil_makeRTLFlipLeftAndRightStyles in CFPrefsPlistSource<0x600002c00300> (Domain: org.reactjs.native.example.AnalyticsReactNativeE2E, User: kCFPreferencesCurrentUser, ByHost: No, Container: (null), Contents Need Refresh: No) via CFPrefsSearchListSource<0x600002c04100> (Domain: org.reactjs.native.example.AnalyticsReactNativeE2E, Container: (null) Non-launch persona: 0)
2026-02-11 18:58:31.279 Db AnalyticsReactNativeE2E[2796:1adc35a] [com.apple.network:] nw_fd_wrapper_create Created <fd_wrapper 13, guarded: false>
2026-02-11 18:58:31.279 Db AnalyticsReactNativeE2E[2796:1adc35a] [com.apple.network:connection] nw_endpoint_flow_attach_protocols [C2.1.1 IPv6#ec3dd845.9091 in_progress socket-flow (satisfied (Path is satisfied), interface: lo0)] Attached socket protocol
2026-02-11 18:58:31.279 Db AnalyticsReactNativeE2E[2796:1adc2c6] [com.apple.defaults:User Defaults] looked up value 1 for key RCTI18nUtil_makeRTLFlipLeftAndRightStyles in CFPrefsPlistSource<0x600002c00300> (Domain: org.reactjs.native.example.AnalyticsReactNativeE2E, User: kCFPreferencesCurrentUser, ByHost: No, Container: (null), Contents Need Refresh: No) via CFPrefsSearchListSource<0x600002c04100> (Domain: org.reactjs.native.example.AnalyticsReactNativeE2E, Container: (null) Non-launch persona: 0)
2026-02-11 18:58:31.279 Db AnalyticsReactNativeE2E[2796:1adc2c6] [com.apple.defaults:User Defaults] looked up value 1 for key RCTI18nUtil_makeRTLFlipLeftAndRightStyles in CFPrefsPlistSource<0x600002c00300> (Domain: org.reactjs.native.example.AnalyticsReactNativeE2E, User: kCFPreferencesCurrentUser, ByHost: No, Container: (null), Contents Need Refresh: No) via CFPrefsSearchListSource<0x600002c04100> (Domain: org.reactjs.native.example.AnalyticsReactNativeE2E, Container: (null) Non-launch persona: 0)
2026-02-11 18:58:31.279 Db AnalyticsReactNativeE2E[2796:1adc35a] [com.apple.network:connection] nw_endpoint_flow_setup_protocols [C2.1.1 IPv6#ec3dd845.9091 in_progress socket-flow (satisfied (Path is satisfied), interface: lo0)] leaf flow starting
2026-02-11 18:58:31.279 Db AnalyticsReactNativeE2E[2796:1adc2c6] [com.apple.defaults:User Defaults] looked up value 1 for key RCTI18nUtil_makeRTLFlipLeftAndRightStyles in CFPrefsPlistSource<0x600002c00300> (Domain: org.reactjs.native.example.AnalyticsReactNativeE2E, User: kCFPreferencesCurrentUser, ByHost: No, Container: (null), Contents Need Refresh: No) via CFPrefsSearchListSource<0x600002c04100> (Domain: org.reactjs.native.example.AnalyticsReactNativeE2E, Container: (null) Non-launch persona: 0)
2026-02-11 18:58:31.279 Db AnalyticsReactNativeE2E[2796:1adc35a] [com.apple.network:connection] nw_endpoint_resolver_receive_report [C2.1 Hostname#c1654a6d:9091 in_progress resolver (satisfied (Path is satisfied), interface: en0[802.11], uses wifi, LQM: unknown)] received child report: [C2.1.1 IPv6#ec3dd845.9091 in_progress socket-flow (satisfied (Path is satisfied), interface: lo0)]
2026-02-11 18:58:31.279 Db AnalyticsReactNativeE2E[2796:1adc35a] [com.apple.network:connection] nw_endpoint_flow_receive_report [C2 Hostname#c1654a6d:9091 in_progress parent-flow (satisfied (Path is satisfied), interface: en0[802.11], uses wifi, LQM: unknown)] received child report: [C2.1.1 IPv6#ec3dd845.9091 in_progress socket-flow (satisfied (Path is satisfied), interface: lo0)]
2026-02-11 18:58:31.279 Df AnalyticsReactNativeE2E[2796:1adc35a] [com.apple.network:connection] [C2.1.1 IPv6#ec3dd845.9091 in_progress socket-flow (satisfied (Path is satisfied), interface: lo0)] event: flow:start_connect @0.007s
2026-02-11 18:58:31.279 I  AnalyticsReactNativeE2E[2796:1adc35a] [com.apple.network:connection] nw_endpoint_resolver_start_next_child [C2.1 Hostname#c1654a6d:9091 in_progress resolver (satisfied (Path is satisfied), interface: en0[802.11], uses wifi, LQM: unknown)] starting next child endpoint in 100ms
2026-02-11 18:58:31.279 Db AnalyticsReactNativeE2E[2796:1adc2c6] [com.apple.defaults:User Defaults] looked up value 1 for key RCTI18nUtil_makeRTLFlipLeftAndRightStyles in CFPrefsPlistSource<0x600002c00300> (Domain: org.reactjs.native.example.AnalyticsReactNativeE2E, User: kCFPreferencesCurrentUser, ByHost: No, Container: (null), Contents Need Refresh: No) via CFPrefsSearchListSource<0x600002c04100> (Domain: org.reactjs.native.example.AnalyticsReactNativeE2E, Container: (null) Non-launch persona: 0)
2026-02-11 18:58:31.279 Db AnalyticsReactNativeE2E[2796:1adc2c6] [com.apple.defaults:User Defaults] looked up value 1 for key RCTI18nUtil_makeRTLFlipLeftAndRightStyles in CFPrefsPlistSource<0x600002c00300> (Domain: org.reactjs.native.example.AnalyticsReactNativeE2E, User: kCFPreferencesCurrentUser, ByHost: No, Container: (null), Contents Need Refresh: No) via CFPrefsSearchListSource<0x600002c04100> (Domain: org.reactjs.native.example.AnalyticsReactNativeE2E, Container: (null) Non-launch persona: 0)
2026-02-11 18:58:31.279 Db AnalyticsReactNativeE2E[2796:1adc2c6] [com.apple.defaults:User Defaults] looked up value 1 for key RCTI18nUtil_makeRTLFlipLeftAndRightStyles in CFPrefsPlistSource<0x600002c00300> (Domain: org.reactjs.native.example.AnalyticsReactNativeE2E, User: kCFPreferencesCurrentUser, ByHost: No, Container: (null), Contents Need Refresh: No) via CFPrefsSearchListSource<0x600002c04100> (Domain: org.reactjs.native.example.AnalyticsReactNativeE2E, Container: (null) Non-launch persona: 0)
2026-02-11 18:58:31.279 Db AnalyticsReactNativeE2E[2796:1adc2c6] [com.apple.defaults:User Defaults] looked up value 1 for key RCTI18nUtil_makeRTLFlipLeftAndRightStyles in CFPrefsPlistSource<0x600002c00300> (Domain: org.reactjs.native.example.AnalyticsReactNativeE2E, User: kCFPreferencesCurrentUser, ByHost: No, Container: (null), Contents Need Refresh: No) via CFPrefsSearchListSource<0x600002c04100> (Domain: org.reactjs.native.example.AnalyticsReactNativeE2E, Container: (null) Non-launch persona: 0)
2026-02-11 18:58:31.279 Db AnalyticsReactNativeE2E[2796:1adc2c6] [com.apple.defaults:User Defaults] looked up value 1 for key RCTI18nUtil_makeRTLFlipLeftAndRightStyles in CFPrefsPlistSource<0x600002c00300> (Domain: org.reactjs.native.example.AnalyticsReactNativeE2E, User: kCFPreferencesCurrentUser, ByHost: No, Container: (null), Contents Need Refresh: No) via CFPrefsSearchListSource<0x600002c04100> (Domain: org.reactjs.native.example.AnalyticsReactNativeE2E, Container: (null) Non-launch persona: 0)
2026-02-11 18:58:31.279 Db AnalyticsReactNativeE2E[2796:1adc2c6] [com.apple.defaults:User Defaults] looked up value 1 for key RCTI18nUtil_makeRTLFlipLeftAndRightStyles in CFPrefsPlistSource<0x600002c00300> (Domain: org.reactjs.native.example.AnalyticsReactNativeE2E, User: kCFPreferencesCurrentUser, ByHost: No, Container: (null), Contents Need Refresh: No) via CFPrefsSearchListSource<0x600002c04100> (Domain: org.reactjs.native.example.AnalyticsReactNativeE2E, Container: (null) Non-launch persona: 0)
2026-02-11 18:58:31.279 Db AnalyticsReactNativeE2E[2796:1adc35a] [com.apple.network:connection] nw_socket_handle_socket_event [C2.1.1:2] Event mask: 0x800
2026-02-11 18:58:31.279 Df AnalyticsReactNativeE2E[2796:1adc35a] [com.apple.network:connection] nw_socket_handle_socket_event [C2.1.1:2] Socket received CONNECTED event
2026-02-11 18:58:31.279 Db AnalyticsReactNativeE2E[2796:1adc35a] [com.apple.network:connection] nw_socket_setup_notsent_lowat [C2.1.1:2] Set TCP_NOTSENT_LOWAT(16384)
2026-02-11 18:58:31.280 Df AnalyticsReactNativeE2E[2796:1adc35a] [com.apple.network:connection] nw_flow_connected [C2.1.1 IPv6#ec3dd845.9091 in_progress socket-flow (satisfied (Path is satisfied), interface: lo0)] Transport protocol connected (socket)
2026-02-11 18:58:31.280 Db AnalyticsReactNativeE2E[2796:1adc2c6] [com.apple.defaults:User Defaults] looked up value 1 for key RCTI18nUtil_makeRTLFlipLeftAndRightStyles in CFPrefsPlistSource<0x600002c00300> (Domain: org.reactjs.native.example.AnalyticsReactNativeE2E, User: kCFPreferencesCurrentUser, ByHost: No, Container: (null), Contents Need Refresh: No) via CFPrefsSearchListSource<0x600002c04100> (Domain: org.reactjs.native.example.AnalyticsReactNativeE2E, Container: (null) Non-launch persona: 0)
2026-02-11 18:58:31.280 Db AnalyticsReactNativeE2E[2796:1adc35a] [com.apple.network:connection] nw_endpoint_resolver_receive_report [C2.1 Hostname#c1654a6d:9091 in_progress resolver (satisfied (Path is satisfied), interface: en0[802.11], uses wifi, LQM: unknown)] received child report: [C2.1.1 IPv6#ec3dd845.9091 in_progress socket-flow (satisfied (Path is satisfied), interface: lo0)]
2026-02-11 18:58:31.280 Db AnalyticsReactNativeE2E[2796:1adc2c6] [com.apple.defaults:User Defaults] looked up value 1 for key RCTI18nUtil_makeRTLFlipLeftAndRightStyles in CFPrefsPlistSource<0x600002c00300> (Domain: org.reactjs.native.example.AnalyticsReactNativeE2E, User: kCFPreferencesCurrentUser, ByHost: No, Container: (null), Contents Need Refresh: No) via CFPrefsSearchListSource<0x600002c04100> (Domain: org.reactjs.native.example.AnalyticsReactNativeE2E, Container: (null) Non-launch persona: 0)
2026-02-11 18:58:31.280 Db AnalyticsReactNativeE2E[2796:1adc2c6] [com.apple.defaults:User Defaults] looked up value 1 for key RCTI18nUtil_makeRTLFlipLeftAndRightStyles in CFPrefsPlistSource<0x600002c00300> (Domain: org.reactjs.native.example.AnalyticsReactNativeE2E, User: kCFPreferencesCurrentUser, ByHost: No, Container: (null), Contents Need Refresh: No) via CFPrefsSearchListSource<0x600002c04100> (Domain: org.reactjs.native.example.AnalyticsReactNativeE2E, Container: (null) Non-launch persona: 0)
2026-02-11 18:58:31.280 Db AnalyticsReactNativeE2E[2796:1adc35a] [com.apple.network:connection] nw_endpoint_flow_receive_report [C2 Hostname#c1654a6d:9091 in_progress parent-flow (satisfied (Path is satisfied), interface: en0[802.11], uses wifi, LQM: unknown)] received child report: [C2.1.1 IPv6#ec3dd845.9091 in_progress socket-flow (satisfied (Path is satisfied), interface: lo0)]
2026-02-11 18:58:31.280 Db AnalyticsReactNativeE2E[2796:1adc2c6] [com.apple.defaults:User Defaults] looked up value 1 for key RCTI18nUtil_makeRTLFlipLeftAndRightStyles in CFPrefsPlistSource<0x600002c00300> (Domain: org.reactjs.native.example.AnalyticsReactNativeE2E, User: kCFPreferencesCurrentUser, ByHost: No, Container: (null), Contents Need Refresh: No) via CFPrefsSearchListSource<0x600002c04100> (Domain: org.reactjs.native.example.AnalyticsReactNativeE2E, Container: (null) Non-launch persona: 0)
2026-02-11 18:58:31.280 Df AnalyticsReactNativeE2E[2796:1adc35a] [com.apple.network:connection] [C2.1.1 IPv6#ec3dd845.9091 in_progress socket-flow (satisfied (Path is satisfied), interface: lo0)] event: flow:finish_transport @0.008s
2026-02-11 18:58:31.280 Db AnalyticsReactNativeE2E[2796:1adc2c6] [com.apple.defaults:User Defaults] looked up value 1 for key RCTI18nUtil_makeRTLFlipLeftAndRightStyles in CFPrefsPlistSource<0x600002c00300> (Domain: org.reactjs.native.example.AnalyticsReactNativeE2E, User: kCFPreferencesCurrentUser, ByHost: No, Container: (null), Contents Need Refresh: No) via CFPrefsSearchListSource<0x600002c04100> (Domain: org.reactjs.native.example.AnalyticsReactNativeE2E, Container: (null) Non-launch persona: 0)
2026-02-11 18:58:31.280 Db AnalyticsReactNativeE2E[2796:1adc2c6] [com.apple.defaults:User Defaults] looked up value 1 for key RCTI18nUtil_makeRTLFlipLeftAndRightStyles in CFPrefsPlistSource<0x600002c00300> (Domain: org.reactjs.native.example.AnalyticsReactNativeE2E, User: kCFPreferencesCurrentUser, ByHost: No, Container: (null), Contents Need Refresh: No) via CFPrefsSearchListSource<0x600002c04100> (Domain: org.reactjs.native.example.AnalyticsReactNativeE2E, Container: (null) Non-launch persona: 0)
2026-02-11 18:58:31.280 I  AnalyticsReactNativeE2E[2796:1adc35a] [com.apple.network:connection] nw_endpoint_resolver_receive_report [C2.1 Hostname#c1654a6d:9091 in_progress resolver (satisfied (Path is satisfied), interface: en0[802.11], uses wifi, LQM: unknown)] pushing out endpoint race by 2000ms
2026-02-11 18:58:31.280 Db AnalyticsReactNativeE2E[2796:1adc2c6] [com.apple.defaults:User Defaults] looked up value 1 for key RCTI18nUtil_makeRTLFlipLeftAndRightStyles in CFPrefsPlistSource<0x600002c00300> (Domain: org.reactjs.native.example.AnalyticsReactNativeE2E, User: kCFPreferencesCurrentUser, ByHost: No, Container: (null), Contents Need Refresh: No) via CFPrefsSearchListSource<0x600002c04100> (Domain: org.reactjs.native.example.AnalyticsReactNativeE2E, Container: (null) Non-launch persona: 0)
2026-02-11 18:58:31.280 Df AnalyticsReactNativeE2E[2796:1adc35a] [com.apple.network:connection] nw_flow_connected [C2.1.1 IPv6#ec3dd845.9091 in_progress socket-flow (satisfied (Path is satisfied), interface: lo0)] Output protocol connected (CFNetworkConnection-497382564)
2026-02-11 18:58:31.280 Db AnalyticsReactNativeE2E[2796:1adc2c6] [com.apple.defaults:User Defaults] looked up value 1 for key RCTI18nUtil_makeRTLFlipLeftAndRightStyles in CFPrefsPlistSource<0x600002c00300> (Domain: org.reactjs.native.example.AnalyticsReactNativeE2E, User: kCFPreferencesCurrentUser, ByHost: No, Container: (null), Contents Need Refresh: No) via CFPrefsSearchListSource<0x600002c04100> (Domain: org.reactjs.native.example.AnalyticsReactNativeE2E, Container: (null) Non-launch persona: 0)
2026-02-11 18:58:31.280 Db AnalyticsReactNativeE2E[2796:1adc2c6] [com.apple.defaults:User Defaults] looked up value 1 for key RCTI18nUtil_makeRTLFlipLeftAndRightStyles in CFPrefsPlistSource<0x600002c00300> (Domain: org.reactjs.native.example.AnalyticsReactNativeE2E, User: kCFPreferencesCurrentUser, ByHost: No, Container: (null), Contents Need Refresh: No) via CFPrefsSearchListSource<0x600002c04100> (Domain: org.reactjs.native.example.AnalyticsReactNativeE2E, Container: (null) Non-launch persona: 0)
2026-02-11 18:58:31.280 Db AnalyticsReactNativeE2E[2796:1adc35a] [com.apple.network:connection] nw_endpoint_flow_connected_path_change [C2.1.1 IPv6#ec3dd845.9091 ready socket-flow (satisfied (Path is satisfied), interface: lo0)]
2026-02-11 18:58:31.280 Db AnalyticsReactNativeE2E[2796:1adc2c6] [com.apple.defaults:User Defaults] looked up value 1 for key RCTI18nUtil_makeRTLFlipLeftAndRightStyles in CFPrefsPlistSource<0x600002c00300> (Domain: org.reactjs.native.example.AnalyticsReactNativeE2E, User: kCFPreferencesCurrentUser, ByHost: No, Container: (null), Contents Need Refresh: No) via CFPrefsSearchListSource<0x600002c04100> (Domain: org.reactjs.native.example.AnalyticsReactNativeE2E, Container: (null) Non-launch persona: 0)
2026-02-11 18:58:31.280 Db AnalyticsReactNativeE2E[2796:1adc2c6] [com.apple.defaults:User Defaults] looked up value 1 for key RCTI18nUtil_makeRTLFlipLeftAndRightStyles in CFPrefsPlistSource<0x600002c00300> (Domain: org.reactjs.native.example.AnalyticsReactNativeE2E, User: kCFPreferencesCurrentUser, ByHost: No, Container: (null), Contents Need Refresh: No) via CFPrefsSearchListSource<0x600002c04100> (Domain: org.reactjs.native.example.AnalyticsReactNativeE2E, Container: (null) Non-launch persona: 0)
2026-02-11 18:58:31.280 I  AnalyticsReactNativeE2E[2796:1adc35a] [com.apple.network:connection] nw_endpoint_flow_connected_path_change [C2.1.1 IPv6#ec3dd845.9091 ready socket-flow (satisfied (Path is satisfied), interface: lo0)] Connected path is satisfied, not viable
2026-02-11 18:58:31.280 Db AnalyticsReactNativeE2E[2796:1adc2c6] [com.apple.defaults:User Defaults] looked up value 1 for key RCTI18nUtil_makeRTLFlipLeftAndRightStyles in CFPrefsPlistSource<0x600002c00300> (Domain: org.reactjs.native.example.AnalyticsReactNativeE2E, User: kCFPreferencesCurrentUser, ByHost: No, Container: (null), Contents Need Refresh: No) via CFPrefsSearchListSource<0x600002c04100> (Domain: org.reactjs.native.example.AnalyticsReactNativeE2E, Container: (null) Non-launch persona: 0)
2026-02-11 18:58:31.280 Db AnalyticsReactNativeE2E[2796:1adc35a] [com.apple.network:connection] nw_endpoint_resolver_receive_report [C2.1 Hostname#c1654a6d:9091 in_progress resolver (satisfied (Path is satisfied), interface: en0[802.11], uses wifi, LQM: unknown)] received child report: [C2.1.1 IPv6#ec3dd845.9091 ready socket-flow (satisfied (Path is satisfied), interface: lo0)]
2026-02-11 18:58:31.280 Db AnalyticsReactNativeE2E[2796:1adc35a] [com.apple.network:connection] nw_endpoint_flow_receive_report [C2 Hostname#c1654a6d:9091 in_progress parent-flow (satisfied (Path is satisfied), interface: en0[802.11], uses wifi, LQM: unknown)] received child report: [C2.1.1 IPv6#ec3dd845.9091 ready socket-flow (satisfied (Path is satisfied), interface: lo0)]
2026-02-11 18:58:31.280 Df AnalyticsReactNativeE2E[2796:1adc35a] [com.apple.network:connection] [C2.1.1 IPv6#ec3dd845.9091 ready socket-flow (satisfied (Path is satisfied), interface: lo0)] event: flow:child_finish_connect @0.008s
2026-02-11 18:58:31.280 Db AnalyticsReactNativeE2E[2796:1adc35a] [com.apple.network:connection] nw_endpoint_flow_receive_report [C2 IPv6#ec3dd845.9091 in_progress parent-flow (satisfied (Path is satisfied), interface: en0[802.11], uses wifi, LQM: unknown)] connecting endpoint_flow to child's shared protocol
2026-02-11 18:58:31.280 Db AnalyticsReactNativeE2E[2796:1adc35a] [com.apple.network:connection] nw_endpoint_flow_setup_protocols [C2 IPv6#ec3dd845.9091 in_progress parent-flow (satisfied (Path is satisfied), interface: en0[802.11], uses wifi, LQM: unknown)] already set up
2026-02-11 18:58:31.280 Db AnalyticsReactNativeE2E[2796:1adc35a] [com.apple.network:connection] nw_endpoint_flow_setup_protocols [C2 IPv6#ec3dd845.9091 in_progress parent-flow (satisfied (Path is satisfied), interface: en0[802.11], uses wifi, LQM: unknown)] child flow connected, starting
2026-02-11 18:58:31.280 Db AnalyticsReactNativeE2E[2796:1adc35a] [com.apple.network:connection] nw_endpoint_flow_setup_protocols [C2 IPv6#ec3dd845.9091 in_progress parent-flow (satisfied (Path is satisfied), interface: en0[802.11], uses wifi, LQM: unknown)] already started
2026-02-11 18:58:31.280 Db AnalyticsReactNativeE2E[2796:1adc35a] [com.apple.network:connection] nw_endpoint_flow_receive_report [C2 IPv6#ec3dd845.9091 in_progress parent-flow (satisfied (Path is satisfied), interface: en0[802.11], uses wifi, LQM: unknown)] received child report: [C2.1 Hostname#c1654a6d:9091 ready resolver (satisfied (Path is satisfied), interface: en0[802.11], uses wifi, LQM: unknown)]
2026-02-11 18:58:31.280 Df AnalyticsReactNativeE2E[2796:1adc35a] [com.apple.network:connection] [C2.1 Hostname#c1654a6d:9091 ready resolver (satisfied (Path is satisfied), interface: en0[802.11], uses wifi, LQM: unknown)] event: flow:child_finish_connect @0.008s
2026-02-11 18:58:31.280 I  AnalyticsReactNativeE2E[2796:1adc35a] [com.apple.network:connection] nw_endpoint_handler_cancel [C2.1.2 IPv4#2c33820f:9091 initial path ((null))]
2026-02-11 18:58:31.280 Df AnalyticsReactNativeE2E[2796:1adc35a] [com.apple.network:connection] nw_flow_connected [C2 IPv6#ec3dd845.9091 in_progress parent-flow (satisfied (Path is satisfied), interface: en0[802.11], uses wifi, LQM: unknown)] Output protocol connected (endpoint_flow)
2026-02-11 18:58:31.280 Db AnalyticsReactNativeE2E[2796:1adc35a] [com.apple.network:connection] nw_endpoint_flow_connected_path_change [C2 IPv6#ec3dd845.9091 ready parent-flow (satisfied (Path is satisfied), interface: en0[802.11], uses wifi, LQM: unknown)]
2026-02-11 18:58:31.280 I  AnalyticsReactNativeE2E[2796:1adc35a] [com.apple.network:connection] nw_endpoint_flow_connected_path_change [C2 IPv6#ec3dd845.9091 ready parent-flow (satisfied (Path is satisfied), interface: en0[802.11], uses wifi, LQM: unknown)] Connected path is satisfied, child is not viable
2026-02-11 18:58:31.280 Df AnalyticsReactNativeE2E[2796:1adc35a] [com.apple.network:connection] [C2 IPv6#ec3dd845.9091 ready parent-flow (satisfied (Path is satisfied), interface: en0[802.11], uses wifi, LQM: unknown)] event: flow:finish_connect @0.008s
2026-02-11 18:58:31.280 Db AnalyticsReactNativeE2E[2796:1adc35a] [com.apple.network:connection] nw_connection_run_pqtls_probe_locked_on_nw_queue [C2] No TLS metadata; not running PQ-TLS probe
2026-02-11 18:58:31.280 Db AnalyticsReactNativeE2E[2796:1adc35a] [com.apple.network:connection] nw_connection_run_ech_probe_locked_on_nw_queue [C2] stack doesn't include TLS; not running ECH probe
2026-02-11 18:58:31.280 Db AnalyticsReactNativeE2E[2796:1adc35a] [com.apple.network:connection] nw_connection_endpoint_report_on_nw_queue_block_invoke [C2] Connected fallback generation 0
2026-02-11 18:58:31.280 I  AnalyticsReactNativeE2E[2796:1adc35a] [com.apple.network:connection] nw_connection_start_candidate_manager_if_needed_locked [C2] Checking whether to start candidate manager
2026-02-11 18:58:31.280 Db AnalyticsReactNativeE2E[2796:1adc35a] [com.apple.network:connection] nw_connection_start_candidate_manager_if_needed_locked [C2] Connection does not support multipath, not starting candidate manager
2026-02-11 18:58:31.280 Df AnalyticsReactNativeE2E[2796:1adc35a] [com.apple.network:connection] nw_connection_report_state_with_handler_on_nw_queue [C2] reporting state ready
2026-02-11 18:58:31.280 Df AnalyticsReactNativeE2E[2796:1adc35a] [com.apple.CFNetwork:Default] Connection 2: connected successfully
2026-02-11 18:58:31.280 Df AnalyticsReactNativeE2E[2796:1adc35a] [com.apple.CFNetwork:Default] Connection 2: ready C(N) E(N)
2026-02-11 18:58:31.280 Db AnalyticsReactNativeE2E[2796:1adc35a] [com.apple.CFNetwork:Default] Task <F796C63B-1D40-4401-B10F-22A224C70551>.<1> done setting up Connection 2
2026-02-11 18:58:31.280 Db AnalyticsReactNativeE2E[2796:1adc35a] [com.apple.network:activity] Returning should log: 0 for activity cfnetwork:foreground_task
2026-02-11 18:58:31.280 Db AnalyticsReactNativeE2E[2796:1adc2c6] [com.apple.BackBoard:EventDelivery] no-op flush
2026-02-11 18:58:31.280 Df AnalyticsReactNativeE2E[2796:1adc35a] [com.apple.CFNetwork:Default] Task <F796C63B-1D40-4401-B10F-22A224C70551>.<1> now using Connection 2
2026-02-11 18:58:31.280 Db AnalyticsReactNativeE2E[2796:1adc35a] [com.apple.network:activity] Returning should log: 0 for activity cfnetwork:foreground_task
2026-02-11 18:58:31.280 Df AnalyticsReactNativeE2E[2796:1adc35a] [com.apple.CFNetwork:Default] Task <F796C63B-1D40-4401-B10F-22A224C70551>.<1> sent request, body N 0
2026-02-11 18:58:31.282 Db AnalyticsReactNativeE2E[2796:1adc2c6] [com.apple.defaults:User Defaults] looked up value 1 for key RCTI18nUtil_makeRTLFlipLeftAndRightStyles in CFPrefsPlistSource<0x600002c00300> (Domain: org.reactjs.native.example.AnalyticsReactNativeE2E, User: kCFPreferencesCurrentUser, ByHost: No, Container: (null), Contents Need Refresh: No) via CFPrefsSearchListSource<0x600002c04100> (Domain: org.reactjs.native.example.AnalyticsReactNativeE2E, Container: (null) Non-launch persona: 0)
2026-02-11 18:58:31.282 Db AnalyticsReactNativeE2E[2796:1adc2c6] [com.apple.defaults:User Defaults] looked up value 1 for key RCTI18nUtil_makeRTLFlipLeftAndRightStyles in CFPrefsPlistSource<0x600002c00300> (Domain: org.reactjs.native.example.AnalyticsReactNativeE2E, User: kCFPreferencesCurrentUser, ByHost: No, Container: (null), Contents Need Refresh: No) via CFPrefsSearchListSource<0x600002c04100> (Domain: org.reactjs.native.example.AnalyticsReactNativeE2E, Container: (null) Non-launch persona: 0)
2026-02-11 18:58:31.282 Db AnalyticsReactNativeE2E[2796:1adc2c6] [com.apple.defaults:User Defaults] looked up value 1 for key RCTI18nUtil_makeRTLFlipLeftAndRightStyles in CFPrefsPlistSource<0x600002c00300> (Domain: org.reactjs.native.example.AnalyticsReactNativeE2E, User: kCFPreferencesCurrentUser, ByHost: No, Container: (null), Contents Need Refresh: No) via CFPrefsSearchListSource<0x600002c04100> (Domain: org.reactjs.native.example.AnalyticsReactNativeE2E, Container: (null) Non-launch persona: 0)
2026-02-11 18:58:31.282 Db AnalyticsReactNativeE2E[2796:1adc2c6] [com.apple.defaults:User Defaults] looked up value 1 for key RCTI18nUtil_makeRTLFlipLeftAndRightStyles in CFPrefsPlistSource<0x600002c00300> (Domain: org.reactjs.native.example.AnalyticsReactNativeE2E, User: kCFPreferencesCurrentUser, ByHost: No, Container: (null), Contents Need Refresh: No) via CFPrefsSearchListSource<0x600002c04100> (Domain: org.reactjs.native.example.AnalyticsReactNativeE2E, Container: (null) Non-launch persona: 0)
2026-02-11 18:58:31.282 Db AnalyticsReactNativeE2E[2796:1adc2c6] [com.apple.defaults:User Defaults] looked up value 1 for key RCTI18nUtil_makeRTLFlipLeftAndRightStyles in CFPrefsPlistSource<0x600002c00300> (Domain: org.reactjs.native.example.AnalyticsReactNativeE2E, User: kCFPreferencesCurrentUser, ByHost: No, Container: (null), Contents Need Refresh: No) via CFPrefsSearchListSource<0x600002c04100> (Domain: org.reactjs.native.example.AnalyticsReactNativeE2E, Container: (null) Non-launch persona: 0)
2026-02-11 18:58:31.282 Db AnalyticsReactNativeE2E[2796:1adc2c6] [com.apple.defaults:User Defaults] looked up value 1 for key RCTI18nUtil_makeRTLFlipLeftAndRightStyles in CFPrefsPlistSource<0x600002c00300> (Domain: org.reactjs.native.example.AnalyticsReactNativeE2E, User: kCFPreferencesCurrentUser, ByHost: No, Container: (null), Contents Need Refresh: No) via CFPrefsSearchListSource<0x600002c04100> (Domain: org.reactjs.native.example.AnalyticsReactNativeE2E, Container: (null) Non-launch persona: 0)
2026-02-11 18:58:31.282 Df AnalyticsReactNativeE2E[2796:1adc35a] [com.apple.CFNetwork:Default] Task <F796C63B-1D40-4401-B10F-22A224C70551>.<1> received response, status 200 content K
2026-02-11 18:58:31.282 Db AnalyticsReactNativeE2E[2796:1adc35a] [com.apple.network:connection] nw_connection_modify_estimated_bytes_block_invoke [C2] Incremented estimated bytes to receive by 375, total now 375
2026-02-11 18:58:31.282 Db AnalyticsReactNativeE2E[2796:1adc35a] [com.apple.network:connection] nw_connection_modify_estimated_bytes_block_invoke [C2] Using lower threshold 12582912, upper threshold 31457280
2026-02-11 18:58:31.282 Df AnalyticsReactNativeE2E[2796:1adc35a] [com.apple.CFNetwork:Default] Task <F796C63B-1D40-4401-B10F-22A224C70551>.<1> response ended
2026-02-11 18:58:31.282 Df AnalyticsReactNativeE2E[2796:1adc35a] [com.apple.CFNetwork:Default] Task <F796C63B-1D40-4401-B10F-22A224C70551>.<1> done using Connection 2
2026-02-11 18:58:31.282 Db AnalyticsReactNativeE2E[2796:1adc35a] [com.apple.network:activity] Returning should log: 0 for activity cfnetwork:foreground_task
2026-02-11 18:58:31.282 Db AnalyticsReactNativeE2E[2796:1adc35a] [com.apple.CFNetwork:Default] Connection 2: set is idle true
2026-02-11 18:58:31.282 Df AnalyticsReactNativeE2E[2796:1adc35a] [com.apple.network:connection] [C2] event: client:connection_idle @0.011s
2026-02-11 18:58:31.282 I  AnalyticsReactNativeE2E[2796:1adc35a] [com.apple.network:connection] nw_endpoint_handler_report_connection_idle [C2 IPv6#ec3dd845.9091 ready parent-flow (satisfied (Path is satisfied), interface: en0[802.11], uses wifi, LQM: unknown)] Reporting connection idle to protocols
2026-02-11 18:58:31.282 I  AnalyticsReactNativeE2E[2796:1adc35a] [com.apple.network:connection] nw_flow_passthrough_notify [C2.1.1 IPv6#ec3dd845.9091 ready socket-flow (satisfied (Path is satisfied), interface: lo0)] received notification connection_idle
2026-02-11 18:58:31.283 Df AnalyticsReactNativeE2E[2796:1adc35a] [com.apple.network:connection] nw_protocol_socket_notify [C2.1.1:2] nw_protocol_notification_type_connection_idle is true
2026-02-11 18:58:31.283 E  AnalyticsReactNativeE2E[2796:1adc35a] [com.apple.network:connection] nw_socket_set_connection_idle [C2.1.1:2] setsockopt SO_CONNECTION_IDLE failed [42: Protocol not available]
2026-02-11 18:58:31.283 Db AnalyticsReactNativeE2E[2796:1adc35a] [com.apple.CFNetwork:Default] Connection 2: set is idle true
2026-02-11 18:58:31.283 Df AnalyticsReactNativeE2E[2796:1adc35a] [com.apple.network:connection] [C2] event: client:connection_idle @0.011s
2026-02-11 18:58:31.283 I  AnalyticsReactNativeE2E[2796:1adc35a] [com.apple.network:connection] nw_endpoint_handler_report_connection_idle [C2 IPv6#ec3dd845.9091 ready parent-flow (satisfied (Path is satisfied), interface: en0[802.11], uses wifi, LQM: unknown)] Reporting connection idle to protocols
2026-02-11 18:58:31.283 I  AnalyticsReactNativeE2E[2796:1adc35a] [com.apple.network:connection] nw_flow_passthrough_notify [C2.1.1 IPv6#ec3dd845.9091 ready socket-flow (satisfied (Path is satisfied), interface: lo0)] received notification connection_idle
2026-02-11 18:58:31.283 Df AnalyticsReactNativeE2E[2796:1adc367] [com.apple.CFNetwork:Summary] Task <F796C63B-1D40-4401-B10F-22A224C70551>.<1> summary for task success {transaction_duration_ms=23, response_status=200, connection=2, protocol="http/1.1", domain_lookup_duration_ms=1, connect_duration_ms=1, secure_connection_duration_ms=0, private_relay=false, request_start_ms=21, request_duration_ms=0, response_start_ms=23, response_duration_ms=0, request_bytes=266, request_throughput_kbps=50569, response_bytes=612, response_throughput_kbps=40463, cache_hit=false}
2026-02-11 18:58:31.283 Df AnalyticsReactNativeE2E[2796:1adc35a] [com.apple.network:connection] nw_protocol_socket_notify [C2.1.1:2] nw_protocol_notification_type_connection_idle is true
2026-02-11 18:58:31.283 E  AnalyticsReactNativeE2E[2796:1adc35a] [com.apple.network:connection] nw_socket_set_connection_idle [C2.1.1:2] setsockopt SO_CONNECTION_IDLE failed [42: Protocol not available]
2026-02-11 18:58:31.283 Df AnalyticsReactNativeE2E[2796:1adc367] [com.apple.CoreAnalytics:client] No XPC connection in Simulator
2026-02-11 18:58:31.283 Df AnalyticsReactNativeE2E[2796:1adc367] [com.apple.CFNetwork:Default] Task <F796C63B-1D40-4401-B10F-22A224C70551>.<1> finished successfully
2026-02-11 18:58:31.283 Db AnalyticsReactNativeE2E[2796:1adc367] [com.apple.network:activity] Returning should log: 0 for activity cfnetwork:foreground_task
2026-02-11 18:58:31.283 Db AnalyticsReactNativeE2E[2796:1adc367] [com.apple.network:activity] Returning should log: 0 for activity cfnetwork:foreground_task
2026-02-11 18:58:31.283 Db AnalyticsReactNativeE2E[2796:1adc367] [com.apple.network:activity] No threshold for cfnetwork:foreground_task, returning NW_ACTIVITY_DURATION_INVALID
2026-02-11 18:58:31.283 Db AnalyticsReactNativeE2E[2796:1adc367] [com.apple.network:activity] No threshold for activity <nw_activity 12:2 [E5BAAE77-8C8B-4594-9DC0-017D153E696C] (parent is global) (reporting strategy default) complete (reason success)>
2026-02-11 18:58:31.283 I  AnalyticsReactNativeE2E[2796:1adc372] [com.facebook.react.log:javascript] Received settings from Segment succesfully.
2026-02-11 18:58:31.284 Db AnalyticsReactNativeE2E[2796:1adc35a] [com.apple.SystemConfiguration:SCNetworkReachability] [0x105e783e0] create w/name <SCNetworkReachability 0x105e783e0 [0x1e578fa80]> {name = google.com}
2026-02-11 18:58:31.284 Db AnalyticsReactNativeE2E[2796:1adc35a] [com.apple.SystemConfiguration:SCNetworkReachability] [0x105e783e0] __SCNetworkReachabilityGetFlagsFromPath(GetFlags), flags = 0x00000002, nw_path_status_satisfied
2026-02-11 18:58:31.284 Db AnalyticsReactNativeE2E[2796:1adc35a] [com.apple.SystemConfiguration:SCNetworkReachability] [0x105e783e0] release
2026-02-11 18:58:31.284 Df AnalyticsReactNativeE2E[2796:1adc35a] [com.apple.xpc:connection] [0x105e7ab80] activating connection: mach=true listener=false peer=false name=com.apple.lsd.advertisingidentifiers
2026-02-11 18:58:31.287 I  AnalyticsReactNativeE2E[2796:1adc372] [com.facebook.react.log:javascript] 'TRACK (Application Installed) event saved', { type: 'track',
  event: 'Application Installed',
  properties: { version: '1.0', build: '1' } }
2026-02-11 18:58:31.287 I  AnalyticsReactNativeE2E[2796:1adc372] [com.facebook.react.log:javascript] 'TRACK (Application Opened) event saved', { type: 'track',
  event: 'Application Opened',
  properties: { from_background: false, version: '1.0', build: '1' } }
2026-02-11 18:58:31.291 Db AnalyticsReactNativeE2E[2796:1adc2c6] [com.apple.defaults:User Defaults] found no value for key PhoneticFeedbackEnabled in CFPrefsSearchListSource<0x600002c00b80> (Domain: com.apple.Accessibility, Container: (null) Non-launch persona: 0)
2026-02-11 18:58:31.291 Db AnalyticsReactNativeE2E[2796:1adc2c6] [com.apple.Accessibility:AXSupportCommon] CF Read: domain = com.apple.Accessibility, preference = PhoneticFeedbackEnabled, appID = (null) result = (null) (-1 - empty, 0 - false, 1 - true)
2026-02-11 18:58:31.291 Db AnalyticsReactNativeE2E[2796:1adc2c6] [com.apple.defaults:User Defaults] found no value for key PhoneticFeedbackEnabled in CFPrefsPlistSource<0x600002c00f00> (Domain: com.apple.Accessibility, User: kCFPreferencesCurrentUser, ByHost: No, Container: /Users/abueide/Library/Developer/CoreSimulator/Devices/651CE25F-D2F4-404C-AC47-0364AA5C94A1/data, Contents Need Refresh: No)
2026-02-11 18:58:31.291 Db AnalyticsReactNativeE2E[2796:1adc2c6] [com.apple.defaults:User Defaults] found no value for key LetterFeedbackEnabled in CFPrefsSearchListSource<0x600002c00b80> (Domain: com.apple.Accessibility, Container: (null) Non-launch persona: 0)
2026-02-11 18:58:31.291 Db AnalyticsReactNativeE2E[2796:1adc2c6] [com.apple.Accessibility:AXSupportCommon] CF Read: domain = com.apple.Accessibility, preference = LetterFeedbackEnabled, appID = (null) result = (null) (-1 - empty, 0 - false, 1 - true)
2026-02-11 18:58:31.291 Db AnalyticsReactNativeE2E[2796:1adc2c6] [com.apple.defaults:User Defaults] found no value for key LetterFeedbackEnabled in CFPrefsPlistSource<0x600002c00f00> (Domain: com.apple.Accessibility, User: kCFPreferencesCurrentUser, ByHost: No, Container: /Users/abueide/Library/Developer/CoreSimulator/Devices/651CE25F-D2F4-404C-AC47-0364AA5C94A1/data, Contents Need Refresh: No)
2026-02-11 18:58:31.291 Db AnalyticsReactNativeE2E[2796:1adc2c6] [com.apple.defaults:User Defaults] found no value for key PhoneticFeedbackEnabled in CFPrefsSearchListSource<0x600002c00b80> (Domain: com.apple.Accessibility, Container: (null) Non-launch persona: 0)
2026-02-11 18:58:31.291 Db AnalyticsReactNativeE2E[2796:1adc2c6] [com.apple.Accessibility:AXSupportCommon] CF Read: domain = com.apple.Accessibility, preference = PhoneticFeedbackEnabled, appID = (null) result = (null) (-1 - empty, 0 - false, 1 - true)
2026-02-11 18:58:31.291 Db AnalyticsReactNativeE2E[2796:1adc2c6] [com.apple.defaults:User Defaults] found no value for key PhoneticFeedbackEnabled in CFPrefsPlistSource<0x600002c00f00> (Domain: com.apple.Accessibility, User: kCFPreferencesCurrentUser, ByHost: No, Container: /Users/abueide/Library/Developer/CoreSimulator/Devices/651CE25F-D2F4-404C-AC47-0364AA5C94A1/data, Contents Need Refresh: No)
2026-02-11 18:58:31.291 Db AnalyticsReactNativeE2E[2796:1adc2c6] [com.apple.defaults:User Defaults] found no value for key LetterFeedbackEnabled in CFPrefsSearchListSource<0x600002c00b80> (Domain: com.apple.Accessibility, Container: (null) Non-launch persona: 0)
