2026-02-11 19:24:12.563 Db AnalyticsReactNativeE2E[22038:1af5a63] [com.apple.defaults:User Defaults] found no value for key LogFirstResponderRestoration in CFPrefsSearchListSource<0x600002c10500> (Domain: com.apple.UIKit, Container: (null) Non-launch persona: 0)
2026-02-11 19:24:12.564 Db AnalyticsReactNativeE2E[22038:1af5a92] [com.apple.BaseBoard:Common] [BSBlockSentinel:FBSScene] signaled! 2 of 2
2026-02-11 19:24:12.564 Db AnalyticsReactNativeE2E[22038:1af5a63] [com.apple.defaults:User Defaults] found no value for key AutomationEnabled in CFPrefsSearchListSource<0x600002c04900> (Domain: com.apple.Accessibility, Container: (null) Non-launch persona: 0)
2026-02-11 19:24:12.564 Db AnalyticsReactNativeE2E[22038:1af5a99] [com.apple.defaults:User Defaults] found no value for key RCTI18nUtil_forceRTL in CFPrefsSearchListSource<0x600002c08080> (Domain: org.reactjs.native.example.AnalyticsReactNativeE2E, Container: (null) Non-launch persona: 0)
2026-02-11 19:24:12.564 Db AnalyticsReactNativeE2E[22038:1af5a63] [com.apple.Accessibility:AXSupportCommon] CF Read: domain = com.apple.Accessibility, preference = AutomationEnabled, appID = (null) result = (null) (-1 - empty, 0 - false, 1 - true)
2026-02-11 19:24:12.564 Db AnalyticsReactNativeE2E[22038:1af5a92] [com.apple.BaseBoard:Common] [BSBlockSentinel:FBSScene] dealloc
2026-02-11 19:24:12.564 Db AnalyticsReactNativeE2E[22038:1af5a99] [com.apple.defaults:User Defaults] found no value for key RCTI18nUtil_allowRTL in CFPrefsSearchListSource<0x600002c08080> (Domain: org.reactjs.native.example.AnalyticsReactNativeE2E, Container: (null) Non-launch persona: 0)
2026-02-11 19:24:12.564 Db AnalyticsReactNativeE2E[22038:1af5a63] [com.apple.defaults:User Defaults] found no value for key AutomationEnabled in CFPrefsPlistSource<0x600002c04e00> (Domain: com.apple.Accessibility, User: kCFPreferencesCurrentUser, ByHost: No, Container: /Users/abueide/Library/Developer/CoreSimulator/Devices/651CE25F-D2F4-404C-AC47-0364AA5C94A1/data, Contents Need Refresh: No)
2026-02-11 19:24:12.564 Db AnalyticsReactNativeE2E[22038:1af5a99] [com.apple.defaults:User Defaults] looked up value 1 for key RCTI18nUtil_makeRTLFlipLeftAndRightStyles in CFPrefsPlistSource<0x600002c14080> (Domain: org.reactjs.native.example.AnalyticsReactNativeE2E, User: kCFPreferencesCurrentUser, ByHost: No, Container: (null), Contents Need Refresh: No) via CFPrefsSearchListSource<0x600002c08080> (Domain: org.reactjs.native.example.AnalyticsReactNativeE2E, Container: (null) Non-launch persona: 0)
2026-02-11 19:24:12.565 Df AnalyticsReactNativeE2E[22038:1af5a63] [com.apple.FrontBoard:SceneExtension] Realizing settings extension SBUISecureRenderingSettingsExtension on FBSSceneSettings
2026-02-11 19:24:12.565 Db AnalyticsReactNativeE2E[22038:1af5a63] [com.apple.FrontBoard:SceneExtension] registering method "isSecureRenderingEnabled" from extension SBUISecureRenderingSettingsExtension on class "FBSSceneSettings"
2026-02-11 19:24:12.565 Db AnalyticsReactNativeE2E[22038:1af5a63] [com.apple.FrontBoard:SceneExtension] registering method "setSecureRenderingEnabled:" from extension SBUISecureRenderingSettingsExtension on class "FBSSceneSettings"
2026-02-11 19:24:12.565 Db AnalyticsReactNativeE2E[22038:1af5a63] [com.apple.FrontBoard:SceneClient] [(FBSceneManager):sceneID:org.reactjs.native.example.AnalyticsReactNativeE2E-default] Adding extension: "SBUISecureRenderingSceneExtension"
2026-02-11 19:24:12.565 Db AnalyticsReactNativeE2E[22038:1af5a63] [com.apple.FrontBoard:SceneClient] [(FBSceneManager):sceneID:org.reactjs.native.example.AnalyticsReactNativeE2E-default] Instantiated component: "<SBUISecureRenderingClientComponent: 0x60000025c040>"
2026-02-11 19:24:12.565 Df AnalyticsReactNativeE2E[22038:1af5a63] [com.apple.UIKit:InterfaceStyle] Not push traits update to screen for new style 1, <UIWindowScene: 0x101c270f0> (4BD5B441-0A21-44EA-B622-34612CDC4DD2)
2026-02-11 19:24:12.566 Df AnalyticsReactNativeE2E[22038:1af5a63] [com.apple.UIKit:InterfaceStyle] Not push traits update to screen for new style 1, <UIWindowScene: 0x101c270f0> (4BD5B441-0A21-44EA-B622-34612CDC4DD2)
2026-02-11 19:24:12.566 Df AnalyticsReactNativeE2E[22038:1af5a63] [com.apple.UIKit:AppLifecycle] sceneOfRecord: sceneID: sceneID:org.reactjs.native.example.AnalyticsReactNativeE2E-default  persistentID: 4BD5B441-0A21-44EA-B622-34612CDC4DD2
2026-02-11 19:24:12.566 Df AnalyticsReactNativeE2E[22038:1af5a63] [com.apple.UIKit:Application] Deactivation reason removed: 12; deactivation reasons: 4128 -> 32; animating application lifecycle event: 1
2026-02-11 19:24:12.566 Df AnalyticsReactNativeE2E[22038:1af5a63] [com.apple.KeyboardArbiter:Client] Send setDeactivating: N (-DeactivationReason:SuspendedEventsOnly)
2026-02-11 19:24:12.566 Df AnalyticsReactNativeE2E[22038:1af5a63] [com.apple.UIKit:Application] Deactivation reason removed: 5; deactivation reasons: 32 -> 0; animating application lifecycle event: 0
2026-02-11 19:24:12.566 Db AnalyticsReactNativeE2E[22038:1af5a63] [com.apple.BacklightServices:scenes] 0x600000c585a0 environment updated:sceneID:org.reactjs.native.example.AnalyticsReactNativeE2E-default
  delta:{ visualState:0 date:0 active:0 seed:0 }
  diff:<FBSSceneSettingsDiff: 0x600001736c40; UIApplicationSceneSettings> {
    settings = <BSKeyedSettingsDiff: 0x600000c1a0a0> {
        SBUISecureRenderingSettingsExtension = <BSKeyedSettingsDiff: 0x600000c19bc0> {
            secureRenderingEnabled = 0;
        };
        _UISceneRenderingEnvironmentSettings = <BSKeyedSettingsDiff: 0x600000c19e90> {
            systemDisplayIdentifier = 6CF59AB1-C18E-4A55-A54F-6BFDE139139B;
        };
        _UISystemShellSceneHostingEnvironmentSettings = <BSKeyedSettingsDiff: 0x600000c19d40> {
            systemShellHostingSpaceIdentifier = SB-display-<embedded>;
        };
        FBSSceneExtensions = <BSKeyedSettingsDiff: 0x600000c1b4e0> {
            14 = SBUISecureRenderingSceneExtension;
        };
    };
    subclassSettings = <BSSettingsDiff: 0x600000c19e00> {
        targetOfEventDeferringEnvironments = keyboardFocus;
        sceneP
  new:<decode: missing data>
  old:<decode: missing data>
  new:<decode: missing data>
2026-02-11 19:24:12.567 Db AnalyticsReactNativeE2E[22038:1af5a63] [com.apple.BaseBoard:Common] [BSBlockSentinel:FBSScene] signaled! 1 of 2
2026-02-11 19:24:12.567 Db AnalyticsReactNativeE2E[22038:1af5a63] (TextInput) -[TIPreferencesController preferencesChangedCallback:]  preferencesChangedCallback: Triggering preferencesChangedCallback for domain <_TIPreferenceDomain: 0x600000c06100> with notification AppleKeyboardsSettingsChangedNotification
2026-02-11 19:24:12.568 I  AnalyticsReactNativeE2E[22038:1af5a63] [com.wix.Detox:WebSocket] Action received: loginSuccess
2026-02-11 19:24:12.568 I  AnalyticsReactNativeE2E[22038:1af5a63] [com.wix.Detox:DetoxManager] Successfully logged in
2026-02-11 19:24:12.568 I  AnalyticsReactNativeE2E[22038:1af5a99] [com.facebook.react.log:javascript] AnalyticsReactNativeE2E
2026-02-11 19:24:12.568 Df AnalyticsReactNativeE2E[22038:1af5a63] [com.apple.KeyboardArbiter:Client] startConnection
2026-02-11 19:24:12.568 Db AnalyticsReactNativeE2E[22038:1af5a8c] [com.apple.CFBundle:resources] Resource lookup at CFBundle 0x600003b042a0 </Users/abueide/Library/Developer/CoreSimulator/Devices/651CE25F-D2F4-404C-AC47-0364AA5C94A1/data/Containers/Bundle/Application/8383F86B-FDEC-4CAE-BE08-5C64A65A5312/AnalyticsReactNativeE2E.app> (executable, loaded)
	Request       : InfoPlist type: strings
	Result        : None
2026-02-11 19:24:12.568 Db AnalyticsReactNativeE2E[22038:1af5a8c] [com.apple.CFBundle:resources] Resource lookup at CFBundle 0x600003b042a0 </Users/abueide/Library/Developer/CoreSimulator/Devices/651CE25F-D2F4-404C-AC47-0364AA5C94A1/data/Containers/Bundle/Application/8383F86B-FDEC-4CAE-BE08-5C64A65A5312/AnalyticsReactNativeE2E.app> (executable, loaded)
	Request       : InfoPlist type: stringsdict
	Result        : None
2026-02-11 19:24:12.568 I  AnalyticsReactNativeE2E[22038:1af5a63] [com.wix.Detox:WebSocket] Action received: isReady
2026-02-11 19:24:12.569 Df AnalyticsReactNativeE2E[22038:1af5a63] [com.apple.KeyboardArbiter:Client] handleKeyboardChange: set currentKeyboard:N (wasKeyboard:N)
2026-02-11 19:24:12.569 Df AnalyticsReactNativeE2E[22038:1af5a8c] [com.apple.FileURL:default] kExcludedFromBackupXattrName set on path: /Users/abueide/Library/Developer/CoreSimulator/Devices/651CE25F-D2F4-404C-AC47-0364AA5C94A1/data/Containers/Data/Application/0C875E3F-29E4-44CE-958E-7E9A43E618A2/Library/Application Support/org.reactjs.native.example.AnalyticsReactNativeE2E/RCTAsyncLocalStorage_V1
2026-02-11 19:24:12.569 I  AnalyticsReactNativeE2E[22038:1af5a99] [com.facebook.react.log:javascript] Running "AnalyticsReactNativeE2E
2026-02-11 19:24:12.569 Db AnalyticsReactNativeE2E[22038:1af5a63] [com.apple.defaults:User Defaults] found no value for key AssistiveTouchEnabled in CFPrefsSearchListSource<0x600002c04900> (Domain: com.apple.Accessibility, Container: (null) Non-launch persona: 0)
2026-02-11 19:24:12.569 Db AnalyticsReactNativeE2E[22038:1af5a63] [com.apple.Accessibility:AXSupportCommon] CF Read: domain = com.apple.Accessibility, preference = AssistiveTouchEnabled, appID = (null) result = (null) (-1 - empty, 0 - false, 1 - true)
2026-02-11 19:24:12.569 Db AnalyticsReactNativeE2E[22038:1af5a63] [com.apple.defaults:User Defaults] found no value for key AssistiveTouchEnabled in CFPrefsPlistSource<0x600002c04e00> (Domain: com.apple.Accessibility, User: kCFPreferencesCurrentUser, ByHost: No, Container: /Users/abueide/Library/Developer/CoreSimulator/Devices/651CE25F-D2F4-404C-AC47-0364AA5C94A1/data, Contents Need Refresh: No)
2026-02-11 19:24:12.569 Df AnalyticsReactNativeE2E[22038:1af5a63] [com.apple.UIKit:KeyboardArbiterClientLog] isWritingToolsHandlingKeyboardTracking:Y (WT ready:Y, Arbiter ready:Y)
2026-02-11 19:24:12.574 Db AnalyticsReactNativeE2E[22038:1af5a92] [com.apple.defaults:User Defaults] looked up value 1 for key RCTI18nUtil_makeRTLFlipLeftAndRightStyles in CFPrefsPlistSource<0x600002c14080> (Domain: org.reactjs.native.example.AnalyticsReactNativeE2E, User: kCFPreferencesCurrentUser, ByHost: No, Container: (null), Contents Need Refresh: No) via CFPrefsSearchListSource<0x600002c08080> (Domain: org.reactjs.native.example.AnalyticsReactNativeE2E, Container: (null) Non-launch persona: 0)
2026-02-11 19:24:12.574 Db AnalyticsReactNativeE2E[22038:1af5a92] [com.apple.defaults:User Defaults] looked up value 1 for key RCTI18nUtil_makeRTLFlipLeftAndRightStyles in CFPrefsPlistSource<0x600002c14080> (Domain: org.reactjs.native.example.AnalyticsReactNativeE2E, User: kCFPreferencesCurrentUser, ByHost: No, Container: (null), Contents Need Refresh: No) via CFPrefsSearchListSource<0x600002c08080> (Domain: org.reactjs.native.example.AnalyticsReactNativeE2E, Container: (null) Non-launch persona: 0)
2026-02-11 19:24:12.574 Db AnalyticsReactNativeE2E[22038:1af5a92] [com.apple.defaults:User Defaults] looked up value 1 for key RCTI18nUtil_makeRTLFlipLeftAndRightStyles in CFPrefsPlistSource<0x600002c14080> (Domain: org.reactjs.native.example.AnalyticsReactNativeE2E, User: kCFPreferencesCurrentUser, ByHost: No, Container: (null), Contents Need Refresh: No) via CFPrefsSearchListSource<0x600002c08080> (Domain: org.reactjs.native.example.AnalyticsReactNativeE2E, Container: (null) Non-launch persona: 0)
2026-02-11 19:24:12.574 Db AnalyticsReactNativeE2E[22038:1af5a92] [com.apple.defaults:User Defaults] looked up value 1 for key RCTI18nUtil_makeRTLFlipLeftAndRightStyles in CFPrefsPlistSource<0x600002c14080> (Domain: org.reactjs.native.example.AnalyticsReactNativeE2E, User: kCFPreferencesCurrentUser, ByHost: No, Container: (null), Contents Need Refresh: No) via CFPrefsSearchListSource<0x600002c08080> (Domain: org.reactjs.native.example.AnalyticsReactNativeE2E, Container: (null) Non-launch persona: 0)
2026-02-11 19:24:12.579 Db AnalyticsReactNativeE2E[22038:1af5a92] [com.apple.defaults:User Defaults] looked up value 1 for key RCTI18nUtil_makeRTLFlipLeftAndRightStyles in CFPrefsPlistSource<0x600002c14080> (Domain: org.reactjs.native.example.AnalyticsReactNativeE2E, User: kCFPreferencesCurrentUser, ByHost: No, Container: (null), Contents Need Refresh: No) via CFPrefsSearchListSource<0x600002c08080> (Domain: org.reactjs.native.example.AnalyticsReactNativeE2E, Container: (null) Non-launch persona: 0)
2026-02-11 19:24:12.579 Db AnalyticsReactNativeE2E[22038:1af5a92] [com.apple.defaults:User Defaults] looked up value 1 for key RCTI18nUtil_makeRTLFlipLeftAndRightStyles in CFPrefsPlistSource<0x600002c14080> (Domain: org.reactjs.native.example.AnalyticsReactNativeE2E, User: kCFPreferencesCurrentUser, ByHost: No, Container: (null), Contents Need Refresh: No) via CFPrefsSearchListSource<0x600002c08080> (Domain: org.reactjs.native.example.AnalyticsReactNativeE2E, Container: (null) Non-launch persona: 0)
2026-02-11 19:24:12.579 Db AnalyticsReactNativeE2E[22038:1af5a92] [com.apple.defaults:User Defaults] looked up value 1 for key RCTI18nUtil_makeRTLFlipLeftAndRightStyles in CFPrefsPlistSource<0x600002c14080> (Domain: org.reactjs.native.example.AnalyticsReactNativeE2E, User: kCFPreferencesCurrentUser, ByHost: No, Container: (null), Contents Need Refresh: No) via CFPrefsSearchListSource<0x600002c08080> (Domain: org.reactjs.native.example.AnalyticsReactNativeE2E, Container: (null) Non-launch persona: 0)
2026-02-11 19:24:12.579 Db AnalyticsReactNativeE2E[22038:1af5a92] [com.apple.defaults:User Defaults] looked up value 1 for key RCTI18nUtil_makeRTLFlipLeftAndRightStyles in CFPrefsPlistSource<0x600002c14080> (Domain: org.reactjs.native.example.AnalyticsReactNativeE2E, User: kCFPreferencesCurrentUser, ByHost: No, Container: (null), Contents Need Refresh: No) via CFPrefsSearchListSource<0x600002c08080> (Domain: org.reactjs.native.example.AnalyticsReactNativeE2E, Container: (null) Non-launch persona: 0)
2026-02-11 19:24:12.579 Db AnalyticsReactNativeE2E[22038:1af5a92] [com.apple.defaults:User Defaults] looked up value 1 for key RCTI18nUtil_makeRTLFlipLeftAndRightStyles in CFPrefsPlistSource<0x600002c14080> (Domain: org.reactjs.native.example.AnalyticsReactNativeE2E, User: kCFPreferencesCurrentUser, ByHost: No, Container: (null), Contents Need Refresh: No) via CFPrefsSearchListSource<0x600002c08080> (Domain: org.reactjs.native.example.AnalyticsReactNativeE2E, Container: (null) Non-launch persona: 0)
2026-02-11 19:24:12.579 Db AnalyticsReactNativeE2E[22038:1af5a92] [com.apple.defaults:User Defaults] looked up value 1 for key RCTI18nUtil_makeRTLFlipLeftAndRightStyles in CFPrefsPlistSource<0x600002c14080> (Domain: org.reactjs.native.example.AnalyticsReactNativeE2E, User: kCFPreferencesCurrentUser, ByHost: No, Container: (null), Contents Need Refresh: No) via CFPrefsSearchListSource<0x600002c08080> (Domain: org.reactjs.native.example.AnalyticsReactNativeE2E, Container: (null) Non-launch persona: 0)
2026-02-11 19:24:12.579 Db AnalyticsReactNativeE2E[22038:1af5a92] [com.apple.defaults:User Defaults] looked up value 1 for key RCTI18nUtil_makeRTLFlipLeftAndRightStyles in CFPrefsPlistSource<0x600002c14080> (Domain: org.reactjs.native.example.AnalyticsReactNativeE2E, User: kCFPreferencesCurrentUser, ByHost: No, Container: (null), Contents Need Refresh: No) via CFPrefsSearchListSource<0x600002c08080> (Domain: org.reactjs.native.example.AnalyticsReactNativeE2E, Container: (null) Non-launch persona: 0)
2026-02-11 19:24:12.579 Db AnalyticsReactNativeE2E[22038:1af5a92] [com.apple.defaults:User Defaults] looked up value 1 for key RCTI18nUtil_makeRTLFlipLeftAndRightStyles in CFPrefsPlistSource<0x600002c14080> (Domain: org.reactjs.native.example.AnalyticsReactNativeE2E, User: kCFPreferencesCurrentUser, ByHost: No, Container: (null), Contents Need Refresh: No) via CFPrefsSearchListSource<0x600002c08080> (Domain: org.reactjs.native.example.AnalyticsReactNativeE2E, Container: (null) Non-launch persona: 0)
2026-02-11 19:24:12.579 Db AnalyticsReactNativeE2E[22038:1af5a8b] [com.apple.BaseBoard:Common] [BSBlockSentinel:FBSScene] signaled! 2 of 2
2026-02-11 19:24:12.579 Db AnalyticsReactNativeE2E[22038:1af5a8b] [com.apple.BaseBoard:Common] [BSBlockSentinel:FBSScene] dealloc
2026-02-11 19:24:12.580 Db AnalyticsReactNativeE2E[22038:1af5a92] [com.apple.defaults:User Defaults] looked up value 1 for key RCTI18nUtil_makeRTLFlipLeftAndRightStyles in CFPrefsPlistSource<0x600002c14080> (Domain: org.reactjs.native.example.AnalyticsReactNativeE2E, User: kCFPreferencesCurrentUser, ByHost: No, Container: (null), Contents Need Refresh: No) via CFPrefsSearchListSource<0x600002c08080> (Domain: org.reactjs.native.example.AnalyticsReactNativeE2E, Container: (null) Non-launch persona: 0)
2026-02-11 19:24:12.580 Db AnalyticsReactNativeE2E[22038:1af5a92] [com.apple.defaults:User Defaults] looked up value 1 for key RCTI18nUtil_makeRTLFlipLeftAndRightStyles in CFPrefsPlistSource<0x600002c14080> (Domain: org.reactjs.native.example.AnalyticsReactNativeE2E, User: kCFPreferencesCurrentUser, ByHost: No, Container: (null), Contents Need Refresh: No) via CFPrefsSearchListSource<0x600002c08080> (Domain: org.reactjs.native.example.AnalyticsReactNativeE2E, Container: (null) Non-launch persona: 0)
2026-02-11 19:24:12.580 Db AnalyticsReactNativeE2E[22038:1af5a92] [com.apple.defaults:User Defaults] looked up value 1 for key RCTI18nUtil_makeRTLFlipLeftAndRightStyles in CFPrefsPlistSource<0x600002c14080> (Domain: org.reactjs.native.example.AnalyticsReactNativeE2E, User: kCFPreferencesCurrentUser, ByHost: No, Container: (null), Contents Need Refresh: No) via CFPrefsSearchListSource<0x600002c08080> (Domain: org.reactjs.native.example.AnalyticsReactNativeE2E, Container: (null) Non-launch persona: 0)
2026-02-11 19:24:12.580 Db AnalyticsReactNativeE2E[22038:1af5a92] [com.apple.defaults:User Defaults] looked up value 1 for key RCTI18nUtil_makeRTLFlipLeftAndRightStyles in CFPrefsPlistSource<0x600002c14080> (Domain: org.reactjs.native.example.AnalyticsReactNativeE2E, User: kCFPreferencesCurrentUser, ByHost: No, Container: (null), Contents Need Refresh: No) via CFPrefsSearchListSource<0x600002c08080> (Domain: org.reactjs.native.example.AnalyticsReactNativeE2E, Container: (null) Non-launch persona: 0)
2026-02-11 19:24:12.580 Db AnalyticsReactNativeE2E[22038:1af5a63] [com.apple.defaults:User Defaults] found no value for key PocketBlurOverLuminanceAdjustment in CFPrefsSearchListSource<0x600002c10500> (Domain: com.apple.UIKit, Container: (null) Non-launch persona: 0)
2026-02-11 19:24:12.580 Db AnalyticsReactNativeE2E[22038:1af5a92] [com.apple.defaults:User Defaults] looked up value 1 for key RCTI18nUtil_makeRTLFlipLeftAndRightStyles in CFPrefsPlistSource<0x600002c14080> (Domain: org.reactjs.native.example.AnalyticsReactNativeE2E, User: kCFPreferencesCurrentUser, ByHost: No, Container: (null), Contents Need Refresh: No) via CFPrefsSearchListSource<0x600002c08080> (Domain: org.reactjs.native.example.AnalyticsReactNativeE2E, Container: (null) Non-launch persona: 0)
2026-02-11 19:24:12.580 Db AnalyticsReactNativeE2E[22038:1af5a92] [com.apple.defaults:User Defaults] looked up value 1 for key RCTI18nUtil_makeRTLFlipLeftAndRightStyles in CFPrefsPlistSource<0x600002c14080> (Domain: org.reactjs.native.example.AnalyticsReactNativeE2E, User: kCFPreferencesCurrentUser, ByHost: No, Container: (null), Contents Need Refresh: No) via CFPrefsSearchListSource<0x600002c08080> (Domain: org.reactjs.native.example.AnalyticsReactNativeE2E, Container: (null) Non-launch persona: 0)
2026-02-11 19:24:12.580 Db AnalyticsReactNativeE2E[22038:1af5a63] [com.apple.defaults:User Defaults] found no value for key UIScrollViewForceConvertSafeAreaToContentInsetPreference in CFPrefsSearchListSource<0x600002c08080> (Domain: org.reactjs.native.example.AnalyticsReactNativeE2E, Container: (null) Non-launch persona: 0)
2026-02-11 19:24:12.581 Db AnalyticsReactNativeE2E[22038:1af5a92] [com.apple.defaults:User Defaults] looked up value 1 for key RCTI18nUtil_makeRTLFlipLeftAndRightStyles in CFPrefsPlistSource<0x600002c14080> (Domain: org.reactjs.native.example.AnalyticsReactNativeE2E, User: kCFPreferencesCurrentUser, ByHost: No, Container: (null), Contents Need Refresh: No) via CFPrefsSearchListSource<0x600002c08080> (Domain: org.reactjs.native.example.AnalyticsReactNativeE2E, Container: (null) Non-launch persona: 0)
2026-02-11 19:24:12.581 Db AnalyticsReactNativeE2E[22038:1af5a92] [com.apple.defaults:User Defaults] looked up value 1 for key RCTI18nUtil_makeRTLFlipLeftAndRightStyles in CFPrefsPlistSource<0x600002c14080> (Domain: org.reactjs.native.example.AnalyticsReactNativeE2E, User: kCFPreferencesCurrentUser, ByHost: No, Container: (null), Contents Need Refresh: No) via CFPrefsSearchListSource<0x600002c08080> (Domain: org.reactjs.native.example.AnalyticsReactNativeE2E, Container: (null) Non-launch persona: 0)
2026-02-11 19:24:12.581 Db AnalyticsReactNativeE2E[22038:1af5a92] [com.apple.defaults:User Defaults] looked up value 1 for key RCTI18nUtil_makeRTLFlipLeftAndRightStyles in CFPrefsPlistSource<0x600002c14080> (Domain: org.reactjs.native.example.AnalyticsReactNativeE2E, User: kCFPreferencesCurrentUser, ByHost: No, Container: (null), Contents Need Refresh: No) via CFPrefsSearchListSource<0x600002c08080> (Domain: org.reactjs.native.example.AnalyticsReactNativeE2E, Container: (null) Non-launch persona: 0)
2026-02-11 19:24:12.581 Db AnalyticsReactNativeE2E[22038:1af5a63] [com.apple.CFBundle:resources] Resource lookup at CFBundle 0x600003b042a0 </Users/abueide/Library/Developer/CoreSimulator/Devices/651CE25F-D2F4-404C-AC47-0364AA5C94A1/data/Containers/Bundle/Application/8383F86B-FDEC-4CAE-BE08-5C64A65A5312/AnalyticsReactNativeE2E.app> (executable, loaded)
	Request       : RNSViewController type: nib
	Result        : None
2026-02-11 19:24:12.581 Db AnalyticsReactNativeE2E[22038:1af5a92] [com.apple.defaults:User Defaults] looked up value 1 for key RCTI18nUtil_makeRTLFlipLeftAndRightStyles in CFPrefsPlistSource<0x600002c14080> (Domain: org.reactjs.native.example.AnalyticsReactNativeE2E, User: kCFPreferencesCurrentUser, ByHost: No, Container: (null), Contents Need Refresh: No) via CFPrefsSearchListSource<0x600002c08080> (Domain: org.reactjs.native.example.AnalyticsReactNativeE2E, Container: (null) Non-launch persona: 0)
2026-02-11 19:24:12.581 Db AnalyticsReactNativeE2E[22038:1af5a92] [com.apple.defaults:User Defaults] looked up value 1 for key RCTI18nUtil_makeRTLFlipLeftAndRightStyles in CFPrefsPlistSource<0x600002c14080> (Domain: org.reactjs.native.example.AnalyticsReactNativeE2E, User: kCFPreferencesCurrentUser, ByHost: No, Container: (null), Contents Need Refresh: No) via CFPrefsSearchListSource<0x600002c08080> (Domain: org.reactjs.native.example.AnalyticsReactNativeE2E, Container: (null) Non-launch persona: 0)
2026-02-11 19:24:12.581 Db AnalyticsReactNativeE2E[22038:1af5a63] [com.apple.CFBundle:resources] Resource lookup at CFBundle 0x600003b042a0 </Users/abueide/Library/Developer/CoreSimulator/Devices/651CE25F-D2F4-404C-AC47-0364AA5C94A1/data/Containers/Bundle/Application/8383F86B-FDEC-4CAE-BE08-5C64A65A5312/AnalyticsReactNativeE2E.app> (executable, loaded)
	Request       : RNSView type: nib
	Result        : None
2026-02-11 19:24:12.581 Db AnalyticsReactNativeE2E[22038:1af5a92] [com.apple.defaults:User Defaults] looked up value 1 for key RCTI18nUtil_makeRTLFlipLeftAndRightStyles in CFPrefsPlistSource<0x600002c14080> (Domain: org.reactjs.native.example.AnalyticsReactNativeE2E, User: kCFPreferencesCurrentUser, ByHost: No, Container: (null), Contents Need Refresh: No) via CFPrefsSearchListSource<0x600002c08080> (Domain: org.reactjs.native.example.AnalyticsReactNativeE2E, Container: (null) Non-launch persona: 0)
2026-02-11 19:24:12.581 Db AnalyticsReactNativeE2E[22038:1af5a92] [com.apple.defaults:User Defaults] looked up value 1 for key RCTI18nUtil_makeRTLFlipLeftAndRightStyles in CFPrefsPlistSource<0x600002c14080> (Domain: org.reactjs.native.example.AnalyticsReactNativeE2E, User: kCFPreferencesCurrentUser, ByHost: No, Container: (null), Contents Need Refresh: No) via CFPrefsSearchListSource<0x600002c08080> (Domain: org.reactjs.native.example.AnalyticsReactNativeE2E, Container: (null) Non-launch persona: 0)
2026-02-11 19:24:12.581 Db AnalyticsReactNativeE2E[22038:1af5a92] [com.apple.defaults:User Defaults] looked up value 1 for key RCTI18nUtil_makeRTLFlipLeftAndRightStyles in CFPrefsPlistSource<0x600002c14080> (Domain: org.reactjs.native.example.AnalyticsReactNativeE2E, User: kCFPreferencesCurrentUser, ByHost: No, Container: (null), Contents Need Refresh: No) via CFPrefsSearchListSource<0x600002c08080> (Domain: org.reactjs.native.example.AnalyticsReactNativeE2E, Container: (null) Non-launch persona: 0)
2026-02-11 19:24:12.581 Db AnalyticsReactNativeE2E[22038:1af5a92] [com.apple.defaults:User Defaults] looked up value 1 for key RCTI18nUtil_makeRTLFlipLeftAndRightStyles in CFPrefsPlistSource<0x600002c14080> (Domain: org.reactjs.native.example.AnalyticsReactNativeE2E, User: kCFPreferencesCurrentUser, ByHost: No, Container: (null), Contents Need Refresh: No) via CFPrefsSearchListSource<0x600002c08080> (Domain: org.reactjs.native.example.AnalyticsReactNativeE2E, Container: (null) Non-launch persona: 0)
2026-02-11 19:24:12.581 Db AnalyticsReactNativeE2E[22038:1af5a92] [com.apple.defaults:User Defaults] looked up value 1 for key RCTI18nUtil_makeRTLFlipLeftAndRightStyles in CFPrefsPlistSource<0x600002c14080> (Domain: org.reactjs.native.example.AnalyticsReactNativeE2E, User: kCFPreferencesCurrentUser, ByHost: No, Container: (null), Contents Need Refresh: No) via CFPrefsSearchListSource<0x600002c08080> (Domain: org.reactjs.native.example.AnalyticsReactNativeE2E, Container: (null) Non-launch persona: 0)
2026-02-11 19:24:12.581 Db AnalyticsReactNativeE2E[22038:1af5a92] [com.apple.defaults:User Defaults] looked up value 1 for key RCTI18nUtil_makeRTLFlipLeftAndRightStyles in CFPrefsPlistSource<0x600002c14080> (Domain: org.reactjs.native.example.AnalyticsReactNativeE2E, User: kCFPreferencesCurrentUser, ByHost: No, Container: (null), Contents Need Refresh: No) via CFPrefsSearchListSource<0x600002c08080> (Domain: org.reactjs.native.example.AnalyticsReactNativeE2E, Container: (null) Non-launch persona: 0)
2026-02-11 19:24:12.581 Db AnalyticsReactNativeE2E[22038:1af5a92] [com.apple.defaults:User Defaults] looked up value 1 for key RCTI18nUtil_makeRTLFlipLeftAndRightStyles in CFPrefsPlistSource<0x600002c14080> (Domain: org.reactjs.native.example.AnalyticsReactNativeE2E, User: kCFPreferencesCurrentUser, ByHost: No, Container: (null), Contents Need Refresh: No) via CFPrefsSearchListSource<0x600002c08080> (Domain: org.reactjs.native.example.AnalyticsReactNativeE2E, Container: (null) Non-launch persona: 0)
2026-02-11 19:24:12.581 Db AnalyticsReactNativeE2E[22038:1af5a92] [com.apple.defaults:User Defaults] looked up value 1 for key RCTI18nUtil_makeRTLFlipLeftAndRightStyles in CFPrefsPlistSource<0x600002c14080> (Domain: org.reactjs.native.example.AnalyticsReactNativeE2E, User: kCFPreferencesCurrentUser, ByHost: No, Container: (null), Contents Need Refresh: No) via CFPrefsSearchListSource<0x600002c08080> (Domain: org.reactjs.native.example.AnalyticsReactNativeE2E, Container: (null) Non-launch persona: 0)
2026-02-11 19:24:12.581 Db AnalyticsReactNativeE2E[22038:1af5a92] [com.apple.defaults:User Defaults] looked up value 1 for key RCTI18nUtil_makeRTLFlipLeftAndRightStyles in CFPrefsPlistSource<0x600002c14080> (Domain: org.reactjs.native.example.AnalyticsReactNativeE2E, User: kCFPreferencesCurrentUser, ByHost: No, Container: (null), Contents Need Refresh: No) via CFPrefsSearchListSource<0x600002c08080> (Domain: org.reactjs.native.example.AnalyticsReactNativeE2E, Container: (null) Non-launch persona: 0)
2026-02-11 19:24:12.581 Db AnalyticsReactNativeE2E[22038:1af5a92] [com.apple.defaults:User Defaults] looked up value 1 for key RCTI18nUtil_makeRTLFlipLeftAndRightStyles in CFPrefsPlistSource<0x600002c14080> (Domain: org.reactjs.native.example.AnalyticsReactNativeE2E, User: kCFPreferencesCurrentUser, ByHost: No, Container: (null), Contents Need Refresh: No) via CFPrefsSearchListSource<0x600002c08080> (Domain: org.reactjs.native.example.AnalyticsReactNativeE2E, Container: (null) Non-launch persona: 0)
2026-02-11 19:24:12.581 Db AnalyticsReactNativeE2E[22038:1af5a92] [com.apple.defaults:User Defaults] looked up value 1 for key RCTI18nUtil_makeRTLFlipLeftAndRightStyles in CFPrefsPlistSource<0x600002c14080> (Domain: org.reactjs.native.example.AnalyticsReactNativeE2E, User: kCFPreferencesCurrentUser, ByHost: No, Container: (null), Contents Need Refresh: No) via CFPrefsSearchListSource<0x600002c08080> (Domain: org.reactjs.native.example.AnalyticsReactNativeE2E, Container: (null) Non-launch persona: 0)
2026-02-11 19:24:12.581 Db AnalyticsReactNativeE2E[22038:1af5a92] [com.apple.defaults:User Defaults] looked up value 1 for key RCTI18nUtil_makeRTLFlipLeftAndRightStyles in CFPrefsPlistSource<0x600002c14080> (Domain: org.reactjs.native.example.AnalyticsReactNativeE2E, User: kCFPreferencesCurrentUser, ByHost: No, Container: (null), Contents Need Refresh: No) via CFPrefsSearchListSource<0x600002c08080> (Domain: org.reactjs.native.example.AnalyticsReactNativeE2E, Container: (null) Non-launch persona: 0)
2026-02-11 19:24:12.581 Db AnalyticsReactNativeE2E[22038:1af5a92] [com.apple.defaults:User Defaults] looked up value 1 for key RCTI18nUtil_makeRTLFlipLeftAndRightStyles in CFPrefsPlistSource<0x600002c14080> (Domain: org.reactjs.native.example.AnalyticsReactNativeE2E, User: kCFPreferencesCurrentUser, ByHost: No, Container: (null), Contents Need Refresh: No) via CFPrefsSearchListSource<0x600002c08080> (Domain: org.reactjs.native.example.AnalyticsReactNativeE2E, Container: (null) Non-launch persona: 0)
2026-02-11 19:24:12.581 Db AnalyticsReactNativeE2E[22038:1af5a92] [com.apple.defaults:User Defaults] looked up value 1 for key RCTI18nUtil_makeRTLFlipLeftAndRightStyles in CFPrefsPlistSource<0x600002c14080> (Domain: org.reactjs.native.example.AnalyticsReactNativeE2E, User: kCFPreferencesCurrentUser, ByHost: No, Container: (null), Contents Need Refresh: No) via CFPrefsSearchListSource<0x600002c08080> (Domain: org.reactjs.native.example.AnalyticsReactNativeE2E, Container: (null) Non-launch persona: 0)
2026-02-11 19:24:12.581 Db AnalyticsReactNativeE2E[22038:1af5a92] [com.apple.defaults:User Defaults] looked up value 1 for key RCTI18nUtil_makeRTLFlipLeftAndRightStyles in CFPrefsPlistSource<0x600002c14080> (Domain: org.reactjs.native.example.AnalyticsReactNativeE2E, User: kCFPreferencesCurrentUser, ByHost: No, Container: (null), Contents Need Refresh: No) via CFPrefsSearchListSource<0x600002c08080> (Domain: org.reactjs.native.example.AnalyticsReactNativeE2E, Container: (null) Non-launch persona: 0)
2026-02-11 19:24:12.581 Db AnalyticsReactNativeE2E[22038:1af5a63] [com.apple.CFBundle:resources] Resource lookup at CFBundle 0x600003b042a0 </Users/abueide/Library/Developer/CoreSimulator/Devices/651CE25F-D2F4-404C-AC47-0364AA5C94A1/data/Containers/Bundle/Application/8383F86B-FDEC-4CAE-BE08-5C64A65A5312/AnalyticsReactNativeE2E.app> (executable, loaded)
	Request       : RNSViewController type: nib
	Result        : None
2026-02-11 19:24:12.581 Db AnalyticsReactNativeE2E[22038:1af5a92] [com.apple.defaults:User Defaults] looked up value 1 for key RCTI18nUtil_makeRTLFlipLeftAndRightStyles in CFPrefsPlistSource<0x600002c14080> (Domain: org.reactjs.native.example.AnalyticsReactNativeE2E, User: kCFPreferencesCurrentUser, ByHost: No, Container: (null), Contents Need Refresh: No) via CFPrefsSearchListSource<0x600002c08080> (Domain: org.reactjs.native.example.AnalyticsReactNativeE2E, Container: (null) Non-launch persona: 0)
2026-02-11 19:24:12.581 Db AnalyticsReactNativeE2E[22038:1af5a63] [com.apple.CFBundle:resources] Resource lookup at CFBundle 0x600003b042a0 </Users/abueide/Library/Developer/CoreSimulator/Devices/651CE25F-D2F4-404C-AC47-0364AA5C94A1/data/Containers/Bundle/Application/8383F86B-FDEC-4CAE-BE08-5C64A65A5312/AnalyticsReactNativeE2E.app> (executable, loaded)
	Request       : RNSView type: nib
	Result        : None
2026-02-11 19:24:12.581 Db AnalyticsReactNativeE2E[22038:1af5a92] [com.apple.defaults:User Defaults] looked up value 1 for key RCTI18nUtil_makeRTLFlipLeftAndRightStyles in CFPrefsPlistSource<0x600002c14080> (Domain: org.reactjs.native.example.AnalyticsReactNativeE2E, User: kCFPreferencesCurrentUser, ByHost: No, Container: (null), Contents Need Refresh: No) via CFPrefsSearchListSource<0x600002c08080> (Domain: org.reactjs.native.example.AnalyticsReactNativeE2E, Container: (null) Non-launch persona: 0)
2026-02-11 19:24:12.581 Db AnalyticsReactNativeE2E[22038:1af5a92] [com.apple.defaults:User Defaults] looked up value 1 for key RCTI18nUtil_makeRTLFlipLeftAndRightStyles in CFPrefsPlistSource<0x600002c14080> (Domain: org.reactjs.native.example.AnalyticsReactNativeE2E, User: kCFPreferencesCurrentUser, ByHost: No, Container: (null), Contents Need Refresh: No) via CFPrefsSearchListSource<0x600002c08080> (Domain: org.reactjs.native.example.AnalyticsReactNativeE2E, Container: (null) Non-launch persona: 0)
2026-02-11 19:24:12.581 Db AnalyticsReactNativeE2E[22038:1af5a92] [com.apple.defaults:User Defaults] looked up value 1 for key RCTI18nUtil_makeRTLFlipLeftAndRightStyles in CFPrefsPlistSource<0x600002c14080> (Domain: org.reactjs.native.example.AnalyticsReactNativeE2E, User: kCFPreferencesCurrentUser, ByHost: No, Container: (null), Contents Need Refresh: No) via CFPrefsSearchListSource<0x600002c08080> (Domain: org.reactjs.native.example.AnalyticsReactNativeE2E, Container: (null) Non-launch persona: 0)
2026-02-11 19:24:12.581 Db AnalyticsReactNativeE2E[22038:1af5a92] [com.apple.defaults:User Defaults] looked up value 1 for key RCTI18nUtil_makeRTLFlipLeftAndRightStyles in CFPrefsPlistSource<0x600002c14080> (Domain: org.reactjs.native.example.AnalyticsReactNativeE2E, User: kCFPreferencesCurrentUser, ByHost: No, Container: (null), Contents Need Refresh: No) via CFPrefsSearchListSource<0x600002c08080> (Domain: org.reactjs.native.example.AnalyticsReactNativeE2E, Container: (null) Non-launch persona: 0)
2026-02-11 19:24:12.581 Db AnalyticsReactNativeE2E[22038:1af5a92] [com.apple.defaults:User Defaults] looked up value 1 for key RCTI18nUtil_makeRTLFlipLeftAndRightStyles in CFPrefsPlistSource<0x600002c14080> (Domain: org.reactjs.native.example.AnalyticsReactNativeE2E, User: kCFPreferencesCurrentUser, ByHost: No, Container: (null), Contents Need Refresh: No) via CFPrefsSearchListSource<0x600002c08080> (Domain: org.reactjs.native.example.AnalyticsReactNativeE2E, Container: (null) Non-launch persona: 0)
2026-02-11 19:24:12.581 Db AnalyticsReactNativeE2E[22038:1af5a92] [com.apple.defaults:User Defaults] looked up value 1 for key RCTI18nUtil_makeRTLFlipLeftAndRightStyles in CFPrefsPlistSource<0x600002c14080> (Domain: org.reactjs.native.example.AnalyticsReactNativeE2E, User: kCFPreferencesCurrentUser, ByHost: No, Container: (null), Contents Need Refresh: No) via CFPrefsSearchListSource<0x600002c08080> (Domain: org.reactjs.native.example.AnalyticsReactNativeE2E, Container: (null) Non-launch persona: 0)
2026-02-11 19:24:12.581 Db AnalyticsReactNativeE2E[22038:1af5a92] [com.apple.defaults:User Defaults] found no value for key NSUsesScreenFonts in CFPrefsSearchListSource<0x600002c08080> (Domain: org.reactjs.native.example.AnalyticsReactNativeE2E, Container: (null) Non-launch persona: 0)
2026-02-11 19:24:12.581 Db AnalyticsReactNativeE2E[22038:1af5a92] [com.apple.defaults:User Defaults] found no value for key NSIgnoresViewTransformations in CFPrefsSearchListSource<0x600002c08080> (Domain: org.reactjs.native.example.AnalyticsReactNativeE2E, Container: (null) Non-launch persona: 0)
2026-02-11 19:24:12.581 Db AnalyticsReactNativeE2E[22038:1af5a92] [com.apple.defaults:User Defaults] found no value for key NSTextShowsInvisibleCharacters in CFPrefsSearchListSource<0x600002c08080> (Domain: org.reactjs.native.example.AnalyticsReactNativeE2E, Container: (null) Non-launch persona: 0)
2026-02-11 19:24:12.581 Db AnalyticsReactNativeE2E[22038:1af5a92] [com.apple.defaults:User Defaults] found no value for key NSTextShowsControlCharacters in CFPrefsSearchListSource<0x600002c08080> (Domain: org.reactjs.native.example.AnalyticsReactNativeE2E, Container: (null) Non-launch persona: 0)
2026-02-11 19:24:12.581 Db AnalyticsReactNativeE2E[22038:1af5a92] [com.apple.defaults:User Defaults] found no value for key NSTextAllowsNonContiguousLayout in CFPrefsSearchListSource<0x600002c08080> (Domain: org.reactjs.native.example.AnalyticsReactNativeE2E, Container: (null) Non-launch persona: 0)
2026-02-11 19:24:12.581 Db AnalyticsReactNativeE2E[22038:1af5a92] [com.apple.defaults:User Defaults] found no value for key NSTextBackgroundLayoutEnabled in CFPrefsSearchListSource<0x600002c08080> (Domain: org.reactjs.native.example.AnalyticsReactNativeE2E, Container: (null) Non-launch persona: 0)
2026-02-11 19:24:12.581 Db AnalyticsReactNativeE2E[22038:1af5a92] [com.apple.defaults:User Defaults] found no value for key NSLayoutManagerForcesShowPackedGlyphs in CFPrefsSearchListSource<0x600002c08080> (Domain: org.reactjs.native.example.AnalyticsReactNativeE2E, Container: (null) Non-launch persona: 0)
2026-02-11 19:24:12.581 Db AnalyticsReactNativeE2E[22038:1af5a92] [com.apple.defaults:User Defaults] found no value for key NSTypesetterBehavior in CFPrefsSearchListSource<0x600002c08080> (Domain: org.reactjs.native.example.AnalyticsReactNativeE2E, Container: (null) Non-launch persona: 0)
2026-02-11 19:24:12.581 Db AnalyticsReactNativeE2E[22038:1af5a92] [com.apple.defaults:User Defaults] found no value for key NSTypesetterCompatibilityLevel in CFPrefsSearchListSource<0x600002c08080> (Domain: org.reactjs.native.example.AnalyticsReactNativeE2E, Container: (null) Non-launch persona: 0)
2026-02-11 19:24:12.581 Db AnalyticsReactNativeE2E[22038:1af5a92] [com.apple.defaults:User Defaults] found no value for key NSStringDrawingTypesetterBehavior in CFPrefsSearchListSource<0x600002c08080> (Domain: org.reactjs.native.example.AnalyticsReactNativeE2E, Container: (null) Non-launch persona: 0)
2026-02-11 19:24:12.581 Db AnalyticsReactNativeE2E[22038:1af5a92] [com.apple.defaults:User Defaults] setting new value 1 for key NSHyphenatesAsLastResort in CFPrefsSource<0x6000017140c0> (Domain: Volatile, User: , ByHost: No, Container: , Contents Need Refresh: No)
2026-02-11 19:24:12.581 Db AnalyticsReactNativeE2E[22038:1af5a92] [com.apple.defaults:User Defaults] setting new value 1 for key NSUsesCFStringTokenizerForLineBreaks in CFPrefsSource<0x6000017140c0> (Domain: Volatile, User: , ByHost: No, Container: , Contents Need Refresh: No)
2026-02-11 19:24:12.581 Db AnalyticsReactNativeE2E[22038:1af5a92] [com.apple.defaults:User Defaults] setting new value 1 for key NSUsesTextStylesForLineBreaks in CFPrefsSource<0x6000017140c0> (Domain: Volatile, User: , ByHost: No, Container: , Contents Need Refresh: No)
2026-02-11 19:24:12.581 Db AnalyticsReactNativeE2E[22038:1af5a92] [com.apple.defaults:User Defaults] found no value for key NSUsesDefaultHyphenation in CFPrefsSearchListSource<0x600002c08080> (Domain: org.reactjs.native.example.AnalyticsReactNativeE2E, Container: (null) Non-launch persona: 0)
2026-02-11 19:24:12.582 Df AnalyticsReactNativeE2E[22038:1af5a72] [com.apple.CFNetwork:Default] Task <3CAEA2B1-E250-4E17-9AD4-E8B82626333B>.<1> resuming, timeouts(0.0, 604800.0) qos(0x19) voucher((null)) activity(00000000-0000-0000-0000-000000000000)
2026-02-11 19:24:12.582 Db AnalyticsReactNativeE2E[22038:1af5a72] [com.apple.network:activity] Returning should log: 0 for activity cfnetwork:foreground_task
2026-02-11 19:24:12.582 Db AnalyticsReactNativeE2E[22038:1af5a72] [com.apple.network:activity] Activity <nw_activity 12:2 [No UUID] (parent is global) (reporting strategy default)> inheriting reporting strategy from parent <nw_activity 50:1 [109B54CC-83C7-4D82-819A-EAB1713EAD32] (reporting strategy default)>
2026-02-11 19:24:12.582 Db AnalyticsReactNativeE2E[22038:1af5a72] [com.apple.network:activity] Returning should log: 0 for activity cfnetwork:foreground_task
2026-02-11 19:24:12.582 Db AnalyticsReactNativeE2E[22038:1af5a72] [com.apple.network:activity] Returning should log: 0 for activity cfnetwork:foreground_task
2026-02-11 19:24:12.582 Db AnalyticsReactNativeE2E[22038:1af5a72] [com.apple.CFNetwork:Default] [Telemetry]: Activity <nw_activity 12:2 [46D9D366-3A3F-4EB6-B184-8CE68C340862] (parent is global) (reporting strategy default)> on Task <3CAEA2B1-E250-4E17-9AD4-E8B82626333B>.<1> was not selected for reporting
2026-02-11 19:24:12.583 Db AnalyticsReactNativeE2E[22038:1af5a8b] [com.apple.defaults:User Defaults] looked up value (
    "en-US"
) for key AppleLanguages in CFPrefsPlistSource<0x600002c14500> (Domain: kCFPreferencesAnyApplication, User: kCFPreferencesCurrentUser, ByHost: No, Container: /Users/abueide/Library/Developer/CoreSimulator/Devices/651CE25F-D2F4-404C-AC47-0364AA5C94A1/data, Contents Need Refresh: No) via CFPrefsSearchListSource<0x600002c08080> (Domain: org.reactjs.native.example.AnalyticsReactNativeE2E, Container: (null) Non-launch persona: 0)
2026-02-11 19:24:12.583 Df AnalyticsReactNativeE2E[22038:1af5a72] [com.apple.xpc:connection] [0x101e1aff0] activating connection: mach=true listener=false peer=false name=com.apple.fontservicesd
2026-02-11 19:24:12.583 Db AnalyticsReactNativeE2E[22038:1af5a92] [com.apple.defaults:User Defaults] found no value for key NSTallLocalizedStrings in CFPrefsSearchListSource<0x600002c08080> (Domain: org.reactjs.native.example.AnalyticsReactNativeE2E, Container: (null) Non-launch persona: 0)
2026-02-11 19:24:12.583 Db AnalyticsReactNativeE2E[22038:1af5a92] [com.apple.defaults:User Defaults] looked up value (
    "en-US"
) for key AppleLanguages in CFPrefsPlistSource<0x600002c14500> (Domain: kCFPreferencesAnyApplication, User: kCFPreferencesCurrentUser, ByHost: No, Container: /Users/abueide/Library/Developer/CoreSimulator/Devices/651CE25F-D2F4-404C-AC47-0364AA5C94A1/data, Contents Need Refresh: No) via CFPrefsSearchListSource<0x600002c08080> (Domain: org.reactjs.native.example.AnalyticsReactNativeE2E, Container: (null) Non-launch persona: 0)
2026-02-11 19:24:12.583 Db AnalyticsReactNativeE2E[22038:1af5a92] [com.apple.defaults:User Defaults] looked up value (
    "en-US"
) for key AppleLanguages in CFPrefsPlistSource<0x600002c14500> (Domain: kCFPreferencesAnyApplication, User: kCFPreferencesCurrentUser, ByHost: No, Container: /Users/abueide/Library/Developer/CoreSimulator/Devices/651CE25F-D2F4-404C-AC47-0364AA5C94A1/data, Contents Need Refresh: No) via CFPrefsSearchListSource<0x600002c08080> (Domain: org.reactjs.native.example.AnalyticsReactNativeE2E, Container: (null) Non-launch persona: 0)
2026-02-11 19:24:12.584 Db AnalyticsReactNativeE2E[22038:1af5a92] [com.apple.defaults:User Defaults] found no value for key NSPreTigerAttributedStringHash in CFPrefsSearchListSource<0x600002c08080> (Domain: org.reactjs.native.example.AnalyticsReactNativeE2E, Container: (null) Non-launch persona: 0)
2026-02-11 19:24:12.584 Db AnalyticsReactNativeE2E[22038:1af5a92] [com.apple.defaults:User Defaults] found no value for key NSAlwaysFixAttributesLazily in CFPrefsSearchListSource<0x600002c08080> (Domain: org.reactjs.native.example.AnalyticsReactNativeE2E, Container: (null) Non-launch persona: 0)
2026-02-11 19:24:12.606 Db AnalyticsReactNativeE2E[22038:1af5a92] [com.apple.defaults:User Defaults] found no value for key AppleLanguages in CFPrefsPlistSource<0x600002c14380> (Domain: kCFPreferencesAnyApplication, User: kCFPreferencesCurrentUser, ByHost: No, Container: (null), Contents Need Refresh: No)
2026-02-11 19:24:12.606 Db AnalyticsReactNativeE2E[22038:1af5a92] [com.apple.defaults:User Defaults] found no value for key AppleLanguages in CFPrefsPlistSource<0x600002c14380> (Domain: kCFPreferencesAnyApplication, User: kCFPreferencesCurrentUser, ByHost: No, Container: (null), Contents Need Refresh: No)
2026-02-11 19:24:12.606 Db AnalyticsReactNativeE2E[22038:1af5a92] [com.apple.defaults:User Defaults] found no value for key NSGlyphGeneratorConcreteClassName in CFPrefsSearchListSource<0x600002c08080> (Domain: org.reactjs.native.example.AnalyticsReactNativeE2E, Container: (null) Non-launch persona: 0)
2026-02-11 19:24:12.607 Db AnalyticsReactNativeE2E[22038:1af5a92] [com.apple.defaults:User Defaults] found no value for key CGAllowDebuggingDefaults in CFPrefsPlistSource<0x600002c14380> (Domain: kCFPreferencesAnyApplication, User: kCFPreferencesCurrentUser, ByHost: No, Container: (null), Contents Need Refresh: No)
2026-02-11 19:24:12.607 Db AnalyticsReactNativeE2E[22038:1af5a92] [com.apple.defaults:User Defaults] found no value for key _NSRaiseWithRecursiveLayoutRequest in CFPrefsSearchListSource<0x600002c08080> (Domain: org.reactjs.native.example.AnalyticsReactNativeE2E, Container: (null) Non-launch persona: 0)
2026-02-11 19:24:12.607 Db AnalyticsReactNativeE2E[22038:1af5a92] [com.apple.defaults:User Defaults] found no value for key _NSAllowsScreenFontKerning in CFPrefsSearchListSource<0x600002c08080> (Domain: org.reactjs.native.example.AnalyticsReactNativeE2E, Container: (null) Non-launch persona: 0)
2026-02-11 19:24:12.607 Db AnalyticsReactNativeE2E[22038:1af5a92] [com.apple.defaults:User Defaults] found no value for key AppleSystemUIFontDefaultTrack in CFPrefsPlistSource<0x600002c14380> (Domain: kCFPreferencesAnyApplication, User: kCFPreferencesCurrentUser, ByHost: No, Container: (null), Contents Need Refresh: No)
2026-02-11 19:24:12.607 Db AnalyticsReactNativeE2E[22038:1af5a92] [com.apple.defaults:User Defaults] looked up value (
    "en-US"
) for key AppleLanguages in CFPrefsPlistSource<0x600002c14500> (Domain: kCFPreferencesAnyApplication, User: kCFPreferencesCurrentUser, ByHost: No, Container: /Users/abueide/Library/Developer/CoreSimulator/Devices/651CE25F-D2F4-404C-AC47-0364AA5C94A1/data, Contents Need Refresh: No) via CFPrefsSearchListSource<0x600002c08080> (Domain: org.reactjs.native.example.AnalyticsReactNativeE2E, Container: (null) Non-launch persona: 0)
2026-02-11 19:24:12.608 Db AnalyticsReactNativeE2E[22038:1af5a8b] [com.apple.CFNetwork:ATS] Uploading ATS exception ATSAllowsLocalNetworking
2026-02-11 19:24:12.608 Db AnalyticsReactNativeE2E[22038:1af5a8b] [com.apple.CFNetwork:ATS] Uploading ATS exception ATSExceptionDomains
2026-02-11 19:24:12.608 A  AnalyticsReactNativeE2E[22038:1af5a72] (Security) SecTrustReportNetworkingAnalytics
2026-02-11 19:24:12.608 I  AnalyticsReactNativeE2E[22038:1af5a8b] [com.apple.network:connection] nw_connection_create_with_id [C2] create connection to Hostname#e40116fe:9091
2026-02-11 19:24:12.608 Df AnalyticsReactNativeE2E[22038:1af5a8b] [com.apple.CFNetwork:Default] Connection 2: starting, TC(0x0)
2026-02-11 19:24:12.608 Df AnalyticsReactNativeE2E[22038:1af5a8b] [com.apple.network:connection] [C2 66F31F62-E03F-44FC-8760-B791EFF52A81 Hostname#e40116fe:9091 tcp, url: http://localhost:9091/v1/projects/yup/settings, definite, attribution: developer, context: com.apple.CFNetwork.NSURLSession.{03469844-161E-468B-9BCD-5BCA2781927F}{(null)}{Y}{2}{0x0} (private), proc: CB006202-EEE5-3423-9C99-5026C6A5357A, delegated upid: 0] start
2026-02-11 19:24:12.608 I  AnalyticsReactNativeE2E[22038:1af5a8b] [com.apple.network:connection] nw_endpoint_handler_start [C2 Hostname#e40116fe:9091 initial parent-flow ((null))]
2026-02-11 19:24:12.608 Df AnalyticsReactNativeE2E[22038:1af5a8b] [com.apple.network:connection] [C2 Hostname#e40116fe:9091 initial parent-flow ((null))] event: path:start @0.000s
2026-02-11 19:24:12.608 Db AnalyticsReactNativeE2E[22038:1af5a8b] [com.apple.network:connection] nw_endpoint_handler_path_change [C2 Hostname#e40116fe:9091 waiting parent-flow (satisfied (Path is satisfied), interface: en0[802.11], uses wifi, LQM: unknown)]
2026-02-11 19:24:12.608 Db AnalyticsReactNativeE2E[22038:1af5a8b] [com.apple.networkextension:] ne_tracker_check_is_hostname_blocked() proceeding with the in_the_app check for hostname: localhost
2026-02-11 19:24:12.608 Db AnalyticsReactNativeE2E[22038:1af5a8b] [com.apple.CFBundle:resources] Resource lookup at CFBundle 0x600003b042a0 </Users/abueide/Library/Developer/CoreSimulator/Devices/651CE25F-D2F4-404C-AC47-0364AA5C94A1/data/Containers/Bundle/Application/8383F86B-FDEC-4CAE-BE08-5C64A65A5312/AnalyticsReactNativeE2E.app> (executable, loaded)
	Request       : InfoPlist type: strings
	Result        : None
2026-02-11 19:24:12.609 Df AnalyticsReactNativeE2E[22038:1af5a72] [com.apple.securityd:SecError] SecTrustReportNetworkingAnalytics failed with error: -4
2026-02-11 19:24:12.609 A  AnalyticsReactNativeE2E[22038:1af5a72] (Security) SecTrustReportNetworkingAnalytics
2026-02-11 19:24:12.608 Db AnalyticsReactNativeE2E[22038:1af5a8b] [com.apple.CFBundle:resources] Resource lookup at CFBundle 0x600003b042a0 </Users/abueide/Library/Developer/CoreSimulator/Devices/651CE25F-D2F4-404C-AC47-0364AA5C94A1/data/Containers/Bundle/Application/8383F86B-FDEC-4CAE-BE08-5C64A65A5312/AnalyticsReactNativeE2E.app> (executable, loaded)
	Request       : InfoPlist type: stringsdict
	Result        : None
2026-02-11 19:24:12.609 Db AnalyticsReactNativeE2E[22038:1af5a8b] [com.apple.networkextension:] ne_tracker_check_is_hostname_blocked(): hostname localhost is not a tracker. Returning: ne_tracker_status_none
2026-02-11 19:24:12.609 Df AnalyticsReactNativeE2E[22038:1af5a8b] [com.apple.network:connection] [C2 Hostname#e40116fe:9091 waiting parent-flow (satisfied (Path is satisfied), interface: en0[802.11], uses wifi, LQM: unknown)] event: path:satisfied @0.000s, uuid: 55B4E36B-DE35-43E3-A4EA-1F4C29A63676
2026-02-11 19:24:12.609 I  AnalyticsReactNativeE2E[22038:1af5a8b] [com.apple.network:connection] nw_connection_endpoint_report_on_nw_queue_block_invoke [C2 Hostname#e40116fe:9091 waiting parent-flow (satisfied (Path is satisfied), interface: en0[802.11], uses wifi, LQM: unknown)] skipping state update
