2026-02-11 19:24:12.609 Db AnalyticsReactNativeE2E[22038:1af5a8b] [com.apple.network:] nw_endpoint_proxy_handler_should_use_proxy Looking up proxy for hostname: localhost, ifindex: 0
2026-02-11 19:24:12.609 Db AnalyticsReactNativeE2E[22038:1af5a8b] [com.apple.SystemConfiguration:SCPreferences] create <SCPreferences 0x1079109d0 [0x1e578fa80]> {name = SCDynamicStoreCopyProxiesWithOptions, id = /Library/Managed Preferences/mobile/com.apple.SystemConfiguration.plist, path = /Library/Managed Preferences/mobile/com.apple.SystemConfiguration.plist}
2026-02-11 19:24:12.609 Db AnalyticsReactNativeE2E[22038:1af5a8b] [com.apple.SystemConfiguration:SCPreferences] SCPreferences() access: /Library/Managed Preferences/mobile/com.apple.SystemConfiguration.plist, size=0
2026-02-11 19:24:12.609 Db AnalyticsReactNativeE2E[22038:1af5a8b] [com.apple.SystemConfiguration:SCPreferences] release <SCPreferences 0x1079109d0 [0x1e578fa80]> {name = SCDynamicStoreCopyProxiesWithOptions, id = /Library/Managed Preferences/mobile/com.apple.SystemConfiguration.plist, path = /Library/Managed Preferences/mobile/com.apple.SystemConfiguration.plist, accessed}
2026-02-11 19:24:12.609 Df AnalyticsReactNativeE2E[22038:1af5a72] [com.apple.securityd:SecError] SecTrustReportNetworkingAnalytics failed with error: -4
2026-02-11 19:24:12.609 Db AnalyticsReactNativeE2E[22038:1af5a63] [com.apple.defaults:User Defaults] found no value for key AssistiveTouchScannerEnabled in CFPrefsSearchListSource<0x600002c04900> (Domain: com.apple.Accessibility, Container: (null) Non-launch persona: 0)
2026-02-11 19:24:12.609 Db AnalyticsReactNativeE2E[22038:1af5a63] [com.apple.Accessibility:AXSupportCommon] CF Read: domain = com.apple.Accessibility, preference = AssistiveTouchScannerEnabled, appID = (null) result = (null) (-1 - empty, 0 - false, 1 - true)
2026-02-11 19:24:12.609 Db AnalyticsReactNativeE2E[22038:1af5a63] [com.apple.defaults:User Defaults] found no value for key AssistiveTouchScannerEnabled in CFPrefsPlistSource<0x600002c04e00> (Domain: com.apple.Accessibility, User: kCFPreferencesCurrentUser, ByHost: No, Container: /Users/abueide/Library/Developer/CoreSimulator/Devices/651CE25F-D2F4-404C-AC47-0364AA5C94A1/data, Contents Need Refresh: No)
2026-02-11 19:24:12.609 Db AnalyticsReactNativeE2E[22038:1af5a8b] [com.apple.network:connection] nw_endpoint_flow_attach_protocols [C2 Hostname#e40116fe:9091 in_progress parent-flow (satisfied (Path is satisfied), interface: en0[802.11], uses wifi, LQM: unknown)]
2026-02-11 19:24:12.609 Db AnalyticsReactNativeE2E[22038:1af5a8b] [com.apple.network:connection] nw_endpoint_flow_attach_protocols [C2 Hostname#e40116fe:9091 in_progress parent-flow (satisfied (Path is satisfied), interface: en0[802.11], uses wifi, LQM: unknown)] stopping after adding persistent application protocols
2026-02-11 19:24:12.609 Db AnalyticsReactNativeE2E[22038:1af5a8b] [com.apple.network:connection] nw_endpoint_flow_setup_protocols [C2 Hostname#e40116fe:9091 in_progress parent-flow (satisfied (Path is satisfied), interface: en0[802.11], uses wifi, LQM: unknown)] persistent protocol stack, starting
2026-02-11 19:24:12.609 Df AnalyticsReactNativeE2E[22038:1af5a8b] [com.apple.network:connection] [C2 Hostname#e40116fe:9091 in_progress parent-flow (satisfied (Path is satisfied), interface: en0[802.11], uses wifi, LQM: unknown)] event: flow:start_connect @0.001s
2026-02-11 19:24:12.609 Df AnalyticsReactNativeE2E[22038:1af5a8b] [com.apple.network:connection] nw_connection_report_state_with_handler_on_nw_queue [C2] reporting state preparing
2026-02-11 19:24:12.609 I  AnalyticsReactNativeE2E[22038:1af5a8b] [com.apple.network:connection] nw_endpoint_flow_connect [C2 Hostname#e40116fe:9091 in_progress parent-flow (satisfied (Path is satisfied), interface: en0[802.11], uses wifi, LQM: unknown)] connect bottom protocol
2026-02-11 19:24:12.609 Db AnalyticsReactNativeE2E[22038:1af5a8b] [com.apple.network:connection] nw_endpoint_flow_start_child [C2 Hostname#e40116fe:9091 in_progress parent-flow (satisfied (Path is satisfied), interface: en0[802.11], uses wifi, LQM: unknown)] creating and starting child handler
2026-02-11 19:24:12.609 Db AnalyticsReactNativeE2E[22038:1af5a8b] [com.apple.network:] nw_endpoint_proxy_handler_should_use_proxy Looking up proxy for hostname: localhost, ifindex: 0
2026-02-11 19:24:12.609 Db AnalyticsReactNativeE2E[22038:1af5a8b] [com.apple.SystemConfiguration:SCPreferences] create <SCPreferences 0x102417d20 [0x1e578fa80]> {name = SCDynamicStoreCopyProxiesWithOptions, id = /Library/Managed Preferences/mobile/com.apple.SystemConfiguration.plist, path = /Library/Managed Preferences/mobile/com.apple.SystemConfiguration.plist}
2026-02-11 19:24:12.609 Db AnalyticsReactNativeE2E[22038:1af5a8b] [com.apple.SystemConfiguration:SCPreferences] SCPreferences() access: /Library/Managed Preferences/mobile/com.apple.SystemConfiguration.plist, size=0
2026-02-11 19:24:12.610 Db AnalyticsReactNativeE2E[22038:1af5a8b] [com.apple.SystemConfiguration:SCPreferences] release <SCPreferences 0x102417d20 [0x1e578fa80]> {name = SCDynamicStoreCopyProxiesWithOptions, id = /Library/Managed Preferences/mobile/com.apple.SystemConfiguration.plist, path = /Library/Managed Preferences/mobile/com.apple.SystemConfiguration.plist, accessed}
2026-02-11 19:24:12.610 Df AnalyticsReactNativeE2E[22038:1af5a8b] [com.apple.network:connection] [C2 Hostname#e40116fe:9091 in_progress parent-flow (satisfied (Path is satisfied), interface: en0[802.11], uses wifi, LQM: unknown)] event: flow:start_child @0.001s
2026-02-11 19:24:12.610 I  AnalyticsReactNativeE2E[22038:1af5a8b] [com.apple.network:connection] nw_endpoint_handler_start [C2.1 Hostname#e40116fe:9091 initial path ((null))]
2026-02-11 19:24:12.610 Db AnalyticsReactNativeE2E[22038:1af5a8b] [com.apple.network:connection] nw_endpoint_flow_receive_report [C2 Hostname#e40116fe:9091 in_progress parent-flow (satisfied (Path is satisfied), interface: en0[802.11], uses wifi, LQM: unknown)] received child report: [C2.1 Hostname#e40116fe:9091 initial path ((null))]
2026-02-11 19:24:12.610 Df AnalyticsReactNativeE2E[22038:1af5a8b] [com.apple.network:connection] [C2.1 Hostname#e40116fe:9091 initial path ((null))] event: path:start @0.001s
2026-02-11 19:24:12.610 Db AnalyticsReactNativeE2E[22038:1af5a8b] [com.apple.network:connection] nw_endpoint_handler_path_change [C2.1 Hostname#e40116fe:9091 waiting path (satisfied (Path is satisfied), interface: en0[802.11], uses wifi, LQM: unknown)]
2026-02-11 19:24:12.610 Db AnalyticsReactNativeE2E[22038:1af5a8b] [com.apple.networkextension:] ne_tracker_check_is_hostname_blocked() proceeding with the in_the_app check for hostname: localhost
2026-02-11 19:24:12.610 Db AnalyticsReactNativeE2E[22038:1af5a8b] [com.apple.CFBundle:resources] Resource lookup at CFBundle 0x600003b042a0 </Users/abueide/Library/Developer/CoreSimulator/Devices/651CE25F-D2F4-404C-AC47-0364AA5C94A1/data/Containers/Bundle/Application/8383F86B-FDEC-4CAE-BE08-5C64A65A5312/AnalyticsReactNativeE2E.app> (executable, loaded)
	Request       : InfoPlist type: strings
	Result        : None
2026-02-11 19:24:12.610 Db AnalyticsReactNativeE2E[22038:1af5a72] [com.apple.runningboard:message] PERF: [app<org.reactjs.native.example.AnalyticsReactNativeE2E((null))>:22038] Received message from runningboardd: async_didChangeInheritances:completion:
2026-02-11 19:24:12.610 A  AnalyticsReactNativeE2E[22038:1af5a72] (RunningBoardServices) didChangeInheritances
2026-02-11 19:24:12.610 Db AnalyticsReactNativeE2E[22038:1af5a72] [com.apple.runningboard:connection] didChangeInheritances: <RBSInheritanceChangeSet| gained:(null) lost:{(
    <RBSInheritance| environment:UIScene:com.apple.frontboard.systemappservices/FBSceneManager:sceneID%3Aorg.reactjs.native.example.AnalyticsReactNativeE2E-default name:com.apple.frontboard.visibility origID:1422-1419-1443 payload 18348668041502042917>
)}>
2026-02-11 19:24:12.610 Db AnalyticsReactNativeE2E[22038:1af5a8b] [com.apple.CFBundle:resources] Resource lookup at CFBundle 0x600003b042a0 </Users/abueide/Library/Developer/CoreSimulator/Devices/651CE25F-D2F4-404C-AC47-0364AA5C94A1/data/Containers/Bundle/Application/8383F86B-FDEC-4CAE-BE08-5C64A65A5312/AnalyticsReactNativeE2E.app> (executable, loaded)
	Request       : InfoPlist type: stringsdict
	Result        : None
2026-02-11 19:24:12.610 Db AnalyticsReactNativeE2E[22038:1af5a8b] [com.apple.networkextension:] ne_tracker_check_is_hostname_blocked(): hostname localhost is not a tracker. Returning: ne_tracker_status_none
2026-02-11 19:24:12.611 Db AnalyticsReactNativeE2E[22038:1af5a8b] [com.apple.network:connection] nw_endpoint_flow_receive_report [C2 Hostname#e40116fe:9091 in_progress parent-flow (satisfied (Path is satisfied), interface: en0[802.11], uses wifi, LQM: unknown)] received child report: [C2.1 Hostname#e40116fe:9091 waiting path (satisfied (Path is satisfied), interface: en0[802.11], uses wifi, LQM: unknown)]
2026-02-11 19:24:12.611 Db AnalyticsReactNativeE2E[22038:1af5a63] [com.apple.defaults:User Defaults] found no value for key UIBarsApplyChromelessEverywhere in CFPrefsSearchListSource<0x600002c08080> (Domain: org.reactjs.native.example.AnalyticsReactNativeE2E, Container: (null) Non-launch persona: 0)
2026-02-11 19:24:12.611 Df AnalyticsReactNativeE2E[22038:1af5a8b] [com.apple.network:connection] [C2.1 Hostname#e40116fe:9091 waiting path (satisfied (Path is satisfied), interface: en0[802.11], uses wifi, LQM: unknown)] event: path:satisfied @0.002s, uuid: 55B4E36B-DE35-43E3-A4EA-1F4C29A63676
2026-02-11 19:24:12.611 Db AnalyticsReactNativeE2E[22038:1af5a8b] [com.apple.network:] nw_endpoint_proxy_handler_should_use_proxy Looking up proxy for hostname: localhost, ifindex: 0
2026-02-11 19:24:12.611 Db AnalyticsReactNativeE2E[22038:1af5a8b] [com.apple.SystemConfiguration:SCPreferences] create <SCPreferences 0x112204080 [0x1e578fa80]> {name = SCDynamicStoreCopyProxiesWithOptions, id = /Library/Managed Preferences/mobile/com.apple.SystemConfiguration.plist, path = /Library/Managed Preferences/mobile/com.apple.SystemConfiguration.plist}
2026-02-11 19:24:12.611 Db AnalyticsReactNativeE2E[22038:1af5a8b] [com.apple.SystemConfiguration:SCPreferences] SCPreferences() access: /Library/Managed Preferences/mobile/com.apple.SystemConfiguration.plist, size=0
2026-02-11 19:24:12.611 Db AnalyticsReactNativeE2E[22038:1af5a8b] [com.apple.SystemConfiguration:SCPreferences] release <SCPreferences 0x112204080 [0x1e578fa80]> {name = SCDynamicStoreCopyProxiesWithOptions, id = /Library/Managed Preferences/mobile/com.apple.SystemConfiguration.plist, path = /Library/Managed Preferences/mobile/com.apple.SystemConfiguration.plist, accessed}
2026-02-11 19:24:12.611 Db AnalyticsReactNativeE2E[22038:1af5a8b] [com.apple.network:connection] -[NWConcrete_nw_endpoint_resolver startWithHandler:] [C2.1 Hostname#e40116fe:9091 waiting resolver (satisfied (Path is satisfied), interface: en0[802.11], uses wifi, LQM: unknown)]
2026-02-11 19:24:12.611 Db AnalyticsReactNativeE2E[22038:1af5a8b] [com.apple.network:connection] nw_endpoint_flow_receive_report [C2 Hostname#e40116fe:9091 in_progress parent-flow (satisfied (Path is satisfied), interface: en0[802.11], uses wifi, LQM: unknown)] received child report: [C2.1 Hostname#e40116fe:9091 in_progress resolver (satisfied (Path is satisfied), interface: en0[802.11], uses wifi, LQM: unknown)]
2026-02-11 19:24:12.611 Df AnalyticsReactNativeE2E[22038:1af5a8b] [com.apple.network:connection] [C2.1 Hostname#e40116fe:9091 in_progress resolver (satisfied (Path is satisfied), interface: en0[802.11], uses wifi, LQM: unknown)] event: resolver:start_dns @0.003s
2026-02-11 19:24:12.612 Db AnalyticsReactNativeE2E[22038:1af5a8b] [com.apple.networkextension:] ne_tracker_check_is_hostname_blocked() proceeding with the in_the_app check for hostname: localhost
2026-02-11 19:24:12.612 Db AnalyticsReactNativeE2E[22038:1af5a8b] [com.apple.CFBundle:resources] Resource lookup at CFBundle 0x600003b042a0 </Users/abueide/Library/Developer/CoreSimulator/Devices/651CE25F-D2F4-404C-AC47-0364AA5C94A1/data/Containers/Bundle/Application/8383F86B-FDEC-4CAE-BE08-5C64A65A5312/AnalyticsReactNativeE2E.app> (executable, loaded)
	Request       : InfoPlist type: strings
	Result        : None
2026-02-11 19:24:12.612 Db AnalyticsReactNativeE2E[22038:1af5a8b] [com.apple.CFBundle:resources] Resource lookup at CFBundle 0x600003b042a0 </Users/abueide/Library/Developer/CoreSimulator/Devices/651CE25F-D2F4-404C-AC47-0364AA5C94A1/data/Containers/Bundle/Application/8383F86B-FDEC-4CAE-BE08-5C64A65A5312/AnalyticsReactNativeE2E.app> (executable, loaded)
	Request       : InfoPlist type: stringsdict
	Result        : None
2026-02-11 19:24:12.612 Db AnalyticsReactNativeE2E[22038:1af5a8b] [com.apple.networkextension:] ne_tracker_check_is_hostname_blocked(): hostname localhost is not a tracker. Returning: ne_tracker_status_none
2026-02-11 19:24:12.612 I  AnalyticsReactNativeE2E[22038:1af5a8b] [com.apple.network:connection] nw_resolver_create_dns_service_locked [C2.1] Starting host resolution Hostname#e40116fe:9091, flags 0xc000d000 proto 0
2026-02-11 19:24:12.612 Df AnalyticsReactNativeE2E[22038:1af5a8b] [com.apple.CFNetwork:Default] Task <3CAEA2B1-E250-4E17-9AD4-E8B82626333B>.<1> setting up Connection 2
2026-02-11 19:24:12.612 Db AnalyticsReactNativeE2E[22038:1af5a8b] [com.apple.network:activity] Returning should log: 0 for activity cfnetwork:foreground_task
2026-02-11 19:24:12.612 I  AnalyticsReactNativeE2E[22038:1af5a8b] [com.apple.network:connection] nw_resolver_host_resolve_callback [C2.1] flags=0x40000003 ifindex=4294967295 error=NoError(0) hostname=localhost. addr=IPv6#c55a9c58 ttl=1
2026-02-11 19:24:12.612 I  AnalyticsReactNativeE2E[22038:1af5a8b] [com.apple.network:connection] nw_resolver_host_resolve_callback [C2.1] flags=0x40000002 ifindex=4294967295 error=NoError(0) hostname=localhost. addr=IPv4#94cc25ec ttl=1
2026-02-11 19:24:12.612 Db AnalyticsReactNativeE2E[22038:1af5a8b] [com.apple.network:] sa_dst_compare_rfc6724 Rule 6, prefer d2, d2 precedence 50 > d1 precedence 35
2026-02-11 19:24:12.612 Db AnalyticsReactNativeE2E[22038:1af5a8b] [com.apple.network:] sa_dst_compare_internal <private>@0 < <private>@0
2026-02-11 19:24:12.612 Db AnalyticsReactNativeE2E[22038:1af5a8b] [com.apple.network:connection] nw_endpoint_resolver_update [C2.1 Hostname#e40116fe:9091 in_progress resolver (satisfied (Path is satisfied), interface: en0[802.11], uses wifi, LQM: unknown)] resolver is complete
2026-02-11 19:24:12.612 Df AnalyticsReactNativeE2E[22038:1af5a8b] [com.apple.network:connection] nw_endpoint_resolver_update [C2.1 Hostname#e40116fe:9091 in_progress resolver (satisfied (Path is satisfied), interface: en0[802.11], uses wifi, LQM: unknown)] Adding endpoint handler for IPv6#4923cae9.9091
2026-02-11 19:24:12.612 Df AnalyticsReactNativeE2E[22038:1af5a8b] [com.apple.network:connection] nw_endpoint_resolver_update [C2.1 Hostname#e40116fe:9091 in_progress resolver (satisfied (Path is satisfied), interface: en0[802.11], uses wifi, LQM: unknown)] Adding endpoint handler for IPv4#356b56c9:9091
2026-02-11 19:24:12.613 Db AnalyticsReactNativeE2E[22038:1af5a8b] [com.apple.network:connection] nw_endpoint_resolver_update [C2.1 Hostname#e40116fe:9091 in_progress resolver (satisfied (Path is satisfied), interface: en0[802.11], uses wifi, LQM: unknown)] Updated endpoint list is (IPv6#4923cae9.9091,IPv4#356b56c9:9091)
2026-02-11 19:24:12.613 Db AnalyticsReactNativeE2E[22038:1af5a8b] [com.apple.network:connection] nw_endpoint_flow_receive_report [C2 Hostname#e40116fe:9091 in_progress parent-flow (satisfied (Path is satisfied), interface: en0[802.11], uses wifi, LQM: unknown)] received child report: [C2.1 Hostname#e40116fe:9091 in_progress resolver (satisfied (Path is satisfied), interface: en0[802.11], uses wifi, LQM: unknown)]
2026-02-11 19:24:12.613 Df AnalyticsReactNativeE2E[22038:1af5a8b] [com.apple.network:connection] [C2.1 Hostname#e40116fe:9091 in_progress resolver (satisfied (Path is satisfied), interface: en0[802.11], uses wifi, LQM: unknown)] event: resolver:receive_dns @0.004s
2026-02-11 19:24:12.613 I  AnalyticsReactNativeE2E[22038:1af5a8b] [com.apple.network:connection] nw_endpoint_resolver_start_next_child [C2.1 Hostname#e40116fe:9091 in_progress resolver (satisfied (Path is satisfied), interface: en0[802.11], uses wifi, LQM: unknown)] starting child endpoint IPv6#4923cae9.9091
2026-02-11 19:24:12.613 I  AnalyticsReactNativeE2E[22038:1af5a8b] [com.apple.network:connection] nw_endpoint_handler_start [C2.1.1 IPv6#4923cae9.9091 initial path ((null))]
2026-02-11 19:24:12.613 Db AnalyticsReactNativeE2E[22038:1af5a8b] [com.apple.network:connection] nw_endpoint_resolver_receive_report [C2.1 Hostname#e40116fe:9091 in_progress resolver (satisfied (Path is satisfied), interface: en0[802.11], uses wifi, LQM: unknown)] received child report: [C2.1.1 IPv6#4923cae9.9091 initial path ((null))]
2026-02-11 19:24:12.613 Db AnalyticsReactNativeE2E[22038:1af5a8b] [com.apple.network:connection] nw_endpoint_flow_receive_report [C2 Hostname#e40116fe:9091 in_progress parent-flow (satisfied (Path is satisfied), interface: en0[802.11], uses wifi, LQM: unknown)] received child report: [C2.1.1 IPv6#4923cae9.9091 initial path ((null))]
2026-02-11 19:24:12.613 Df AnalyticsReactNativeE2E[22038:1af5a8b] [com.apple.network:connection] [C2.1.1 IPv6#4923cae9.9091 initial path ((null))] event: path:start @0.004s
2026-02-11 19:24:12.613 Db AnalyticsReactNativeE2E[22038:1af5a8b] [com.apple.network:connection] nw_endpoint_handler_path_change [C2.1.1 IPv6#4923cae9.9091 waiting path (satisfied (Path is satisfied), interface: lo0)]
2026-02-11 19:24:12.613 Db AnalyticsReactNativeE2E[22038:1af5a8b] [com.apple.network:connection] nw_endpoint_resolver_receive_report [C2.1 Hostname#e40116fe:9091 in_progress resolver (satisfied (Path is satisfied), interface: en0[802.11], uses wifi, LQM: unknown)] received child report: [C2.1.1 IPv6#4923cae9.9091 waiting path (satisfied (Path is satisfied), interface: lo0)]
2026-02-11 19:24:12.613 Db AnalyticsReactNativeE2E[22038:1af5a8b] [com.apple.network:connection] nw_endpoint_flow_receive_report [C2 Hostname#e40116fe:9091 in_progress parent-flow (satisfied (Path is satisfied), interface: en0[802.11], uses wifi, LQM: unknown)] received child report: [C2.1.1 IPv6#4923cae9.9091 waiting path (satisfied (Path is satisfied), interface: lo0)]
2026-02-11 19:24:12.613 Df AnalyticsReactNativeE2E[22038:1af5a8b] [com.apple.network:connection] [C2.1.1 IPv6#4923cae9.9091 waiting path (satisfied (Path is satisfied), interface: lo0)] event: path:satisfied @0.004s, uuid: CEC9853D-86AD-4617-8842-B12401469E41
2026-02-11 19:24:12.613 Db AnalyticsReactNativeE2E[22038:1af5a8b] [com.apple.network:] nw_endpoint_proxy_handler_should_use_proxy Looking up proxy for hostname: <nil>, ifindex: 0
2026-02-11 19:24:12.613 Db AnalyticsReactNativeE2E[22038:1af5a8b] [com.apple.SystemConfiguration:SCPreferences] create <SCPreferences 0x1079112c0 [0x1e578fa80]> {name = SCDynamicStoreCopyProxiesWithOptions, id = /Library/Managed Preferences/mobile/com.apple.SystemConfiguration.plist, path = /Library/Managed Preferences/mobile/com.apple.SystemConfiguration.plist}
2026-02-11 19:24:12.613 Db AnalyticsReactNativeE2E[22038:1af5a8b] [com.apple.SystemConfiguration:SCPreferences] SCPreferences() access: /Library/Managed Preferences/mobile/com.apple.SystemConfiguration.plist, size=0
2026-02-11 19:24:12.613 Db AnalyticsReactNativeE2E[22038:1af5a8b] [com.apple.SystemConfiguration:SCPreferences] release <SCPreferences 0x1079112c0 [0x1e578fa80]> {name = SCDynamicStoreCopyProxiesWithOptions, id = /Library/Managed Preferences/mobile/com.apple.SystemConfiguration.plist, path = /Library/Managed Preferences/mobile/com.apple.SystemConfiguration.plist, accessed}
2026-02-11 19:24:12.613 I  AnalyticsReactNativeE2E[22038:1af5a8b] [com.apple.network:connection] nw_association_create_flow <nw_association IPv6#4923cae9.9091> Added association flow ID A4474504-A84B-4337-B12D-E60D33C8F9CA
2026-02-11 19:24:12.613 I  AnalyticsReactNativeE2E[22038:1af5a8b] [com.apple.network:connection] nw_endpoint_flow_setup_protocols [C2.1.1 IPv6#4923cae9.9091 in_progress socket-flow (satisfied (Path is satisfied), interface: lo0)] setup flow id A4474504-A84B-4337-B12D-E60D33C8F9CA
2026-02-11 19:24:12.613 Db AnalyticsReactNativeE2E[22038:1af5a8b] [com.apple.network:connection] nw_endpoint_flow_attach_protocols [C2.1.1 IPv6#4923cae9.9091 in_progress socket-flow (satisfied (Path is satisfied), interface: lo0)]
2026-02-11 19:24:12.613 Db AnalyticsReactNativeE2E[22038:1af5a8b] [com.apple.network:connection] nw_endpoint_flow_attach_protocols_block_invoke [C2.1.1 IPv6#4923cae9.9091 in_progress socket-flow (satisfied (Path is satisfied), interface: lo0)] Attached application protocol: CFNetworkConnection-1926048627
2026-02-11 19:24:12.613 Db AnalyticsReactNativeE2E[22038:1af5a8b] [com.apple.network:] nw_fd_wrapper_create Created <fd_wrapper 11, guarded: false>
2026-02-11 19:24:12.613 Db AnalyticsReactNativeE2E[22038:1af5a8b] [com.apple.network:connection] nw_endpoint_flow_attach_protocols [C2.1.1 IPv6#4923cae9.9091 in_progress socket-flow (satisfied (Path is satisfied), interface: lo0)] Attached socket protocol
2026-02-11 19:24:12.613 Db AnalyticsReactNativeE2E[22038:1af5a8b] [com.apple.network:connection] nw_endpoint_flow_setup_protocols [C2.1.1 IPv6#4923cae9.9091 in_progress socket-flow (satisfied (Path is satisfied), interface: lo0)] leaf flow starting
2026-02-11 19:24:12.613 Db AnalyticsReactNativeE2E[22038:1af5a8b] [com.apple.network:connection] nw_endpoint_resolver_receive_report [C2.1 Hostname#e40116fe:9091 in_progress resolver (satisfied (Path is satisfied), interface: en0[802.11], uses wifi, LQM: unknown)] received child report: [C2.1.1 IPv6#4923cae9.9091 in_progress socket-flow (satisfied (Path is satisfied), interface: lo0)]
2026-02-11 19:24:12.613 Db AnalyticsReactNativeE2E[22038:1af5a8b] [com.apple.network:connection] nw_endpoint_flow_receive_report [C2 Hostname#e40116fe:9091 in_progress parent-flow (satisfied (Path is satisfied), interface: en0[802.11], uses wifi, LQM: unknown)] received child report: [C2.1.1 IPv6#4923cae9.9091 in_progress socket-flow (satisfied (Path is satisfied), interface: lo0)]
2026-02-11 19:24:12.613 Df AnalyticsReactNativeE2E[22038:1af5a8b] [com.apple.network:connection] [C2.1.1 IPv6#4923cae9.9091 in_progress socket-flow (satisfied (Path is satisfied), interface: lo0)] event: flow:start_connect @0.005s
2026-02-11 19:24:12.614 I  AnalyticsReactNativeE2E[22038:1af5a8b] [com.apple.network:connection] nw_endpoint_resolver_start_next_child [C2.1 Hostname#e40116fe:9091 in_progress resolver (satisfied (Path is satisfied), interface: en0[802.11], uses wifi, LQM: unknown)] starting next child endpoint in 100ms
2026-02-11 19:24:12.614 Db AnalyticsReactNativeE2E[22038:1af5a8b] [com.apple.network:connection] nw_socket_handle_socket_event [C2.1.1:2] Event mask: 0x800
2026-02-11 19:24:12.614 Df AnalyticsReactNativeE2E[22038:1af5a8b] [com.apple.network:connection] nw_socket_handle_socket_event [C2.1.1:2] Socket received CONNECTED event
2026-02-11 19:24:12.614 Db AnalyticsReactNativeE2E[22038:1af5a8b] [com.apple.network:connection] nw_socket_setup_notsent_lowat [C2.1.1:2] Set TCP_NOTSENT_LOWAT(16384)
2026-02-11 19:24:12.614 Df AnalyticsReactNativeE2E[22038:1af5a8b] [com.apple.network:connection] nw_flow_connected [C2.1.1 IPv6#4923cae9.9091 in_progress socket-flow (satisfied (Path is satisfied), interface: lo0)] Transport protocol connected (socket)
2026-02-11 19:24:12.614 Db AnalyticsReactNativeE2E[22038:1af5a8b] [com.apple.network:connection] nw_endpoint_resolver_receive_report [C2.1 Hostname#e40116fe:9091 in_progress resolver (satisfied (Path is satisfied), interface: en0[802.11], uses wifi, LQM: unknown)] received child report: [C2.1.1 IPv6#4923cae9.9091 in_progress socket-flow (satisfied (Path is satisfied), interface: lo0)]
2026-02-11 19:24:12.614 Db AnalyticsReactNativeE2E[22038:1af5a8b] [com.apple.network:connection] nw_endpoint_flow_receive_report [C2 Hostname#e40116fe:9091 in_progress parent-flow (satisfied (Path is satisfied), interface: en0[802.11], uses wifi, LQM: unknown)] received child report: [C2.1.1 IPv6#4923cae9.9091 in_progress socket-flow (satisfied (Path is satisfied), interface: lo0)]
2026-02-11 19:24:12.614 Df AnalyticsReactNativeE2E[22038:1af5a8b] [com.apple.network:connection] [C2.1.1 IPv6#4923cae9.9091 in_progress socket-flow (satisfied (Path is satisfied), interface: lo0)] event: flow:finish_transport @0.005s
2026-02-11 19:24:12.614 I  AnalyticsReactNativeE2E[22038:1af5a8b] [com.apple.network:connection] nw_endpoint_resolver_receive_report [C2.1 Hostname#e40116fe:9091 in_progress resolver (satisfied (Path is satisfied), interface: en0[802.11], uses wifi, LQM: unknown)] pushing out endpoint race by 2000ms
2026-02-11 19:24:12.614 Df AnalyticsReactNativeE2E[22038:1af5a8b] [com.apple.network:connection] nw_flow_connected [C2.1.1 IPv6#4923cae9.9091 in_progress socket-flow (satisfied (Path is satisfied), interface: lo0)] Output protocol connected (CFNetworkConnection-1926048627)
2026-02-11 19:24:12.614 Db AnalyticsReactNativeE2E[22038:1af5a8b] [com.apple.network:connection] nw_endpoint_flow_connected_path_change [C2.1.1 IPv6#4923cae9.9091 ready socket-flow (satisfied (Path is satisfied), interface: lo0)]
2026-02-11 19:24:12.614 I  AnalyticsReactNativeE2E[22038:1af5a8b] [com.apple.network:connection] nw_endpoint_flow_connected_path_change [C2.1.1 IPv6#4923cae9.9091 ready socket-flow (satisfied (Path is satisfied), interface: lo0)] Connected path is satisfied, not viable
2026-02-11 19:24:12.614 Db AnalyticsReactNativeE2E[22038:1af5a8b] [com.apple.network:connection] nw_endpoint_resolver_receive_report [C2.1 Hostname#e40116fe:9091 in_progress resolver (satisfied (Path is satisfied), interface: en0[802.11], uses wifi, LQM: unknown)] received child report: [C2.1.1 IPv6#4923cae9.9091 ready socket-flow (satisfied (Path is satisfied), interface: lo0)]
2026-02-11 19:24:12.614 Db AnalyticsReactNativeE2E[22038:1af5a8b] [com.apple.network:connection] nw_endpoint_flow_receive_report [C2 Hostname#e40116fe:9091 in_progress parent-flow (satisfied (Path is satisfied), interface: en0[802.11], uses wifi, LQM: unknown)] received child report: [C2.1.1 IPv6#4923cae9.9091 ready socket-flow (satisfied (Path is satisfied), interface: lo0)]
2026-02-11 19:24:12.614 Df AnalyticsReactNativeE2E[22038:1af5a8b] [com.apple.network:connection] [C2.1.1 IPv6#4923cae9.9091 ready socket-flow (satisfied (Path is satisfied), interface: lo0)] event: flow:child_finish_connect @0.005s
2026-02-11 19:24:12.614 Db AnalyticsReactNativeE2E[22038:1af5a8b] [com.apple.network:connection] nw_endpoint_flow_receive_report [C2 IPv6#4923cae9.9091 in_progress parent-flow (satisfied (Path is satisfied), interface: en0[802.11], uses wifi, LQM: unknown)] connecting endpoint_flow to child's shared protocol
2026-02-11 19:24:12.614 I  AnalyticsReactNativeE2E[22038:1af5a63] [com.facebook.react.log:native] [GESTURE HANDLER] Initialize gesture handler for view <RCTRootContentView: 0x101e0e3e0; frame = (0 0; 402 874); gestureRecognizers = <NSArray: 0x600000014f10>; layer = <CALayer: 0x600000c58ea0>> reactTag: 1; frame = {{0, 0}, {402, 874}}; layer = <CALayer: 0x600000c58ea0>
2026-02-11 19:24:12.614 Db AnalyticsReactNativeE2E[22038:1af5a8b] [com.apple.network:connection] nw_endpoint_flow_setup_protocols [C2 IPv6#4923cae9.9091 in_progress parent-flow (satisfied (Path is satisfied), interface: en0[802.11], uses wifi, LQM: unknown)] already set up
2026-02-11 19:24:12.614 Db AnalyticsReactNativeE2E[22038:1af5a8b] [com.apple.network:connection] nw_endpoint_flow_setup_protocols [C2 IPv6#4923cae9.9091 in_progress parent-flow (satisfied (Path is satisfied), interface: en0[802.11], uses wifi, LQM: unknown)] child flow connected, starting
2026-02-11 19:24:12.614 Db AnalyticsReactNativeE2E[22038:1af5a8b] [com.apple.network:connection] nw_endpoint_flow_setup_protocols [C2 IPv6#4923cae9.9091 in_progress parent-flow (satisfied (Path is satisfied), interface: en0[802.11], uses wifi, LQM: unknown)] already started
2026-02-11 19:24:12.614 Db AnalyticsReactNativeE2E[22038:1af5a8b] [com.apple.network:connection] nw_endpoint_flow_receive_report [C2 IPv6#4923cae9.9091 in_progress parent-flow (satisfied (Path is satisfied), interface: en0[802.11], uses wifi, LQM: unknown)] received child report: [C2.1 Hostname#e40116fe:9091 ready resolver (satisfied (Path is satisfied), interface: en0[802.11], uses wifi, LQM: unknown)]
2026-02-11 19:24:12.614 Df AnalyticsReactNativeE2E[22038:1af5a8b] [com.apple.network:connection] [C2.1 Hostname#e40116fe:9091 ready resolver (satisfied (Path is satisfied), interface: en0[802.11], uses wifi, LQM: unknown)] event: flow:child_finish_connect @0.005s
2026-02-11 19:24:12.614 I  AnalyticsReactNativeE2E[22038:1af5a8b] [com.apple.network:connection] nw_endpoint_handler_cancel [C2.1.2 IPv4#356b56c9:9091 initial path ((null))]
2026-02-11 19:24:12.614 Df AnalyticsReactNativeE2E[22038:1af5a8b] [com.apple.network:connection] nw_flow_connected [C2 IPv6#4923cae9.9091 in_progress parent-flow (satisfied (Path is satisfied), interface: en0[802.11], uses wifi, LQM: unknown)] Output protocol connected (endpoint_flow)
2026-02-11 19:24:12.614 Db AnalyticsReactNativeE2E[22038:1af5a8b] [com.apple.network:connection] nw_endpoint_flow_connected_path_change [C2 IPv6#4923cae9.9091 ready parent-flow (satisfied (Path is satisfied), interface: en0[802.11], uses wifi, LQM: unknown)]
2026-02-11 19:24:12.614 I  AnalyticsReactNativeE2E[22038:1af5a8b] [com.apple.network:connection] nw_endpoint_flow_connected_path_change [C2 IPv6#4923cae9.9091 ready parent-flow (satisfied (Path is satisfied), interface: en0[802.11], uses wifi, LQM: unknown)] Connected path is satisfied, child is not viable
2026-02-11 19:24:12.614 Df AnalyticsReactNativeE2E[22038:1af5a8b] [com.apple.network:connection] [C2 IPv6#4923cae9.9091 ready parent-flow (satisfied (Path is satisfied), interface: en0[802.11], uses wifi, LQM: unknown)] event: flow:finish_connect @0.006s
2026-02-11 19:24:12.614 Db AnalyticsReactNativeE2E[22038:1af5a8b] [com.apple.network:connection] nw_connection_run_pqtls_probe_locked_on_nw_queue [C2] No TLS metadata; not running PQ-TLS probe
2026-02-11 19:24:12.614 Db AnalyticsReactNativeE2E[22038:1af5a8b] [com.apple.network:connection] nw_connection_run_ech_probe_locked_on_nw_queue [C2] stack doesn't include TLS; not running ECH probe
2026-02-11 19:24:12.615 Db AnalyticsReactNativeE2E[22038:1af5a8b] [com.apple.network:connection] nw_connection_endpoint_report_on_nw_queue_block_invoke [C2] Connected fallback generation 0
2026-02-11 19:24:12.615 I  AnalyticsReactNativeE2E[22038:1af5a8b] [com.apple.network:connection] nw_connection_start_candidate_manager_if_needed_locked [C2] Checking whether to start candidate manager
2026-02-11 19:24:12.615 Db AnalyticsReactNativeE2E[22038:1af5a8b] [com.apple.network:connection] nw_connection_start_candidate_manager_if_needed_locked [C2] Connection does not support multipath, not starting candidate manager
2026-02-11 19:24:12.615 Df AnalyticsReactNativeE2E[22038:1af5a8b] [com.apple.network:connection] nw_connection_report_state_with_handler_on_nw_queue [C2] reporting state ready
2026-02-11 19:24:12.615 Df AnalyticsReactNativeE2E[22038:1af5a8b] [com.apple.CFNetwork:Default] Connection 2: connected successfully
2026-02-11 19:24:12.615 Df AnalyticsReactNativeE2E[22038:1af5a8b] [com.apple.CFNetwork:Default] Connection 2: ready C(N) E(N)
2026-02-11 19:24:12.615 Db AnalyticsReactNativeE2E[22038:1af5a8b] [com.apple.CFNetwork:Default] Task <3CAEA2B1-E250-4E17-9AD4-E8B82626333B>.<1> done setting up Connection 2
2026-02-11 19:24:12.615 Db AnalyticsReactNativeE2E[22038:1af5a8b] [com.apple.network:activity] Returning should log: 0 for activity cfnetwork:foreground_task
2026-02-11 19:24:12.615 Df AnalyticsReactNativeE2E[22038:1af5a8b] [com.apple.CFNetwork:Default] Task <3CAEA2B1-E250-4E17-9AD4-E8B82626333B>.<1> now using Connection 2
2026-02-11 19:24:12.615 Db AnalyticsReactNativeE2E[22038:1af5a8b] [com.apple.network:activity] Returning should log: 0 for activity cfnetwork:foreground_task
2026-02-11 19:24:12.615 Df AnalyticsReactNativeE2E[22038:1af5a8b] [com.apple.CFNetwork:Default] Task <3CAEA2B1-E250-4E17-9AD4-E8B82626333B>.<1> sent request, body N 0
2026-02-11 19:24:12.615 Db AnalyticsReactNativeE2E[22038:1af5a72] [com.apple.defaults:User Defaults] looked up value 1 for key RCTI18nUtil_makeRTLFlipLeftAndRightStyles in CFPrefsPlistSource<0x600002c14080> (Domain: org.reactjs.native.example.AnalyticsReactNativeE2E, User: kCFPreferencesCurrentUser, ByHost: No, Container: (null), Contents Need Refresh: No) via CFPrefsSearchListSource<0x600002c08080> (Domain: org.reactjs.native.example.AnalyticsReactNativeE2E, Container: (null) Non-launch persona: 0)
2026-02-11 19:24:12.615 Db AnalyticsReactNativeE2E[22038:1af5a63] [com.apple.defaults:User Defaults] found no value for key UIObservationTrackingLoggingEnabled in CFPrefsSearchListSource<0x600002c08080> (Domain: org.reactjs.native.example.AnalyticsReactNativeE2E, Container: (null) Non-launch persona: 0)
2026-02-11 19:24:12.616 Df AnalyticsReactNativeE2E[22038:1af5a72] [com.apple.CFNetwork:Default] Task <3CAEA2B1-E250-4E17-9AD4-E8B82626333B>.<1> received response, status 200 content K
2026-02-11 19:24:12.616 Db AnalyticsReactNativeE2E[22038:1af5a63] [com.apple.defaults:User Defaults] found no value for key UIScrollPocketDebug in CFPrefsSearchListSource<0x600002c10500> (Domain: com.apple.UIKit, Container: (null) Non-launch persona: 0)
2026-02-11 19:24:12.616 Db AnalyticsReactNativeE2E[22038:1af5a63] [com.apple.defaults:User Defaults] found no value for key UIScrollPocketDebugMask in CFPrefsSearchListSource<0x600002c10500> (Domain: com.apple.UIKit, Container: (null) Non-launch persona: 0)
2026-02-11 19:24:12.616 Db AnalyticsReactNativeE2E[22038:1af5a72] [com.apple.network:connection] nw_connection_modify_estimated_bytes_block_invoke [C2] Incremented estimated bytes to receive by 375, total now 375
2026-02-11 19:24:12.616 Db AnalyticsReactNativeE2E[22038:1af5a63] [com.apple.defaults:User Defaults] found no value for key MPBackgroundScale in CFPrefsSearchListSource<0x600002c10500> (Domain: com.apple.UIKit, Container: (null) Non-launch persona: 0)
2026-02-11 19:24:12.616 Db AnalyticsReactNativeE2E[22038:1af5a72] [com.apple.network:connection] nw_connection_modify_estimated_bytes_block_invoke [C2] Using lower threshold 12582912, upper threshold 31457280
2026-02-11 19:24:12.616 Db AnalyticsReactNativeE2E[22038:1af5a63] [com.apple.defaults:User Defaults] found no value for key MPBackgroundEnabled in CFPrefsSearchListSource<0x600002c10500> (Domain: com.apple.UIKit, Container: (null) Non-launch persona: 0)
2026-02-11 19:24:12.616 Df AnalyticsReactNativeE2E[22038:1af5a72] [com.apple.CFNetwork:Default] Task <3CAEA2B1-E250-4E17-9AD4-E8B82626333B>.<1> response ended
2026-02-11 19:24:12.616 Db AnalyticsReactNativeE2E[22038:1af5a63] [com.apple.defaults:User Defaults] found no value for key MPEffectScale in CFPrefsSearchListSource<0x600002c10500> (Domain: com.apple.UIKit, Container: (null) Non-launch persona: 0)
2026-02-11 19:24:12.616 Db AnalyticsReactNativeE2E[22038:1af5a63] [com.apple.defaults:User Defaults] found no value for key MPEffectSoftFilter in CFPrefsSearchListSource<0x600002c10500> (Domain: com.apple.UIKit, Container: (null) Non-launch persona: 0)
2026-02-11 19:24:12.616 Db AnalyticsReactNativeE2E[22038:1af5a63] [com.apple.defaults:User Defaults] found no value for key MPEffectHardFilter in CFPrefsSearchListSource<0x600002c10500> (Domain: com.apple.UIKit, Container: (null) Non-launch persona: 0)
2026-02-11 19:24:12.616 Db AnalyticsReactNativeE2E[22038:1af5a63] [com.apple.defaults:User Defaults] found no value for key MPDimmingTopAlpha in CFPrefsSearchListSource<0x600002c10500> (Domain: com.apple.UIKit, Container: (null) Non-launch persona: 0)
2026-02-11 19:24:12.616 Db AnalyticsReactNativeE2E[22038:1af5a63] [com.apple.defaults:User Defaults] found no value for key MPDimmingBottomAlpha in CFPrefsSearchListSource<0x600002c10500> (Domain: com.apple.UIKit, Container: (null) Non-launch persona: 0)
2026-02-11 19:24:12.616 Db AnalyticsReactNativeE2E[22038:1af5a63] [com.apple.defaults:User Defaults] found no value for key MPRasterizePortals in CFPrefsSearchListSource<0x600002c10500> (Domain: com.apple.UIKit, Container: (null) Non-launch persona: 0)
2026-02-11 19:24:12.616 Db AnalyticsReactNativeE2E[22038:1af5a63] [com.apple.defaults:User Defaults] found no value for key MPPocketRasterScale in CFPrefsSearchListSource<0x600002c10500> (Domain: com.apple.UIKit, Container: (null) Non-launch persona: 0)
2026-02-11 19:24:12.616 Df AnalyticsReactNativeE2E[22038:1af5a72] [com.apple.CFNetwork:Default] Task <3CAEA2B1-E250-4E17-9AD4-E8B82626333B>.<1> done using Connection 2
2026-02-11 19:24:12.616 Db AnalyticsReactNativeE2E[22038:1af5a72] [com.apple.network:activity] Returning should log: 0 for activity cfnetwork:foreground_task
2026-02-11 19:24:12.616 Db AnalyticsReactNativeE2E[22038:1af5a72] [com.apple.CFNetwork:Default] Connection 2: set is idle true
2026-02-11 19:24:12.616 Df AnalyticsReactNativeE2E[22038:1af5a72] [com.apple.network:connection] [C2] event: client:connection_idle @0.007s
2026-02-11 19:24:12.616 I  AnalyticsReactNativeE2E[22038:1af5a72] [com.apple.network:connection] nw_endpoint_handler_report_connection_idle [C2 IPv6#4923cae9.9091 ready parent-flow (satisfied (Path is satisfied), interface: en0[802.11], uses wifi, LQM: unknown)] Reporting connection idle to protocols
2026-02-11 19:24:12.616 I  AnalyticsReactNativeE2E[22038:1af5a72] [com.apple.network:connection] nw_flow_passthrough_notify [C2.1.1 IPv6#4923cae9.9091 ready socket-flow (satisfied (Path is satisfied), interface: lo0)] received notification connection_idle
2026-02-11 19:24:12.616 Df AnalyticsReactNativeE2E[22038:1af5a72] [com.apple.network:connection] nw_protocol_socket_notify [C2.1.1:2] nw_protocol_notification_type_connection_idle is true
2026-02-11 19:24:12.616 Df AnalyticsReactNativeE2E[22038:1af5a8b] [com.apple.CFNetwork:Summary] Task <3CAEA2B1-E250-4E17-9AD4-E8B82626333B>.<1> summary for task success {transaction_duration_ms=32, response_status=200, connection=2, protocol="http/1.1", domain_lookup_duration_ms=1, connect_duration_ms=1, secure_connection_duration_ms=0, private_relay=false, request_start_ms=31, request_duration_ms=0, response_start_ms=32, response_duration_ms=0, request_bytes=266, request_throughput_kbps=49448, response_bytes=612, response_throughput_kbps=19501, cache_hit=false}
2026-02-11 19:24:12.616 E  AnalyticsReactNativeE2E[22038:1af5a72] [com.apple.network:connection] nw_socket_set_connection_idle [C2.1.1:2] setsockopt SO_CONNECTION_IDLE failed [42: Protocol not available]
2026-02-11 19:24:12.616 Db AnalyticsReactNativeE2E[22038:1af5a72] [com.apple.CFNetwork:Default] Connection 2: set is idle true
2026-02-11 19:24:12.616 Df AnalyticsReactNativeE2E[22038:1af5a72] [com.apple.network:connection] [C2] event: client:connection_idle @0.007s
2026-02-11 19:24:12.616 Df AnalyticsReactNativeE2E[22038:1af5a8b] [com.apple.CoreAnalytics:client] No XPC connection in Simulator
2026-02-11 19:24:12.616 I  AnalyticsReactNativeE2E[22038:1af5a72] [com.apple.network:connection] nw_endpoint_handler_report_connection_idle [C2 IPv6#4923cae9.9091 ready parent-flow (satisfied (Path is satisfied), interface: en0[802.11], uses wifi, LQM: unknown)] Reporting connection idle to protocols
2026-02-11 19:24:12.616 Df AnalyticsReactNativeE2E[22038:1af5a8b] [com.apple.CFNetwork:Default] Task <3CAEA2B1-E250-4E17-9AD4-E8B82626333B>.<1> finished successfully
2026-02-11 19:24:12.616 I  AnalyticsReactNativeE2E[22038:1af5a72] [com.apple.network:connection] nw_flow_passthrough_notify [C2.1.1 IPv6#4923cae9.9091 ready socket-flow (satisfied (Path is satisfied), interface: lo0)] received notification connection_idle
2026-02-11 19:24:12.616 Df AnalyticsReactNativeE2E[22038:1af5a72] [com.apple.network:connection] nw_protocol_socket_notify [C2.1.1:2] nw_protocol_notification_type_connection_idle is true
2026-02-11 19:24:12.616 Db AnalyticsReactNativeE2E[22038:1af5a8b] [com.apple.network:activity] Returning should log: 0 for activity cfnetwork:foreground_task
2026-02-11 19:24:12.616 Db AnalyticsReactNativeE2E[22038:1af5a8b] [com.apple.network:activity] Returning should log: 0 for activity cfnetwork:foreground_task
2026-02-11 19:24:12.616 Db AnalyticsReactNativeE2E[22038:1af5a8b] [com.apple.network:activity] No threshold for cfnetwork:foreground_task, returning NW_ACTIVITY_DURATION_INVALID
2026-02-11 19:24:12.616 E  AnalyticsReactNativeE2E[22038:1af5a72] [com.apple.network:connection] nw_socket_set_connection_idle [C2.1.1:2] setsockopt SO_CONNECTION_IDLE failed [42: Protocol not available]
2026-02-11 19:24:12.616 Db AnalyticsReactNativeE2E[22038:1af5a8b] [com.apple.network:activity] No threshold for activity <nw_activity 12:2 [46D9D366-3A3F-4EB6-B184-8CE68C340862] (parent is global) (reporting strategy default) complete (reason success)>
2026-02-11 19:24:12.618 Db AnalyticsReactNativeE2E[22038:1af5a63] [com.apple.defaults:User Defaults] CFPrefsManagedSource<0x600002c05300> (Domain: com.apple.SwiftUI, User: kCFPreferencesCurrentUser, ByHost: Yes, Container: (null), Contents Need Refresh: No) loaded: an empty base plist and no additional changes from the base plist
2026-02-11 19:24:12.618 Db AnalyticsReactNativeE2E[22038:1af5a63] [com.apple.defaults:User Defaults] CFPrefsManagedSource<0x600002c24880> (Domain: com.apple.SwiftUI, User: kCFPreferencesAnyUser, ByHost: Yes, Container: (null), Contents Need Refresh: No) loaded: an empty base plist and no additional changes from the base plist
2026-02-11 19:24:12.618 Db AnalyticsReactNativeE2E[22038:1af5a63] [com.apple.defaults:User Defaults] CFPrefsPlistSource<0x600002c27b80> (Domain: com.apple.SwiftUI, User: kCFPreferencesCurrentUser, ByHost: No, Container: (null), Contents Need Refresh: No) loaded: an empty base plist and no additional changes from the base plist
2026-02-11 19:24:12.618 Db AnalyticsReactNativeE2E[22038:1af5a63] [com.apple.defaults:User Defaults] CFPrefsPlistSource<0x600002c31180> (Domain: com.apple.SwiftUI, User: kCFPreferencesCurrentUser, ByHost: No, Container: /Users/abueide/Library/Developer/CoreSimulator/Devices/651CE25F-D2F4-404C-AC47-0364AA5C94A1/data, Contents Need Refresh: No) loaded: an empty base plist and no additional changes from the base plist
2026-02-11 19:24:12.618 Db AnalyticsReactNativeE2E[22038:1af5a63] [com.apple.defaults:User Defaults] CFPrefsPlistSource<0x600002c7c000> (Domain: com.apple.SwiftUI, User: kCFPreferencesCurrentUser, ByHost: Yes, Container: (null), Contents Need Refresh: No) loaded: an empty base plist and no additional changes from the base plist
2026-02-11 19:24:12.618 Db AnalyticsReactNativeE2E[22038:1af5a63] [com.apple.defaults:User Defaults] found no value for key AdaptiveGlassHysteresisLightRangeArray in CFPrefsSearchListSource<0x600002c0dd00> (Domain: com.apple.SwiftUI, Container: (null) Non-launch persona: 0)
2026-02-11 19:24:12.618 Db AnalyticsReactNativeE2E[22038:1af5a63] [com.apple.defaults:User Defaults] found no value for key AdaptiveGlassHysteresisDarkRangeArray in CFPrefsSearchListSource<0x600002c0dd00> (Domain: com.apple.SwiftUI, Container: (null) Non-launch persona: 0)
2026-02-11 19:24:12.618 Db AnalyticsReactNativeE2E[22038:1af5a63] [com.apple.defaults:User Defaults] found no value for key MPLumaTrackingAnimationDuration in CFPrefsSearchListSource<0x600002c10500> (Domain: com.apple.UIKit, Container: (null) Non-launch persona: 0)
2026-02-11 19:24:12.618 Db AnalyticsReactNativeE2E[22038:1af5a63] [com.apple.defaults:User Defaults] found no value for key MPLumaTrackingEMAWeight in CFPrefsSearchListSource<0x600002c10500> (Domain: com.apple.UIKit, Container: (null) Non-launch persona: 0)
2026-02-11 19:24:12.618 Db AnalyticsReactNativeE2E[22038:1af5a63] [com.apple.defaults:User Defaults] found no value for key MPLumaTrackingEMASettleDelay in CFPrefsSearchListSource<0x600002c10500> (Domain: com.apple.UIKit, Container: (null) Non-launch persona: 0)
2026-02-11 19:24:12.618 Db AnalyticsReactNativeE2E[22038:1af5a63] [com.apple.defaults:User Defaults] found no value for key MPMinimumAnimationFPS in CFPrefsSearchListSource<0x600002c10500> (Domain: com.apple.UIKit, Container: (null) Non-launch persona: 0)
2026-02-11 19:24:12.619 Db AnalyticsReactNativeE2E[22038:1af5a63] [com.apple.CFBundle:resources] Language lookup at CFBundle 0x600003b39420 </Library/Developer/CoreSimulator/Volumes/iOS_23C54/Library/Developer/CoreSimulator/Profiles/Runtimes/iOS 26.2.simruntime/Contents/Resources/RuntimeRoot/System/Library/PrivateFrameworks/UIKitCore.framework/Artwork.bundle> (not loaded)
	Localizations : [en]
	Dev language  : en
	User prefs    : [en-US]
	Main bundle   : [en]
	Allow mixed   : 0 
	Result        : [en]
2026-02-11 19:24:12.619 Db AnalyticsReactNativeE2E[22038:1af5a63] [com.apple.CFBundle:resources] Resource lookup at CFBundle 0x600003b39420 </Library/Developer/CoreSimulator/Volumes/iOS_23C54/Library/Developer/CoreSimulator/Profiles/Runtimes/iOS 26.2.simruntime/Contents/Resources/RuntimeRoot/System/Library/PrivateFrameworks/UIKitCore.framework/Artwork.bundle> (not loaded)
	Request       : Assets type: car
	Result        : file:///Library/Developer/CoreSimulator/Volumes/iOS_23C54/Library/Developer/CoreSimulator/Profiles/Runtimes/iOS%2026.2.simruntime/Contents/Resources/RuntimeRoot/System/Library/PrivateFrameworks/UIKitCore.framework/Artwork.bundle/Assets.car
2026-02-11 19:24:12.620 Db AnalyticsReactNativeE2E[22038:1af5a63] [com.apple.defaults:User Defaults] looked up value 1 for key RCTI18nUtil_makeRTLFlipLeftAndRightStyles in CFPrefsPlistSource<0x600002c14080> (Domain: org.reactjs.native.example.AnalyticsReactNativeE2E, User: kCFPreferencesCurrentUser, ByHost: No, Container: (null), Contents Need Refresh: No) via CFPrefsSearchListSource<0x600002c08080> (Domain: org.reactjs.native.example.AnalyticsReactNativeE2E, Container: (null) Non-launch persona: 0)
2026-02-11 19:24:12.620 Db AnalyticsReactNativeE2E[22038:1af5a63] [com.apple.defaults:User Defaults] looked up value 1 for key RCTI18nUtil_makeRTLFlipLeftAndRightStyles in CFPrefsPlistSource<0x600002c14080> (Domain: org.reactjs.native.example.AnalyticsReactNativeE2E, User: kCFPreferencesCurrentUser, ByHost: No, Container: (null), Contents Need Refresh: No) via CFPrefsSearchListSource<0x600002c08080> (Domain: org.reactjs.native.example.AnalyticsReactNativeE2E, Container: (null) Non-launch persona: 0)
2026-02-11 19:24:12.620 Db AnalyticsReactNativeE2E[22038:1af5a63] [com.apple.defaults:User Defaults] looked up value 1 for key RCTI18nUtil_makeRTLFlipLeftAndRightStyles in CFPrefsPlistSource<0x600002c14080> (Domain: org.reactjs.native.example.AnalyticsReactNativeE2E, User: kCFPreferencesCurrentUser, ByHost: No, Container: (null), Contents Need Refresh: No) via CFPrefsSearchListSource<0x600002c08080> (Domain: org.reactjs.native.example.AnalyticsReactNativeE2E, Container: (null) Non-launch persona: 0)
2026-02-11 19:24:12.620 Db AnalyticsReactNativeE2E[22038:1af5a63] [com.apple.defaults:User Defaults] looked up value 1 for key RCTI18nUtil_makeRTLFlipLeftAndRightStyles in CFPrefsPlistSource<0x600002c14080> (Domain: org.reactjs.native.example.AnalyticsReactNativeE2E, User: kCFPreferencesCurrentUser, ByHost: No, Container: (null), Contents Need Refresh: No) via CFPrefsSearchListSource<0x600002c08080> (Domain: org.reactjs.native.example.AnalyticsReactNativeE2E, Container: (null) Non-launch persona: 0)
2026-02-11 19:24:12.620 Db AnalyticsReactNativeE2E[22038:1af5a63] [com.apple.defaults:User Defaults] looked up value 1 for key RCTI18nUtil_makeRTLFlipLeftAndRightStyles in CFPrefsPlistSource<0x600002c14080> (Domain: org.reactjs.native.example.AnalyticsReactNativeE2E, User: kCFPreferencesCurrentUser, ByHost: No, Container: (null), Contents Need Refresh: No) via CFPrefsSearchListSource<0x600002c08080> (Domain: org.reactjs.native.example.AnalyticsReactNativeE2E, Container: (null) Non-launch persona: 0)
2026-02-11 19:24:12.620 Db AnalyticsReactNativeE2E[22038:1af5a63] [com.apple.defaults:User Defaults] looked up value 1 for key RCTI18nUtil_makeRTLFlipLeftAndRightStyles in CFPrefsPlistSource<0x600002c14080> (Domain: org.reactjs.native.example.AnalyticsReactNativeE2E, User: kCFPreferencesCurrentUser, ByHost: No, Container: (null), Contents Need Refresh: No) via CFPrefsSearchListSource<0x600002c08080> (Domain: org.reactjs.native.example.AnalyticsReactNativeE2E, Container: (null) Non-launch persona: 0)
2026-02-11 19:24:12.620 Db AnalyticsReactNativeE2E[22038:1af5a63] [com.apple.defaults:User Defaults] looked up value 1 for key RCTI18nUtil_makeRTLFlipLeftAndRightStyles in CFPrefsPlistSource<0x600002c14080> (Domain: org.reactjs.native.example.AnalyticsReactNativeE2E, User: kCFPreferencesCurrentUser, ByHost: No, Container: (null), Contents Need Refresh: No) via CFPrefsSearchListSource<0x600002c08080> (Domain: org.reactjs.native.example.AnalyticsReactNativeE2E, Container: (null) Non-launch persona: 0)
2026-02-11 19:24:12.620 Db AnalyticsReactNativeE2E[22038:1af5a63] [com.apple.defaults:User Defaults] looked up value 1 for key RCTI18nUtil_makeRTLFlipLeftAndRightStyles in CFPrefsPlistSource<0x600002c14080> (Domain: org.reactjs.native.example.AnalyticsReactNativeE2E, User: kCFPreferencesCurrentUser, ByHost: No, Container: (null), Contents Need Refresh: No) via CFPrefsSearchListSource<0x600002c08080> (Domain: org.reactjs.native.example.AnalyticsReactNativeE2E, Container: (null) Non-launch persona: 0)
