Filtering the log data using "processImagePath BEGINSWITH "/Users/abueide/Library/Developer/CoreSimulator/Devices/651CE25F-D2F4-404C-AC47-0364AA5C94A1/data/Containers/Bundle/Application/7969B6BB-C361-4CD4-BCBA-583EB1B5035D/AnalyticsReactNativeE2E.app""
Timestamp               Ty Process[PID:TID]
2026-02-11 18:55:30.193 I  AnalyticsReactNativeE2E[1758:1ad914e] [com.wix.Detox:WebSocket] Action received: invoke
2026-02-11 18:55:30.343 Df AnalyticsReactNativeE2E[1758:1ad914e] [com.apple.UIKit:EventDispatch] Sending UIEvent type: 0; subtype: 0; to windows: 1
2026-02-11 18:55:30.344 Df AnalyticsReactNativeE2E[1758:1ad914e] [com.apple.UIKit:EventDispatch] Sending UIEvent type: 0; subtype: 0; to window: <UIWindow: 0x104e27e90>; contextId: 0xF0F7A29A
2026-02-11 18:55:30.344 A  AnalyticsReactNativeE2E[1758:1ad914e] (UIKitCore) send gesture actions
2026-02-11 18:55:30.360 Df AnalyticsReactNativeE2E[1758:1ad914e] [com.apple.UIKit:EventDispatch] Sending UIEvent type: 0; subtype: 0; to windows: 1
2026-02-11 18:55:30.360 Df AnalyticsReactNativeE2E[1758:1ad914e] [com.apple.UIKit:EventDispatch] Sending UIEvent type: 0; subtype: 0; to window: <UIWindow: 0x104e27e90>; contextId: 0xF0F7A29A
2026-02-11 18:55:30.360 A  AnalyticsReactNativeE2E[1758:1ad914e] (UIKitCore) send gesture actions
2026-02-11 18:55:30.361 Df AnalyticsReactNativeE2E[1758:1ad9757] [com.apple.CFNetwork:Default] Task <C93DE893-E71A-4239-9AA8-43177309A827>.<2> resuming, timeouts(0.0, 604800.0) qos(0x19) voucher((null)) activity(00000000-0000-0000-0000-000000000000)
2026-02-11 18:55:30.361 Db AnalyticsReactNativeE2E[1758:1ad9757] [com.apple.network:activity] Returning should log: 0 for activity cfnetwork:foreground_task
2026-02-11 18:55:30.361 Db AnalyticsReactNativeE2E[1758:1ad9757] [com.apple.network:activity] Domain cfnetwork rate configured in registry as 1 / 20000
2026-02-11 18:55:30.361 Db AnalyticsReactNativeE2E[1758:1ad9757] [com.apple.network:activity] Domain cfnetwork rate configured after remote default override as 1 / 20000
2026-02-11 18:55:30.361 Db AnalyticsReactNativeE2E[1758:1ad9757] [com.apple.network:activity] After reading settings plist, domain cfnetwork rate configured as 1 / 2000000
2026-02-11 18:55:30.361 Db AnalyticsReactNativeE2E[1758:1ad9757] [com.apple.network:activity] After settings override, domain cfnetwork rate configured as 1 / 2000000
2026-02-11 18:55:30.361 Db AnalyticsReactNativeE2E[1758:1ad9757] [com.apple.network:activity] Final domain cfnetwork rate configured as 1 / 2000000
2026-02-11 18:55:30.361 Db AnalyticsReactNativeE2E[1758:1ad9757] [com.apple.network:activity] <nw_activity 12:2 [No UUID] (reporting strategy default)> sampled at 1 / 2000000
2026-02-11 18:55:30.361 Db AnalyticsReactNativeE2E[1758:1ad9757] [com.apple.network:activity] Returning should log: 0 for activity cfnetwork:foreground_task
2026-02-11 18:55:30.361 Db AnalyticsReactNativeE2E[1758:1ad9757] [com.apple.network:activity] Returning should log: 0 for activity cfnetwork:foreground_task
2026-02-11 18:55:30.361 Db AnalyticsReactNativeE2E[1758:1ad9757] [com.apple.CFNetwork:Default] [Telemetry]: Activity <nw_activity 12:2 [3C4EE0C1-48F9-40E5-AD0A-448AAB8B6A75] (reporting strategy default)> on Task <C93DE893-E71A-4239-9AA8-43177309A827>.<2> was not selected for reporting
2026-02-11 18:55:30.361 Db AnalyticsReactNativeE2E[1758:1ad9757] [com.apple.networkextension:] ne_tracker_check_is_hostname_blocked() proceeding with the in_the_app check for hostname: localhost
2026-02-11 18:55:30.362 Db AnalyticsReactNativeE2E[1758:1ad9757] [com.apple.CFBundle:resources] Resource lookup at CFBundle 0x600003b0c000 </Users/abueide/Library/Developer/CoreSimulator/Devices/651CE25F-D2F4-404C-AC47-0364AA5C94A1/data/Containers/Bundle/Application/7969B6BB-C361-4CD4-BCBA-583EB1B5035D/AnalyticsReactNativeE2E.app> (executable, loaded)
	Request       : InfoPlist type: strings
	Result        : None
2026-02-11 18:55:30.362 Db AnalyticsReactNativeE2E[1758:1ad9757] [com.apple.CFBundle:resources] Resource lookup at CFBundle 0x600003b0c000 </Users/abueide/Library/Developer/CoreSimulator/Devices/651CE25F-D2F4-404C-AC47-0364AA5C94A1/data/Containers/Bundle/Application/7969B6BB-C361-4CD4-BCBA-583EB1B5035D/AnalyticsReactNativeE2E.app> (executable, loaded)
	Request       : InfoPlist type: stringsdict
	Result        : None
2026-02-11 18:55:30.362 Db AnalyticsReactNativeE2E[1758:1ad9757] [com.apple.networkextension:] ne_tracker_check_is_hostname_blocked(): hostname localhost is not a tracker. Returning: ne_tracker_status_none
2026-02-11 18:55:30.362 Db AnalyticsReactNativeE2E[1758:1ad9757] [com.apple.CFNetwork:ATS] Uploading ATS exception ATSAllowsLocalNetworking
2026-02-11 18:55:30.362 Db AnalyticsReactNativeE2E[1758:1ad9757] [com.apple.CFNetwork:ATS] Uploading ATS exception ATSExceptionDomains
2026-02-11 18:55:30.362 A  AnalyticsReactNativeE2E[1758:1ad9183] (Security) SecTrustReportNetworkingAnalytics
2026-02-11 18:55:30.362 Db AnalyticsReactNativeE2E[1758:1ad9757] [com.apple.CFNetwork:Default] Connection 7: set is idle true
2026-02-11 18:55:30.362 Df AnalyticsReactNativeE2E[1758:1ad9757] [com.apple.network:connection] [C7] event: client:connection_idle @2.191s
2026-02-11 18:55:30.362 I  AnalyticsReactNativeE2E[1758:1ad9757] [com.apple.network:connection] nw_endpoint_handler_report_connection_idle [C7 IPv6#ad87c312.9091 ready parent-flow (satisfied (Path is satisfied), interface: en0[802.11], uses wifi, LQM: unknown)] Reporting connection idle to protocols
2026-02-11 18:55:30.362 I  AnalyticsReactNativeE2E[1758:1ad9757] [com.apple.network:connection] nw_flow_passthrough_notify [C7.1.1 IPv6#ad87c312.9091 ready socket-flow (satisfied (Path is satisfied), interface: lo0)] received notification connection_idle
2026-02-11 18:55:30.362 Df AnalyticsReactNativeE2E[1758:1ad9757] [com.apple.network:connection] nw_protocol_socket_notify [C7.1.1:2] nw_protocol_notification_type_connection_idle is true
2026-02-11 18:55:30.362 E  AnalyticsReactNativeE2E[1758:1ad9757] [com.apple.network:connection] nw_socket_set_connection_idle [C7.1.1:2] setsockopt SO_CONNECTION_IDLE failed [42: Protocol not available]
2026-02-11 18:55:30.362 Df AnalyticsReactNativeE2E[1758:1ad9757] [com.apple.CFNetwork:Default] Task <C93DE893-E71A-4239-9AA8-43177309A827>.<2> now using Connection 7
2026-02-11 18:55:30.362 Db AnalyticsReactNativeE2E[1758:1ad9757] [com.apple.network:activity] Returning should log: 0 for activity cfnetwork:foreground_task
2026-02-11 18:55:30.362 Db AnalyticsReactNativeE2E[1758:1ad9757] [com.apple.network:connection] nw_connection_modify_estimated_bytes_block_invoke [C7] Incremented estimated bytes to send by 952, total now 952
2026-02-11 18:55:30.362 Db AnalyticsReactNativeE2E[1758:1ad9757] [com.apple.network:connection] nw_connection_modify_estimated_bytes_block_invoke [C7] Using lower threshold 12582912, upper threshold 31457280
2026-02-11 18:55:30.362 Db AnalyticsReactNativeE2E[1758:1ad9757] [com.apple.CFNetwork:Default] Connection 7: set is idle false
2026-02-11 18:55:30.362 Df AnalyticsReactNativeE2E[1758:1ad9757] [com.apple.network:connection] [C7] event: client:connection_reused @2.191s
2026-02-11 18:55:30.362 I  AnalyticsReactNativeE2E[1758:1ad9757] [com.apple.network:connection] nw_endpoint_handler_report_connection_idle [C7 IPv6#ad87c312.9091 ready parent-flow (satisfied (Path is satisfied), interface: en0[802.11], uses wifi, LQM: unknown)] Reporting connection not idle to protocols
2026-02-11 18:55:30.362 I  AnalyticsReactNativeE2E[1758:1ad9757] [com.apple.network:connection] nw_flow_passthrough_notify [C7.1.1 IPv6#ad87c312.9091 ready socket-flow (satisfied (Path is satisfied), interface: lo0)] received notification connection_idle
2026-02-11 18:55:30.362 Df AnalyticsReactNativeE2E[1758:1ad9757] [com.apple.network:connection] nw_protocol_socket_notify [C7.1.1:2] nw_protocol_notification_type_connection_idle is false
2026-02-11 18:55:30.362 E  AnalyticsReactNativeE2E[1758:1ad9757] [com.apple.network:connection] nw_socket_set_connection_idle [C7.1.1:2] setsockopt SO_CONNECTION_IDLE failed [42: Protocol not available]
2026-02-11 18:55:30.362 Df AnalyticsReactNativeE2E[1758:1ad9757] [com.apple.CFNetwork:Default] Task <C93DE893-E71A-4239-9AA8-43177309A827>.<2> sent request, body S 952
2026-02-11 18:55:30.364 Df AnalyticsReactNativeE2E[1758:1ad9757] [com.apple.CFNetwork:Default] Task <C93DE893-E71A-4239-9AA8-43177309A827>.<2> received response, status 200 content K
2026-02-11 18:55:30.364 Db AnalyticsReactNativeE2E[1758:1ad9757] [com.apple.network:connection] nw_connection_modify_estimated_bytes_block_invoke [C7] Incremented estimated bytes to receive by 20, total now 395
2026-02-11 18:55:30.364 Db AnalyticsReactNativeE2E[1758:1ad9757] [com.apple.network:connection] nw_connection_modify_estimated_bytes_block_invoke [C7] Using lower threshold 12582912, upper threshold 31457280
2026-02-11 18:55:30.364 Df AnalyticsReactNativeE2E[1758:1ad9757] [com.apple.CFNetwork:Default] Task <C93DE893-E71A-4239-9AA8-43177309A827>.<2> response ended
2026-02-11 18:55:30.364 Df AnalyticsReactNativeE2E[1758:1ad9757] [com.apple.CFNetwork:Default] Task <C93DE893-E71A-4239-9AA8-43177309A827>.<2> done using Connection 7
2026-02-11 18:55:30.364 Db AnalyticsReactNativeE2E[1758:1ad9757] [com.apple.network:activity] Returning should log: 0 for activity cfnetwork:foreground_task
2026-02-11 18:55:30.364 Db AnalyticsReactNativeE2E[1758:1ad9757] [com.apple.CFNetwork:Default] Connection 7: set is idle true
2026-02-11 18:55:30.364 Df AnalyticsReactNativeE2E[1758:1ad9757] [com.apple.network:connection] [C7] event: client:connection_idle @2.193s
2026-02-11 18:55:30.364 I  AnalyticsReactNativeE2E[1758:1ad9757] [com.apple.network:connection] nw_endpoint_handler_report_connection_idle [C7 IPv6#ad87c312.9091 ready parent-flow (satisfied (Path is satisfied), interface: en0[802.11], uses wifi, LQM: unknown)] Reporting connection idle to protocols
2026-02-11 18:55:30.364 I  AnalyticsReactNativeE2E[1758:1ad9757] [com.apple.network:connection] nw_flow_passthrough_notify [C7.1.1 IPv6#ad87c312.9091 ready socket-flow (satisfied (Path is satisfied), interface: lo0)] received notification connection_idle
2026-02-11 18:55:30.364 Df AnalyticsReactNativeE2E[1758:1ad9757] [com.apple.network:connection] nw_protocol_socket_notify [C7.1.1:2] nw_protocol_notification_type_connection_idle is true
2026-02-11 18:55:30.364 E  AnalyticsReactNativeE2E[1758:1ad9757] [com.apple.network:connection] nw_socket_set_connection_idle [C7.1.1:2] setsockopt SO_CONNECTION_IDLE failed [42: Protocol not available]
2026-02-11 18:55:30.364 Db AnalyticsReactNativeE2E[1758:1ad9757] [com.apple.CFNetwork:Default] Connection 7: set is idle true
2026-02-11 18:55:30.364 Df AnalyticsReactNativeE2E[1758:1ad9757] [com.apple.network:connection] [C7] event: client:connection_idle @2.193s
2026-02-11 18:55:30.364 I  AnalyticsReactNativeE2E[1758:1ad9757] [com.apple.network:connection] nw_endpoint_handler_report_connection_idle [C7 IPv6#ad87c312.9091 ready parent-flow (satisfied (Path is satisfied), interface: en0[802.11], uses wifi, LQM: unknown)] Reporting connection idle to protocols
2026-02-11 18:55:30.364 Df AnalyticsReactNativeE2E[1758:1ad918b] [com.apple.CFNetwork:Summary] Task <C93DE893-E71A-4239-9AA8-43177309A827>.<2> summary for task success {transaction_duration_ms=2, response_status=200, connection=7, reused=1, reused_after_ms=0, request_start_ms=0, request_duration_ms=0, response_start_ms=2, response_duration_ms=0, request_bytes=1242, request_throughput_kbps=43030, response_bytes=255, response_throughput_kbps=11273, cache_hit=true}
2026-02-11 18:55:30.364 I  AnalyticsReactNativeE2E[1758:1ad9757] [com.apple.network:connection] nw_flow_passthrough_notify [C7.1.1 IPv6#ad87c312.9091 ready socket-flow (satisfied (Path is satisfied), interface: lo0)] received notification connection_idle
2026-02-11 18:55:30.364 I  AnalyticsReactNativeE2E[1758:1ad9163] [com.apple.runningboard:assertion] Acquiring assertion: <RBSAssertionDescriptor| "com.apple.CFNetwork.StorageDB" ID:(null) target:1758>
2026-02-11 18:55:30.364 Df AnalyticsReactNativeE2E[1758:1ad9757] [com.apple.network:connection] nw_protocol_socket_notify [C7.1.1:2] nw_protocol_notification_type_connection_idle is true
2026-02-11 18:55:30.364 Df AnalyticsReactNativeE2E[1758:1ad918b] [com.apple.CFNetwork:Default] Task <C93DE893-E71A-4239-9AA8-43177309A827>.<2> finished successfully
2026-02-11 18:55:30.364 E  AnalyticsReactNativeE2E[1758:1ad9757] [com.apple.network:connection] nw_socket_set_connection_idle [C7.1.1:2] setsockopt SO_CONNECTION_IDLE failed [42: Protocol not available]
2026-02-11 18:55:30.364 Db AnalyticsReactNativeE2E[1758:1ad918b] [com.apple.network:activity] Returning should log: 0 for activity cfnetwork:foreground_task
2026-02-11 18:55:30.364 Db AnalyticsReactNativeE2E[1758:1ad918b] [com.apple.network:activity] Returning should log: 0 for activity cfnetwork:foreground_task
2026-02-11 18:55:30.364 Db AnalyticsReactNativeE2E[1758:1ad918b] [com.apple.network:activity] No threshold for cfnetwork:foreground_task, returning NW_ACTIVITY_DURATION_INVALID
2026-02-11 18:55:30.364 Db AnalyticsReactNativeE2E[1758:1ad918b] [com.apple.network:activity] No threshold for activity <nw_activity 12:2 [3C4EE0C1-48F9-40E5-AD0A-448AAB8B6A75] (reporting strategy default) complete (reason success)>
2026-02-11 18:55:30.364 I  AnalyticsReactNativeE2E[1758:1ad9864] [com.facebook.react.log:javascript] Sent 1 events
2026-02-11 18:55:30.365 Df AnalyticsReactNativeE2E[1758:1ad9183] [com.apple.securityd:SecError] SecTrustReportNetworkingAnalytics failed with error: -4
2026-02-11 18:55:30.365 A  AnalyticsReactNativeE2E[1758:1ad9183] (Security) SecTrustReportNetworkingAnalytics
2026-02-11 18:55:30.365 Db AnalyticsReactNativeE2E[1758:1ad9163] [com.apple.runningboard:assertion] Adding assertion 1422-1758-685 to dictionary
2026-02-11 18:55:30.365 Df AnalyticsReactNativeE2E[1758:1ad9183] [com.apple.securityd:SecError] SecTrustReportNetworkingAnalytics failed with error: -4
2026-02-11 18:55:31.751 I  AnalyticsReactNativeE2E[1758:1ad914e] [com.wix.Detox:WebSocket] Action received: invoke
2026-02-11 18:55:31.893 Df AnalyticsReactNativeE2E[1758:1ad914e] [com.apple.UIKit:EventDispatch] Sending UIEvent type: 0; subtype: 0; to windows: 1
2026-02-11 18:55:31.894 Df AnalyticsReactNativeE2E[1758:1ad914e] [com.apple.UIKit:EventDispatch] Sending UIEvent type: 0; subtype: 0; to window: <UIWindow: 0x104e27e90>; contextId: 0xF0F7A29A
2026-02-11 18:55:31.894 A  AnalyticsReactNativeE2E[1758:1ad914e] (UIKitCore) send gesture actions
2026-02-11 18:55:31.910 Df AnalyticsReactNativeE2E[1758:1ad914e] [com.apple.UIKit:EventDispatch] Sending UIEvent type: 0; subtype: 0; to windows: 1
2026-02-11 18:55:31.911 Df AnalyticsReactNativeE2E[1758:1ad914e] [com.apple.UIKit:EventDispatch] Sending UIEvent type: 0; subtype: 0; to window: <UIWindow: 0x104e27e90>; contextId: 0xF0F7A29A
2026-02-11 18:55:31.911 A  AnalyticsReactNativeE2E[1758:1ad914e] (UIKitCore) send gesture actions
2026-02-11 18:55:31.911 I  AnalyticsReactNativeE2E[1758:1ad9864] [com.facebook.react.log:javascript] 'TRACK event saved', { type: 'track',
  event: 'Track pressed',
  properties: { foo: 'bar' } }
2026-02-11 18:55:32.600 I  AnalyticsReactNativeE2E[1758:1ad914e] [com.wix.Detox:WebSocket] Action received: invoke
2026-02-11 18:55:32.744 Df AnalyticsReactNativeE2E[1758:1ad914e] [com.apple.UIKit:EventDispatch] Sending UIEvent type: 0; subtype: 0; to windows: 1
2026-02-11 18:55:32.744 Df AnalyticsReactNativeE2E[1758:1ad914e] [com.apple.UIKit:EventDispatch] Sending UIEvent type: 0; subtype: 0; to window: <UIWindow: 0x104e27e90>; contextId: 0xF0F7A29A
2026-02-11 18:55:32.745 A  AnalyticsReactNativeE2E[1758:1ad914e] (UIKitCore) send gesture actions
2026-02-11 18:55:32.760 Df AnalyticsReactNativeE2E[1758:1ad914e] [com.apple.UIKit:EventDispatch] Sending UIEvent type: 0; subtype: 0; to windows: 1
2026-02-11 18:55:32.760 Df AnalyticsReactNativeE2E[1758:1ad914e] [com.apple.UIKit:EventDispatch] Sending UIEvent type: 0; subtype: 0; to window: <UIWindow: 0x104e27e90>; contextId: 0xF0F7A29A
2026-02-11 18:55:32.761 A  AnalyticsReactNativeE2E[1758:1ad914e] (UIKitCore) send gesture actions
2026-02-11 18:55:32.761 Df AnalyticsReactNativeE2E[1758:1ad9163] [com.apple.CFNetwork:Default] Task <2EE1A348-DB0A-4C02-A54F-C87D7940ADE9>.<3> resuming, timeouts(0.0, 604800.0) qos(0x19) voucher((null)) activity(00000000-0000-0000-0000-000000000000)
2026-02-11 18:55:32.761 Db AnalyticsReactNativeE2E[1758:1ad9163] [com.apple.network:activity] Returning should log: 0 for activity cfnetwork:foreground_task
2026-02-11 18:55:32.761 Db AnalyticsReactNativeE2E[1758:1ad9163] [com.apple.network:activity] Domain cfnetwork rate configured in registry as 1 / 20000
2026-02-11 18:55:32.761 Db AnalyticsReactNativeE2E[1758:1ad9163] [com.apple.network:activity] Domain cfnetwork rate configured after remote default override as 1 / 20000
2026-02-11 18:55:32.761 Db AnalyticsReactNativeE2E[1758:1ad9163] [com.apple.network:activity] After reading settings plist, domain cfnetwork rate configured as 1 / 2000000
2026-02-11 18:55:32.761 Db AnalyticsReactNativeE2E[1758:1ad9163] [com.apple.network:activity] After settings override, domain cfnetwork rate configured as 1 / 2000000
2026-02-11 18:55:32.761 Db AnalyticsReactNativeE2E[1758:1ad9163] [com.apple.network:activity] Final domain cfnetwork rate configured as 1 / 2000000
2026-02-11 18:55:32.761 Db AnalyticsReactNativeE2E[1758:1ad9163] [com.apple.network:activity] <nw_activity 12:2 [No UUID] (reporting strategy default)> sampled at 1 / 2000000
2026-02-11 18:55:32.761 Db AnalyticsReactNativeE2E[1758:1ad9163] [com.apple.network:activity] Returning should log: 0 for activity cfnetwork:foreground_task
2026-02-11 18:55:32.761 Db AnalyticsReactNativeE2E[1758:1ad9163] [com.apple.network:activity] Returning should log: 0 for activity cfnetwork:foreground_task
2026-02-11 18:55:32.761 Db AnalyticsReactNativeE2E[1758:1ad9163] [com.apple.CFNetwork:Default] [Telemetry]: Activity <nw_activity 12:2 [A5696521-E927-48B1-A794-DF4ED19FB9B8] (reporting strategy default)> on Task <2EE1A348-DB0A-4C02-A54F-C87D7940ADE9>.<3> was not selected for reporting
2026-02-11 18:55:32.761 Db AnalyticsReactNativeE2E[1758:1ad918b] [com.apple.networkextension:] ne_tracker_check_is_hostname_blocked() proceeding with the in_the_app check for hostname: localhost
2026-02-11 18:55:32.762 Db AnalyticsReactNativeE2E[1758:1ad918b] [com.apple.CFBundle:resources] Resource lookup at CFBundle 0x600003b0c000 </Users/abueide/Library/Developer/CoreSimulator/Devices/651CE25F-D2F4-404C-AC47-0364AA5C94A1/data/Containers/Bundle/Application/7969B6BB-C361-4CD4-BCBA-583EB1B5035D/AnalyticsReactNativeE2E.app> (executable, loaded)
	Request       : InfoPlist type: strings
	Result        : None
2026-02-11 18:55:32.762 Db AnalyticsReactNativeE2E[1758:1ad918b] [com.apple.CFBundle:resources] Resource lookup at CFBundle 0x600003b0c000 </Users/abueide/Library/Developer/CoreSimulator/Devices/651CE25F-D2F4-404C-AC47-0364AA5C94A1/data/Containers/Bundle/Application/7969B6BB-C361-4CD4-BCBA-583EB1B5035D/AnalyticsReactNativeE2E.app> (executable, loaded)
	Request       : InfoPlist type: stringsdict
	Result        : None
2026-02-11 18:55:32.762 Db AnalyticsReactNativeE2E[1758:1ad918b] [com.apple.networkextension:] ne_tracker_check_is_hostname_blocked(): hostname localhost is not a tracker. Returning: ne_tracker_status_none
2026-02-11 18:55:32.762 Db AnalyticsReactNativeE2E[1758:1ad918b] [com.apple.CFNetwork:ATS] Uploading ATS exception ATSAllowsLocalNetworking
2026-02-11 18:55:32.762 Db AnalyticsReactNativeE2E[1758:1ad918b] [com.apple.CFNetwork:ATS] Uploading ATS exception ATSExceptionDomains
2026-02-11 18:55:32.762 A  AnalyticsReactNativeE2E[1758:1ad9163] (Security) SecTrustReportNetworkingAnalytics
2026-02-11 18:55:32.762 Db AnalyticsReactNativeE2E[1758:1ad918b] [com.apple.CFNetwork:Default] Connection 7: set is idle true
2026-02-11 18:55:32.762 Df AnalyticsReactNativeE2E[1758:1ad918b] [com.apple.network:connection] [C7] event: client:connection_idle @4.591s
2026-02-11 18:55:32.762 I  AnalyticsReactNativeE2E[1758:1ad918b] [com.apple.network:connection] nw_endpoint_handler_report_connection_idle [C7 IPv6#ad87c312.9091 ready parent-flow (satisfied (Path is satisfied), interface: en0[802.11], uses wifi, LQM: unknown)] Reporting connection idle to protocols
2026-02-11 18:55:32.762 I  AnalyticsReactNativeE2E[1758:1ad918b] [com.apple.network:connection] nw_flow_passthrough_notify [C7.1.1 IPv6#ad87c312.9091 ready socket-flow (satisfied (Path is satisfied), interface: lo0)] received notification connection_idle
2026-02-11 18:55:32.762 Df AnalyticsReactNativeE2E[1758:1ad918b] [com.apple.network:connection] nw_protocol_socket_notify [C7.1.1:2] nw_protocol_notification_type_connection_idle is true
2026-02-11 18:55:32.762 E  AnalyticsReactNativeE2E[1758:1ad918b] [com.apple.network:connection] nw_socket_set_connection_idle [C7.1.1:2] setsockopt SO_CONNECTION_IDLE failed [42: Protocol not available]
2026-02-11 18:55:32.762 Df AnalyticsReactNativeE2E[1758:1ad918b] [com.apple.CFNetwork:Default] Task <2EE1A348-DB0A-4C02-A54F-C87D7940ADE9>.<3> now using Connection 7
2026-02-11 18:55:32.762 Db AnalyticsReactNativeE2E[1758:1ad918b] [com.apple.network:activity] Returning should log: 0 for activity cfnetwork:foreground_task
2026-02-11 18:55:32.762 Db AnalyticsReactNativeE2E[1758:1ad918b] [com.apple.network:connection] nw_connection_modify_estimated_bytes_block_invoke [C7] Incremented estimated bytes to send by 907, total now 1859
2026-02-11 18:55:32.762 Db AnalyticsReactNativeE2E[1758:1ad918b] [com.apple.network:connection] nw_connection_modify_estimated_bytes_block_invoke [C7] Using lower threshold 12582912, upper threshold 31457280
2026-02-11 18:55:32.762 Db AnalyticsReactNativeE2E[1758:1ad918b] [com.apple.CFNetwork:Default] Connection 7: set is idle false
2026-02-11 18:55:32.762 Df AnalyticsReactNativeE2E[1758:1ad918b] [com.apple.network:connection] [C7] event: client:connection_reused @4.592s
2026-02-11 18:55:32.762 I  AnalyticsReactNativeE2E[1758:1ad918b] [com.apple.network:connection] nw_endpoint_handler_report_connection_idle [C7 IPv6#ad87c312.9091 ready parent-flow (satisfied (Path is satisfied), interface: en0[802.11], uses wifi, LQM: unknown)] Reporting connection not idle to protocols
2026-02-11 18:55:32.762 I  AnalyticsReactNativeE2E[1758:1ad918b] [com.apple.network:connection] nw_flow_passthrough_notify [C7.1.1 IPv6#ad87c312.9091 ready socket-flow (satisfied (Path is satisfied), interface: lo0)] received notification connection_idle
2026-02-11 18:55:32.762 Df AnalyticsReactNativeE2E[1758:1ad9163] [com.apple.securityd:SecError] SecTrustReportNetworkingAnalytics failed with error: -4
2026-02-11 18:55:32.762 Df AnalyticsReactNativeE2E[1758:1ad918b] [com.apple.network:connection] nw_protocol_socket_notify [C7.1.1:2] nw_protocol_notification_type_connection_idle is false
2026-02-11 18:55:32.762 A  AnalyticsReactNativeE2E[1758:1ad9163] (Security) SecTrustReportNetworkingAnalytics
2026-02-11 18:55:32.762 E  AnalyticsReactNativeE2E[1758:1ad918b] [com.apple.network:connection] nw_socket_set_connection_idle [C7.1.1:2] setsockopt SO_CONNECTION_IDLE failed [42: Protocol not available]
2026-02-11 18:55:32.762 Df AnalyticsReactNativeE2E[1758:1ad9183] [com.apple.CFNetwork:Default] Task <2EE1A348-DB0A-4C02-A54F-C87D7940ADE9>.<3> sent request, body S 907
2026-02-11 18:55:32.763 Df AnalyticsReactNativeE2E[1758:1ad9163] [com.apple.securityd:SecError] SecTrustReportNetworkingAnalytics failed with error: -4
2026-02-11 18:55:32.763 Df AnalyticsReactNativeE2E[1758:1ad9163] [com.apple.CFNetwork:Default] Task <2EE1A348-DB0A-4C02-A54F-C87D7940ADE9>.<3> received response, status 429 content K
2026-02-11 18:55:32.763 Db AnalyticsReactNativeE2E[1758:1ad9163] [com.apple.network:connection] nw_connection_modify_estimated_bytes_block_invoke [C7] Incremented estimated bytes to receive by 29, total now 424
2026-02-11 18:55:32.763 Db AnalyticsReactNativeE2E[1758:1ad9163] [com.apple.network:connection] nw_connection_modify_estimated_bytes_block_invoke [C7] Using lower threshold 12582912, upper threshold 31457280
2026-02-11 18:55:32.763 Df AnalyticsReactNativeE2E[1758:1ad9163] [com.apple.CFNetwork:Default] Task <2EE1A348-DB0A-4C02-A54F-C87D7940ADE9>.<3> response ended
2026-02-11 18:55:32.763 Df AnalyticsReactNativeE2E[1758:1ad9163] [com.apple.CFNetwork:Default] Task <2EE1A348-DB0A-4C02-A54F-C87D7940ADE9>.<3> done using Connection 7
2026-02-11 18:55:32.763 Db AnalyticsReactNativeE2E[1758:1ad9163] [com.apple.network:activity] Returning should log: 0 for activity cfnetwork:foreground_task
2026-02-11 18:55:32.763 Db AnalyticsReactNativeE2E[1758:1ad9163] [com.apple.CFNetwork:Default] Connection 7: set is idle true
2026-02-11 18:55:32.763 Df AnalyticsReactNativeE2E[1758:1ad9163] [com.apple.network:connection] [C7] event: client:connection_idle @4.593s
2026-02-11 18:55:32.763 I  AnalyticsReactNativeE2E[1758:1ad9163] [com.apple.network:connection] nw_endpoint_handler_report_connection_idle [C7 IPv6#ad87c312.9091 ready parent-flow (satisfied (Path is satisfied), interface: en0[802.11], uses wifi, LQM: unknown)] Reporting connection idle to protocols
2026-02-11 18:55:32.763 I  AnalyticsReactNativeE2E[1758:1ad9163] [com.apple.network:connection] nw_flow_passthrough_notify [C7.1.1 IPv6#ad87c312.9091 ready socket-flow (satisfied (Path is satisfied), interface: lo0)] received notification connection_idle
2026-02-11 18:55:32.763 Df AnalyticsReactNativeE2E[1758:1ad9163] [com.apple.network:connection] nw_protocol_socket_notify [C7.1.1:2] nw_protocol_notification_type_connection_idle is true
2026-02-11 18:55:32.763 E  AnalyticsReactNativeE2E[1758:1ad9163] [com.apple.network:connection] nw_socket_set_connection_idle [C7.1.1:2] setsockopt SO_CONNECTION_IDLE failed [42: Protocol not available]
2026-02-11 18:55:32.763 Df AnalyticsReactNativeE2E[1758:1ad918b] [com.apple.CFNetwork:Summary] Task <2EE1A348-DB0A-4C02-A54F-C87D7940ADE9>.<3> summary for task success {transaction_duration_ms=2, response_status=429, connection=7, reused=1, reused_after_ms=0, request_start_ms=0, request_duration_ms=0, response_start_ms=1, response_duration_ms=0, request_bytes=1197, request_throughput_kbps=59152, response_bytes=295, response_throughput_kbps=21851, cache_hit=true}
2026-02-11 18:55:32.764 Df AnalyticsReactNativeE2E[1758:1ad918b] [com.apple.CFNetwork:Default] Task <2EE1A348-DB0A-4C02-A54F-C87D7940ADE9>.<3> finished successfully
2026-02-11 18:55:32.764 Db AnalyticsReactNativeE2E[1758:1ad9163] [com.apple.CFNetwork:Default] Connection 7: set is idle true
2026-02-11 18:55:32.764 Db AnalyticsReactNativeE2E[1758:1ad918b] [com.apple.network:activity] Returning should log: 0 for activity cfnetwork:foreground_task
2026-02-11 18:55:32.764 Df AnalyticsReactNativeE2E[1758:1ad9163] [com.apple.network:connection] [C7] event: client:connection_idle @4.593s
2026-02-11 18:55:32.764 Db AnalyticsReactNativeE2E[1758:1ad918b] [com.apple.network:activity] Returning should log: 0 for activity cfnetwork:foreground_task
2026-02-11 18:55:32.764 I  AnalyticsReactNativeE2E[1758:1ad9163] [com.apple.network:connection] nw_endpoint_handler_report_connection_idle [C7 IPv6#ad87c312.9091 ready parent-flow (satisfied (Path is satisfied), interface: en0[802.11], uses wifi, LQM: unknown)] Reporting connection idle to protocols
2026-02-11 18:55:32.764 Db AnalyticsReactNativeE2E[1758:1ad918b] [com.apple.network:activity] No threshold for cfnetwork:foreground_task, returning NW_ACTIVITY_DURATION_INVALID
2026-02-11 18:55:32.764 I  AnalyticsReactNativeE2E[1758:1ad9163] [com.apple.network:connection] nw_flow_passthrough_notify [C7.1.1 IPv6#ad87c312.9091 ready socket-flow (satisfied (Path is satisfied), interface: lo0)] received notification connection_idle
2026-02-11 18:55:32.764 Db AnalyticsReactNativeE2E[1758:1ad918b] [com.apple.network:activity] No threshold for activity <nw_activity 12:2 [A5696521-E927-48B1-A794-DF4ED19FB9B8] (reporting strategy default) complete (reason success)>
2026-02-11 18:55:32.764 Df AnalyticsReactNativeE2E[1758:1ad9163] [com.apple.network:connection] nw_protocol_socket_notify [C7.1.1:2] nw_protocol_notification_type_connection_idle is true
2026-02-11 18:55:32.764 E  AnalyticsReactNativeE2E[1758:1ad9163] [com.apple.network:connection] nw_socket_set_connection_idle [C7.1.1:2] setsockopt SO_CONNECTION_IDLE failed [42: Protocol not available]
2026-02-11 18:55:32.764 I  AnalyticsReactNativeE2E[1758:1ad9864] [com.facebook.react.log:javascript] 'An internal error occurred: ', { [Error] type: 1, innerError: undefined, statusCode: 429 }
2026-02-11 18:55:32.764 I  AnalyticsReactNativeE2E[1758:1ad9864] [com.facebook.react.log:javascript] { [Error] type: 1, innerError: undefined, statusCode: 429 }
2026-02-11 18:55:32.764 E  AnalyticsReactNativeE2E[1758:1ad9864] [com.facebook.react.log:javascript] Failed to send 1 events.
2026-02-11 18:55:34.952 I  AnalyticsReactNativeE2E[1758:1ad914e] [com.wix.Detox:WebSocket] Action received: invoke
2026-02-11 18:55:35.093 Df AnalyticsReactNativeE2E[1758:1ad914e] [com.apple.UIKit:EventDispatch] Sending UIEvent type: 0; subtype: 0; to windows: 1
2026-02-11 18:55:35.093 Df AnalyticsReactNativeE2E[1758:1ad914e] [com.apple.UIKit:EventDispatch] Sending UIEvent type: 0; subtype: 0; to window: <UIWindow: 0x104e27e90>; contextId: 0xF0F7A29A
2026-02-11 18:55:35.094 A  AnalyticsReactNativeE2E[1758:1ad914e] (UIKitCore) send gesture actions
2026-02-11 18:55:35.110 Df AnalyticsReactNativeE2E[1758:1ad914e] [com.apple.UIKit:EventDispatch] Sending UIEvent type: 0; subtype: 0; to windows: 1
2026-02-11 18:55:35.110 Df AnalyticsReactNativeE2E[1758:1ad914e] [com.apple.UIKit:EventDispatch] Sending UIEvent type: 0; subtype: 0; to window: <UIWindow: 0x104e27e90>; contextId: 0xF0F7A29A
2026-02-11 18:55:35.110 A  AnalyticsReactNativeE2E[1758:1ad914e] (UIKitCore) send gesture actions
2026-02-11 18:55:35.111 I  AnalyticsReactNativeE2E[1758:1ad9864] [com.facebook.react.log:javascript] 'TRACK event saved', { type: 'track',
  event: 'Track pressed',
  properties: { foo: 'bar' } }
2026-02-11 18:55:35.801 I  AnalyticsReactNativeE2E[1758:1ad914e] [com.wix.Detox:WebSocket] Action received: invoke
2026-02-11 18:55:35.960 Df AnalyticsReactNativeE2E[1758:1ad914e] [com.apple.UIKit:EventDispatch] Sending UIEvent type: 0; subtype: 0; to windows: 1
2026-02-11 18:55:35.961 Df AnalyticsReactNativeE2E[1758:1ad914e] [com.apple.UIKit:EventDispatch] Sending UIEvent type: 0; subtype: 0; to window: <UIWindow: 0x104e27e90>; contextId: 0xF0F7A29A
2026-02-11 18:55:35.961 A  AnalyticsReactNativeE2E[1758:1ad914e] (UIKitCore) send gesture actions
2026-02-11 18:55:35.977 Df AnalyticsReactNativeE2E[1758:1ad914e] [com.apple.UIKit:EventDispatch] Sending UIEvent type: 0; subtype: 0; to windows: 1
2026-02-11 18:55:35.977 Df AnalyticsReactNativeE2E[1758:1ad914e] [com.apple.UIKit:EventDispatch] Sending UIEvent type: 0; subtype: 0; to window: <UIWindow: 0x104e27e90>; contextId: 0xF0F7A29A
2026-02-11 18:55:35.977 A  AnalyticsReactNativeE2E[1758:1ad914e] (UIKitCore) send gesture actions
2026-02-11 18:55:35.978 Df AnalyticsReactNativeE2E[1758:1ad918b] [com.apple.CFNetwork:Default] Task <8287A00F-8517-47CB-83E6-1FF1B0147430>.<4> resuming, timeouts(0.0, 604800.0) qos(0x19) voucher((null)) activity(00000000-0000-0000-0000-000000000000)
2026-02-11 18:55:35.978 Db AnalyticsReactNativeE2E[1758:1ad918b] [com.apple.network:activity] Returning should log: 0 for activity cfnetwork:foreground_task
2026-02-11 18:55:35.978 Db AnalyticsReactNativeE2E[1758:1ad918b] [com.apple.network:activity] Domain cfnetwork rate configured in registry as 1 / 20000
2026-02-11 18:55:35.978 Db AnalyticsReactNativeE2E[1758:1ad918b] [com.apple.network:activity] Domain cfnetwork rate configured after remote default override as 1 / 20000
2026-02-11 18:55:35.978 Db AnalyticsReactNativeE2E[1758:1ad918b] [com.apple.network:activity] After reading settings plist, domain cfnetwork rate configured as 1 / 2000000
2026-02-11 18:55:35.978 Db AnalyticsReactNativeE2E[1758:1ad918b] [com.apple.network:activity] After settings override, domain cfnetwork rate configured as 1 / 2000000
2026-02-11 18:55:35.978 Db AnalyticsReactNativeE2E[1758:1ad918b] [com.apple.network:activity] Final domain cfnetwork rate configured as 1 / 2000000
2026-02-11 18:55:35.978 Db AnalyticsReactNativeE2E[1758:1ad918b] [com.apple.network:activity] <nw_activity 12:2 [No UUID] (reporting strategy default)> sampled at 1 / 2000000
2026-02-11 18:55:35.978 Db AnalyticsReactNativeE2E[1758:1ad918b] [com.apple.network:activity] Returning should log: 0 for activity cfnetwork:foreground_task
2026-02-11 18:55:35.978 Db AnalyticsReactNativeE2E[1758:1ad918b] [com.apple.network:activity] Returning should log: 0 for activity cfnetwork:foreground_task
2026-02-11 18:55:35.978 Db AnalyticsReactNativeE2E[1758:1ad918b] [com.apple.CFNetwork:Default] [Telemetry]: Activity <nw_activity 12:2 [2E0CB959-2FF5-4AE0-A186-0280DAA3D70A] (reporting strategy default)> on Task <8287A00F-8517-47CB-83E6-1FF1B0147430>.<4> was not selected for reporting
2026-02-11 18:55:35.978 Db AnalyticsReactNativeE2E[1758:1ad9757] [com.apple.networkextension:] ne_tracker_check_is_hostname_blocked() proceeding with the in_the_app check for hostname: localhost
2026-02-11 18:55:35.979 Db AnalyticsReactNativeE2E[1758:1ad9757] [com.apple.CFBundle:resources] Resource lookup at CFBundle 0x600003b0c000 </Users/abueide/Library/Developer/CoreSimulator/Devices/651CE25F-D2F4-404C-AC47-0364AA5C94A1/data/Containers/Bundle/Application/7969B6BB-C361-4CD4-BCBA-583EB1B5035D/AnalyticsReactNativeE2E.app> (executable, loaded)
	Request       : InfoPlist type: strings
	Result        : None
2026-02-11 18:55:35.979 Db AnalyticsReactNativeE2E[1758:1ad9757] [com.apple.CFBundle:resources] Resource lookup at CFBundle 0x600003b0c000 </Users/abueide/Library/Developer/CoreSimulator/Devices/651CE25F-D2F4-404C-AC47-0364AA5C94A1/data/Containers/Bundle/Application/7969B6BB-C361-4CD4-BCBA-583EB1B5035D/AnalyticsReactNativeE2E.app> (executable, loaded)
	Request       : InfoPlist type: stringsdict
	Result        : None
2026-02-11 18:55:35.979 Db AnalyticsReactNativeE2E[1758:1ad9757] [com.apple.networkextension:] ne_tracker_check_is_hostname_blocked(): hostname localhost is not a tracker. Returning: ne_tracker_status_none
2026-02-11 18:55:35.979 Db AnalyticsReactNativeE2E[1758:1ad9757] [com.apple.CFNetwork:ATS] Uploading ATS exception ATSAllowsLocalNetworking
2026-02-11 18:55:35.979 Db AnalyticsReactNativeE2E[1758:1ad9757] [com.apple.CFNetwork:ATS] Uploading ATS exception ATSExceptionDomains
2026-02-11 18:55:35.979 A  AnalyticsReactNativeE2E[1758:1ad918b] (Security) SecTrustReportNetworkingAnalytics
2026-02-11 18:55:35.979 Db AnalyticsReactNativeE2E[1758:1ad9757] [com.apple.CFNetwork:Default] Connection 7: set is idle true
2026-02-11 18:55:35.979 Df AnalyticsReactNativeE2E[1758:1ad9757] [com.apple.network:connection] [C7] event: client:connection_idle @7.808s
2026-02-11 18:55:35.979 I  AnalyticsReactNativeE2E[1758:1ad9757] [com.apple.network:connection] nw_endpoint_handler_report_connection_idle [C7 IPv6#ad87c312.9091 ready parent-flow (satisfied (Path is satisfied), interface: en0[802.11], uses wifi, LQM: unknown)] Reporting connection idle to protocols
2026-02-11 18:55:35.979 I  AnalyticsReactNativeE2E[1758:1ad9757] [com.apple.network:connection] nw_flow_passthrough_notify [C7.1.1 IPv6#ad87c312.9091 ready socket-flow (satisfied (Path is satisfied), interface: lo0)] received notification connection_idle
2026-02-11 18:55:35.979 Df AnalyticsReactNativeE2E[1758:1ad9757] [com.apple.network:connection] nw_protocol_socket_notify [C7.1.1:2] nw_protocol_notification_type_connection_idle is true
2026-02-11 18:55:35.979 E  AnalyticsReactNativeE2E[1758:1ad9757] [com.apple.network:connection] nw_socket_set_connection_idle [C7.1.1:2] setsockopt SO_CONNECTION_IDLE failed [42: Protocol not available]
2026-02-11 18:55:35.979 Df AnalyticsReactNativeE2E[1758:1ad9757] [com.apple.CFNetwork:Default] Task <8287A00F-8517-47CB-83E6-1FF1B0147430>.<4> now using Connection 7
2026-02-11 18:55:35.979 Db AnalyticsReactNativeE2E[1758:1ad9757] [com.apple.network:activity] Returning should log: 0 for activity cfnetwork:foreground_task
2026-02-11 18:55:35.979 Db AnalyticsReactNativeE2E[1758:1ad9757] [com.apple.network:connection] nw_connection_modify_estimated_bytes_block_invoke [C7] Incremented estimated bytes to send by 1750, total now 3609
2026-02-11 18:55:35.979 Db AnalyticsReactNativeE2E[1758:1ad9757] [com.apple.network:connection] nw_connection_modify_estimated_bytes_block_invoke [C7] Using lower threshold 12582912, upper threshold 31457280
2026-02-11 18:55:35.979 Db AnalyticsReactNativeE2E[1758:1ad9757] [com.apple.CFNetwork:Default] Connection 7: set is idle false
2026-02-11 18:55:35.979 Df AnalyticsReactNativeE2E[1758:1ad9757] [com.apple.network:connection] [C7] event: client:connection_reused @7.809s
2026-02-11 18:55:35.979 I  AnalyticsReactNativeE2E[1758:1ad9757] [com.apple.network:connection] nw_endpoint_handler_report_connection_idle [C7 IPv6#ad87c312.9091 ready parent-flow (satisfied (Path is satisfied), interface: en0[802.11], uses wifi, LQM: unknown)] Reporting connection not idle to protocols
2026-02-11 18:55:35.979 I  AnalyticsReactNativeE2E[1758:1ad9757] [com.apple.network:connection] nw_flow_passthrough_notify [C7.1.1 IPv6#ad87c312.9091 ready socket-flow (satisfied (Path is satisfied), interface: lo0)] received notification connection_idle
2026-02-11 18:55:35.979 Df AnalyticsReactNativeE2E[1758:1ad9757] [com.apple.network:connection] nw_protocol_socket_notify [C7.1.1:2] nw_protocol_notification_type_connection_idle is false
2026-02-11 18:55:35.979 E  AnalyticsReactNativeE2E[1758:1ad9757] [com.apple.network:connection] nw_socket_set_connection_idle [C7.1.1:2] setsockopt SO_CONNECTION_IDLE failed [42: Protocol not available]
2026-02-11 18:55:35.979 Df AnalyticsReactNativeE2E[1758:1ad918b] [com.apple.securityd:SecError] SecTrustReportNetworkingAnalytics failed with error: -4
2026-02-11 18:55:35.979 A  AnalyticsReactNativeE2E[1758:1ad918b] (Security) SecTrustReportNetworkingAnalytics
2026-02-11 18:55:35.979 Df AnalyticsReactNativeE2E[1758:1ad9163] [com.apple.CFNetwork:Default] Task <8287A00F-8517-47CB-83E6-1FF1B0147430>.<4> sent request, body S 1750
2026-02-11 18:55:35.980 Df AnalyticsReactNativeE2E[1758:1ad918b] [com.apple.securityd:SecError] SecTrustReportNetworkingAnalytics failed with error: -4
2026-02-11 18:55:35.980 Df AnalyticsReactNativeE2E[1758:1ad918b] [com.apple.CFNetwork:Default] Task <8287A00F-8517-47CB-83E6-1FF1B0147430>.<4> received response, status 200 content K
2026-02-11 18:55:35.980 Db AnalyticsReactNativeE2E[1758:1ad918b] [com.apple.network:connection] nw_connection_modify_estimated_bytes_block_invoke [C7] Incremented estimated bytes to receive by 20, total now 444
2026-02-11 18:55:35.980 Db AnalyticsReactNativeE2E[1758:1ad918b] [com.apple.network:connection] nw_connection_modify_estimated_bytes_block_invoke [C7] Using lower threshold 12582912, upper threshold 31457280
2026-02-11 18:55:35.980 Df AnalyticsReactNativeE2E[1758:1ad918b] [com.apple.CFNetwork:Default] Task <8287A00F-8517-47CB-83E6-1FF1B0147430>.<4> response ended
2026-02-11 18:55:35.980 Df AnalyticsReactNativeE2E[1758:1ad918b] [com.apple.CFNetwork:Default] Task <8287A00F-8517-47CB-83E6-1FF1B0147430>.<4> done using Connection 7
2026-02-11 18:55:35.980 Db AnalyticsReactNativeE2E[1758:1ad918b] [com.apple.network:activity] Returning should log: 0 for activity cfnetwork:foreground_task
2026-02-11 18:55:35.980 Db AnalyticsReactNativeE2E[1758:1ad918b] [com.apple.CFNetwork:Default] Connection 7: set is idle true
2026-02-11 18:55:35.980 Df AnalyticsReactNativeE2E[1758:1ad918b] [com.apple.network:connection] [C7] event: client:connection_idle @7.810s
2026-02-11 18:55:35.980 I  AnalyticsReactNativeE2E[1758:1ad918b] [com.apple.network:connection] nw_endpoint_handler_report_connection_idle [C7 IPv6#ad87c312.9091 ready parent-flow (satisfied (Path is satisfied), interface: en0[802.11], uses wifi, LQM: unknown)] Reporting connection idle to protocols
2026-02-11 18:55:35.980 I  AnalyticsReactNativeE2E[1758:1ad918b] [com.apple.network:connection] nw_flow_passthrough_notify [C7.1.1 IPv6#ad87c312.9091 ready socket-flow (satisfied (Path is satisfied), interface: lo0)] received notification connection_idle
2026-02-11 18:55:35.981 Df AnalyticsReactNativeE2E[1758:1ad918b] [com.apple.network:connection] nw_protocol_socket_notify [C7.1.1:2] nw_protocol_notification_type_connection_idle is true
2026-02-11 18:55:35.981 E  AnalyticsReactNativeE2E[1758:1ad918b] [com.apple.network:connection] nw_socket_set_connection_idle [C7.1.1:2] setsockopt SO_CONNECTION_IDLE failed [42: Protocol not available]
2026-02-11 18:55:35.981 I  AnalyticsReactNativeE2E[1758:1ad9757] [com.apple.runningboard:assertion] Acquiring assertion: <RBSAssertionDescriptor| "com.apple.CFNetwork.StorageDB" ID:(null) target:1758>
2026-02-11 18:55:35.981 Df AnalyticsReactNativeE2E[1758:1ad9163] [com.apple.CFNetwork:Summary] Task <8287A00F-8517-47CB-83E6-1FF1B0147430>.<4> summary for task success {transaction_duration_ms=2, response_status=200, connection=7, reused=1, reused_after_ms=0, request_start_ms=0, request_duration_ms=0, response_start_ms=1, response_duration_ms=0, request_bytes=2041, request_throughput_kbps=56296, response_bytes=255, response_throughput_kbps=19249, cache_hit=true}
2026-02-11 18:55:35.981 Db AnalyticsReactNativeE2E[1758:1ad918b] [com.apple.CFNetwork:Default] Connection 7: set is idle true
2026-02-11 18:55:35.981 Df AnalyticsReactNativeE2E[1758:1ad9163] [com.apple.CFNetwork:Default] Task <8287A00F-8517-47CB-83E6-1FF1B0147430>.<4> finished successfully
2026-02-11 18:55:35.981 Df AnalyticsReactNativeE2E[1758:1ad918b] [com.apple.network:connection] [C7] event: client:connection_idle @7.810s
2026-02-11 18:55:35.981 Db AnalyticsReactNativeE2E[1758:1ad9163] [com.apple.network:activity] Returning should log: 0 for activity cfnetwork:foreground_task
2026-02-11 18:55:35.981 I  AnalyticsReactNativeE2E[1758:1ad918b] [com.apple.network:connection] nw_endpoint_handler_report_connection_idle [C7 IPv6#ad87c312.9091 ready parent-flow (satisfied (Path is satisfied), interface: en0[802.11], uses wifi, LQM: unknown)] Reporting connection idle to protocols
2026-02-11 18:55:35.981 Db AnalyticsReactNativeE2E[1758:1ad9163] [com.apple.network:activity] Returning should log: 0 for activity cfnetwork:foreground_task
2026-02-11 18:55:35.981 I  AnalyticsReactNativeE2E[1758:1ad9864] [com.facebook.react.log:javascript] Sent 2 events
2026-02-11 18:55:35.981 I  AnalyticsReactNativeE2E[1758:1ad918b] [com.apple.network:connection] nw_flow_passthrough_notify [C7.1.1 IPv6#ad87c312.9091 ready socket-flow (satisfied (Path is satisfied), interface: lo0)] received notification connection_idle
2026-02-11 18:55:35.981 Db AnalyticsReactNativeE2E[1758:1ad9757] [com.apple.runningboard:assertion] Adding assertion 1422-1758-686 to dictionary
2026-02-11 18:55:35.981 Df AnalyticsReactNativeE2E[1758:1ad918b] [com.apple.network:connection] nw_protocol_socket_notify [C7.1.1:2] nw_protocol_notification_type_connection_idle is true
2026-02-11 18:55:35.981 Db AnalyticsReactNativeE2E[1758:1ad9163] [com.apple.network:activity] No threshold for cfnetwork:foreground_task, returning NW_ACTIVITY_DURATION_INVALID
2026-02-11 18:55:35.981 E  AnalyticsReactNativeE2E[1758:1ad918b] [com.apple.network:connection] nw_socket_set_connection_idle [C7.1.1:2] setsockopt SO_CONNECTION_IDLE failed [42: Protocol not available]
2026-02-11 18:55:35.981 Db AnalyticsReactNativeE2E[1758:1ad9163] [com.apple.network:activity] No threshold for activity <nw_activity 12:2 [2E0CB959-2FF5-4AE0-A186-0280DAA3D70A] (reporting strategy default) complete (reason success)>
2026-02-11 18:55:36.667 I  AnalyticsReactNativeE2E[1758:1ad914e] [com.wix.Detox:WebSocket] Action received: invoke
2026-02-11 18:55:36.810 Df AnalyticsReactNativeE2E[1758:1ad914e] [com.apple.UIKit:EventDispatch] Sending UIEvent type: 0; subtype: 0; to windows: 1
2026-02-11 18:55:36.810 Df AnalyticsReactNativeE2E[1758:1ad914e] [com.apple.UIKit:EventDispatch] Sending UIEvent type: 0; subtype: 0; to window: <UIWindow: 0x104e27e90>; contextId: 0xF0F7A29A
2026-02-11 18:55:36.811 A  AnalyticsReactNativeE2E[1758:1ad914e] (UIKitCore) send gesture actions
2026-02-11 18:55:36.826 Df AnalyticsReactNativeE2E[1758:1ad914e] [com.apple.UIKit:EventDispatch] Sending UIEvent type: 0; subtype: 0; to windows: 1
2026-02-11 18:55:36.826 Df AnalyticsReactNativeE2E[1758:1ad914e] [com.apple.UIKit:EventDispatch] Sending UIEvent type: 0; subtype: 0; to window: <UIWindow: 0x104e27e90>; contextId: 0xF0F7A29A
2026-02-11 18:55:36.827 A  AnalyticsReactNativeE2E[1758:1ad914e] (UIKitCore) send gesture actions
2026-02-11 18:55:36.827 I  AnalyticsReactNativeE2E[1758:1ad9864] [com.facebook.react.log:javascript] 'TRACK event saved', { type: 'track',
  event: 'Track pressed',
  properties: { foo: 'bar' } }
2026-02-11 18:55:37.518 I  AnalyticsReactNativeE2E[1758:1ad914e] [com.wix.Detox:WebSocket] Action received: invoke
2026-02-11 18:55:37.660 Df AnalyticsReactNativeE2E[1758:1ad914e] [com.apple.UIKit:EventDispatch] Sending UIEvent type: 0; subtype: 0; to windows: 1
2026-02-11 18:55:37.660 Df AnalyticsReactNativeE2E[1758:1ad914e] [com.apple.UIKit:EventDispatch] Sending UIEvent type: 0; subtype: 0; to window: <UIWindow: 0x104e27e90>; contextId: 0xF0F7A29A
2026-02-11 18:55:37.660 A  AnalyticsReactNativeE2E[1758:1ad914e] (UIKitCore) send gesture actions
2026-02-11 18:55:37.677 Df AnalyticsReactNativeE2E[1758:1ad914e] [com.apple.UIKit:EventDispatch] Sending UIEvent type: 0; subtype: 0; to windows: 1
2026-02-11 18:55:37.677 Df AnalyticsReactNativeE2E[1758:1ad914e] [com.apple.UIKit:EventDispatch] Sending UIEvent type: 0; subtype: 0; to window: <UIWindow: 0x104e27e90>; contextId: 0xF0F7A29A
2026-02-11 18:55:37.677 A  AnalyticsReactNativeE2E[1758:1ad914e] (UIKitCore) send gesture actions
2026-02-11 18:55:37.678 Df AnalyticsReactNativeE2E[1758:1ad9183] [com.apple.CFNetwork:Default] Task <10B30227-A448-4809-8E79-B478753D7C1B>.<5> resuming, timeouts(0.0, 604800.0) qos(0x19) voucher((null)) activity(00000000-0000-0000-0000-000000000000)
2026-02-11 18:55:37.678 Db AnalyticsReactNativeE2E[1758:1ad9183] [com.apple.network:activity] Returning should log: 0 for activity cfnetwork:foreground_task
2026-02-11 18:55:37.678 Db AnalyticsReactNativeE2E[1758:1ad9183] [com.apple.network:activity] Domain cfnetwork rate configured in registry as 1 / 20000
2026-02-11 18:55:37.678 Db AnalyticsReactNativeE2E[1758:1ad9183] [com.apple.network:activity] Domain cfnetwork rate configured after remote default override as 1 / 20000
2026-02-11 18:55:37.678 Db AnalyticsReactNativeE2E[1758:1ad9183] [com.apple.network:activity] After reading settings plist, domain cfnetwork rate configured as 1 / 2000000
2026-02-11 18:55:37.678 Db AnalyticsReactNativeE2E[1758:1ad9183] [com.apple.network:activity] After settings override, domain cfnetwork rate configured as 1 / 2000000
2026-02-11 18:55:37.678 Db AnalyticsReactNativeE2E[1758:1ad9183] [com.apple.network:activity] Final domain cfnetwork rate configured as 1 / 2000000
2026-02-11 18:55:37.678 Db AnalyticsReactNativeE2E[1758:1ad9183] [com.apple.network:activity] <nw_activity 12:2 [No UUID] (reporting strategy default)> sampled at 1 / 2000000
2026-02-11 18:55:37.678 Db AnalyticsReactNativeE2E[1758:1ad9183] [com.apple.network:activity] Returning should log: 0 for activity cfnetwork:foreground_task
2026-02-11 18:55:37.678 Db AnalyticsReactNativeE2E[1758:1ad9183] [com.apple.network:activity] Returning should log: 0 for activity cfnetwork:foreground_task
2026-02-11 18:55:37.678 Db AnalyticsReactNativeE2E[1758:1ad9183] [com.apple.CFNetwork:Default] [Telemetry]: Activity <nw_activity 12:2 [E520E82F-5BA0-4216-8DB6-17F0F364B6FC] (reporting strategy default)> on Task <10B30227-A448-4809-8E79-B478753D7C1B>.<5> was not selected for reporting
2026-02-11 18:55:37.678 Db AnalyticsReactNativeE2E[1758:1ad9757] [com.apple.networkextension:] ne_tracker_check_is_hostname_blocked() proceeding with the in_the_app check for hostname: localhost
2026-02-11 18:55:37.678 Db AnalyticsReactNativeE2E[1758:1ad9757] [com.apple.CFBundle:resources] Resource lookup at CFBundle 0x600003b0c000 </Users/abueide/Library/Developer/CoreSimulator/Devices/651CE25F-D2F4-404C-AC47-0364AA5C94A1/data/Containers/Bundle/Application/7969B6BB-C361-4CD4-BCBA-583EB1B5035D/AnalyticsReactNativeE2E.app> (executable, loaded)
	Request       : InfoPlist type: strings
	Result        : None
2026-02-11 18:55:37.678 Db AnalyticsReactNativeE2E[1758:1ad9757] [com.apple.CFBundle:resources] Resource lookup at CFBundle 0x600003b0c000 </Users/abueide/Library/Developer/CoreSimulator/Devices/651CE25F-D2F4-404C-AC47-0364AA5C94A1/data/Containers/Bundle/Application/7969B6BB-C361-4CD4-BCBA-583EB1B5035D/AnalyticsReactNativeE2E.app> (executable, loaded)
	Request       : InfoPlist type: stringsdict
	Result        : None
2026-02-11 18:55:37.678 Db AnalyticsReactNativeE2E[1758:1ad9757] [com.apple.networkextension:] ne_tracker_check_is_hostname_blocked(): hostname localhost is not a tracker. Returning: ne_tracker_status_none
2026-02-11 18:55:37.678 Db AnalyticsReactNativeE2E[1758:1ad9757] [com.apple.CFNetwork:ATS] Uploading ATS exception ATSAllowsLocalNetworking
2026-02-11 18:55:37.678 Db AnalyticsReactNativeE2E[1758:1ad9757] [com.apple.CFNetwork:ATS] Uploading ATS exception ATSExceptionDomains
2026-02-11 18:55:37.678 A  AnalyticsReactNativeE2E[1758:1ad9183] (Security) SecTrustReportNetworkingAnalytics
2026-02-11 18:55:37.678 Db AnalyticsReactNativeE2E[1758:1ad9757] [com.apple.CFNetwork:Default] Connection 7: set is idle true
2026-02-11 18:55:37.678 Df AnalyticsReactNativeE2E[1758:1ad9757] [com.apple.network:connection] [C7] event: client:connection_idle @9.508s
