Filtering the log data using "processImagePath BEGINSWITH "/Users/abueide/Library/Developer/CoreSimulator/Devices/651CE25F-D2F4-404C-AC47-0364AA5C94A1/data/Containers/Bundle/Application/7969B6BB-C361-4CD4-BCBA-583EB1B5035D/AnalyticsReactNativeE2E.app""
Timestamp               Ty Process[PID:TID]
2026-02-11 18:57:17.739 I  AnalyticsReactNativeE2E[1758:1ad914e] [com.wix.Detox:WebSocket] Action received: invoke
2026-02-11 18:57:17.882 Df AnalyticsReactNativeE2E[1758:1ad914e] [com.apple.UIKit:EventDispatch] Sending UIEvent type: 0; subtype: 0; to windows: 1
2026-02-11 18:57:17.882 Df AnalyticsReactNativeE2E[1758:1ad914e] [com.apple.UIKit:EventDispatch] Sending UIEvent type: 0; subtype: 0; to window: <UIWindow: 0x104e27e90>; contextId: 0xF0F7A29A
2026-02-11 18:57:17.882 A  AnalyticsReactNativeE2E[1758:1ad914e] (UIKitCore) send gesture actions
2026-02-11 18:57:17.899 Df AnalyticsReactNativeE2E[1758:1ad914e] [com.apple.UIKit:EventDispatch] Sending UIEvent type: 0; subtype: 0; to windows: 1
2026-02-11 18:57:17.899 Df AnalyticsReactNativeE2E[1758:1ad914e] [com.apple.UIKit:EventDispatch] Sending UIEvent type: 0; subtype: 0; to window: <UIWindow: 0x104e27e90>; contextId: 0xF0F7A29A
2026-02-11 18:57:17.899 A  AnalyticsReactNativeE2E[1758:1ad914e] (UIKitCore) send gesture actions
2026-02-11 18:57:17.900 Df AnalyticsReactNativeE2E[1758:1ad9865] [com.apple.CFNetwork:Default] Task <B4DFF64A-529F-4541-90DF-BBC8330D6FBA>.<2> resuming, timeouts(0.0, 604800.0) qos(0x19) voucher((null)) activity(00000000-0000-0000-0000-000000000000)
2026-02-11 18:57:17.900 Db AnalyticsReactNativeE2E[1758:1ad9865] [com.apple.network:activity] Returning should log: 0 for activity cfnetwork:foreground_task
2026-02-11 18:57:17.900 Db AnalyticsReactNativeE2E[1758:1ad9865] [com.apple.network:activity] Domain cfnetwork rate configured in registry as 1 / 20000
2026-02-11 18:57:17.900 Db AnalyticsReactNativeE2E[1758:1ad9865] [com.apple.network:activity] Domain cfnetwork rate configured after remote default override as 1 / 20000
2026-02-11 18:57:17.900 Db AnalyticsReactNativeE2E[1758:1ad9865] [com.apple.network:activity] After reading settings plist, domain cfnetwork rate configured as 1 / 2000000
2026-02-11 18:57:17.900 Db AnalyticsReactNativeE2E[1758:1ad9865] [com.apple.network:activity] After settings override, domain cfnetwork rate configured as 1 / 2000000
2026-02-11 18:57:17.900 Db AnalyticsReactNativeE2E[1758:1ad9865] [com.apple.network:activity] Final domain cfnetwork rate configured as 1 / 2000000
2026-02-11 18:57:17.900 Db AnalyticsReactNativeE2E[1758:1ad9865] [com.apple.network:activity] <nw_activity 12:2 [No UUID] (reporting strategy default)> sampled at 1 / 2000000
2026-02-11 18:57:17.900 Db AnalyticsReactNativeE2E[1758:1ad9865] [com.apple.network:activity] Returning should log: 0 for activity cfnetwork:foreground_task
2026-02-11 18:57:17.900 Db AnalyticsReactNativeE2E[1758:1ad9865] [com.apple.network:activity] Returning should log: 0 for activity cfnetwork:foreground_task
2026-02-11 18:57:17.900 Db AnalyticsReactNativeE2E[1758:1ad9865] [com.apple.CFNetwork:Default] [Telemetry]: Activity <nw_activity 12:2 [E18BA501-FA28-46C7-8CB0-AC72DC65B83A] (reporting strategy default)> on Task <B4DFF64A-529F-4541-90DF-BBC8330D6FBA>.<2> was not selected for reporting
2026-02-11 18:57:17.900 Db AnalyticsReactNativeE2E[1758:1ad9866] [com.apple.networkextension:] ne_tracker_check_is_hostname_blocked() proceeding with the in_the_app check for hostname: localhost
2026-02-11 18:57:17.900 Db AnalyticsReactNativeE2E[1758:1ad9866] [com.apple.CFBundle:resources] Resource lookup at CFBundle 0x600003b0c000 </Users/abueide/Library/Developer/CoreSimulator/Devices/651CE25F-D2F4-404C-AC47-0364AA5C94A1/data/Containers/Bundle/Application/7969B6BB-C361-4CD4-BCBA-583EB1B5035D/AnalyticsReactNativeE2E.app> (executable, loaded)
	Request       : InfoPlist type: strings
	Result        : None
2026-02-11 18:57:17.900 Db AnalyticsReactNativeE2E[1758:1ad9866] [com.apple.CFBundle:resources] Resource lookup at CFBundle 0x600003b0c000 </Users/abueide/Library/Developer/CoreSimulator/Devices/651CE25F-D2F4-404C-AC47-0364AA5C94A1/data/Containers/Bundle/Application/7969B6BB-C361-4CD4-BCBA-583EB1B5035D/AnalyticsReactNativeE2E.app> (executable, loaded)
	Request       : InfoPlist type: stringsdict
	Result        : None
2026-02-11 18:57:17.900 Db AnalyticsReactNativeE2E[1758:1ad9866] [com.apple.networkextension:] ne_tracker_check_is_hostname_blocked(): hostname localhost is not a tracker. Returning: ne_tracker_status_none
2026-02-11 18:57:17.900 Db AnalyticsReactNativeE2E[1758:1ad9866] [com.apple.CFNetwork:ATS] Uploading ATS exception ATSAllowsLocalNetworking
2026-02-11 18:57:17.900 Db AnalyticsReactNativeE2E[1758:1ad9866] [com.apple.CFNetwork:ATS] Uploading ATS exception ATSExceptionDomains
2026-02-11 18:57:17.900 A  AnalyticsReactNativeE2E[1758:1ad9865] (Security) SecTrustReportNetworkingAnalytics
2026-02-11 18:57:17.900 Db AnalyticsReactNativeE2E[1758:1ad9866] [com.apple.CFNetwork:Default] Connection 21: set is idle true
2026-02-11 18:57:17.900 Df AnalyticsReactNativeE2E[1758:1ad9866] [com.apple.network:connection] [C21] event: client:connection_idle @2.187s
2026-02-11 18:57:17.900 I  AnalyticsReactNativeE2E[1758:1ad9866] [com.apple.network:connection] nw_endpoint_handler_report_connection_idle [C21 IPv6#ad87c312.9091 ready parent-flow (satisfied (Path is satisfied), interface: en0[802.11], uses wifi, LQM: unknown)] Reporting connection idle to protocols
2026-02-11 18:57:17.900 I  AnalyticsReactNativeE2E[1758:1ad9866] [com.apple.network:connection] nw_flow_passthrough_notify [C21.1.1 IPv6#ad87c312.9091 ready socket-flow (satisfied (Path is satisfied), interface: lo0)] received notification connection_idle
2026-02-11 18:57:17.900 Df AnalyticsReactNativeE2E[1758:1ad9866] [com.apple.network:connection] nw_protocol_socket_notify [C21.1.1:2] nw_protocol_notification_type_connection_idle is true
2026-02-11 18:57:17.900 E  AnalyticsReactNativeE2E[1758:1ad9866] [com.apple.network:connection] nw_socket_set_connection_idle [C21.1.1:2] setsockopt SO_CONNECTION_IDLE failed [42: Protocol not available]
2026-02-11 18:57:17.900 Df AnalyticsReactNativeE2E[1758:1ad9866] [com.apple.CFNetwork:Default] Task <B4DFF64A-529F-4541-90DF-BBC8330D6FBA>.<2> now using Connection 21
2026-02-11 18:57:17.900 Db AnalyticsReactNativeE2E[1758:1ad9866] [com.apple.network:activity] Returning should log: 0 for activity cfnetwork:foreground_task
2026-02-11 18:57:17.900 Db AnalyticsReactNativeE2E[1758:1ad9866] [com.apple.network:connection] nw_connection_modify_estimated_bytes_block_invoke [C21] Incremented estimated bytes to send by 1795, total now 1795
2026-02-11 18:57:17.900 Db AnalyticsReactNativeE2E[1758:1ad9866] [com.apple.network:connection] nw_connection_modify_estimated_bytes_block_invoke [C21] Using lower threshold 12582912, upper threshold 31457280
2026-02-11 18:57:17.900 Db AnalyticsReactNativeE2E[1758:1ad9866] [com.apple.CFNetwork:Default] Connection 21: set is idle false
2026-02-11 18:57:17.900 Df AnalyticsReactNativeE2E[1758:1ad9866] [com.apple.network:connection] [C21] event: client:connection_reused @2.187s
2026-02-11 18:57:17.901 I  AnalyticsReactNativeE2E[1758:1ad9866] [com.apple.network:connection] nw_endpoint_handler_report_connection_idle [C21 IPv6#ad87c312.9091 ready parent-flow (satisfied (Path is satisfied), interface: en0[802.11], uses wifi, LQM: unknown)] Reporting connection not idle to protocols
2026-02-11 18:57:17.901 I  AnalyticsReactNativeE2E[1758:1ad9866] [com.apple.network:connection] nw_flow_passthrough_notify [C21.1.1 IPv6#ad87c312.9091 ready socket-flow (satisfied (Path is satisfied), interface: lo0)] received notification connection_idle
2026-02-11 18:57:17.901 Df AnalyticsReactNativeE2E[1758:1ad9866] [com.apple.network:connection] nw_protocol_socket_notify [C21.1.1:2] nw_protocol_notification_type_connection_idle is false
2026-02-11 18:57:17.901 E  AnalyticsReactNativeE2E[1758:1ad9866] [com.apple.network:connection] nw_socket_set_connection_idle [C21.1.1:2] setsockopt SO_CONNECTION_IDLE failed [42: Protocol not available]
2026-02-11 18:57:17.901 Df AnalyticsReactNativeE2E[1758:1ad9866] [com.apple.CFNetwork:Default] Task <B4DFF64A-529F-4541-90DF-BBC8330D6FBA>.<2> sent request, body S 1795
2026-02-11 18:57:17.901 Df AnalyticsReactNativeE2E[1758:1ad9865] [com.apple.securityd:SecError] SecTrustReportNetworkingAnalytics failed with error: -4
2026-02-11 18:57:17.901 A  AnalyticsReactNativeE2E[1758:1ad9865] (Security) SecTrustReportNetworkingAnalytics
2026-02-11 18:57:17.902 Df AnalyticsReactNativeE2E[1758:1ad9865] [com.apple.securityd:SecError] SecTrustReportNetworkingAnalytics failed with error: -4
2026-02-11 18:57:17.902 Df AnalyticsReactNativeE2E[1758:1ad9866] [com.apple.CFNetwork:Default] Task <B4DFF64A-529F-4541-90DF-BBC8330D6FBA>.<2> received response, status 200 content K
2026-02-11 18:57:17.902 Db AnalyticsReactNativeE2E[1758:1ad9866] [com.apple.network:connection] nw_connection_modify_estimated_bytes_block_invoke [C21] Incremented estimated bytes to receive by 20, total now 395
2026-02-11 18:57:17.902 Db AnalyticsReactNativeE2E[1758:1ad9866] [com.apple.network:connection] nw_connection_modify_estimated_bytes_block_invoke [C21] Using lower threshold 12582912, upper threshold 31457280
2026-02-11 18:57:17.902 Df AnalyticsReactNativeE2E[1758:1ad9866] [com.apple.CFNetwork:Default] Task <B4DFF64A-529F-4541-90DF-BBC8330D6FBA>.<2> response ended
2026-02-11 18:57:17.902 Df AnalyticsReactNativeE2E[1758:1ad9866] [com.apple.CFNetwork:Default] Task <B4DFF64A-529F-4541-90DF-BBC8330D6FBA>.<2> done using Connection 21
2026-02-11 18:57:17.902 Db AnalyticsReactNativeE2E[1758:1ad9866] [com.apple.network:activity] Returning should log: 0 for activity cfnetwork:foreground_task
2026-02-11 18:57:17.902 Db AnalyticsReactNativeE2E[1758:1ad9866] [com.apple.CFNetwork:Default] Connection 21: set is idle true
2026-02-11 18:57:17.902 Df AnalyticsReactNativeE2E[1758:1ad9866] [com.apple.network:connection] [C21] event: client:connection_idle @2.189s
2026-02-11 18:57:17.902 I  AnalyticsReactNativeE2E[1758:1ad9866] [com.apple.network:connection] nw_endpoint_handler_report_connection_idle [C21 IPv6#ad87c312.9091 ready parent-flow (satisfied (Path is satisfied), interface: en0[802.11], uses wifi, LQM: unknown)] Reporting connection idle to protocols
2026-02-11 18:57:17.902 I  AnalyticsReactNativeE2E[1758:1ad9866] [com.apple.network:connection] nw_flow_passthrough_notify [C21.1.1 IPv6#ad87c312.9091 ready socket-flow (satisfied (Path is satisfied), interface: lo0)] received notification connection_idle
2026-02-11 18:57:17.902 Df AnalyticsReactNativeE2E[1758:1ad9866] [com.apple.network:connection] nw_protocol_socket_notify [C21.1.1:2] nw_protocol_notification_type_connection_idle is true
2026-02-11 18:57:17.902 E  AnalyticsReactNativeE2E[1758:1ad9866] [com.apple.network:connection] nw_socket_set_connection_idle [C21.1.1:2] setsockopt SO_CONNECTION_IDLE failed [42: Protocol not available]
2026-02-11 18:57:17.902 Df AnalyticsReactNativeE2E[1758:1ad9865] [com.apple.CFNetwork:Summary] Task <B4DFF64A-529F-4541-90DF-BBC8330D6FBA>.<2> summary for task success {transaction_duration_ms=1, response_status=200, connection=21, reused=1, reused_after_ms=0, request_start_ms=0, request_duration_ms=0, response_start_ms=1, response_duration_ms=0, request_bytes=2086, request_throughput_kbps=86466, response_bytes=255, response_throughput_kbps=14676, cache_hit=true}
2026-02-11 18:57:17.902 I  AnalyticsReactNativeE2E[1758:1ad918b] [com.apple.runningboard:assertion] Acquiring assertion: <RBSAssertionDescriptor| "com.apple.CFNetwork.StorageDB" ID:(null) target:1758>
2026-02-11 18:57:17.902 Db AnalyticsReactNativeE2E[1758:1ad9866] [com.apple.CFNetwork:Default] Connection 21: set is idle true
2026-02-11 18:57:17.902 Df AnalyticsReactNativeE2E[1758:1ad9865] [com.apple.CFNetwork:Default] Task <B4DFF64A-529F-4541-90DF-BBC8330D6FBA>.<2> finished successfully
2026-02-11 18:57:17.902 Df AnalyticsReactNativeE2E[1758:1ad9866] [com.apple.network:connection] [C21] event: client:connection_idle @2.189s
2026-02-11 18:57:17.902 Db AnalyticsReactNativeE2E[1758:1ad9865] [com.apple.network:activity] Returning should log: 0 for activity cfnetwork:foreground_task
2026-02-11 18:57:17.902 I  AnalyticsReactNativeE2E[1758:1ad9866] [com.apple.network:connection] nw_endpoint_handler_report_connection_idle [C21 IPv6#ad87c312.9091 ready parent-flow (satisfied (Path is satisfied), interface: en0[802.11], uses wifi, LQM: unknown)] Reporting connection idle to protocols
2026-02-11 18:57:17.902 Db AnalyticsReactNativeE2E[1758:1ad9865] [com.apple.network:activity] Returning should log: 0 for activity cfnetwork:foreground_task
2026-02-11 18:57:17.902 I  AnalyticsReactNativeE2E[1758:1ad9866] [com.apple.network:connection] nw_flow_passthrough_notify [C21.1.1 IPv6#ad87c312.9091 ready socket-flow (satisfied (Path is satisfied), interface: lo0)] received notification connection_idle
2026-02-11 18:57:17.902 Db AnalyticsReactNativeE2E[1758:1ad9865] [com.apple.network:activity] No threshold for cfnetwork:foreground_task, returning NW_ACTIVITY_DURATION_INVALID
2026-02-11 18:57:17.902 Df AnalyticsReactNativeE2E[1758:1ad9866] [com.apple.network:connection] nw_protocol_socket_notify [C21.1.1:2] nw_protocol_notification_type_connection_idle is true
2026-02-11 18:57:17.902 Db AnalyticsReactNativeE2E[1758:1ad9865] [com.apple.network:activity] No threshold for activity <nw_activity 12:2 [E18BA501-FA28-46C7-8CB0-AC72DC65B83A] (reporting strategy default) complete (reason success)>
2026-02-11 18:57:17.902 E  AnalyticsReactNativeE2E[1758:1ad9866] [com.apple.network:connection] nw_socket_set_connection_idle [C21.1.1:2] setsockopt SO_CONNECTION_IDLE failed [42: Protocol not available]
2026-02-11 18:57:17.902 I  AnalyticsReactNativeE2E[1758:1adafec] [com.facebook.react.log:javascript] Sent 2 events
2026-02-11 18:57:17.903 Db AnalyticsReactNativeE2E[1758:1ad918b] [com.apple.runningboard:assertion] Adding assertion 1422-1758-717 to dictionary
2026-02-11 18:57:19.290 I  AnalyticsReactNativeE2E[1758:1ad914e] [com.wix.Detox:WebSocket] Action received: invoke
2026-02-11 18:57:19.432 Df AnalyticsReactNativeE2E[1758:1ad914e] [com.apple.UIKit:EventDispatch] Sending UIEvent type: 0; subtype: 0; to windows: 1
2026-02-11 18:57:19.433 Df AnalyticsReactNativeE2E[1758:1ad914e] [com.apple.UIKit:EventDispatch] Sending UIEvent type: 0; subtype: 0; to window: <UIWindow: 0x104e27e90>; contextId: 0xF0F7A29A
2026-02-11 18:57:19.433 A  AnalyticsReactNativeE2E[1758:1ad914e] (UIKitCore) send gesture actions
2026-02-11 18:57:19.449 Df AnalyticsReactNativeE2E[1758:1ad914e] [com.apple.UIKit:EventDispatch] Sending UIEvent type: 0; subtype: 0; to windows: 1
2026-02-11 18:57:19.449 Df AnalyticsReactNativeE2E[1758:1ad914e] [com.apple.UIKit:EventDispatch] Sending UIEvent type: 0; subtype: 0; to window: <UIWindow: 0x104e27e90>; contextId: 0xF0F7A29A
2026-02-11 18:57:19.449 A  AnalyticsReactNativeE2E[1758:1ad914e] (UIKitCore) send gesture actions
2026-02-11 18:57:19.449 I  AnalyticsReactNativeE2E[1758:1adafec] [com.facebook.react.log:javascript] 'TRACK event saved', { type: 'track',
  event: 'Track pressed',
  properties: { foo: 'bar' } }
2026-02-11 18:57:20.085 Db AnalyticsReactNativeE2E[1758:1ad9865] [com.apple.network:connection] nw_association_schedule_deactivation_block_invoke <nw_association Hostname#640a2913:9091> becoming dormant
2026-02-11 18:57:20.085 Db AnalyticsReactNativeE2E[1758:1ad9865] [com.apple.network:connection] nw_association_schedule_deactivation_block_invoke <nw_association IPv6#ad87c312.9091> becoming dormant
2026-02-11 18:57:20.086 Db AnalyticsReactNativeE2E[1758:1ad9865] [com.apple.CFNetwork:Coalescing] removing all entries config 0x60000021e380
2026-02-11 18:57:20.086 I  AnalyticsReactNativeE2E[1758:1ad9865] [com.apple.network:] nw_context_dealloc Deallocating context <nw_context (null) (private)>
2026-02-11 18:57:20.086 I  AnalyticsReactNativeE2E[1758:1ad9865] [com.apple.network:] nw_context_purge_endpoints Context <nw_context com.apple.CFNetwork.NSURLSession.{F96340B6-1E34-4729-B9B6-B01F3FFB43C7}{(null)}{Y}{2}{0x0} (private)> has more than 0 cache entries, purging 1 from 1 down to 0
2026-02-11 18:57:20.086 Db AnalyticsReactNativeE2E[1758:1ad9865] [com.apple.network:endpoint] endpoint IPv6#ad87c312.9091 has nothing to cleanup, no protocol instance registrars
2026-02-11 18:57:20.086 Db AnalyticsReactNativeE2E[1758:1ad9865] [com.apple.network:endpoint] endpoint Hostname#640a2913:9091 has nothing to cleanup, no protocol instance registrars
2026-02-11 18:57:20.086 I  AnalyticsReactNativeE2E[1758:1ad9865] [com.apple.network:] nw_context_dealloc Deallocating context <nw_context (null) (private)>
2026-02-11 18:57:20.138 I  AnalyticsReactNativeE2E[1758:1ad914e] [com.wix.Detox:WebSocket] Action received: invoke
2026-02-11 18:57:20.265 Df AnalyticsReactNativeE2E[1758:1ad914e] [com.apple.UIKit:EventDispatch] Sending UIEvent type: 0; subtype: 0; to windows: 1
2026-02-11 18:57:20.265 Df AnalyticsReactNativeE2E[1758:1ad914e] [com.apple.UIKit:EventDispatch] Sending UIEvent type: 0; subtype: 0; to window: <UIWindow: 0x104e27e90>; contextId: 0xF0F7A29A
2026-02-11 18:57:20.266 A  AnalyticsReactNativeE2E[1758:1ad914e] (UIKitCore) send gesture actions
2026-02-11 18:57:20.282 Df AnalyticsReactNativeE2E[1758:1ad914e] [com.apple.UIKit:EventDispatch] Sending UIEvent type: 0; subtype: 0; to windows: 1
2026-02-11 18:57:20.282 Df AnalyticsReactNativeE2E[1758:1ad914e] [com.apple.UIKit:EventDispatch] Sending UIEvent type: 0; subtype: 0; to window: <UIWindow: 0x104e27e90>; contextId: 0xF0F7A29A
2026-02-11 18:57:20.282 A  AnalyticsReactNativeE2E[1758:1ad914e] (UIKitCore) send gesture actions
2026-02-11 18:57:20.283 Df AnalyticsReactNativeE2E[1758:1ad9866] [com.apple.CFNetwork:Default] Task <F107204B-54CB-4E1F-9D50-5CE25A4D95DE>.<3> resuming, timeouts(0.0, 604800.0) qos(0x19) voucher((null)) activity(00000000-0000-0000-0000-000000000000)
2026-02-11 18:57:20.283 Db AnalyticsReactNativeE2E[1758:1ad9866] [com.apple.network:activity] Returning should log: 0 for activity cfnetwork:foreground_task
2026-02-11 18:57:20.283 Db AnalyticsReactNativeE2E[1758:1ad9866] [com.apple.network:activity] Domain cfnetwork rate configured in registry as 1 / 20000
2026-02-11 18:57:20.283 Db AnalyticsReactNativeE2E[1758:1ad9866] [com.apple.network:activity] Domain cfnetwork rate configured after remote default override as 1 / 20000
2026-02-11 18:57:20.283 Db AnalyticsReactNativeE2E[1758:1ad9866] [com.apple.network:activity] After reading settings plist, domain cfnetwork rate configured as 1 / 2000000
2026-02-11 18:57:20.283 Db AnalyticsReactNativeE2E[1758:1ad9866] [com.apple.network:activity] After settings override, domain cfnetwork rate configured as 1 / 2000000
2026-02-11 18:57:20.283 Db AnalyticsReactNativeE2E[1758:1ad9866] [com.apple.network:activity] Final domain cfnetwork rate configured as 1 / 2000000
2026-02-11 18:57:20.283 Db AnalyticsReactNativeE2E[1758:1ad9866] [com.apple.network:activity] <nw_activity 12:2 [No UUID] (reporting strategy default)> sampled at 1 / 2000000
2026-02-11 18:57:20.283 Db AnalyticsReactNativeE2E[1758:1ad9866] [com.apple.network:activity] Returning should log: 0 for activity cfnetwork:foreground_task
2026-02-11 18:57:20.283 Db AnalyticsReactNativeE2E[1758:1ad9866] [com.apple.network:activity] Returning should log: 0 for activity cfnetwork:foreground_task
2026-02-11 18:57:20.283 Db AnalyticsReactNativeE2E[1758:1ad9866] [com.apple.CFNetwork:Default] [Telemetry]: Activity <nw_activity 12:2 [0CBC3A2B-FB25-45CF-953A-B37F0421F6D9] (reporting strategy default)> on Task <F107204B-54CB-4E1F-9D50-5CE25A4D95DE>.<3> was not selected for reporting
2026-02-11 18:57:20.283 Db AnalyticsReactNativeE2E[1758:1ad9866] [com.apple.networkextension:] ne_tracker_check_is_hostname_blocked() proceeding with the in_the_app check for hostname: localhost
2026-02-11 18:57:20.283 Db AnalyticsReactNativeE2E[1758:1ad9866] [com.apple.CFBundle:resources] Resource lookup at CFBundle 0x600003b0c000 </Users/abueide/Library/Developer/CoreSimulator/Devices/651CE25F-D2F4-404C-AC47-0364AA5C94A1/data/Containers/Bundle/Application/7969B6BB-C361-4CD4-BCBA-583EB1B5035D/AnalyticsReactNativeE2E.app> (executable, loaded)
	Request       : InfoPlist type: strings
	Result        : None
2026-02-11 18:57:20.284 Db AnalyticsReactNativeE2E[1758:1ad9866] [com.apple.CFBundle:resources] Resource lookup at CFBundle 0x600003b0c000 </Users/abueide/Library/Developer/CoreSimulator/Devices/651CE25F-D2F4-404C-AC47-0364AA5C94A1/data/Containers/Bundle/Application/7969B6BB-C361-4CD4-BCBA-583EB1B5035D/AnalyticsReactNativeE2E.app> (executable, loaded)
	Request       : InfoPlist type: stringsdict
	Result        : None
2026-02-11 18:57:20.284 Db AnalyticsReactNativeE2E[1758:1ad9866] [com.apple.networkextension:] ne_tracker_check_is_hostname_blocked(): hostname localhost is not a tracker. Returning: ne_tracker_status_none
2026-02-11 18:57:20.284 Db AnalyticsReactNativeE2E[1758:1ad9866] [com.apple.CFNetwork:ATS] Uploading ATS exception ATSAllowsLocalNetworking
2026-02-11 18:57:20.284 Db AnalyticsReactNativeE2E[1758:1ad9866] [com.apple.CFNetwork:ATS] Uploading ATS exception ATSExceptionDomains
2026-02-11 18:57:20.284 A  AnalyticsReactNativeE2E[1758:1ad9865] (Security) SecTrustReportNetworkingAnalytics
2026-02-11 18:57:20.284 Db AnalyticsReactNativeE2E[1758:1ad9866] [com.apple.CFNetwork:Default] Connection 21: set is idle true
2026-02-11 18:57:20.284 Df AnalyticsReactNativeE2E[1758:1ad9866] [com.apple.network:connection] [C21] event: client:connection_idle @4.570s
2026-02-11 18:57:20.284 I  AnalyticsReactNativeE2E[1758:1ad9866] [com.apple.network:connection] nw_endpoint_handler_report_connection_idle [C21 IPv6#ad87c312.9091 ready parent-flow (satisfied (Path is satisfied), interface: en0[802.11], uses wifi, LQM: unknown)] Reporting connection idle to protocols
2026-02-11 18:57:20.284 I  AnalyticsReactNativeE2E[1758:1ad9866] [com.apple.network:connection] nw_flow_passthrough_notify [C21.1.1 IPv6#ad87c312.9091 ready socket-flow (satisfied (Path is satisfied), interface: lo0)] received notification connection_idle
2026-02-11 18:57:20.284 Df AnalyticsReactNativeE2E[1758:1ad9866] [com.apple.network:connection] nw_protocol_socket_notify [C21.1.1:2] nw_protocol_notification_type_connection_idle is true
2026-02-11 18:57:20.284 E  AnalyticsReactNativeE2E[1758:1ad9866] [com.apple.network:connection] nw_socket_set_connection_idle [C21.1.1:2] setsockopt SO_CONNECTION_IDLE failed [42: Protocol not available]
2026-02-11 18:57:20.284 Df AnalyticsReactNativeE2E[1758:1ad9866] [com.apple.CFNetwork:Default] Task <F107204B-54CB-4E1F-9D50-5CE25A4D95DE>.<3> now using Connection 21
2026-02-11 18:57:20.284 Db AnalyticsReactNativeE2E[1758:1ad9866] [com.apple.network:activity] Returning should log: 0 for activity cfnetwork:foreground_task
2026-02-11 18:57:20.284 Db AnalyticsReactNativeE2E[1758:1ad9866] [com.apple.network:connection] nw_connection_modify_estimated_bytes_block_invoke [C21] Incremented estimated bytes to send by 907, total now 2702
2026-02-11 18:57:20.284 Db AnalyticsReactNativeE2E[1758:1ad9866] [com.apple.network:connection] nw_connection_modify_estimated_bytes_block_invoke [C21] Using lower threshold 12582912, upper threshold 31457280
2026-02-11 18:57:20.284 Db AnalyticsReactNativeE2E[1758:1ad9866] [com.apple.CFNetwork:Default] Connection 21: set is idle false
2026-02-11 18:57:20.284 Df AnalyticsReactNativeE2E[1758:1ad9866] [com.apple.network:connection] [C21] event: client:connection_reused @4.571s
2026-02-11 18:57:20.284 I  AnalyticsReactNativeE2E[1758:1ad9866] [com.apple.network:connection] nw_endpoint_handler_report_connection_idle [C21 IPv6#ad87c312.9091 ready parent-flow (satisfied (Path is satisfied), interface: en0[802.11], uses wifi, LQM: unknown)] Reporting connection not idle to protocols
2026-02-11 18:57:20.284 I  AnalyticsReactNativeE2E[1758:1ad9866] [com.apple.network:connection] nw_flow_passthrough_notify [C21.1.1 IPv6#ad87c312.9091 ready socket-flow (satisfied (Path is satisfied), interface: lo0)] received notification connection_idle
2026-02-11 18:57:20.284 Df AnalyticsReactNativeE2E[1758:1ad9866] [com.apple.network:connection] nw_protocol_socket_notify [C21.1.1:2] nw_protocol_notification_type_connection_idle is false
2026-02-11 18:57:20.284 E  AnalyticsReactNativeE2E[1758:1ad9866] [com.apple.network:connection] nw_socket_set_connection_idle [C21.1.1:2] setsockopt SO_CONNECTION_IDLE failed [42: Protocol not available]
2026-02-11 18:57:20.284 Df AnalyticsReactNativeE2E[1758:1ad9865] [com.apple.securityd:SecError] SecTrustReportNetworkingAnalytics failed with error: -4
2026-02-11 18:57:20.284 A  AnalyticsReactNativeE2E[1758:1ad9865] (Security) SecTrustReportNetworkingAnalytics
2026-02-11 18:57:20.284 Df AnalyticsReactNativeE2E[1758:1ad918b] [com.apple.CFNetwork:Default] Task <F107204B-54CB-4E1F-9D50-5CE25A4D95DE>.<3> sent request, body S 907
2026-02-11 18:57:20.284 Df AnalyticsReactNativeE2E[1758:1ad9865] [com.apple.securityd:SecError] SecTrustReportNetworkingAnalytics failed with error: -4
2026-02-11 18:57:20.285 Df AnalyticsReactNativeE2E[1758:1ad9865] [com.apple.CFNetwork:Default] Task <F107204B-54CB-4E1F-9D50-5CE25A4D95DE>.<3> received response, status 500 content K
2026-02-11 18:57:20.285 Db AnalyticsReactNativeE2E[1758:1ad9865] [com.apple.network:connection] nw_connection_modify_estimated_bytes_block_invoke [C21] Incremented estimated bytes to receive by 24, total now 419
2026-02-11 18:57:20.285 Db AnalyticsReactNativeE2E[1758:1ad9865] [com.apple.network:connection] nw_connection_modify_estimated_bytes_block_invoke [C21] Using lower threshold 12582912, upper threshold 31457280
2026-02-11 18:57:20.285 Df AnalyticsReactNativeE2E[1758:1ad9865] [com.apple.CFNetwork:Default] Task <F107204B-54CB-4E1F-9D50-5CE25A4D95DE>.<3> response ended
2026-02-11 18:57:20.285 Df AnalyticsReactNativeE2E[1758:1ad9865] [com.apple.CFNetwork:Default] Task <F107204B-54CB-4E1F-9D50-5CE25A4D95DE>.<3> done using Connection 21
2026-02-11 18:57:20.285 Db AnalyticsReactNativeE2E[1758:1ad9865] [com.apple.network:activity] Returning should log: 0 for activity cfnetwork:foreground_task
2026-02-11 18:57:20.285 Db AnalyticsReactNativeE2E[1758:1ad9865] [com.apple.CFNetwork:Default] Connection 21: set is idle true
2026-02-11 18:57:20.285 Df AnalyticsReactNativeE2E[1758:1ad9865] [com.apple.network:connection] [C21] event: client:connection_idle @4.572s
2026-02-11 18:57:20.285 I  AnalyticsReactNativeE2E[1758:1ad9865] [com.apple.network:connection] nw_endpoint_handler_report_connection_idle [C21 IPv6#ad87c312.9091 ready parent-flow (satisfied (Path is satisfied), interface: en0[802.11], uses wifi, LQM: unknown)] Reporting connection idle to protocols
2026-02-11 18:57:20.285 I  AnalyticsReactNativeE2E[1758:1ad9865] [com.apple.network:connection] nw_flow_passthrough_notify [C21.1.1 IPv6#ad87c312.9091 ready socket-flow (satisfied (Path is satisfied), interface: lo0)] received notification connection_idle
2026-02-11 18:57:20.285 Df AnalyticsReactNativeE2E[1758:1ad9866] [com.apple.CFNetwork:Summary] Task <F107204B-54CB-4E1F-9D50-5CE25A4D95DE>.<3> summary for task success {transaction_duration_ms=1, response_status=500, connection=21, reused=1, reused_after_ms=0, request_start_ms=0, request_duration_ms=0, response_start_ms=1, response_duration_ms=0, request_bytes=1197, request_throughput_kbps=35591, response_bytes=278, response_throughput_kbps=18095, cache_hit=true}
2026-02-11 18:57:20.285 Df AnalyticsReactNativeE2E[1758:1ad9866] [com.apple.CFNetwork:Default] Task <F107204B-54CB-4E1F-9D50-5CE25A4D95DE>.<3> finished successfully
2026-02-11 18:57:20.285 Df AnalyticsReactNativeE2E[1758:1ad9865] [com.apple.network:connection] nw_protocol_socket_notify [C21.1.1:2] nw_protocol_notification_type_connection_idle is true
2026-02-11 18:57:20.285 Db AnalyticsReactNativeE2E[1758:1ad9866] [com.apple.network:activity] Returning should log: 0 for activity cfnetwork:foreground_task
2026-02-11 18:57:20.285 Db AnalyticsReactNativeE2E[1758:1ad9866] [com.apple.network:activity] Returning should log: 0 for activity cfnetwork:foreground_task
2026-02-11 18:57:20.285 Db AnalyticsReactNativeE2E[1758:1ad9866] [com.apple.network:activity] No threshold for cfnetwork:foreground_task, returning NW_ACTIVITY_DURATION_INVALID
2026-02-11 18:57:20.285 Db AnalyticsReactNativeE2E[1758:1ad9866] [com.apple.network:activity] No threshold for activity <nw_activity 12:2 [0CBC3A2B-FB25-45CF-953A-B37F0421F6D9] (reporting strategy default) complete (reason success)>
2026-02-11 18:57:20.285 E  AnalyticsReactNativeE2E[1758:1ad9865] [com.apple.network:connection] nw_socket_set_connection_idle [C21.1.1:2] setsockopt SO_CONNECTION_IDLE failed [42: Protocol not available]
2026-02-11 18:57:20.285 Db AnalyticsReactNativeE2E[1758:1ad9865] [com.apple.CFNetwork:Default] Connection 21: set is idle true
2026-02-11 18:57:20.285 Df AnalyticsReactNativeE2E[1758:1ad9865] [com.apple.network:connection] [C21] event: client:connection_idle @4.572s
2026-02-11 18:57:20.285 I  AnalyticsReactNativeE2E[1758:1ad9865] [com.apple.network:connection] nw_endpoint_handler_report_connection_idle [C21 IPv6#ad87c312.9091 ready parent-flow (satisfied (Path is satisfied), interface: en0[802.11], uses wifi, LQM: unknown)] Reporting connection idle to protocols
2026-02-11 18:57:20.285 I  AnalyticsReactNativeE2E[1758:1ad9865] [com.apple.network:connection] nw_flow_passthrough_notify [C21.1.1 IPv6#ad87c312.9091 ready socket-flow (satisfied (Path is satisfied), interface: lo0)] received notification connection_idle
2026-02-11 18:57:20.285 Df AnalyticsReactNativeE2E[1758:1ad9865] [com.apple.network:connection] nw_protocol_socket_notify [C21.1.1:2] nw_protocol_notification_type_connection_idle is true
2026-02-11 18:57:20.285 E  AnalyticsReactNativeE2E[1758:1ad9865] [com.apple.network:connection] nw_socket_set_connection_idle [C21.1.1:2] setsockopt SO_CONNECTION_IDLE failed [42: Protocol not available]
2026-02-11 18:57:20.286 I  AnalyticsReactNativeE2E[1758:1adafec] [com.facebook.react.log:javascript] 'An internal error occurred: ', { [Error] type: 2, innerError: undefined, statusCode: 500 }
2026-02-11 18:57:20.286 I  AnalyticsReactNativeE2E[1758:1adafec] [com.facebook.react.log:javascript] { [Error] type: 2, innerError: undefined, statusCode: 500 }
2026-02-11 18:57:20.286 E  AnalyticsReactNativeE2E[1758:1adafec] [com.facebook.react.log:javascript] Failed to send 1 events.
2026-02-11 18:57:21.974 I  AnalyticsReactNativeE2E[1758:1ad914e] [com.wix.Detox:WebSocket] Action received: invoke
2026-02-11 18:57:22.115 Df AnalyticsReactNativeE2E[1758:1ad914e] [com.apple.UIKit:EventDispatch] Sending UIEvent type: 0; subtype: 0; to windows: 1
2026-02-11 18:57:22.115 Df AnalyticsReactNativeE2E[1758:1ad914e] [com.apple.UIKit:EventDispatch] Sending UIEvent type: 0; subtype: 0; to window: <UIWindow: 0x104e27e90>; contextId: 0xF0F7A29A
2026-02-11 18:57:22.116 A  AnalyticsReactNativeE2E[1758:1ad914e] (UIKitCore) send gesture actions
2026-02-11 18:57:22.132 Df AnalyticsReactNativeE2E[1758:1ad914e] [com.apple.UIKit:EventDispatch] Sending UIEvent type: 0; subtype: 0; to windows: 1
2026-02-11 18:57:22.132 Df AnalyticsReactNativeE2E[1758:1ad914e] [com.apple.UIKit:EventDispatch] Sending UIEvent type: 0; subtype: 0; to window: <UIWindow: 0x104e27e90>; contextId: 0xF0F7A29A
2026-02-11 18:57:22.132 A  AnalyticsReactNativeE2E[1758:1ad914e] (UIKitCore) send gesture actions
2026-02-11 18:57:22.133 Df AnalyticsReactNativeE2E[1758:1ad9865] [com.apple.CFNetwork:Default] Task <73E260F5-A2DA-4249-BBE7-AD674A4837D5>.<4> resuming, timeouts(0.0, 604800.0) qos(0x19) voucher((null)) activity(00000000-0000-0000-0000-000000000000)
2026-02-11 18:57:22.133 Db AnalyticsReactNativeE2E[1758:1ad9865] [com.apple.network:activity] Returning should log: 0 for activity cfnetwork:foreground_task
2026-02-11 18:57:22.133 Db AnalyticsReactNativeE2E[1758:1ad9865] [com.apple.network:activity] Domain cfnetwork rate configured in registry as 1 / 20000
2026-02-11 18:57:22.133 Db AnalyticsReactNativeE2E[1758:1ad9865] [com.apple.network:activity] Domain cfnetwork rate configured after remote default override as 1 / 20000
2026-02-11 18:57:22.133 Db AnalyticsReactNativeE2E[1758:1ad9865] [com.apple.network:activity] After reading settings plist, domain cfnetwork rate configured as 1 / 2000000
2026-02-11 18:57:22.133 Db AnalyticsReactNativeE2E[1758:1ad9865] [com.apple.network:activity] After settings override, domain cfnetwork rate configured as 1 / 2000000
2026-02-11 18:57:22.133 Db AnalyticsReactNativeE2E[1758:1ad9865] [com.apple.network:activity] Final domain cfnetwork rate configured as 1 / 2000000
2026-02-11 18:57:22.133 Db AnalyticsReactNativeE2E[1758:1ad9865] [com.apple.network:activity] <nw_activity 12:2 [No UUID] (reporting strategy default)> sampled at 1 / 2000000
2026-02-11 18:57:22.133 Db AnalyticsReactNativeE2E[1758:1ad9865] [com.apple.network:activity] Returning should log: 0 for activity cfnetwork:foreground_task
2026-02-11 18:57:22.133 Db AnalyticsReactNativeE2E[1758:1ad9865] [com.apple.network:activity] Returning should log: 0 for activity cfnetwork:foreground_task
2026-02-11 18:57:22.133 Db AnalyticsReactNativeE2E[1758:1ad9865] [com.apple.CFNetwork:Default] [Telemetry]: Activity <nw_activity 12:2 [2F87D1BD-CEE7-465E-BADA-9E53B80A1ECF] (reporting strategy default)> on Task <73E260F5-A2DA-4249-BBE7-AD674A4837D5>.<4> was not selected for reporting
2026-02-11 18:57:22.133 Db AnalyticsReactNativeE2E[1758:1ad9163] [com.apple.networkextension:] ne_tracker_check_is_hostname_blocked() proceeding with the in_the_app check for hostname: localhost
2026-02-11 18:57:22.133 Db AnalyticsReactNativeE2E[1758:1ad9163] [com.apple.CFBundle:resources] Resource lookup at CFBundle 0x600003b0c000 </Users/abueide/Library/Developer/CoreSimulator/Devices/651CE25F-D2F4-404C-AC47-0364AA5C94A1/data/Containers/Bundle/Application/7969B6BB-C361-4CD4-BCBA-583EB1B5035D/AnalyticsReactNativeE2E.app> (executable, loaded)
	Request       : InfoPlist type: strings
	Result        : None
2026-02-11 18:57:22.133 Db AnalyticsReactNativeE2E[1758:1ad9163] [com.apple.CFBundle:resources] Resource lookup at CFBundle 0x600003b0c000 </Users/abueide/Library/Developer/CoreSimulator/Devices/651CE25F-D2F4-404C-AC47-0364AA5C94A1/data/Containers/Bundle/Application/7969B6BB-C361-4CD4-BCBA-583EB1B5035D/AnalyticsReactNativeE2E.app> (executable, loaded)
	Request       : InfoPlist type: stringsdict
	Result        : None
2026-02-11 18:57:22.133 Db AnalyticsReactNativeE2E[1758:1ad9163] [com.apple.networkextension:] ne_tracker_check_is_hostname_blocked(): hostname localhost is not a tracker. Returning: ne_tracker_status_none
2026-02-11 18:57:22.133 Db AnalyticsReactNativeE2E[1758:1ad9163] [com.apple.CFNetwork:ATS] Uploading ATS exception ATSAllowsLocalNetworking
2026-02-11 18:57:22.133 Db AnalyticsReactNativeE2E[1758:1ad9163] [com.apple.CFNetwork:ATS] Uploading ATS exception ATSExceptionDomains
2026-02-11 18:57:22.133 A  AnalyticsReactNativeE2E[1758:1ad9865] (Security) SecTrustReportNetworkingAnalytics
2026-02-11 18:57:22.133 Db AnalyticsReactNativeE2E[1758:1ad9163] [com.apple.CFNetwork:Default] Connection 21: set is idle true
2026-02-11 18:57:22.133 Df AnalyticsReactNativeE2E[1758:1ad9163] [com.apple.network:connection] [C21] event: client:connection_idle @6.420s
2026-02-11 18:57:22.133 I  AnalyticsReactNativeE2E[1758:1ad9163] [com.apple.network:connection] nw_endpoint_handler_report_connection_idle [C21 IPv6#ad87c312.9091 ready parent-flow (satisfied (Path is satisfied), interface: en0[802.11], uses wifi, LQM: unknown)] Reporting connection idle to protocols
2026-02-11 18:57:22.134 I  AnalyticsReactNativeE2E[1758:1ad9163] [com.apple.network:connection] nw_flow_passthrough_notify [C21.1.1 IPv6#ad87c312.9091 ready socket-flow (satisfied (Path is satisfied), interface: lo0)] received notification connection_idle
2026-02-11 18:57:22.134 Df AnalyticsReactNativeE2E[1758:1ad9163] [com.apple.network:connection] nw_protocol_socket_notify [C21.1.1:2] nw_protocol_notification_type_connection_idle is true
2026-02-11 18:57:22.134 E  AnalyticsReactNativeE2E[1758:1ad9163] [com.apple.network:connection] nw_socket_set_connection_idle [C21.1.1:2] setsockopt SO_CONNECTION_IDLE failed [42: Protocol not available]
2026-02-11 18:57:22.134 Df AnalyticsReactNativeE2E[1758:1ad9163] [com.apple.CFNetwork:Default] Task <73E260F5-A2DA-4249-BBE7-AD674A4837D5>.<4> now using Connection 21
2026-02-11 18:57:22.134 Db AnalyticsReactNativeE2E[1758:1ad9163] [com.apple.network:activity] Returning should log: 0 for activity cfnetwork:foreground_task
2026-02-11 18:57:22.134 Db AnalyticsReactNativeE2E[1758:1ad9163] [com.apple.network:connection] nw_connection_modify_estimated_bytes_block_invoke [C21] Incremented estimated bytes to send by 907, total now 3609
2026-02-11 18:57:22.134 Db AnalyticsReactNativeE2E[1758:1ad9163] [com.apple.network:connection] nw_connection_modify_estimated_bytes_block_invoke [C21] Using lower threshold 12582912, upper threshold 31457280
2026-02-11 18:57:22.134 Db AnalyticsReactNativeE2E[1758:1ad9163] [com.apple.CFNetwork:Default] Connection 21: set is idle false
2026-02-11 18:57:22.134 Df AnalyticsReactNativeE2E[1758:1ad9163] [com.apple.network:connection] [C21] event: client:connection_reused @6.420s
2026-02-11 18:57:22.134 I  AnalyticsReactNativeE2E[1758:1ad9163] [com.apple.network:connection] nw_endpoint_handler_report_connection_idle [C21 IPv6#ad87c312.9091 ready parent-flow (satisfied (Path is satisfied), interface: en0[802.11], uses wifi, LQM: unknown)] Reporting connection not idle to protocols
2026-02-11 18:57:22.134 I  AnalyticsReactNativeE2E[1758:1ad9163] [com.apple.network:connection] nw_flow_passthrough_notify [C21.1.1 IPv6#ad87c312.9091 ready socket-flow (satisfied (Path is satisfied), interface: lo0)] received notification connection_idle
2026-02-11 18:57:22.134 Df AnalyticsReactNativeE2E[1758:1ad9163] [com.apple.network:connection] nw_protocol_socket_notify [C21.1.1:2] nw_protocol_notification_type_connection_idle is false
2026-02-11 18:57:22.134 E  AnalyticsReactNativeE2E[1758:1ad9163] [com.apple.network:connection] nw_socket_set_connection_idle [C21.1.1:2] setsockopt SO_CONNECTION_IDLE failed [42: Protocol not available]
2026-02-11 18:57:22.134 Df AnalyticsReactNativeE2E[1758:1ad9865] [com.apple.securityd:SecError] SecTrustReportNetworkingAnalytics failed with error: -4
2026-02-11 18:57:22.134 A  AnalyticsReactNativeE2E[1758:1ad9865] (Security) SecTrustReportNetworkingAnalytics
2026-02-11 18:57:22.134 Df AnalyticsReactNativeE2E[1758:1ad918b] [com.apple.CFNetwork:Default] Task <73E260F5-A2DA-4249-BBE7-AD674A4837D5>.<4> sent request, body S 907
2026-02-11 18:57:22.134 Df AnalyticsReactNativeE2E[1758:1ad9865] [com.apple.securityd:SecError] SecTrustReportNetworkingAnalytics failed with error: -4
2026-02-11 18:57:22.135 Df AnalyticsReactNativeE2E[1758:1ad9865] [com.apple.CFNetwork:Default] Task <73E260F5-A2DA-4249-BBE7-AD674A4837D5>.<4> received response, status 500 content K
2026-02-11 18:57:22.135 Db AnalyticsReactNativeE2E[1758:1ad9865] [com.apple.network:connection] nw_connection_modify_estimated_bytes_block_invoke [C21] Incremented estimated bytes to receive by 24, total now 443
2026-02-11 18:57:22.135 Db AnalyticsReactNativeE2E[1758:1ad9865] [com.apple.network:connection] nw_connection_modify_estimated_bytes_block_invoke [C21] Using lower threshold 12582912, upper threshold 31457280
2026-02-11 18:57:22.135 Df AnalyticsReactNativeE2E[1758:1ad9865] [com.apple.CFNetwork:Default] Task <73E260F5-A2DA-4249-BBE7-AD674A4837D5>.<4> response ended
2026-02-11 18:57:22.135 Df AnalyticsReactNativeE2E[1758:1ad9865] [com.apple.CFNetwork:Default] Task <73E260F5-A2DA-4249-BBE7-AD674A4837D5>.<4> done using Connection 21
2026-02-11 18:57:22.135 Db AnalyticsReactNativeE2E[1758:1ad9865] [com.apple.network:activity] Returning should log: 0 for activity cfnetwork:foreground_task
2026-02-11 18:57:22.135 Db AnalyticsReactNativeE2E[1758:1ad9865] [com.apple.CFNetwork:Default] Connection 21: set is idle true
2026-02-11 18:57:22.135 Df AnalyticsReactNativeE2E[1758:1ad9865] [com.apple.network:connection] [C21] event: client:connection_idle @6.421s
2026-02-11 18:57:22.135 I  AnalyticsReactNativeE2E[1758:1ad9865] [com.apple.network:connection] nw_endpoint_handler_report_connection_idle [C21 IPv6#ad87c312.9091 ready parent-flow (satisfied (Path is satisfied), interface: en0[802.11], uses wifi, LQM: unknown)] Reporting connection idle to protocols
2026-02-11 18:57:22.135 I  AnalyticsReactNativeE2E[1758:1ad9865] [com.apple.network:connection] nw_flow_passthrough_notify [C21.1.1 IPv6#ad87c312.9091 ready socket-flow (satisfied (Path is satisfied), interface: lo0)] received notification connection_idle
2026-02-11 18:57:22.135 Df AnalyticsReactNativeE2E[1758:1ad9865] [com.apple.network:connection] nw_protocol_socket_notify [C21.1.1:2] nw_protocol_notification_type_connection_idle is true
2026-02-11 18:57:22.135 Df AnalyticsReactNativeE2E[1758:1ad9163] [com.apple.CFNetwork:Summary] Task <73E260F5-A2DA-4249-BBE7-AD674A4837D5>.<4> summary for task success {transaction_duration_ms=1, response_status=500, connection=21, reused=1, reused_after_ms=0, request_start_ms=0, request_duration_ms=0, response_start_ms=1, response_duration_ms=0, request_bytes=1197, request_throughput_kbps=47900, response_bytes=278, response_throughput_kbps=22236, cache_hit=true}
2026-02-11 18:57:22.135 E  AnalyticsReactNativeE2E[1758:1ad9865] [com.apple.network:connection] nw_socket_set_connection_idle [C21.1.1:2] setsockopt SO_CONNECTION_IDLE failed [42: Protocol not available]
2026-02-11 18:57:22.135 Db AnalyticsReactNativeE2E[1758:1ad9865] [com.apple.CFNetwork:Default] Connection 21: set is idle true
2026-02-11 18:57:22.135 Df AnalyticsReactNativeE2E[1758:1ad9163] [com.apple.CFNetwork:Default] Task <73E260F5-A2DA-4249-BBE7-AD674A4837D5>.<4> finished successfully
2026-02-11 18:57:22.135 Df AnalyticsReactNativeE2E[1758:1ad9865] [com.apple.network:connection] [C21] event: client:connection_idle @6.422s
2026-02-11 18:57:22.135 Db AnalyticsReactNativeE2E[1758:1ad9163] [com.apple.network:activity] Returning should log: 0 for activity cfnetwork:foreground_task
2026-02-11 18:57:22.135 I  AnalyticsReactNativeE2E[1758:1ad9865] [com.apple.network:connection] nw_endpoint_handler_report_connection_idle [C21 IPv6#ad87c312.9091 ready parent-flow (satisfied (Path is satisfied), interface: en0[802.11], uses wifi, LQM: unknown)] Reporting connection idle to protocols
2026-02-11 18:57:22.135 Db AnalyticsReactNativeE2E[1758:1ad9163] [com.apple.network:activity] Returning should log: 0 for activity cfnetwork:foreground_task
2026-02-11 18:57:22.135 I  AnalyticsReactNativeE2E[1758:1ad9865] [com.apple.network:connection] nw_flow_passthrough_notify [C21.1.1 IPv6#ad87c312.9091 ready socket-flow (satisfied (Path is satisfied), interface: lo0)] received notification connection_idle
2026-02-11 18:57:22.135 Db AnalyticsReactNativeE2E[1758:1ad9163] [com.apple.network:activity] No threshold for cfnetwork:foreground_task, returning NW_ACTIVITY_DURATION_INVALID
2026-02-11 18:57:22.135 Df AnalyticsReactNativeE2E[1758:1ad9865] [com.apple.network:connection] nw_protocol_socket_notify [C21.1.1:2] nw_protocol_notification_type_connection_idle is true
2026-02-11 18:57:22.135 Db AnalyticsReactNativeE2E[1758:1ad9163] [com.apple.network:activity] No threshold for activity <nw_activity 12:2 [2F87D1BD-CEE7-465E-BADA-9E53B80A1ECF] (reporting strategy default) complete (reason success)>
2026-02-11 18:57:22.135 E  AnalyticsReactNativeE2E[1758:1ad9865] [com.apple.network:connection] nw_socket_set_connection_idle [C21.1.1:2] setsockopt SO_CONNECTION_IDLE failed [42: Protocol not available]
2026-02-11 18:57:22.135 I  AnalyticsReactNativeE2E[1758:1adafec] [com.facebook.react.log:javascript] 'An internal error occurred: ', { [Error] type: 2, innerError: undefined, statusCode: 500 }
2026-02-11 18:57:22.135 I  AnalyticsReactNativeE2E[1758:1adafec] [com.facebook.react.log:javascript] { [Error] type: 2, innerError: undefined, statusCode: 500 }
2026-02-11 18:57:22.135 E  AnalyticsReactNativeE2E[1758:1adafec] [com.facebook.react.log:javascript] Failed to send 1 events.
2026-02-11 18:57:24.222 I  AnalyticsReactNativeE2E[1758:1ad914e] [com.wix.Detox:WebSocket] Action received: invoke
2026-02-11 18:57:24.382 Df AnalyticsReactNativeE2E[1758:1ad914e] [com.apple.UIKit:EventDispatch] Sending UIEvent type: 0; subtype: 0; to windows: 1
2026-02-11 18:57:24.382 Df AnalyticsReactNativeE2E[1758:1ad914e] [com.apple.UIKit:EventDispatch] Sending UIEvent type: 0; subtype: 0; to window: <UIWindow: 0x104e27e90>; contextId: 0xF0F7A29A
2026-02-11 18:57:24.383 A  AnalyticsReactNativeE2E[1758:1ad914e] (UIKitCore) send gesture actions
2026-02-11 18:57:24.399 Df AnalyticsReactNativeE2E[1758:1ad914e] [com.apple.UIKit:EventDispatch] Sending UIEvent type: 0; subtype: 0; to windows: 1
2026-02-11 18:57:24.399 Df AnalyticsReactNativeE2E[1758:1ad914e] [com.apple.UIKit:EventDispatch] Sending UIEvent type: 0; subtype: 0; to window: <UIWindow: 0x104e27e90>; contextId: 0xF0F7A29A
2026-02-11 18:57:24.399 A  AnalyticsReactNativeE2E[1758:1ad914e] (UIKitCore) send gesture actions
2026-02-11 18:57:24.400 Df AnalyticsReactNativeE2E[1758:1ad9866] [com.apple.CFNetwork:Default] Task <C6726593-7F54-4C7F-A318-18F8957B1229>.<5> resuming, timeouts(0.0, 604800.0) qos(0x19) voucher((null)) activity(00000000-0000-0000-0000-000000000000)
2026-02-11 18:57:24.400 Db AnalyticsReactNativeE2E[1758:1ad9866] [com.apple.network:activity] Returning should log: 0 for activity cfnetwork:foreground_task
2026-02-11 18:57:24.400 Db AnalyticsReactNativeE2E[1758:1ad9866] [com.apple.network:activity] Domain cfnetwork rate configured in registry as 1 / 20000
2026-02-11 18:57:24.400 Db AnalyticsReactNativeE2E[1758:1ad9866] [com.apple.network:activity] Domain cfnetwork rate configured after remote default override as 1 / 20000
2026-02-11 18:57:24.400 Db AnalyticsReactNativeE2E[1758:1ad9866] [com.apple.network:activity] After reading settings plist, domain cfnetwork rate configured as 1 / 2000000
2026-02-11 18:57:24.400 Db AnalyticsReactNativeE2E[1758:1ad9866] [com.apple.network:activity] After settings override, domain cfnetwork rate configured as 1 / 2000000
2026-02-11 18:57:24.400 Db AnalyticsReactNativeE2E[1758:1ad9866] [com.apple.network:activity] Final domain cfnetwork rate configured as 1 / 2000000
2026-02-11 18:57:24.400 Db AnalyticsReactNativeE2E[1758:1ad9866] [com.apple.network:activity] <nw_activity 12:2 [No UUID] (reporting strategy default)> sampled at 1 / 2000000
2026-02-11 18:57:24.400 Db AnalyticsReactNativeE2E[1758:1ad9866] [com.apple.network:activity] Returning should log: 0 for activity cfnetwork:foreground_task
2026-02-11 18:57:24.400 Db AnalyticsReactNativeE2E[1758:1ad9866] [com.apple.network:activity] Returning should log: 0 for activity cfnetwork:foreground_task
2026-02-11 18:57:24.400 Db AnalyticsReactNativeE2E[1758:1ad9866] [com.apple.CFNetwork:Default] [Telemetry]: Activity <nw_activity 12:2 [F3CE459A-0D1D-4A6D-ACD2-8D75D39F51DC] (reporting strategy default)> on Task <C6726593-7F54-4C7F-A318-18F8957B1229>.<5> was not selected for reporting
2026-02-11 18:57:24.400 Db AnalyticsReactNativeE2E[1758:1ad9163] [com.apple.networkextension:] ne_tracker_check_is_hostname_blocked() proceeding with the in_the_app check for hostname: localhost
2026-02-11 18:57:24.400 Db AnalyticsReactNativeE2E[1758:1ad9163] [com.apple.CFBundle:resources] Resource lookup at CFBundle 0x600003b0c000 </Users/abueide/Library/Developer/CoreSimulator/Devices/651CE25F-D2F4-404C-AC47-0364AA5C94A1/data/Containers/Bundle/Application/7969B6BB-C361-4CD4-BCBA-583EB1B5035D/AnalyticsReactNativeE2E.app> (executable, loaded)
	Request       : InfoPlist type: strings
	Result        : None
2026-02-11 18:57:24.400 Db AnalyticsReactNativeE2E[1758:1ad9163] [com.apple.CFBundle:resources] Resource lookup at CFBundle 0x600003b0c000 </Users/abueide/Library/Developer/CoreSimulator/Devices/651CE25F-D2F4-404C-AC47-0364AA5C94A1/data/Containers/Bundle/Application/7969B6BB-C361-4CD4-BCBA-583EB1B5035D/AnalyticsReactNativeE2E.app> (executable, loaded)
	Request       : InfoPlist type: stringsdict
	Result        : None
2026-02-11 18:57:24.400 Db AnalyticsReactNativeE2E[1758:1ad9163] [com.apple.networkextension:] ne_tracker_check_is_hostname_blocked(): hostname localhost is not a tracker. Returning: ne_tracker_status_none
2026-02-11 18:57:24.400 Db AnalyticsReactNativeE2E[1758:1ad9163] [com.apple.CFNetwork:ATS] Uploading ATS exception ATSAllowsLocalNetworking
2026-02-11 18:57:24.400 Db AnalyticsReactNativeE2E[1758:1ad9163] [com.apple.CFNetwork:ATS] Uploading ATS exception ATSExceptionDomains
2026-02-11 18:57:24.400 A  AnalyticsReactNativeE2E[1758:1ad9865] (Security) SecTrustReportNetworkingAnalytics
2026-02-11 18:57:24.400 Db AnalyticsReactNativeE2E[1758:1ad9163] [com.apple.CFNetwork:Default] Connection 21: set is idle true
2026-02-11 18:57:24.400 Df AnalyticsReactNativeE2E[1758:1ad9163] [com.apple.network:connection] [C21] event: client:connection_idle @8.687s
2026-02-11 18:57:24.400 I  AnalyticsReactNativeE2E[1758:1ad9163] [com.apple.network:connection] nw_endpoint_handler_report_connection_idle [C21 IPv6#ad87c312.9091 ready parent-flow (satisfied (Path is satisfied), interface: en0[802.11], uses wifi, LQM: unknown)] Reporting connection idle to protocols
2026-02-11 18:57:24.400 I  AnalyticsReactNativeE2E[1758:1ad9163] [com.apple.network:connection] nw_flow_passthrough_notify [C21.1.1 IPv6#ad87c312.9091 ready socket-flow (satisfied (Path is satisfied), interface: lo0)] received notification connection_idle
2026-02-11 18:57:24.400 Df AnalyticsReactNativeE2E[1758:1ad9163] [com.apple.network:connection] nw_protocol_socket_notify [C21.1.1:2] nw_protocol_notification_type_connection_idle is true
2026-02-11 18:57:24.400 E  AnalyticsReactNativeE2E[1758:1ad9163] [com.apple.network:connection] nw_socket_set_connection_idle [C21.1.1:2] setsockopt SO_CONNECTION_IDLE failed [42: Protocol not available]
