Filtering the log data using "processImagePath BEGINSWITH "/Users/abueide/Library/Developer/CoreSimulator/Devices/651CE25F-D2F4-404C-AC47-0364AA5C94A1/data/Containers/Bundle/Application/9D866461-291B-48FB-B6E1-BD13006561BC/AnalyticsReactNativeE2E.app""
Timestamp               Ty Process[PID:TID]
2026-02-11 19:26:17.751 I  AnalyticsReactNativeE2E[22143:1af5f25] [com.wix.Detox:WebSocket] Action received: invoke
2026-02-11 19:26:17.877 Df AnalyticsReactNativeE2E[22143:1af5f25] [com.apple.UIKit:EventDispatch] Sending UIEvent type: 0; subtype: 0; to windows: 1
2026-02-11 19:26:17.877 Df AnalyticsReactNativeE2E[22143:1af5f25] [com.apple.UIKit:EventDispatch] Sending UIEvent type: 0; subtype: 0; to window: <UIWindow: 0x10245e530>; contextId: 0x5BB28886
2026-02-11 19:26:17.877 A  AnalyticsReactNativeE2E[22143:1af5f25] (UIKitCore) send gesture actions
2026-02-11 19:26:17.894 Df AnalyticsReactNativeE2E[22143:1af5f25] [com.apple.UIKit:EventDispatch] Sending UIEvent type: 0; subtype: 0; to windows: 1
2026-02-11 19:26:17.894 Df AnalyticsReactNativeE2E[22143:1af5f25] [com.apple.UIKit:EventDispatch] Sending UIEvent type: 0; subtype: 0; to window: <UIWindow: 0x10245e530>; contextId: 0x5BB28886
2026-02-11 19:26:17.894 A  AnalyticsReactNativeE2E[22143:1af5f25] (UIKitCore) send gesture actions
2026-02-11 19:26:17.895 Df AnalyticsReactNativeE2E[22143:1af604b] [com.apple.CFNetwork:Default] Task <12025BE7-B4B4-4184-92C6-8580A3F75134>.<2> resuming, timeouts(0.0, 604800.0) qos(0x19) voucher((null)) activity(00000000-0000-0000-0000-000000000000)
2026-02-11 19:26:17.895 Db AnalyticsReactNativeE2E[22143:1af604b] [com.apple.network:activity] Returning should log: 0 for activity cfnetwork:foreground_task
2026-02-11 19:26:17.895 Db AnalyticsReactNativeE2E[22143:1af604b] [com.apple.network:activity] Domain cfnetwork rate configured in registry as 1 / 20000
2026-02-11 19:26:17.895 Db AnalyticsReactNativeE2E[22143:1af604b] [com.apple.network:activity] Domain cfnetwork rate configured after remote default override as 1 / 20000
2026-02-11 19:26:17.895 Db AnalyticsReactNativeE2E[22143:1af604b] [com.apple.network:activity] After reading settings plist, domain cfnetwork rate configured as 1 / 2000000
2026-02-11 19:26:17.895 Db AnalyticsReactNativeE2E[22143:1af604b] [com.apple.network:activity] After settings override, domain cfnetwork rate configured as 1 / 2000000
2026-02-11 19:26:17.895 Db AnalyticsReactNativeE2E[22143:1af604b] [com.apple.network:activity] Final domain cfnetwork rate configured as 1 / 2000000
2026-02-11 19:26:17.895 Db AnalyticsReactNativeE2E[22143:1af604b] [com.apple.network:activity] <nw_activity 12:2 [No UUID] (reporting strategy default)> sampled at 1 / 2000000
2026-02-11 19:26:17.895 Db AnalyticsReactNativeE2E[22143:1af604b] [com.apple.network:activity] Returning should log: 0 for activity cfnetwork:foreground_task
2026-02-11 19:26:17.895 Db AnalyticsReactNativeE2E[22143:1af604b] [com.apple.network:activity] Returning should log: 0 for activity cfnetwork:foreground_task
2026-02-11 19:26:17.895 Db AnalyticsReactNativeE2E[22143:1af604b] [com.apple.CFNetwork:Default] [Telemetry]: Activity <nw_activity 12:2 [F74D7756-AC56-45E6-97C0-026457908AD8] (reporting strategy default)> on Task <12025BE7-B4B4-4184-92C6-8580A3F75134>.<2> was not selected for reporting
2026-02-11 19:26:17.896 Db AnalyticsReactNativeE2E[22143:1af6633] [com.apple.networkextension:] ne_tracker_check_is_hostname_blocked() proceeding with the in_the_app check for hostname: localhost
2026-02-11 19:26:17.896 Db AnalyticsReactNativeE2E[22143:1af6633] [com.apple.CFBundle:resources] Resource lookup at CFBundle 0x600003b101c0 </Users/abueide/Library/Developer/CoreSimulator/Devices/651CE25F-D2F4-404C-AC47-0364AA5C94A1/data/Containers/Bundle/Application/9D866461-291B-48FB-B6E1-BD13006561BC/AnalyticsReactNativeE2E.app> (executable, loaded)
	Request       : InfoPlist type: strings
	Result        : None
2026-02-11 19:26:17.896 Db AnalyticsReactNativeE2E[22143:1af6633] [com.apple.CFBundle:resources] Resource lookup at CFBundle 0x600003b101c0 </Users/abueide/Library/Developer/CoreSimulator/Devices/651CE25F-D2F4-404C-AC47-0364AA5C94A1/data/Containers/Bundle/Application/9D866461-291B-48FB-B6E1-BD13006561BC/AnalyticsReactNativeE2E.app> (executable, loaded)
	Request       : InfoPlist type: stringsdict
	Result        : None
2026-02-11 19:26:17.896 Db AnalyticsReactNativeE2E[22143:1af6633] [com.apple.networkextension:] ne_tracker_check_is_hostname_blocked(): hostname localhost is not a tracker. Returning: ne_tracker_status_none
2026-02-11 19:26:17.896 Db AnalyticsReactNativeE2E[22143:1af6633] [com.apple.CFNetwork:ATS] Uploading ATS exception ATSAllowsLocalNetworking
2026-02-11 19:26:17.896 Db AnalyticsReactNativeE2E[22143:1af6633] [com.apple.CFNetwork:ATS] Uploading ATS exception ATSExceptionDomains
2026-02-11 19:26:17.896 A  AnalyticsReactNativeE2E[22143:1af604b] (Security) SecTrustReportNetworkingAnalytics
2026-02-11 19:26:17.896 Db AnalyticsReactNativeE2E[22143:1af6633] [com.apple.CFNetwork:Default] Connection 17: set is idle true
2026-02-11 19:26:17.896 Df AnalyticsReactNativeE2E[22143:1af6633] [com.apple.network:connection] [C17] event: client:connection_idle @2.157s
2026-02-11 19:26:17.896 I  AnalyticsReactNativeE2E[22143:1af6633] [com.apple.network:connection] nw_endpoint_handler_report_connection_idle [C17 IPv6#db82f2ed.9091 ready parent-flow (satisfied (Path is satisfied), interface: en0[802.11], uses wifi, LQM: unknown)] Reporting connection idle to protocols
2026-02-11 19:26:17.896 I  AnalyticsReactNativeE2E[22143:1af6633] [com.apple.network:connection] nw_flow_passthrough_notify [C17.1.1 IPv6#db82f2ed.9091 ready socket-flow (satisfied (Path is satisfied), interface: lo0)] received notification connection_idle
2026-02-11 19:26:17.896 Df AnalyticsReactNativeE2E[22143:1af6633] [com.apple.network:connection] nw_protocol_socket_notify [C17.1.1:2] nw_protocol_notification_type_connection_idle is true
2026-02-11 19:26:17.896 E  AnalyticsReactNativeE2E[22143:1af6633] [com.apple.network:connection] nw_socket_set_connection_idle [C17.1.1:2] setsockopt SO_CONNECTION_IDLE failed [42: Protocol not available]
2026-02-11 19:26:17.896 Df AnalyticsReactNativeE2E[22143:1af6633] [com.apple.CFNetwork:Default] Task <12025BE7-B4B4-4184-92C6-8580A3F75134>.<2> now using Connection 17
2026-02-11 19:26:17.896 Db AnalyticsReactNativeE2E[22143:1af6633] [com.apple.network:activity] Returning should log: 0 for activity cfnetwork:foreground_task
2026-02-11 19:26:17.896 Db AnalyticsReactNativeE2E[22143:1af6633] [com.apple.network:connection] nw_connection_modify_estimated_bytes_block_invoke [C17] Incremented estimated bytes to send by 1795, total now 1795
2026-02-11 19:26:17.896 Db AnalyticsReactNativeE2E[22143:1af6633] [com.apple.network:connection] nw_connection_modify_estimated_bytes_block_invoke [C17] Using lower threshold 12582912, upper threshold 31457280
2026-02-11 19:26:17.896 Db AnalyticsReactNativeE2E[22143:1af6633] [com.apple.CFNetwork:Default] Connection 17: set is idle false
2026-02-11 19:26:17.896 Df AnalyticsReactNativeE2E[22143:1af6633] [com.apple.network:connection] [C17] event: client:connection_reused @2.158s
2026-02-11 19:26:17.896 I  AnalyticsReactNativeE2E[22143:1af6633] [com.apple.network:connection] nw_endpoint_handler_report_connection_idle [C17 IPv6#db82f2ed.9091 ready parent-flow (satisfied (Path is satisfied), interface: en0[802.11], uses wifi, LQM: unknown)] Reporting connection not idle to protocols
2026-02-11 19:26:17.896 I  AnalyticsReactNativeE2E[22143:1af6633] [com.apple.network:connection] nw_flow_passthrough_notify [C17.1.1 IPv6#db82f2ed.9091 ready socket-flow (satisfied (Path is satisfied), interface: lo0)] received notification connection_idle
2026-02-11 19:26:17.896 Df AnalyticsReactNativeE2E[22143:1af6633] [com.apple.network:connection] nw_protocol_socket_notify [C17.1.1:2] nw_protocol_notification_type_connection_idle is false
2026-02-11 19:26:17.896 E  AnalyticsReactNativeE2E[22143:1af6633] [com.apple.network:connection] nw_socket_set_connection_idle [C17.1.1:2] setsockopt SO_CONNECTION_IDLE failed [42: Protocol not available]
2026-02-11 19:26:17.896 Df AnalyticsReactNativeE2E[22143:1af6039] [com.apple.CFNetwork:Default] Task <12025BE7-B4B4-4184-92C6-8580A3F75134>.<2> sent request, body S 1795
2026-02-11 19:26:17.897 Df AnalyticsReactNativeE2E[22143:1af6039] [com.apple.CFNetwork:Default] Task <12025BE7-B4B4-4184-92C6-8580A3F75134>.<2> received response, status 200 content K
2026-02-11 19:26:17.897 Db AnalyticsReactNativeE2E[22143:1af6039] [com.apple.network:connection] nw_connection_modify_estimated_bytes_block_invoke [C17] Incremented estimated bytes to receive by 20, total now 395
2026-02-11 19:26:17.897 Db AnalyticsReactNativeE2E[22143:1af6039] [com.apple.network:connection] nw_connection_modify_estimated_bytes_block_invoke [C17] Using lower threshold 12582912, upper threshold 31457280
2026-02-11 19:26:17.897 Df AnalyticsReactNativeE2E[22143:1af6039] [com.apple.CFNetwork:Default] Task <12025BE7-B4B4-4184-92C6-8580A3F75134>.<2> response ended
2026-02-11 19:26:17.897 Df AnalyticsReactNativeE2E[22143:1af6039] [com.apple.CFNetwork:Default] Task <12025BE7-B4B4-4184-92C6-8580A3F75134>.<2> done using Connection 17
2026-02-11 19:26:17.897 Db AnalyticsReactNativeE2E[22143:1af6039] [com.apple.network:activity] Returning should log: 0 for activity cfnetwork:foreground_task
2026-02-11 19:26:17.897 Db AnalyticsReactNativeE2E[22143:1af6039] [com.apple.CFNetwork:Default] Connection 17: set is idle true
2026-02-11 19:26:17.897 Df AnalyticsReactNativeE2E[22143:1af6039] [com.apple.network:connection] [C17] event: client:connection_idle @2.159s
2026-02-11 19:26:17.897 I  AnalyticsReactNativeE2E[22143:1af6039] [com.apple.network:connection] nw_endpoint_handler_report_connection_idle [C17 IPv6#db82f2ed.9091 ready parent-flow (satisfied (Path is satisfied), interface: en0[802.11], uses wifi, LQM: unknown)] Reporting connection idle to protocols
2026-02-11 19:26:17.897 I  AnalyticsReactNativeE2E[22143:1af6039] [com.apple.network:connection] nw_flow_passthrough_notify [C17.1.1 IPv6#db82f2ed.9091 ready socket-flow (satisfied (Path is satisfied), interface: lo0)] received notification connection_idle
2026-02-11 19:26:17.897 Df AnalyticsReactNativeE2E[22143:1af6039] [com.apple.network:connection] nw_protocol_socket_notify [C17.1.1:2] nw_protocol_notification_type_connection_idle is true
2026-02-11 19:26:17.897 E  AnalyticsReactNativeE2E[22143:1af6039] [com.apple.network:connection] nw_socket_set_connection_idle [C17.1.1:2] setsockopt SO_CONNECTION_IDLE failed [42: Protocol not available]
2026-02-11 19:26:17.897 Db AnalyticsReactNativeE2E[22143:1af6039] [com.apple.CFNetwork:Default] Connection 17: set is idle true
2026-02-11 19:26:17.897 Df AnalyticsReactNativeE2E[22143:1af6039] [com.apple.network:connection] [C17] event: client:connection_idle @2.159s
2026-02-11 19:26:17.897 Df AnalyticsReactNativeE2E[22143:1af6633] [com.apple.CFNetwork:Summary] Task <12025BE7-B4B4-4184-92C6-8580A3F75134>.<2> summary for task success {transaction_duration_ms=1, response_status=200, connection=17, reused=1, reused_after_ms=0, request_start_ms=0, request_duration_ms=0, response_start_ms=1, response_duration_ms=0, request_bytes=2086, request_throughput_kbps=90666, response_bytes=255, response_throughput_kbps=12000, cache_hit=true}
2026-02-11 19:26:17.897 I  AnalyticsReactNativeE2E[22143:1af6039] [com.apple.network:connection] nw_endpoint_handler_report_connection_idle [C17 IPv6#db82f2ed.9091 ready parent-flow (satisfied (Path is satisfied), interface: en0[802.11], uses wifi, LQM: unknown)] Reporting connection idle to protocols
2026-02-11 19:26:17.897 I  AnalyticsReactNativeE2E[22143:1af5fc4] [com.apple.runningboard:assertion] Acquiring assertion: <RBSAssertionDescriptor| "com.apple.CFNetwork.StorageDB" ID:(null) target:22143>
2026-02-11 19:26:17.897 Df AnalyticsReactNativeE2E[22143:1af6633] [com.apple.CFNetwork:Default] Task <12025BE7-B4B4-4184-92C6-8580A3F75134>.<2> finished successfully
2026-02-11 19:26:17.897 Db AnalyticsReactNativeE2E[22143:1af6633] [com.apple.network:activity] Returning should log: 0 for activity cfnetwork:foreground_task
2026-02-11 19:26:17.897 I  AnalyticsReactNativeE2E[22143:1af6039] [com.apple.network:connection] nw_flow_passthrough_notify [C17.1.1 IPv6#db82f2ed.9091 ready socket-flow (satisfied (Path is satisfied), interface: lo0)] received notification connection_idle
2026-02-11 19:26:17.897 Db AnalyticsReactNativeE2E[22143:1af6633] [com.apple.network:activity] Returning should log: 0 for activity cfnetwork:foreground_task
2026-02-11 19:26:17.898 Db AnalyticsReactNativeE2E[22143:1af6633] [com.apple.network:activity] No threshold for cfnetwork:foreground_task, returning NW_ACTIVITY_DURATION_INVALID
2026-02-11 19:26:17.898 Db AnalyticsReactNativeE2E[22143:1af6633] [com.apple.network:activity] No threshold for activity <nw_activity 12:2 [F74D7756-AC56-45E6-97C0-026457908AD8] (reporting strategy default) complete (reason success)>
2026-02-11 19:26:17.898 Df AnalyticsReactNativeE2E[22143:1af6039] [com.apple.network:connection] nw_protocol_socket_notify [C17.1.1:2] nw_protocol_notification_type_connection_idle is true
2026-02-11 19:26:17.898 E  AnalyticsReactNativeE2E[22143:1af6039] [com.apple.network:connection] nw_socket_set_connection_idle [C17.1.1:2] setsockopt SO_CONNECTION_IDLE failed [42: Protocol not available]
2026-02-11 19:26:17.898 I  AnalyticsReactNativeE2E[22143:1af7f4b] [com.facebook.react.log:javascript] Sent 2 events
2026-02-11 19:26:17.899 Db AnalyticsReactNativeE2E[22143:1af5fc4] [com.apple.runningboard:assertion] Adding assertion 1422-22143-1528 to dictionary
2026-02-11 19:26:17.899 Df AnalyticsReactNativeE2E[22143:1af604b] [com.apple.securityd:SecError] SecTrustReportNetworkingAnalytics failed with error: -4
2026-02-11 19:26:17.899 A  AnalyticsReactNativeE2E[22143:1af604b] (Security) SecTrustReportNetworkingAnalytics
2026-02-11 19:26:17.900 Df AnalyticsReactNativeE2E[22143:1af604b] [com.apple.securityd:SecError] SecTrustReportNetworkingAnalytics failed with error: -4
2026-02-11 19:26:19.285 I  AnalyticsReactNativeE2E[22143:1af5f25] [com.wix.Detox:WebSocket] Action received: invoke
2026-02-11 19:26:19.391 Db AnalyticsReactNativeE2E[22143:1af6039] [com.apple.network:connection] nw_association_schedule_deactivation_block_invoke <nw_association Hostname#ce1541e9:9091> becoming dormant
2026-02-11 19:26:19.391 Db AnalyticsReactNativeE2E[22143:1af6039] [com.apple.network:connection] nw_association_schedule_deactivation_block_invoke <nw_association IPv6#db82f2ed.9091> becoming dormant
2026-02-11 19:26:19.391 Db AnalyticsReactNativeE2E[22143:1af6039] [com.apple.CFNetwork:Coalescing] removing all entries config 0x6000002a9040
2026-02-11 19:26:19.391 I  AnalyticsReactNativeE2E[22143:1af6039] [com.apple.network:] nw_context_dealloc Deallocating context <nw_context (null) (private)>
2026-02-11 19:26:19.391 I  AnalyticsReactNativeE2E[22143:1af6039] [com.apple.network:] nw_context_purge_endpoints Context <nw_context com.apple.CFNetwork.NSURLSession.{7220EAC9-949E-4D2C-BEA5-A2090CE3932F}{(null)}{Y}{2}{0x0} (private)> has more than 0 cache entries, purging 1 from 1 down to 0
2026-02-11 19:26:19.391 Db AnalyticsReactNativeE2E[22143:1af6039] [com.apple.network:endpoint] endpoint IPv6#db82f2ed.9091 has nothing to cleanup, no protocol instance registrars
2026-02-11 19:26:19.391 Db AnalyticsReactNativeE2E[22143:1af6039] [com.apple.network:endpoint] endpoint Hostname#ce1541e9:9091 has nothing to cleanup, no protocol instance registrars
2026-02-11 19:26:19.391 I  AnalyticsReactNativeE2E[22143:1af6039] [com.apple.network:] nw_context_dealloc Deallocating context <nw_context (null) (private)>
2026-02-11 19:26:19.427 Df AnalyticsReactNativeE2E[22143:1af5f25] [com.apple.UIKit:EventDispatch] Sending UIEvent type: 0; subtype: 0; to windows: 1
2026-02-11 19:26:19.428 Df AnalyticsReactNativeE2E[22143:1af5f25] [com.apple.UIKit:EventDispatch] Sending UIEvent type: 0; subtype: 0; to window: <UIWindow: 0x10245e530>; contextId: 0x5BB28886
2026-02-11 19:26:19.428 A  AnalyticsReactNativeE2E[22143:1af5f25] (UIKitCore) send gesture actions
2026-02-11 19:26:19.444 Df AnalyticsReactNativeE2E[22143:1af5f25] [com.apple.UIKit:EventDispatch] Sending UIEvent type: 0; subtype: 0; to windows: 1
2026-02-11 19:26:19.444 Df AnalyticsReactNativeE2E[22143:1af5f25] [com.apple.UIKit:EventDispatch] Sending UIEvent type: 0; subtype: 0; to window: <UIWindow: 0x10245e530>; contextId: 0x5BB28886
2026-02-11 19:26:19.444 A  AnalyticsReactNativeE2E[22143:1af5f25] (UIKitCore) send gesture actions
2026-02-11 19:26:19.445 I  AnalyticsReactNativeE2E[22143:1af7f4b] [com.facebook.react.log:javascript] 'TRACK event saved', { type: 'track',
  event: 'Track pressed',
  properties: { foo: 'bar' } }
2026-02-11 19:26:20.134 I  AnalyticsReactNativeE2E[22143:1af5f25] [com.wix.Detox:WebSocket] Action received: invoke
2026-02-11 19:26:20.277 Df AnalyticsReactNativeE2E[22143:1af5f25] [com.apple.UIKit:EventDispatch] Sending UIEvent type: 0; subtype: 0; to windows: 1
2026-02-11 19:26:20.278 Df AnalyticsReactNativeE2E[22143:1af5f25] [com.apple.UIKit:EventDispatch] Sending UIEvent type: 0; subtype: 0; to window: <UIWindow: 0x10245e530>; contextId: 0x5BB28886
2026-02-11 19:26:20.278 A  AnalyticsReactNativeE2E[22143:1af5f25] (UIKitCore) send gesture actions
2026-02-11 19:26:20.293 Df AnalyticsReactNativeE2E[22143:1af5f25] [com.apple.UIKit:EventDispatch] Sending UIEvent type: 0; subtype: 0; to windows: 1
2026-02-11 19:26:20.294 Df AnalyticsReactNativeE2E[22143:1af5f25] [com.apple.UIKit:EventDispatch] Sending UIEvent type: 0; subtype: 0; to window: <UIWindow: 0x10245e530>; contextId: 0x5BB28886
2026-02-11 19:26:20.294 A  AnalyticsReactNativeE2E[22143:1af5f25] (UIKitCore) send gesture actions
2026-02-11 19:26:20.294 Df AnalyticsReactNativeE2E[22143:1af690e] [com.apple.CFNetwork:Default] Task <4E17DAD7-A8FE-41D9-A5A7-92A702C6DBB2>.<3> resuming, timeouts(0.0, 604800.0) qos(0x19) voucher((null)) activity(00000000-0000-0000-0000-000000000000)
2026-02-11 19:26:20.294 Db AnalyticsReactNativeE2E[22143:1af690e] [com.apple.network:activity] Returning should log: 0 for activity cfnetwork:foreground_task
2026-02-11 19:26:20.294 Db AnalyticsReactNativeE2E[22143:1af690e] [com.apple.network:activity] Domain cfnetwork rate configured in registry as 1 / 20000
2026-02-11 19:26:20.294 Db AnalyticsReactNativeE2E[22143:1af690e] [com.apple.network:activity] Domain cfnetwork rate configured after remote default override as 1 / 20000
2026-02-11 19:26:20.294 Db AnalyticsReactNativeE2E[22143:1af690e] [com.apple.network:activity] After reading settings plist, domain cfnetwork rate configured as 1 / 2000000
2026-02-11 19:26:20.294 Db AnalyticsReactNativeE2E[22143:1af690e] [com.apple.network:activity] After settings override, domain cfnetwork rate configured as 1 / 2000000
2026-02-11 19:26:20.294 Db AnalyticsReactNativeE2E[22143:1af690e] [com.apple.network:activity] Final domain cfnetwork rate configured as 1 / 2000000
2026-02-11 19:26:20.294 Db AnalyticsReactNativeE2E[22143:1af690e] [com.apple.network:activity] <nw_activity 12:2 [No UUID] (reporting strategy default)> sampled at 1 / 2000000
2026-02-11 19:26:20.294 Db AnalyticsReactNativeE2E[22143:1af690e] [com.apple.network:activity] Returning should log: 0 for activity cfnetwork:foreground_task
2026-02-11 19:26:20.294 Db AnalyticsReactNativeE2E[22143:1af690e] [com.apple.network:activity] Returning should log: 0 for activity cfnetwork:foreground_task
2026-02-11 19:26:20.294 Db AnalyticsReactNativeE2E[22143:1af690e] [com.apple.CFNetwork:Default] [Telemetry]: Activity <nw_activity 12:2 [667E1CC3-8535-4281-B32C-B50A5ECC19F8] (reporting strategy default)> on Task <4E17DAD7-A8FE-41D9-A5A7-92A702C6DBB2>.<3> was not selected for reporting
2026-02-11 19:26:20.295 Db AnalyticsReactNativeE2E[22143:1af6039] [com.apple.networkextension:] ne_tracker_check_is_hostname_blocked() proceeding with the in_the_app check for hostname: localhost
2026-02-11 19:26:20.295 Db AnalyticsReactNativeE2E[22143:1af6039] [com.apple.CFBundle:resources] Resource lookup at CFBundle 0x600003b101c0 </Users/abueide/Library/Developer/CoreSimulator/Devices/651CE25F-D2F4-404C-AC47-0364AA5C94A1/data/Containers/Bundle/Application/9D866461-291B-48FB-B6E1-BD13006561BC/AnalyticsReactNativeE2E.app> (executable, loaded)
	Request       : InfoPlist type: strings
	Result        : None
2026-02-11 19:26:20.295 Db AnalyticsReactNativeE2E[22143:1af6039] [com.apple.CFBundle:resources] Resource lookup at CFBundle 0x600003b101c0 </Users/abueide/Library/Developer/CoreSimulator/Devices/651CE25F-D2F4-404C-AC47-0364AA5C94A1/data/Containers/Bundle/Application/9D866461-291B-48FB-B6E1-BD13006561BC/AnalyticsReactNativeE2E.app> (executable, loaded)
	Request       : InfoPlist type: stringsdict
	Result        : None
2026-02-11 19:26:20.295 Db AnalyticsReactNativeE2E[22143:1af6039] [com.apple.networkextension:] ne_tracker_check_is_hostname_blocked(): hostname localhost is not a tracker. Returning: ne_tracker_status_none
2026-02-11 19:26:20.295 Db AnalyticsReactNativeE2E[22143:1af6039] [com.apple.CFNetwork:ATS] Uploading ATS exception ATSAllowsLocalNetworking
2026-02-11 19:26:20.295 Db AnalyticsReactNativeE2E[22143:1af6039] [com.apple.CFNetwork:ATS] Uploading ATS exception ATSExceptionDomains
2026-02-11 19:26:20.295 A  AnalyticsReactNativeE2E[22143:1af690e] (Security) SecTrustReportNetworkingAnalytics
2026-02-11 19:26:20.295 Db AnalyticsReactNativeE2E[22143:1af6039] [com.apple.CFNetwork:Default] Connection 17: set is idle true
2026-02-11 19:26:20.295 Df AnalyticsReactNativeE2E[22143:1af6039] [com.apple.network:connection] [C17] event: client:connection_idle @4.557s
2026-02-11 19:26:20.295 I  AnalyticsReactNativeE2E[22143:1af6039] [com.apple.network:connection] nw_endpoint_handler_report_connection_idle [C17 IPv6#db82f2ed.9091 ready parent-flow (satisfied (Path is satisfied), interface: en0[802.11], uses wifi, LQM: unknown)] Reporting connection idle to protocols
2026-02-11 19:26:20.295 I  AnalyticsReactNativeE2E[22143:1af6039] [com.apple.network:connection] nw_flow_passthrough_notify [C17.1.1 IPv6#db82f2ed.9091 ready socket-flow (satisfied (Path is satisfied), interface: lo0)] received notification connection_idle
2026-02-11 19:26:20.295 Df AnalyticsReactNativeE2E[22143:1af6039] [com.apple.network:connection] nw_protocol_socket_notify [C17.1.1:2] nw_protocol_notification_type_connection_idle is true
2026-02-11 19:26:20.295 E  AnalyticsReactNativeE2E[22143:1af6039] [com.apple.network:connection] nw_socket_set_connection_idle [C17.1.1:2] setsockopt SO_CONNECTION_IDLE failed [42: Protocol not available]
2026-02-11 19:26:20.295 Df AnalyticsReactNativeE2E[22143:1af6039] [com.apple.CFNetwork:Default] Task <4E17DAD7-A8FE-41D9-A5A7-92A702C6DBB2>.<3> now using Connection 17
2026-02-11 19:26:20.295 Db AnalyticsReactNativeE2E[22143:1af6039] [com.apple.network:activity] Returning should log: 0 for activity cfnetwork:foreground_task
2026-02-11 19:26:20.295 Db AnalyticsReactNativeE2E[22143:1af6039] [com.apple.network:connection] nw_connection_modify_estimated_bytes_block_invoke [C17] Incremented estimated bytes to send by 907, total now 2702
2026-02-11 19:26:20.295 Db AnalyticsReactNativeE2E[22143:1af6039] [com.apple.network:connection] nw_connection_modify_estimated_bytes_block_invoke [C17] Using lower threshold 12582912, upper threshold 31457280
2026-02-11 19:26:20.295 Db AnalyticsReactNativeE2E[22143:1af6039] [com.apple.CFNetwork:Default] Connection 17: set is idle false
2026-02-11 19:26:20.295 Df AnalyticsReactNativeE2E[22143:1af6039] [com.apple.network:connection] [C17] event: client:connection_reused @4.557s
2026-02-11 19:26:20.295 I  AnalyticsReactNativeE2E[22143:1af6039] [com.apple.network:connection] nw_endpoint_handler_report_connection_idle [C17 IPv6#db82f2ed.9091 ready parent-flow (satisfied (Path is satisfied), interface: en0[802.11], uses wifi, LQM: unknown)] Reporting connection not idle to protocols
2026-02-11 19:26:20.295 I  AnalyticsReactNativeE2E[22143:1af6039] [com.apple.network:connection] nw_flow_passthrough_notify [C17.1.1 IPv6#db82f2ed.9091 ready socket-flow (satisfied (Path is satisfied), interface: lo0)] received notification connection_idle
2026-02-11 19:26:20.295 Df AnalyticsReactNativeE2E[22143:1af6039] [com.apple.network:connection] nw_protocol_socket_notify [C17.1.1:2] nw_protocol_notification_type_connection_idle is false
2026-02-11 19:26:20.295 E  AnalyticsReactNativeE2E[22143:1af6039] [com.apple.network:connection] nw_socket_set_connection_idle [C17.1.1:2] setsockopt SO_CONNECTION_IDLE failed [42: Protocol not available]
2026-02-11 19:26:20.295 Df AnalyticsReactNativeE2E[22143:1af690e] [com.apple.securityd:SecError] SecTrustReportNetworkingAnalytics failed with error: -4
2026-02-11 19:26:20.295 A  AnalyticsReactNativeE2E[22143:1af690e] (Security) SecTrustReportNetworkingAnalytics
2026-02-11 19:26:20.296 Df AnalyticsReactNativeE2E[22143:1af604b] [com.apple.CFNetwork:Default] Task <4E17DAD7-A8FE-41D9-A5A7-92A702C6DBB2>.<3> sent request, body S 907
2026-02-11 19:26:20.296 Df AnalyticsReactNativeE2E[22143:1af690e] [com.apple.securityd:SecError] SecTrustReportNetworkingAnalytics failed with error: -4
2026-02-11 19:26:20.296 Df AnalyticsReactNativeE2E[22143:1af690e] [com.apple.CFNetwork:Default] Task <4E17DAD7-A8FE-41D9-A5A7-92A702C6DBB2>.<3> received response, status 429 content K
2026-02-11 19:26:20.296 Db AnalyticsReactNativeE2E[22143:1af690e] [com.apple.network:connection] nw_connection_modify_estimated_bytes_block_invoke [C17] Incremented estimated bytes to receive by 24, total now 419
2026-02-11 19:26:20.296 Db AnalyticsReactNativeE2E[22143:1af690e] [com.apple.network:connection] nw_connection_modify_estimated_bytes_block_invoke [C17] Using lower threshold 12582912, upper threshold 31457280
2026-02-11 19:26:20.296 Df AnalyticsReactNativeE2E[22143:1af690e] [com.apple.CFNetwork:Default] Task <4E17DAD7-A8FE-41D9-A5A7-92A702C6DBB2>.<3> response ended
2026-02-11 19:26:20.296 Df AnalyticsReactNativeE2E[22143:1af690e] [com.apple.CFNetwork:Default] Task <4E17DAD7-A8FE-41D9-A5A7-92A702C6DBB2>.<3> done using Connection 17
2026-02-11 19:26:20.296 Db AnalyticsReactNativeE2E[22143:1af690e] [com.apple.network:activity] Returning should log: 0 for activity cfnetwork:foreground_task
2026-02-11 19:26:20.296 Db AnalyticsReactNativeE2E[22143:1af690e] [com.apple.CFNetwork:Default] Connection 17: set is idle true
2026-02-11 19:26:20.296 Df AnalyticsReactNativeE2E[22143:1af6039] [com.apple.CFNetwork:Summary] Task <4E17DAD7-A8FE-41D9-A5A7-92A702C6DBB2>.<3> summary for task success {transaction_duration_ms=1, response_status=429, connection=17, reused=1, reused_after_ms=0, request_start_ms=0, request_duration_ms=0, response_start_ms=1, response_duration_ms=0, request_bytes=1197, request_throughput_kbps=63854, response_bytes=318, response_throughput_kbps=13750, cache_hit=true}
2026-02-11 19:26:20.296 Df AnalyticsReactNativeE2E[22143:1af690e] [com.apple.network:connection] [C17] event: client:connection_idle @4.558s
2026-02-11 19:26:20.296 I  AnalyticsReactNativeE2E[22143:1af690e] [com.apple.network:connection] nw_endpoint_handler_report_connection_idle [C17 IPv6#db82f2ed.9091 ready parent-flow (satisfied (Path is satisfied), interface: en0[802.11], uses wifi, LQM: unknown)] Reporting connection idle to protocols
2026-02-11 19:26:20.296 Df AnalyticsReactNativeE2E[22143:1af6039] [com.apple.CFNetwork:Default] Task <4E17DAD7-A8FE-41D9-A5A7-92A702C6DBB2>.<3> finished successfully
2026-02-11 19:26:20.296 I  AnalyticsReactNativeE2E[22143:1af690e] [com.apple.network:connection] nw_flow_passthrough_notify [C17.1.1 IPv6#db82f2ed.9091 ready socket-flow (satisfied (Path is satisfied), interface: lo0)] received notification connection_idle
2026-02-11 19:26:20.296 Db AnalyticsReactNativeE2E[22143:1af6039] [com.apple.network:activity] Returning should log: 0 for activity cfnetwork:foreground_task
2026-02-11 19:26:20.296 Db AnalyticsReactNativeE2E[22143:1af6039] [com.apple.network:activity] Returning should log: 0 for activity cfnetwork:foreground_task
2026-02-11 19:26:20.296 Df AnalyticsReactNativeE2E[22143:1af690e] [com.apple.network:connection] nw_protocol_socket_notify [C17.1.1:2] nw_protocol_notification_type_connection_idle is true
2026-02-11 19:26:20.296 Db AnalyticsReactNativeE2E[22143:1af6039] [com.apple.network:activity] No threshold for cfnetwork:foreground_task, returning NW_ACTIVITY_DURATION_INVALID
2026-02-11 19:26:20.297 E  AnalyticsReactNativeE2E[22143:1af690e] [com.apple.network:connection] nw_socket_set_connection_idle [C17.1.1:2] setsockopt SO_CONNECTION_IDLE failed [42: Protocol not available]
2026-02-11 19:26:20.297 Db AnalyticsReactNativeE2E[22143:1af6039] [com.apple.network:activity] No threshold for activity <nw_activity 12:2 [667E1CC3-8535-4281-B32C-B50A5ECC19F8] (reporting strategy default) complete (reason success)>
2026-02-11 19:26:20.297 Db AnalyticsReactNativeE2E[22143:1af690e] [com.apple.CFNetwork:Default] Connection 17: set is idle true
2026-02-11 19:26:20.297 Df AnalyticsReactNativeE2E[22143:1af690e] [com.apple.network:connection] [C17] event: client:connection_idle @4.558s
2026-02-11 19:26:20.297 I  AnalyticsReactNativeE2E[22143:1af690e] [com.apple.network:connection] nw_endpoint_handler_report_connection_idle [C17 IPv6#db82f2ed.9091 ready parent-flow (satisfied (Path is satisfied), interface: en0[802.11], uses wifi, LQM: unknown)] Reporting connection idle to protocols
2026-02-11 19:26:20.297 I  AnalyticsReactNativeE2E[22143:1af690e] [com.apple.network:connection] nw_flow_passthrough_notify [C17.1.1 IPv6#db82f2ed.9091 ready socket-flow (satisfied (Path is satisfied), interface: lo0)] received notification connection_idle
2026-02-11 19:26:20.297 Df AnalyticsReactNativeE2E[22143:1af690e] [com.apple.network:connection] nw_protocol_socket_notify [C17.1.1:2] nw_protocol_notification_type_connection_idle is true
2026-02-11 19:26:20.297 E  AnalyticsReactNativeE2E[22143:1af690e] [com.apple.network:connection] nw_socket_set_connection_idle [C17.1.1:2] setsockopt SO_CONNECTION_IDLE failed [42: Protocol not available]
2026-02-11 19:26:20.297 I  AnalyticsReactNativeE2E[22143:1af7f4b] [com.facebook.react.log:javascript] 'An internal error occurred: ', { [Error] type: 1, innerError: undefined, statusCode: 429 }
2026-02-11 19:26:20.297 I  AnalyticsReactNativeE2E[22143:1af7f4b] [com.facebook.react.log:javascript] { [Error] type: 1, innerError: undefined, statusCode: 429 }
2026-02-11 19:26:20.297 E  AnalyticsReactNativeE2E[22143:1af7f4b] [com.facebook.react.log:javascript] Failed to send 1 events.
2026-02-11 19:26:20.984 I  AnalyticsReactNativeE2E[22143:1af5f25] [com.wix.Detox:WebSocket] Action received: invoke
2026-02-11 19:26:21.127 Df AnalyticsReactNativeE2E[22143:1af5f25] [com.apple.UIKit:EventDispatch] Sending UIEvent type: 0; subtype: 0; to windows: 1
2026-02-11 19:26:21.127 Df AnalyticsReactNativeE2E[22143:1af5f25] [com.apple.UIKit:EventDispatch] Sending UIEvent type: 0; subtype: 0; to window: <UIWindow: 0x10245e530>; contextId: 0x5BB28886
2026-02-11 19:26:21.128 A  AnalyticsReactNativeE2E[22143:1af5f25] (UIKitCore) send gesture actions
2026-02-11 19:26:21.144 Df AnalyticsReactNativeE2E[22143:1af5f25] [com.apple.UIKit:EventDispatch] Sending UIEvent type: 0; subtype: 0; to windows: 1
2026-02-11 19:26:21.144 Df AnalyticsReactNativeE2E[22143:1af5f25] [com.apple.UIKit:EventDispatch] Sending UIEvent type: 0; subtype: 0; to window: <UIWindow: 0x10245e530>; contextId: 0x5BB28886
2026-02-11 19:26:21.144 A  AnalyticsReactNativeE2E[22143:1af5f25] (UIKitCore) send gesture actions
2026-02-11 19:26:21.145 Df AnalyticsReactNativeE2E[22143:1af6039] [com.apple.CFNetwork:Default] Task <44A37BE8-7082-4D53-AC1D-5AE39ACAD232>.<4> resuming, timeouts(0.0, 604800.0) qos(0x19) voucher((null)) activity(00000000-0000-0000-0000-000000000000)
2026-02-11 19:26:21.145 Db AnalyticsReactNativeE2E[22143:1af6039] [com.apple.network:activity] Returning should log: 0 for activity cfnetwork:foreground_task
2026-02-11 19:26:21.145 Db AnalyticsReactNativeE2E[22143:1af6039] [com.apple.network:activity] Domain cfnetwork rate configured in registry as 1 / 20000
2026-02-11 19:26:21.145 Db AnalyticsReactNativeE2E[22143:1af6039] [com.apple.network:activity] Domain cfnetwork rate configured after remote default override as 1 / 20000
2026-02-11 19:26:21.145 Db AnalyticsReactNativeE2E[22143:1af6039] [com.apple.network:activity] After reading settings plist, domain cfnetwork rate configured as 1 / 2000000
2026-02-11 19:26:21.145 Db AnalyticsReactNativeE2E[22143:1af6039] [com.apple.network:activity] After settings override, domain cfnetwork rate configured as 1 / 2000000
2026-02-11 19:26:21.145 Db AnalyticsReactNativeE2E[22143:1af6039] [com.apple.network:activity] Final domain cfnetwork rate configured as 1 / 2000000
2026-02-11 19:26:21.145 Db AnalyticsReactNativeE2E[22143:1af6039] [com.apple.network:activity] <nw_activity 12:2 [No UUID] (reporting strategy default)> sampled at 1 / 2000000
2026-02-11 19:26:21.145 Db AnalyticsReactNativeE2E[22143:1af6039] [com.apple.network:activity] Returning should log: 0 for activity cfnetwork:foreground_task
2026-02-11 19:26:21.145 Db AnalyticsReactNativeE2E[22143:1af6039] [com.apple.network:activity] Returning should log: 0 for activity cfnetwork:foreground_task
2026-02-11 19:26:21.145 Db AnalyticsReactNativeE2E[22143:1af6039] [com.apple.CFNetwork:Default] [Telemetry]: Activity <nw_activity 12:2 [CDEFBF62-7000-4321-BCEE-4E5D96DFBA12] (reporting strategy default)> on Task <44A37BE8-7082-4D53-AC1D-5AE39ACAD232>.<4> was not selected for reporting
2026-02-11 19:26:21.145 Db AnalyticsReactNativeE2E[22143:1af6039] [com.apple.networkextension:] ne_tracker_check_is_hostname_blocked() proceeding with the in_the_app check for hostname: localhost
2026-02-11 19:26:21.145 Db AnalyticsReactNativeE2E[22143:1af6039] [com.apple.CFBundle:resources] Resource lookup at CFBundle 0x600003b101c0 </Users/abueide/Library/Developer/CoreSimulator/Devices/651CE25F-D2F4-404C-AC47-0364AA5C94A1/data/Containers/Bundle/Application/9D866461-291B-48FB-B6E1-BD13006561BC/AnalyticsReactNativeE2E.app> (executable, loaded)
	Request       : InfoPlist type: strings
	Result        : None
2026-02-11 19:26:21.145 Db AnalyticsReactNativeE2E[22143:1af6039] [com.apple.CFBundle:resources] Resource lookup at CFBundle 0x600003b101c0 </Users/abueide/Library/Developer/CoreSimulator/Devices/651CE25F-D2F4-404C-AC47-0364AA5C94A1/data/Containers/Bundle/Application/9D866461-291B-48FB-B6E1-BD13006561BC/AnalyticsReactNativeE2E.app> (executable, loaded)
	Request       : InfoPlist type: stringsdict
	Result        : None
2026-02-11 19:26:21.145 Db AnalyticsReactNativeE2E[22143:1af6039] [com.apple.networkextension:] ne_tracker_check_is_hostname_blocked(): hostname localhost is not a tracker. Returning: ne_tracker_status_none
2026-02-11 19:26:21.145 Db AnalyticsReactNativeE2E[22143:1af6039] [com.apple.CFNetwork:ATS] Uploading ATS exception ATSAllowsLocalNetworking
2026-02-11 19:26:21.145 Db AnalyticsReactNativeE2E[22143:1af6039] [com.apple.CFNetwork:ATS] Uploading ATS exception ATSExceptionDomains
2026-02-11 19:26:21.145 A  AnalyticsReactNativeE2E[22143:1af690e] (Security) SecTrustReportNetworkingAnalytics
2026-02-11 19:26:21.145 Db AnalyticsReactNativeE2E[22143:1af6039] [com.apple.CFNetwork:Default] Connection 17: set is idle true
2026-02-11 19:26:21.145 Df AnalyticsReactNativeE2E[22143:1af6039] [com.apple.network:connection] [C17] event: client:connection_idle @5.407s
2026-02-11 19:26:21.145 I  AnalyticsReactNativeE2E[22143:1af6039] [com.apple.network:connection] nw_endpoint_handler_report_connection_idle [C17 IPv6#db82f2ed.9091 ready parent-flow (satisfied (Path is satisfied), interface: en0[802.11], uses wifi, LQM: unknown)] Reporting connection idle to protocols
2026-02-11 19:26:21.145 I  AnalyticsReactNativeE2E[22143:1af6039] [com.apple.network:connection] nw_flow_passthrough_notify [C17.1.1 IPv6#db82f2ed.9091 ready socket-flow (satisfied (Path is satisfied), interface: lo0)] received notification connection_idle
2026-02-11 19:26:21.145 Df AnalyticsReactNativeE2E[22143:1af6039] [com.apple.network:connection] nw_protocol_socket_notify [C17.1.1:2] nw_protocol_notification_type_connection_idle is true
2026-02-11 19:26:21.145 E  AnalyticsReactNativeE2E[22143:1af6039] [com.apple.network:connection] nw_socket_set_connection_idle [C17.1.1:2] setsockopt SO_CONNECTION_IDLE failed [42: Protocol not available]
2026-02-11 19:26:21.145 Df AnalyticsReactNativeE2E[22143:1af6039] [com.apple.CFNetwork:Default] Task <44A37BE8-7082-4D53-AC1D-5AE39ACAD232>.<4> now using Connection 17
2026-02-11 19:26:21.145 Db AnalyticsReactNativeE2E[22143:1af6039] [com.apple.network:activity] Returning should log: 0 for activity cfnetwork:foreground_task
2026-02-11 19:26:21.146 Db AnalyticsReactNativeE2E[22143:1af6039] [com.apple.network:connection] nw_connection_modify_estimated_bytes_block_invoke [C17] Incremented estimated bytes to send by 907, total now 3609
2026-02-11 19:26:21.146 Db AnalyticsReactNativeE2E[22143:1af6039] [com.apple.network:connection] nw_connection_modify_estimated_bytes_block_invoke [C17] Using lower threshold 12582912, upper threshold 31457280
2026-02-11 19:26:21.146 Db AnalyticsReactNativeE2E[22143:1af6039] [com.apple.CFNetwork:Default] Connection 17: set is idle false
2026-02-11 19:26:21.146 Df AnalyticsReactNativeE2E[22143:1af6039] [com.apple.network:connection] [C17] event: client:connection_reused @5.407s
2026-02-11 19:26:21.146 I  AnalyticsReactNativeE2E[22143:1af6039] [com.apple.network:connection] nw_endpoint_handler_report_connection_idle [C17 IPv6#db82f2ed.9091 ready parent-flow (satisfied (Path is satisfied), interface: en0[802.11], uses wifi, LQM: unknown)] Reporting connection not idle to protocols
2026-02-11 19:26:21.146 I  AnalyticsReactNativeE2E[22143:1af6039] [com.apple.network:connection] nw_flow_passthrough_notify [C17.1.1 IPv6#db82f2ed.9091 ready socket-flow (satisfied (Path is satisfied), interface: lo0)] received notification connection_idle
2026-02-11 19:26:21.146 Df AnalyticsReactNativeE2E[22143:1af6039] [com.apple.network:connection] nw_protocol_socket_notify [C17.1.1:2] nw_protocol_notification_type_connection_idle is false
2026-02-11 19:26:21.146 E  AnalyticsReactNativeE2E[22143:1af6039] [com.apple.network:connection] nw_socket_set_connection_idle [C17.1.1:2] setsockopt SO_CONNECTION_IDLE failed [42: Protocol not available]
2026-02-11 19:26:21.146 Df AnalyticsReactNativeE2E[22143:1af604b] [com.apple.CFNetwork:Default] Task <44A37BE8-7082-4D53-AC1D-5AE39ACAD232>.<4> sent request, body S 907
2026-02-11 19:26:21.146 Df AnalyticsReactNativeE2E[22143:1af690e] [com.apple.securityd:SecError] SecTrustReportNetworkingAnalytics failed with error: -4
2026-02-11 19:26:21.146 A  AnalyticsReactNativeE2E[22143:1af690e] (Security) SecTrustReportNetworkingAnalytics
2026-02-11 19:26:21.146 Df AnalyticsReactNativeE2E[22143:1af690e] [com.apple.securityd:SecError] SecTrustReportNetworkingAnalytics failed with error: -4
2026-02-11 19:26:21.147 Df AnalyticsReactNativeE2E[22143:1af690e] [com.apple.CFNetwork:Default] Task <44A37BE8-7082-4D53-AC1D-5AE39ACAD232>.<4> received response, status 429 content K
2026-02-11 19:26:21.147 Db AnalyticsReactNativeE2E[22143:1af690e] [com.apple.network:connection] nw_connection_modify_estimated_bytes_block_invoke [C17] Incremented estimated bytes to receive by 24, total now 443
2026-02-11 19:26:21.147 Db AnalyticsReactNativeE2E[22143:1af690e] [com.apple.network:connection] nw_connection_modify_estimated_bytes_block_invoke [C17] Using lower threshold 12582912, upper threshold 31457280
2026-02-11 19:26:21.147 Df AnalyticsReactNativeE2E[22143:1af690e] [com.apple.CFNetwork:Default] Task <44A37BE8-7082-4D53-AC1D-5AE39ACAD232>.<4> response ended
2026-02-11 19:26:21.147 Df AnalyticsReactNativeE2E[22143:1af690e] [com.apple.CFNetwork:Default] Task <44A37BE8-7082-4D53-AC1D-5AE39ACAD232>.<4> done using Connection 17
2026-02-11 19:26:21.147 Db AnalyticsReactNativeE2E[22143:1af690e] [com.apple.network:activity] Returning should log: 0 for activity cfnetwork:foreground_task
2026-02-11 19:26:21.147 Db AnalyticsReactNativeE2E[22143:1af690e] [com.apple.CFNetwork:Default] Connection 17: set is idle true
2026-02-11 19:26:21.147 Df AnalyticsReactNativeE2E[22143:1af690e] [com.apple.network:connection] [C17] event: client:connection_idle @5.408s
2026-02-11 19:26:21.147 I  AnalyticsReactNativeE2E[22143:1af690e] [com.apple.network:connection] nw_endpoint_handler_report_connection_idle [C17 IPv6#db82f2ed.9091 ready parent-flow (satisfied (Path is satisfied), interface: en0[802.11], uses wifi, LQM: unknown)] Reporting connection idle to protocols
2026-02-11 19:26:21.147 I  AnalyticsReactNativeE2E[22143:1af690e] [com.apple.network:connection] nw_flow_passthrough_notify [C17.1.1 IPv6#db82f2ed.9091 ready socket-flow (satisfied (Path is satisfied), interface: lo0)] received notification connection_idle
2026-02-11 19:26:21.147 Df AnalyticsReactNativeE2E[22143:1af690e] [com.apple.network:connection] nw_protocol_socket_notify [C17.1.1:2] nw_protocol_notification_type_connection_idle is true
2026-02-11 19:26:21.147 E  AnalyticsReactNativeE2E[22143:1af690e] [com.apple.network:connection] nw_socket_set_connection_idle [C17.1.1:2] setsockopt SO_CONNECTION_IDLE failed [42: Protocol not available]
2026-02-11 19:26:21.147 Db AnalyticsReactNativeE2E[22143:1af690e] [com.apple.CFNetwork:Default] Connection 17: set is idle true
2026-02-11 19:26:21.147 Df AnalyticsReactNativeE2E[22143:1af604b] [com.apple.CFNetwork:Summary] Task <44A37BE8-7082-4D53-AC1D-5AE39ACAD232>.<4> summary for task success {transaction_duration_ms=1, response_status=429, connection=17, reused=1, reused_after_ms=0, request_start_ms=0, request_duration_ms=0, response_start_ms=1, response_duration_ms=0, request_bytes=1197, request_throughput_kbps=59459, response_bytes=318, response_throughput_kbps=18835, cache_hit=true}
2026-02-11 19:26:21.147 Df AnalyticsReactNativeE2E[22143:1af690e] [com.apple.network:connection] [C17] event: client:connection_idle @5.408s
2026-02-11 19:26:21.147 Df AnalyticsReactNativeE2E[22143:1af604b] [com.apple.CFNetwork:Default] Task <44A37BE8-7082-4D53-AC1D-5AE39ACAD232>.<4> finished successfully
2026-02-11 19:26:21.147 I  AnalyticsReactNativeE2E[22143:1af690e] [com.apple.network:connection] nw_endpoint_handler_report_connection_idle [C17 IPv6#db82f2ed.9091 ready parent-flow (satisfied (Path is satisfied), interface: en0[802.11], uses wifi, LQM: unknown)] Reporting connection idle to protocols
2026-02-11 19:26:21.147 Db AnalyticsReactNativeE2E[22143:1af604b] [com.apple.network:activity] Returning should log: 0 for activity cfnetwork:foreground_task
2026-02-11 19:26:21.147 I  AnalyticsReactNativeE2E[22143:1af690e] [com.apple.network:connection] nw_flow_passthrough_notify [C17.1.1 IPv6#db82f2ed.9091 ready socket-flow (satisfied (Path is satisfied), interface: lo0)] received notification connection_idle
2026-02-11 19:26:21.147 Db AnalyticsReactNativeE2E[22143:1af604b] [com.apple.network:activity] Returning should log: 0 for activity cfnetwork:foreground_task
2026-02-11 19:26:21.147 Df AnalyticsReactNativeE2E[22143:1af690e] [com.apple.network:connection] nw_protocol_socket_notify [C17.1.1:2] nw_protocol_notification_type_connection_idle is true
2026-02-11 19:26:21.147 Db AnalyticsReactNativeE2E[22143:1af604b] [com.apple.network:activity] No threshold for cfnetwork:foreground_task, returning NW_ACTIVITY_DURATION_INVALID
2026-02-11 19:26:21.147 E  AnalyticsReactNativeE2E[22143:1af690e] [com.apple.network:connection] nw_socket_set_connection_idle [C17.1.1:2] setsockopt SO_CONNECTION_IDLE failed [42: Protocol not available]
2026-02-11 19:26:21.147 Db AnalyticsReactNativeE2E[22143:1af604b] [com.apple.network:activity] No threshold for activity <nw_activity 12:2 [CDEFBF62-7000-4321-BCEE-4E5D96DFBA12] (reporting strategy default) complete (reason success)>
2026-02-11 19:26:21.147 I  AnalyticsReactNativeE2E[22143:1af7f4b] [com.facebook.react.log:javascript] 'An internal error occurred: ', { [Error] type: 1, innerError: undefined, statusCode: 429 }
2026-02-11 19:26:21.147 I  AnalyticsReactNativeE2E[22143:1af7f4b] [com.facebook.react.log:javascript] { [Error] type: 1, innerError: undefined, statusCode: 429 }
2026-02-11 19:26:21.147 E  AnalyticsReactNativeE2E[22143:1af7f4b] [com.facebook.react.log:javascript] Failed to send 1 events.

