Filtering the log data using "processImagePath BEGINSWITH "/Users/abueide/Library/Developer/CoreSimulator/Devices/651CE25F-D2F4-404C-AC47-0364AA5C94A1/data/Containers/Bundle/Application/5771E38C-E04E-4E48-81AC-81C22604788E/AnalyticsReactNativeE2E.app""
Timestamp               Ty Process[PID:TID]
2026-02-11 19:28:57.538 I  AnalyticsReactNativeE2E[24701:1af926f] [com.wix.Detox:WebSocket] Action received: invoke
2026-02-11 19:28:57.677 Df AnalyticsReactNativeE2E[24701:1af926f] [com.apple.UIKit:EventDispatch] Sending UIEvent type: 0; subtype: 0; to windows: 1
2026-02-11 19:28:57.678 Df AnalyticsReactNativeE2E[24701:1af926f] [com.apple.UIKit:EventDispatch] Sending UIEvent type: 0; subtype: 0; to window: <UIWindow: 0x106666ee0>; contextId: 0x775196FA
2026-02-11 19:28:57.678 A  AnalyticsReactNativeE2E[24701:1af926f] (UIKitCore) send gesture actions
2026-02-11 19:28:57.694 Df AnalyticsReactNativeE2E[24701:1af926f] [com.apple.UIKit:EventDispatch] Sending UIEvent type: 0; subtype: 0; to windows: 1
2026-02-11 19:28:57.694 Df AnalyticsReactNativeE2E[24701:1af926f] [com.apple.UIKit:EventDispatch] Sending UIEvent type: 0; subtype: 0; to window: <UIWindow: 0x106666ee0>; contextId: 0x775196FA
2026-02-11 19:28:57.694 A  AnalyticsReactNativeE2E[24701:1af926f] (UIKitCore) send gesture actions
2026-02-11 19:28:57.695 Df AnalyticsReactNativeE2E[24701:1af9dc2] [com.apple.CFNetwork:Default] Task <C7584A32-36C7-44C0-91F2-3C3978FCF361>.<2> resuming, timeouts(0.0, 604800.0) qos(0x19) voucher((null)) activity(00000000-0000-0000-0000-000000000000)
2026-02-11 19:28:57.695 Db AnalyticsReactNativeE2E[24701:1af9dc2] [com.apple.network:activity] Returning should log: 0 for activity cfnetwork:foreground_task
2026-02-11 19:28:57.695 Db AnalyticsReactNativeE2E[24701:1af9dc2] [com.apple.network:activity] Domain cfnetwork rate configured in registry as 1 / 20000
2026-02-11 19:28:57.695 Db AnalyticsReactNativeE2E[24701:1af9dc2] [com.apple.network:activity] Domain cfnetwork rate configured after remote default override as 1 / 20000
2026-02-11 19:28:57.695 Db AnalyticsReactNativeE2E[24701:1af9dc2] [com.apple.network:activity] After reading settings plist, domain cfnetwork rate configured as 1 / 2000000
2026-02-11 19:28:57.695 Db AnalyticsReactNativeE2E[24701:1af9dc2] [com.apple.network:activity] After settings override, domain cfnetwork rate configured as 1 / 2000000
2026-02-11 19:28:57.695 Db AnalyticsReactNativeE2E[24701:1af9dc2] [com.apple.network:activity] Final domain cfnetwork rate configured as 1 / 2000000
2026-02-11 19:28:57.695 Db AnalyticsReactNativeE2E[24701:1af9dc2] [com.apple.network:activity] <nw_activity 12:2 [No UUID] (reporting strategy default)> sampled at 1 / 2000000
2026-02-11 19:28:57.695 Db AnalyticsReactNativeE2E[24701:1af9dc2] [com.apple.network:activity] Returning should log: 0 for activity cfnetwork:foreground_task
2026-02-11 19:28:57.695 Db AnalyticsReactNativeE2E[24701:1af9dc2] [com.apple.network:activity] Returning should log: 0 for activity cfnetwork:foreground_task
2026-02-11 19:28:57.695 Db AnalyticsReactNativeE2E[24701:1af9dc2] [com.apple.CFNetwork:Default] [Telemetry]: Activity <nw_activity 12:2 [08AA364A-906C-4E55-8F44-DAB5EBCB1FE2] (reporting strategy default)> on Task <C7584A32-36C7-44C0-91F2-3C3978FCF361>.<2> was not selected for reporting
2026-02-11 19:28:57.695 Db AnalyticsReactNativeE2E[24701:1af9310] [com.apple.networkextension:] ne_tracker_check_is_hostname_blocked() proceeding with the in_the_app check for hostname: localhost
2026-02-11 19:28:57.696 Db AnalyticsReactNativeE2E[24701:1af9310] [com.apple.CFBundle:resources] Resource lookup at CFBundle 0x600003b0c1c0 </Users/abueide/Library/Developer/CoreSimulator/Devices/651CE25F-D2F4-404C-AC47-0364AA5C94A1/data/Containers/Bundle/Application/5771E38C-E04E-4E48-81AC-81C22604788E/AnalyticsReactNativeE2E.app> (executable, loaded)
	Request       : InfoPlist type: strings
	Result        : None
2026-02-11 19:28:57.696 Db AnalyticsReactNativeE2E[24701:1af9310] [com.apple.CFBundle:resources] Resource lookup at CFBundle 0x600003b0c1c0 </Users/abueide/Library/Developer/CoreSimulator/Devices/651CE25F-D2F4-404C-AC47-0364AA5C94A1/data/Containers/Bundle/Application/5771E38C-E04E-4E48-81AC-81C22604788E/AnalyticsReactNativeE2E.app> (executable, loaded)
	Request       : InfoPlist type: stringsdict
	Result        : None
2026-02-11 19:28:57.696 Db AnalyticsReactNativeE2E[24701:1af9310] [com.apple.networkextension:] ne_tracker_check_is_hostname_blocked(): hostname localhost is not a tracker. Returning: ne_tracker_status_none
2026-02-11 19:28:57.696 Db AnalyticsReactNativeE2E[24701:1af9310] [com.apple.CFNetwork:ATS] Uploading ATS exception ATSAllowsLocalNetworking
2026-02-11 19:28:57.696 Db AnalyticsReactNativeE2E[24701:1af9310] [com.apple.CFNetwork:ATS] Uploading ATS exception ATSExceptionDomains
2026-02-11 19:28:57.696 A  AnalyticsReactNativeE2E[24701:1af9dc2] (Security) SecTrustReportNetworkingAnalytics
2026-02-11 19:28:57.696 Db AnalyticsReactNativeE2E[24701:1af9310] [com.apple.CFNetwork:Default] Connection 17: set is idle true
2026-02-11 19:28:57.696 Df AnalyticsReactNativeE2E[24701:1af9310] [com.apple.network:connection] [C17] event: client:connection_idle @2.206s
2026-02-11 19:28:57.696 I  AnalyticsReactNativeE2E[24701:1af9310] [com.apple.network:connection] nw_endpoint_handler_report_connection_idle [C17 IPv6#5661fd3a.9091 ready parent-flow (satisfied (Path is satisfied), interface: en0[802.11], uses wifi, LQM: unknown)] Reporting connection idle to protocols
2026-02-11 19:28:57.696 I  AnalyticsReactNativeE2E[24701:1af9310] [com.apple.network:connection] nw_flow_passthrough_notify [C17.1.1 IPv6#5661fd3a.9091 ready socket-flow (satisfied (Path is satisfied), interface: lo0)] received notification connection_idle
2026-02-11 19:28:57.696 Df AnalyticsReactNativeE2E[24701:1af9310] [com.apple.network:connection] nw_protocol_socket_notify [C17.1.1:2] nw_protocol_notification_type_connection_idle is true
2026-02-11 19:28:57.696 E  AnalyticsReactNativeE2E[24701:1af9310] [com.apple.network:connection] nw_socket_set_connection_idle [C17.1.1:2] setsockopt SO_CONNECTION_IDLE failed [42: Protocol not available]
2026-02-11 19:28:57.696 Df AnalyticsReactNativeE2E[24701:1af9310] [com.apple.CFNetwork:Default] Task <C7584A32-36C7-44C0-91F2-3C3978FCF361>.<2> now using Connection 17
2026-02-11 19:28:57.696 Db AnalyticsReactNativeE2E[24701:1af9310] [com.apple.network:activity] Returning should log: 0 for activity cfnetwork:foreground_task
2026-02-11 19:28:57.696 Db AnalyticsReactNativeE2E[24701:1af9310] [com.apple.network:connection] nw_connection_modify_estimated_bytes_block_invoke [C17] Incremented estimated bytes to send by 1795, total now 1795
2026-02-11 19:28:57.696 Db AnalyticsReactNativeE2E[24701:1af9310] [com.apple.network:connection] nw_connection_modify_estimated_bytes_block_invoke [C17] Using lower threshold 12582912, upper threshold 31457280
2026-02-11 19:28:57.696 Db AnalyticsReactNativeE2E[24701:1af9310] [com.apple.CFNetwork:Default] Connection 17: set is idle false
2026-02-11 19:28:57.696 Df AnalyticsReactNativeE2E[24701:1af9dc2] [com.apple.securityd:SecError] SecTrustReportNetworkingAnalytics failed with error: -4
2026-02-11 19:28:57.696 Df AnalyticsReactNativeE2E[24701:1af9310] [com.apple.network:connection] [C17] event: client:connection_reused @2.206s
2026-02-11 19:28:57.697 A  AnalyticsReactNativeE2E[24701:1af9dc2] (Security) SecTrustReportNetworkingAnalytics
2026-02-11 19:28:57.697 I  AnalyticsReactNativeE2E[24701:1af9310] [com.apple.network:connection] nw_endpoint_handler_report_connection_idle [C17 IPv6#5661fd3a.9091 ready parent-flow (satisfied (Path is satisfied), interface: en0[802.11], uses wifi, LQM: unknown)] Reporting connection not idle to protocols
2026-02-11 19:28:57.697 I  AnalyticsReactNativeE2E[24701:1af9310] [com.apple.network:connection] nw_flow_passthrough_notify [C17.1.1 IPv6#5661fd3a.9091 ready socket-flow (satisfied (Path is satisfied), interface: lo0)] received notification connection_idle
2026-02-11 19:28:57.697 Df AnalyticsReactNativeE2E[24701:1af9310] [com.apple.network:connection] nw_protocol_socket_notify [C17.1.1:2] nw_protocol_notification_type_connection_idle is false
2026-02-11 19:28:57.697 E  AnalyticsReactNativeE2E[24701:1af9310] [com.apple.network:connection] nw_socket_set_connection_idle [C17.1.1:2] setsockopt SO_CONNECTION_IDLE failed [42: Protocol not available]
2026-02-11 19:28:57.697 Df AnalyticsReactNativeE2E[24701:1af9307] [com.apple.CFNetwork:Default] Task <C7584A32-36C7-44C0-91F2-3C3978FCF361>.<2> sent request, body S 1795
2026-02-11 19:28:57.697 Df AnalyticsReactNativeE2E[24701:1af9dc2] [com.apple.securityd:SecError] SecTrustReportNetworkingAnalytics failed with error: -4
2026-02-11 19:28:57.698 Df AnalyticsReactNativeE2E[24701:1af9dc2] [com.apple.CFNetwork:Default] Task <C7584A32-36C7-44C0-91F2-3C3978FCF361>.<2> received response, status 200 content K
2026-02-11 19:28:57.698 Db AnalyticsReactNativeE2E[24701:1af9dc2] [com.apple.network:connection] nw_connection_modify_estimated_bytes_block_invoke [C17] Incremented estimated bytes to receive by 20, total now 395
2026-02-11 19:28:57.698 Db AnalyticsReactNativeE2E[24701:1af9dc2] [com.apple.network:connection] nw_connection_modify_estimated_bytes_block_invoke [C17] Using lower threshold 12582912, upper threshold 31457280
2026-02-11 19:28:57.698 Df AnalyticsReactNativeE2E[24701:1af9dc2] [com.apple.CFNetwork:Default] Task <C7584A32-36C7-44C0-91F2-3C3978FCF361>.<2> response ended
2026-02-11 19:28:57.698 Df AnalyticsReactNativeE2E[24701:1af9dc2] [com.apple.CFNetwork:Default] Task <C7584A32-36C7-44C0-91F2-3C3978FCF361>.<2> done using Connection 17
2026-02-11 19:28:57.698 Db AnalyticsReactNativeE2E[24701:1af9dc2] [com.apple.network:activity] Returning should log: 0 for activity cfnetwork:foreground_task
2026-02-11 19:28:57.698 Db AnalyticsReactNativeE2E[24701:1af9dc2] [com.apple.CFNetwork:Default] Connection 17: set is idle true
2026-02-11 19:28:57.698 Df AnalyticsReactNativeE2E[24701:1af9dc2] [com.apple.network:connection] [C17] event: client:connection_idle @2.208s
2026-02-11 19:28:57.698 I  AnalyticsReactNativeE2E[24701:1af9dc2] [com.apple.network:connection] nw_endpoint_handler_report_connection_idle [C17 IPv6#5661fd3a.9091 ready parent-flow (satisfied (Path is satisfied), interface: en0[802.11], uses wifi, LQM: unknown)] Reporting connection idle to protocols
2026-02-11 19:28:57.698 I  AnalyticsReactNativeE2E[24701:1af9dc2] [com.apple.network:connection] nw_flow_passthrough_notify [C17.1.1 IPv6#5661fd3a.9091 ready socket-flow (satisfied (Path is satisfied), interface: lo0)] received notification connection_idle
2026-02-11 19:28:57.698 Df AnalyticsReactNativeE2E[24701:1af9dc2] [com.apple.network:connection] nw_protocol_socket_notify [C17.1.1:2] nw_protocol_notification_type_connection_idle is true
2026-02-11 19:28:57.698 E  AnalyticsReactNativeE2E[24701:1af9dc2] [com.apple.network:connection] nw_socket_set_connection_idle [C17.1.1:2] setsockopt SO_CONNECTION_IDLE failed [42: Protocol not available]
2026-02-11 19:28:57.698 I  AnalyticsReactNativeE2E[24701:1af9310] [com.apple.runningboard:assertion] Acquiring assertion: <RBSAssertionDescriptor| "com.apple.CFNetwork.StorageDB" ID:(null) target:24701>
2026-02-11 19:28:57.698 Df AnalyticsReactNativeE2E[24701:1af9307] [com.apple.CFNetwork:Summary] Task <C7584A32-36C7-44C0-91F2-3C3978FCF361>.<2> summary for task success {transaction_duration_ms=2, response_status=200, connection=17, reused=1, reused_after_ms=0, request_start_ms=1, request_duration_ms=0, response_start_ms=2, response_duration_ms=0, request_bytes=2086, request_throughput_kbps=110488, response_bytes=255, response_throughput_kbps=13603, cache_hit=true}
2026-02-11 19:28:57.698 Db AnalyticsReactNativeE2E[24701:1af9dc2] [com.apple.CFNetwork:Default] Connection 17: set is idle true
2026-02-11 19:28:57.698 Df AnalyticsReactNativeE2E[24701:1af9307] [com.apple.CFNetwork:Default] Task <C7584A32-36C7-44C0-91F2-3C3978FCF361>.<2> finished successfully
2026-02-11 19:28:57.698 Df AnalyticsReactNativeE2E[24701:1af9dc2] [com.apple.network:connection] [C17] event: client:connection_idle @2.208s
2026-02-11 19:28:57.698 Db AnalyticsReactNativeE2E[24701:1af9307] [com.apple.network:activity] Returning should log: 0 for activity cfnetwork:foreground_task
2026-02-11 19:28:57.698 I  AnalyticsReactNativeE2E[24701:1af9dc2] [com.apple.network:connection] nw_endpoint_handler_report_connection_idle [C17 IPv6#5661fd3a.9091 ready parent-flow (satisfied (Path is satisfied), interface: en0[802.11], uses wifi, LQM: unknown)] Reporting connection idle to protocols
2026-02-11 19:28:57.698 Db AnalyticsReactNativeE2E[24701:1af9307] [com.apple.network:activity] Returning should log: 0 for activity cfnetwork:foreground_task
2026-02-11 19:28:57.698 I  AnalyticsReactNativeE2E[24701:1af9dc2] [com.apple.network:connection] nw_flow_passthrough_notify [C17.1.1 IPv6#5661fd3a.9091 ready socket-flow (satisfied (Path is satisfied), interface: lo0)] received notification connection_idle
2026-02-11 19:28:57.698 Db AnalyticsReactNativeE2E[24701:1af9307] [com.apple.network:activity] No threshold for cfnetwork:foreground_task, returning NW_ACTIVITY_DURATION_INVALID
2026-02-11 19:28:57.698 Df AnalyticsReactNativeE2E[24701:1af9dc2] [com.apple.network:connection] nw_protocol_socket_notify [C17.1.1:2] nw_protocol_notification_type_connection_idle is true
2026-02-11 19:28:57.698 Db AnalyticsReactNativeE2E[24701:1af9307] [com.apple.network:activity] No threshold for activity <nw_activity 12:2 [08AA364A-906C-4E55-8F44-DAB5EBCB1FE2] (reporting strategy default) complete (reason success)>
2026-02-11 19:28:57.698 E  AnalyticsReactNativeE2E[24701:1af9dc2] [com.apple.network:connection] nw_socket_set_connection_idle [C17.1.1:2] setsockopt SO_CONNECTION_IDLE failed [42: Protocol not available]
2026-02-11 19:28:57.698 I  AnalyticsReactNativeE2E[24701:1afbf17] [com.facebook.react.log:javascript] Sent 2 events
2026-02-11 19:28:57.699 Db AnalyticsReactNativeE2E[24701:1af9310] [com.apple.runningboard:assertion] Adding assertion 1422-24701-1613 to dictionary
2026-02-11 19:28:59.084 I  AnalyticsReactNativeE2E[24701:1af926f] [com.wix.Detox:WebSocket] Action received: invoke
2026-02-11 19:28:59.112 Db AnalyticsReactNativeE2E[24701:1af9307] [com.apple.network:connection] nw_association_schedule_deactivation_block_invoke <nw_association Hostname#c2d0d3fb:9091> becoming dormant
2026-02-11 19:28:59.112 Db AnalyticsReactNativeE2E[24701:1af9307] [com.apple.network:connection] nw_association_schedule_deactivation_block_invoke <nw_association IPv6#5661fd3a.9091> becoming dormant
2026-02-11 19:28:59.112 Db AnalyticsReactNativeE2E[24701:1af9307] [com.apple.CFNetwork:Coalescing] removing all entries config 0x600000238f20
2026-02-11 19:28:59.112 I  AnalyticsReactNativeE2E[24701:1af9307] [com.apple.network:] nw_context_dealloc Deallocating context <nw_context (null) (private)>
2026-02-11 19:28:59.112 I  AnalyticsReactNativeE2E[24701:1af9307] [com.apple.network:] nw_context_purge_endpoints Context <nw_context com.apple.CFNetwork.NSURLSession.{5A360AA1-C94B-4B41-9E19-090B3EAC8129}{(null)}{Y}{2}{0x0} (private)> has more than 0 cache entries, purging 1 from 1 down to 0
2026-02-11 19:28:59.112 Db AnalyticsReactNativeE2E[24701:1af9307] [com.apple.network:endpoint] endpoint IPv6#5661fd3a.9091 has nothing to cleanup, no protocol instance registrars
2026-02-11 19:28:59.113 Db AnalyticsReactNativeE2E[24701:1af9307] [com.apple.network:endpoint] endpoint Hostname#c2d0d3fb:9091 has nothing to cleanup, no protocol instance registrars
2026-02-11 19:28:59.113 I  AnalyticsReactNativeE2E[24701:1af9307] [com.apple.network:] nw_context_dealloc Deallocating context <nw_context (null) (private)>
2026-02-11 19:28:59.227 Df AnalyticsReactNativeE2E[24701:1af926f] [com.apple.UIKit:EventDispatch] Sending UIEvent type: 0; subtype: 0; to windows: 1
2026-02-11 19:28:59.228 Df AnalyticsReactNativeE2E[24701:1af926f] [com.apple.UIKit:EventDispatch] Sending UIEvent type: 0; subtype: 0; to window: <UIWindow: 0x106666ee0>; contextId: 0x775196FA
2026-02-11 19:28:59.228 A  AnalyticsReactNativeE2E[24701:1af926f] (UIKitCore) send gesture actions
2026-02-11 19:28:59.244 Df AnalyticsReactNativeE2E[24701:1af926f] [com.apple.UIKit:EventDispatch] Sending UIEvent type: 0; subtype: 0; to windows: 1
2026-02-11 19:28:59.245 Df AnalyticsReactNativeE2E[24701:1af926f] [com.apple.UIKit:EventDispatch] Sending UIEvent type: 0; subtype: 0; to window: <UIWindow: 0x106666ee0>; contextId: 0x775196FA
2026-02-11 19:28:59.245 A  AnalyticsReactNativeE2E[24701:1af926f] (UIKitCore) send gesture actions
2026-02-11 19:28:59.245 I  AnalyticsReactNativeE2E[24701:1afbf17] [com.facebook.react.log:javascript] 'TRACK event saved', { type: 'track',
  event: 'Track pressed',
  properties: { foo: 'bar' } }
2026-02-11 19:28:59.934 I  AnalyticsReactNativeE2E[24701:1af926f] [com.wix.Detox:WebSocket] Action received: invoke
2026-02-11 19:29:00.061 Df AnalyticsReactNativeE2E[24701:1af926f] [com.apple.UIKit:EventDispatch] Sending UIEvent type: 0; subtype: 0; to windows: 1
2026-02-11 19:29:00.061 Df AnalyticsReactNativeE2E[24701:1af926f] [com.apple.UIKit:EventDispatch] Sending UIEvent type: 0; subtype: 0; to window: <UIWindow: 0x106666ee0>; contextId: 0x775196FA
2026-02-11 19:29:00.061 A  AnalyticsReactNativeE2E[24701:1af926f] (UIKitCore) send gesture actions
2026-02-11 19:29:00.077 Df AnalyticsReactNativeE2E[24701:1af926f] [com.apple.UIKit:EventDispatch] Sending UIEvent type: 0; subtype: 0; to windows: 1
2026-02-11 19:29:00.077 Df AnalyticsReactNativeE2E[24701:1af926f] [com.apple.UIKit:EventDispatch] Sending UIEvent type: 0; subtype: 0; to window: <UIWindow: 0x106666ee0>; contextId: 0x775196FA
2026-02-11 19:29:00.078 A  AnalyticsReactNativeE2E[24701:1af926f] (UIKitCore) send gesture actions
2026-02-11 19:29:00.078 Df AnalyticsReactNativeE2E[24701:1af9307] [com.apple.CFNetwork:Default] Task <77960AF5-B708-4537-810F-87261F5FA5F2>.<3> resuming, timeouts(0.0, 604800.0) qos(0x19) voucher((null)) activity(00000000-0000-0000-0000-000000000000)
2026-02-11 19:29:00.078 Db AnalyticsReactNativeE2E[24701:1af9307] [com.apple.network:activity] Returning should log: 0 for activity cfnetwork:foreground_task
2026-02-11 19:29:00.078 Db AnalyticsReactNativeE2E[24701:1af9307] [com.apple.network:activity] Domain cfnetwork rate configured in registry as 1 / 20000
2026-02-11 19:29:00.078 Db AnalyticsReactNativeE2E[24701:1af9307] [com.apple.network:activity] Domain cfnetwork rate configured after remote default override as 1 / 20000
2026-02-11 19:29:00.078 Db AnalyticsReactNativeE2E[24701:1af9307] [com.apple.network:activity] After reading settings plist, domain cfnetwork rate configured as 1 / 2000000
2026-02-11 19:29:00.078 Db AnalyticsReactNativeE2E[24701:1af9307] [com.apple.network:activity] After settings override, domain cfnetwork rate configured as 1 / 2000000
2026-02-11 19:29:00.078 Db AnalyticsReactNativeE2E[24701:1af9307] [com.apple.network:activity] Final domain cfnetwork rate configured as 1 / 2000000
2026-02-11 19:29:00.078 Db AnalyticsReactNativeE2E[24701:1af9307] [com.apple.network:activity] <nw_activity 12:2 [No UUID] (reporting strategy default)> sampled at 1 / 2000000
2026-02-11 19:29:00.078 Db AnalyticsReactNativeE2E[24701:1af9307] [com.apple.network:activity] Returning should log: 0 for activity cfnetwork:foreground_task
2026-02-11 19:29:00.078 Db AnalyticsReactNativeE2E[24701:1af9307] [com.apple.network:activity] Returning should log: 0 for activity cfnetwork:foreground_task
2026-02-11 19:29:00.078 Db AnalyticsReactNativeE2E[24701:1af9307] [com.apple.CFNetwork:Default] [Telemetry]: Activity <nw_activity 12:2 [D615C6CF-5260-4298-8AEC-CCED9C44F9E6] (reporting strategy default)> on Task <77960AF5-B708-4537-810F-87261F5FA5F2>.<3> was not selected for reporting
2026-02-11 19:29:00.079 Db AnalyticsReactNativeE2E[24701:1af9307] [com.apple.networkextension:] ne_tracker_check_is_hostname_blocked() proceeding with the in_the_app check for hostname: localhost
2026-02-11 19:29:00.079 Db AnalyticsReactNativeE2E[24701:1af9307] [com.apple.CFBundle:resources] Resource lookup at CFBundle 0x600003b0c1c0 </Users/abueide/Library/Developer/CoreSimulator/Devices/651CE25F-D2F4-404C-AC47-0364AA5C94A1/data/Containers/Bundle/Application/5771E38C-E04E-4E48-81AC-81C22604788E/AnalyticsReactNativeE2E.app> (executable, loaded)
	Request       : InfoPlist type: strings
	Result        : None
2026-02-11 19:29:00.079 Db AnalyticsReactNativeE2E[24701:1af9307] [com.apple.CFBundle:resources] Resource lookup at CFBundle 0x600003b0c1c0 </Users/abueide/Library/Developer/CoreSimulator/Devices/651CE25F-D2F4-404C-AC47-0364AA5C94A1/data/Containers/Bundle/Application/5771E38C-E04E-4E48-81AC-81C22604788E/AnalyticsReactNativeE2E.app> (executable, loaded)
	Request       : InfoPlist type: stringsdict
	Result        : None
2026-02-11 19:29:00.079 Db AnalyticsReactNativeE2E[24701:1af9307] [com.apple.networkextension:] ne_tracker_check_is_hostname_blocked(): hostname localhost is not a tracker. Returning: ne_tracker_status_none
2026-02-11 19:29:00.079 Db AnalyticsReactNativeE2E[24701:1af9307] [com.apple.CFNetwork:ATS] Uploading ATS exception ATSAllowsLocalNetworking
2026-02-11 19:29:00.079 Db AnalyticsReactNativeE2E[24701:1af9307] [com.apple.CFNetwork:ATS] Uploading ATS exception ATSExceptionDomains
2026-02-11 19:29:00.079 A  AnalyticsReactNativeE2E[24701:1af9310] (Security) SecTrustReportNetworkingAnalytics
2026-02-11 19:29:00.079 Db AnalyticsReactNativeE2E[24701:1af9307] [com.apple.CFNetwork:Default] Connection 17: set is idle true
2026-02-11 19:29:00.079 Df AnalyticsReactNativeE2E[24701:1af9307] [com.apple.network:connection] [C17] event: client:connection_idle @4.589s
2026-02-11 19:29:00.079 I  AnalyticsReactNativeE2E[24701:1af9307] [com.apple.network:connection] nw_endpoint_handler_report_connection_idle [C17 IPv6#5661fd3a.9091 ready parent-flow (satisfied (Path is satisfied), interface: en0[802.11], uses wifi, LQM: unknown)] Reporting connection idle to protocols
2026-02-11 19:29:00.079 I  AnalyticsReactNativeE2E[24701:1af9307] [com.apple.network:connection] nw_flow_passthrough_notify [C17.1.1 IPv6#5661fd3a.9091 ready socket-flow (satisfied (Path is satisfied), interface: lo0)] received notification connection_idle
2026-02-11 19:29:00.079 Df AnalyticsReactNativeE2E[24701:1af9307] [com.apple.network:connection] nw_protocol_socket_notify [C17.1.1:2] nw_protocol_notification_type_connection_idle is true
2026-02-11 19:29:00.079 E  AnalyticsReactNativeE2E[24701:1af9307] [com.apple.network:connection] nw_socket_set_connection_idle [C17.1.1:2] setsockopt SO_CONNECTION_IDLE failed [42: Protocol not available]
2026-02-11 19:29:00.079 Df AnalyticsReactNativeE2E[24701:1af9307] [com.apple.CFNetwork:Default] Task <77960AF5-B708-4537-810F-87261F5FA5F2>.<3> now using Connection 17
2026-02-11 19:29:00.079 Db AnalyticsReactNativeE2E[24701:1af9307] [com.apple.network:activity] Returning should log: 0 for activity cfnetwork:foreground_task
2026-02-11 19:29:00.079 Db AnalyticsReactNativeE2E[24701:1af9307] [com.apple.network:connection] nw_connection_modify_estimated_bytes_block_invoke [C17] Incremented estimated bytes to send by 907, total now 2702
2026-02-11 19:29:00.079 Db AnalyticsReactNativeE2E[24701:1af9307] [com.apple.network:connection] nw_connection_modify_estimated_bytes_block_invoke [C17] Using lower threshold 12582912, upper threshold 31457280
2026-02-11 19:29:00.079 Db AnalyticsReactNativeE2E[24701:1af9307] [com.apple.CFNetwork:Default] Connection 17: set is idle false
2026-02-11 19:29:00.079 Df AnalyticsReactNativeE2E[24701:1af9307] [com.apple.network:connection] [C17] event: client:connection_reused @4.589s
2026-02-11 19:29:00.079 I  AnalyticsReactNativeE2E[24701:1af9307] [com.apple.network:connection] nw_endpoint_handler_report_connection_idle [C17 IPv6#5661fd3a.9091 ready parent-flow (satisfied (Path is satisfied), interface: en0[802.11], uses wifi, LQM: unknown)] Reporting connection not idle to protocols
2026-02-11 19:29:00.079 I  AnalyticsReactNativeE2E[24701:1af9307] [com.apple.network:connection] nw_flow_passthrough_notify [C17.1.1 IPv6#5661fd3a.9091 ready socket-flow (satisfied (Path is satisfied), interface: lo0)] received notification connection_idle
2026-02-11 19:29:00.079 Df AnalyticsReactNativeE2E[24701:1af9307] [com.apple.network:connection] nw_protocol_socket_notify [C17.1.1:2] nw_protocol_notification_type_connection_idle is false
2026-02-11 19:29:00.079 E  AnalyticsReactNativeE2E[24701:1af9307] [com.apple.network:connection] nw_socket_set_connection_idle [C17.1.1:2] setsockopt SO_CONNECTION_IDLE failed [42: Protocol not available]
2026-02-11 19:29:00.079 Df AnalyticsReactNativeE2E[24701:1af9310] [com.apple.securityd:SecError] SecTrustReportNetworkingAnalytics failed with error: -4
2026-02-11 19:29:00.079 A  AnalyticsReactNativeE2E[24701:1af9310] (Security) SecTrustReportNetworkingAnalytics
2026-02-11 19:29:00.079 Df AnalyticsReactNativeE2E[24701:1af9307] [com.apple.CFNetwork:Default] Task <77960AF5-B708-4537-810F-87261F5FA5F2>.<3> sent request, body S 907
2026-02-11 19:29:00.080 Df AnalyticsReactNativeE2E[24701:1af9307] [com.apple.CFNetwork:Default] Task <77960AF5-B708-4537-810F-87261F5FA5F2>.<3> received response, status 429 content K
2026-02-11 19:29:00.080 Db AnalyticsReactNativeE2E[24701:1af9307] [com.apple.network:connection] nw_connection_modify_estimated_bytes_block_invoke [C17] Incremented estimated bytes to receive by 24, total now 419
2026-02-11 19:29:00.080 Db AnalyticsReactNativeE2E[24701:1af9307] [com.apple.network:connection] nw_connection_modify_estimated_bytes_block_invoke [C17] Using lower threshold 12582912, upper threshold 31457280
2026-02-11 19:29:00.080 Df AnalyticsReactNativeE2E[24701:1af9307] [com.apple.CFNetwork:Default] Task <77960AF5-B708-4537-810F-87261F5FA5F2>.<3> response ended
2026-02-11 19:29:00.080 Df AnalyticsReactNativeE2E[24701:1af9307] [com.apple.CFNetwork:Default] Task <77960AF5-B708-4537-810F-87261F5FA5F2>.<3> done using Connection 17
2026-02-11 19:29:00.080 Db AnalyticsReactNativeE2E[24701:1af9307] [com.apple.network:activity] Returning should log: 0 for activity cfnetwork:foreground_task
2026-02-11 19:29:00.080 Db AnalyticsReactNativeE2E[24701:1af9307] [com.apple.CFNetwork:Default] Connection 17: set is idle true
2026-02-11 19:29:00.080 Df AnalyticsReactNativeE2E[24701:1af9307] [com.apple.network:connection] [C17] event: client:connection_idle @4.590s
2026-02-11 19:29:00.080 I  AnalyticsReactNativeE2E[24701:1af9307] [com.apple.network:connection] nw_endpoint_handler_report_connection_idle [C17 IPv6#5661fd3a.9091 ready parent-flow (satisfied (Path is satisfied), interface: en0[802.11], uses wifi, LQM: unknown)] Reporting connection idle to protocols
2026-02-11 19:29:00.080 Df AnalyticsReactNativeE2E[24701:1af9dc2] [com.apple.CFNetwork:Summary] Task <77960AF5-B708-4537-810F-87261F5FA5F2>.<3> summary for task success {transaction_duration_ms=1, response_status=429, connection=17, reused=1, reused_after_ms=0, request_start_ms=0, request_duration_ms=0, response_start_ms=1, response_duration_ms=0, request_bytes=1197, request_throughput_kbps=64263, response_bytes=318, response_throughput_kbps=13902, cache_hit=true}
2026-02-11 19:29:00.080 I  AnalyticsReactNativeE2E[24701:1af9307] [com.apple.network:connection] nw_flow_passthrough_notify [C17.1.1 IPv6#5661fd3a.9091 ready socket-flow (satisfied (Path is satisfied), interface: lo0)] received notification connection_idle
2026-02-11 19:29:00.080 Df AnalyticsReactNativeE2E[24701:1af9dc2] [com.apple.CFNetwork:Default] Task <77960AF5-B708-4537-810F-87261F5FA5F2>.<3> finished successfully
2026-02-11 19:29:00.080 Df AnalyticsReactNativeE2E[24701:1af9307] [com.apple.network:connection] nw_protocol_socket_notify [C17.1.1:2] nw_protocol_notification_type_connection_idle is true
2026-02-11 19:29:00.080 Db AnalyticsReactNativeE2E[24701:1af9dc2] [com.apple.network:activity] Returning should log: 0 for activity cfnetwork:foreground_task
2026-02-11 19:29:00.080 E  AnalyticsReactNativeE2E[24701:1af9307] [com.apple.network:connection] nw_socket_set_connection_idle [C17.1.1:2] setsockopt SO_CONNECTION_IDLE failed [42: Protocol not available]
2026-02-11 19:29:00.080 Db AnalyticsReactNativeE2E[24701:1af9dc2] [com.apple.network:activity] Returning should log: 0 for activity cfnetwork:foreground_task
2026-02-11 19:29:00.080 Db AnalyticsReactNativeE2E[24701:1af9307] [com.apple.CFNetwork:Default] Connection 17: set is idle true
2026-02-11 19:29:00.080 Df AnalyticsReactNativeE2E[24701:1af9310] [com.apple.securityd:SecError] SecTrustReportNetworkingAnalytics failed with error: -4
2026-02-11 19:29:00.081 Df AnalyticsReactNativeE2E[24701:1af9307] [com.apple.network:connection] [C17] event: client:connection_idle @4.590s
2026-02-11 19:29:00.080 Db AnalyticsReactNativeE2E[24701:1af9dc2] [com.apple.network:activity] No threshold for cfnetwork:foreground_task, returning NW_ACTIVITY_DURATION_INVALID
2026-02-11 19:29:00.081 I  AnalyticsReactNativeE2E[24701:1af9307] [com.apple.network:connection] nw_endpoint_handler_report_connection_idle [C17 IPv6#5661fd3a.9091 ready parent-flow (satisfied (Path is satisfied), interface: en0[802.11], uses wifi, LQM: unknown)] Reporting connection idle to protocols
2026-02-11 19:29:00.081 Db AnalyticsReactNativeE2E[24701:1af9dc2] [com.apple.network:activity] No threshold for activity <nw_activity 12:2 [D615C6CF-5260-4298-8AEC-CCED9C44F9E6] (reporting strategy default) complete (reason success)>
2026-02-11 19:29:00.081 I  AnalyticsReactNativeE2E[24701:1af9307] [com.apple.network:connection] nw_flow_passthrough_notify [C17.1.1 IPv6#5661fd3a.9091 ready socket-flow (satisfied (Path is satisfied), interface: lo0)] received notification connection_idle
2026-02-11 19:29:00.081 I  AnalyticsReactNativeE2E[24701:1afbf17] [com.facebook.react.log:javascript] 'An internal error occurred: ', { [Error] type: 1, innerError: undefined, statusCode: 429 }
2026-02-11 19:29:00.081 I  AnalyticsReactNativeE2E[24701:1afbf17] [com.facebook.react.log:javascript] { [Error] type: 1, innerError: undefined, statusCode: 429 }
2026-02-11 19:29:00.081 Df AnalyticsReactNativeE2E[24701:1af9307] [com.apple.network:connection] nw_protocol_socket_notify [C17.1.1:2] nw_protocol_notification_type_connection_idle is true
2026-02-11 19:29:00.081 E  AnalyticsReactNativeE2E[24701:1af9307] [com.apple.network:connection] nw_socket_set_connection_idle [C17.1.1:2] setsockopt SO_CONNECTION_IDLE failed [42: Protocol not available]
2026-02-11 19:29:00.081 E  AnalyticsReactNativeE2E[24701:1afbf17] [com.facebook.react.log:javascript] Failed to send 1 events.
2026-02-11 19:29:00.768 I  AnalyticsReactNativeE2E[24701:1af926f] [com.wix.Detox:WebSocket] Action received: invoke
2026-02-11 19:29:00.911 Df AnalyticsReactNativeE2E[24701:1af926f] [com.apple.UIKit:EventDispatch] Sending UIEvent type: 0; subtype: 0; to windows: 1
2026-02-11 19:29:00.911 Df AnalyticsReactNativeE2E[24701:1af926f] [com.apple.UIKit:EventDispatch] Sending UIEvent type: 0; subtype: 0; to window: <UIWindow: 0x106666ee0>; contextId: 0x775196FA
2026-02-11 19:29:00.911 A  AnalyticsReactNativeE2E[24701:1af926f] (UIKitCore) send gesture actions
2026-02-11 19:29:00.928 Df AnalyticsReactNativeE2E[24701:1af926f] [com.apple.UIKit:EventDispatch] Sending UIEvent type: 0; subtype: 0; to windows: 1
2026-02-11 19:29:00.928 Df AnalyticsReactNativeE2E[24701:1af926f] [com.apple.UIKit:EventDispatch] Sending UIEvent type: 0; subtype: 0; to window: <UIWindow: 0x106666ee0>; contextId: 0x775196FA
2026-02-11 19:29:00.928 A  AnalyticsReactNativeE2E[24701:1af926f] (UIKitCore) send gesture actions
2026-02-11 19:29:00.929 Df AnalyticsReactNativeE2E[24701:1af9dc2] [com.apple.CFNetwork:Default] Task <281DBB5C-372D-4F27-921F-C16F20DBA6F7>.<4> resuming, timeouts(0.0, 604800.0) qos(0x19) voucher((null)) activity(00000000-0000-0000-0000-000000000000)
2026-02-11 19:29:00.929 Db AnalyticsReactNativeE2E[24701:1af9dc2] [com.apple.network:activity] Returning should log: 0 for activity cfnetwork:foreground_task
2026-02-11 19:29:00.929 Db AnalyticsReactNativeE2E[24701:1af9dc2] [com.apple.network:activity] Domain cfnetwork rate configured in registry as 1 / 20000
2026-02-11 19:29:00.929 Db AnalyticsReactNativeE2E[24701:1af9dc2] [com.apple.network:activity] Domain cfnetwork rate configured after remote default override as 1 / 20000
2026-02-11 19:29:00.929 Db AnalyticsReactNativeE2E[24701:1af9dc2] [com.apple.network:activity] After reading settings plist, domain cfnetwork rate configured as 1 / 2000000
2026-02-11 19:29:00.929 Db AnalyticsReactNativeE2E[24701:1af9dc2] [com.apple.network:activity] After settings override, domain cfnetwork rate configured as 1 / 2000000
2026-02-11 19:29:00.929 Db AnalyticsReactNativeE2E[24701:1af9dc2] [com.apple.network:activity] Final domain cfnetwork rate configured as 1 / 2000000
2026-02-11 19:29:00.929 Db AnalyticsReactNativeE2E[24701:1af9dc2] [com.apple.network:activity] <nw_activity 12:2 [No UUID] (reporting strategy default)> sampled at 1 / 2000000
2026-02-11 19:29:00.929 Db AnalyticsReactNativeE2E[24701:1af9dc2] [com.apple.network:activity] Returning should log: 0 for activity cfnetwork:foreground_task
2026-02-11 19:29:00.929 Db AnalyticsReactNativeE2E[24701:1af9dc2] [com.apple.network:activity] Returning should log: 0 for activity cfnetwork:foreground_task
2026-02-11 19:29:00.929 Db AnalyticsReactNativeE2E[24701:1af9dc2] [com.apple.CFNetwork:Default] [Telemetry]: Activity <nw_activity 12:2 [2F460CA1-5B6B-442B-8FB6-D2593FBEBADD] (reporting strategy default)> on Task <281DBB5C-372D-4F27-921F-C16F20DBA6F7>.<4> was not selected for reporting
2026-02-11 19:29:00.929 Db AnalyticsReactNativeE2E[24701:1af9307] [com.apple.networkextension:] ne_tracker_check_is_hostname_blocked() proceeding with the in_the_app check for hostname: localhost
2026-02-11 19:29:00.929 Db AnalyticsReactNativeE2E[24701:1af9307] [com.apple.CFBundle:resources] Resource lookup at CFBundle 0x600003b0c1c0 </Users/abueide/Library/Developer/CoreSimulator/Devices/651CE25F-D2F4-404C-AC47-0364AA5C94A1/data/Containers/Bundle/Application/5771E38C-E04E-4E48-81AC-81C22604788E/AnalyticsReactNativeE2E.app> (executable, loaded)
	Request       : InfoPlist type: strings
	Result        : None
2026-02-11 19:29:00.929 Db AnalyticsReactNativeE2E[24701:1af9307] [com.apple.CFBundle:resources] Resource lookup at CFBundle 0x600003b0c1c0 </Users/abueide/Library/Developer/CoreSimulator/Devices/651CE25F-D2F4-404C-AC47-0364AA5C94A1/data/Containers/Bundle/Application/5771E38C-E04E-4E48-81AC-81C22604788E/AnalyticsReactNativeE2E.app> (executable, loaded)
	Request       : InfoPlist type: stringsdict
	Result        : None
2026-02-11 19:29:00.929 Db AnalyticsReactNativeE2E[24701:1af9307] [com.apple.networkextension:] ne_tracker_check_is_hostname_blocked(): hostname localhost is not a tracker. Returning: ne_tracker_status_none
2026-02-11 19:29:00.929 Db AnalyticsReactNativeE2E[24701:1af9307] [com.apple.CFNetwork:ATS] Uploading ATS exception ATSAllowsLocalNetworking
2026-02-11 19:29:00.929 Db AnalyticsReactNativeE2E[24701:1af9307] [com.apple.CFNetwork:ATS] Uploading ATS exception ATSExceptionDomains
2026-02-11 19:29:00.929 A  AnalyticsReactNativeE2E[24701:1af9dc2] (Security) SecTrustReportNetworkingAnalytics
2026-02-11 19:29:00.929 Db AnalyticsReactNativeE2E[24701:1af9307] [com.apple.CFNetwork:Default] Connection 17: set is idle true
2026-02-11 19:29:00.929 Df AnalyticsReactNativeE2E[24701:1af9307] [com.apple.network:connection] [C17] event: client:connection_idle @5.439s
2026-02-11 19:29:00.929 I  AnalyticsReactNativeE2E[24701:1af9307] [com.apple.network:connection] nw_endpoint_handler_report_connection_idle [C17 IPv6#5661fd3a.9091 ready parent-flow (satisfied (Path is satisfied), interface: en0[802.11], uses wifi, LQM: unknown)] Reporting connection idle to protocols
2026-02-11 19:29:00.930 I  AnalyticsReactNativeE2E[24701:1af9307] [com.apple.network:connection] nw_flow_passthrough_notify [C17.1.1 IPv6#5661fd3a.9091 ready socket-flow (satisfied (Path is satisfied), interface: lo0)] received notification connection_idle
2026-02-11 19:29:00.930 Df AnalyticsReactNativeE2E[24701:1af9307] [com.apple.network:connection] nw_protocol_socket_notify [C17.1.1:2] nw_protocol_notification_type_connection_idle is true
2026-02-11 19:29:00.930 E  AnalyticsReactNativeE2E[24701:1af9307] [com.apple.network:connection] nw_socket_set_connection_idle [C17.1.1:2] setsockopt SO_CONNECTION_IDLE failed [42: Protocol not available]
2026-02-11 19:29:00.930 Df AnalyticsReactNativeE2E[24701:1af9307] [com.apple.CFNetwork:Default] Task <281DBB5C-372D-4F27-921F-C16F20DBA6F7>.<4> now using Connection 17
2026-02-11 19:29:00.930 Db AnalyticsReactNativeE2E[24701:1af9307] [com.apple.network:activity] Returning should log: 0 for activity cfnetwork:foreground_task
2026-02-11 19:29:00.930 Db AnalyticsReactNativeE2E[24701:1af9307] [com.apple.network:connection] nw_connection_modify_estimated_bytes_block_invoke [C17] Incremented estimated bytes to send by 907, total now 3609
2026-02-11 19:29:00.930 Db AnalyticsReactNativeE2E[24701:1af9307] [com.apple.network:connection] nw_connection_modify_estimated_bytes_block_invoke [C17] Using lower threshold 12582912, upper threshold 31457280
2026-02-11 19:29:00.930 Db AnalyticsReactNativeE2E[24701:1af9307] [com.apple.CFNetwork:Default] Connection 17: set is idle false
2026-02-11 19:29:00.930 Df AnalyticsReactNativeE2E[24701:1af9307] [com.apple.network:connection] [C17] event: client:connection_reused @5.440s
2026-02-11 19:29:00.930 I  AnalyticsReactNativeE2E[24701:1af9307] [com.apple.network:connection] nw_endpoint_handler_report_connection_idle [C17 IPv6#5661fd3a.9091 ready parent-flow (satisfied (Path is satisfied), interface: en0[802.11], uses wifi, LQM: unknown)] Reporting connection not idle to protocols
2026-02-11 19:29:00.930 I  AnalyticsReactNativeE2E[24701:1af9307] [com.apple.network:connection] nw_flow_passthrough_notify [C17.1.1 IPv6#5661fd3a.9091 ready socket-flow (satisfied (Path is satisfied), interface: lo0)] received notification connection_idle
2026-02-11 19:29:00.930 Df AnalyticsReactNativeE2E[24701:1af9307] [com.apple.network:connection] nw_protocol_socket_notify [C17.1.1:2] nw_protocol_notification_type_connection_idle is false
2026-02-11 19:29:00.930 E  AnalyticsReactNativeE2E[24701:1af9307] [com.apple.network:connection] nw_socket_set_connection_idle [C17.1.1:2] setsockopt SO_CONNECTION_IDLE failed [42: Protocol not available]
2026-02-11 19:29:00.930 Df AnalyticsReactNativeE2E[24701:1af9dc2] [com.apple.securityd:SecError] SecTrustReportNetworkingAnalytics failed with error: -4
2026-02-11 19:29:00.930 Df AnalyticsReactNativeE2E[24701:1af9a61] [com.apple.CFNetwork:Default] Task <281DBB5C-372D-4F27-921F-C16F20DBA6F7>.<4> sent request, body S 907
2026-02-11 19:29:00.930 A  AnalyticsReactNativeE2E[24701:1af9dc2] (Security) SecTrustReportNetworkingAnalytics
2026-02-11 19:29:00.930 Df AnalyticsReactNativeE2E[24701:1af9dc2] [com.apple.securityd:SecError] SecTrustReportNetworkingAnalytics failed with error: -4
2026-02-11 19:29:00.931 Df AnalyticsReactNativeE2E[24701:1af9dc2] [com.apple.CFNetwork:Default] Task <281DBB5C-372D-4F27-921F-C16F20DBA6F7>.<4> received response, status 429 content K
2026-02-11 19:29:00.931 Db AnalyticsReactNativeE2E[24701:1af9dc2] [com.apple.network:connection] nw_connection_modify_estimated_bytes_block_invoke [C17] Incremented estimated bytes to receive by 24, total now 443
2026-02-11 19:29:00.931 Db AnalyticsReactNativeE2E[24701:1af9dc2] [com.apple.network:connection] nw_connection_modify_estimated_bytes_block_invoke [C17] Using lower threshold 12582912, upper threshold 31457280
2026-02-11 19:29:00.931 Df AnalyticsReactNativeE2E[24701:1af9dc2] [com.apple.CFNetwork:Default] Task <281DBB5C-372D-4F27-921F-C16F20DBA6F7>.<4> response ended
2026-02-11 19:29:00.931 Df AnalyticsReactNativeE2E[24701:1af9dc2] [com.apple.CFNetwork:Default] Task <281DBB5C-372D-4F27-921F-C16F20DBA6F7>.<4> done using Connection 17
2026-02-11 19:29:00.931 Db AnalyticsReactNativeE2E[24701:1af9dc2] [com.apple.network:activity] Returning should log: 0 for activity cfnetwork:foreground_task
2026-02-11 19:29:00.931 Db AnalyticsReactNativeE2E[24701:1af9dc2] [com.apple.CFNetwork:Default] Connection 17: set is idle true
2026-02-11 19:29:00.931 Df AnalyticsReactNativeE2E[24701:1af9dc2] [com.apple.network:connection] [C17] event: client:connection_idle @5.441s
2026-02-11 19:29:00.931 I  AnalyticsReactNativeE2E[24701:1af9dc2] [com.apple.network:connection] nw_endpoint_handler_report_connection_idle [C17 IPv6#5661fd3a.9091 ready parent-flow (satisfied (Path is satisfied), interface: en0[802.11], uses wifi, LQM: unknown)] Reporting connection idle to protocols
2026-02-11 19:29:00.931 I  AnalyticsReactNativeE2E[24701:1af9dc2] [com.apple.network:connection] nw_flow_passthrough_notify [C17.1.1 IPv6#5661fd3a.9091 ready socket-flow (satisfied (Path is satisfied), interface: lo0)] received notification connection_idle
2026-02-11 19:29:00.931 Df AnalyticsReactNativeE2E[24701:1af9dc2] [com.apple.network:connection] nw_protocol_socket_notify [C17.1.1:2] nw_protocol_notification_type_connection_idle is true
2026-02-11 19:29:00.931 E  AnalyticsReactNativeE2E[24701:1af9dc2] [com.apple.network:connection] nw_socket_set_connection_idle [C17.1.1:2] setsockopt SO_CONNECTION_IDLE failed [42: Protocol not available]
2026-02-11 19:29:00.931 Df AnalyticsReactNativeE2E[24701:1af9a61] [com.apple.CFNetwork:Summary] Task <281DBB5C-372D-4F27-921F-C16F20DBA6F7>.<4> summary for task success {transaction_duration_ms=1, response_status=429, connection=17, reused=1, reused_after_ms=0, request_start_ms=0, request_duration_ms=0, response_start_ms=1, response_duration_ms=0, request_bytes=1197, request_throughput_kbps=63401, response_bytes=318, response_throughput_kbps=25165, cache_hit=true}
2026-02-11 19:29:00.931 Db AnalyticsReactNativeE2E[24701:1af9dc2] [com.apple.CFNetwork:Default] Connection 17: set is idle true
2026-02-11 19:29:00.931 Df AnalyticsReactNativeE2E[24701:1af9a61] [com.apple.CFNetwork:Default] Task <281DBB5C-372D-4F27-921F-C16F20DBA6F7>.<4> finished successfully
2026-02-11 19:29:00.931 Df AnalyticsReactNativeE2E[24701:1af9dc2] [com.apple.network:connection] [C17] event: client:connection_idle @5.441s
2026-02-11 19:29:00.931 Db AnalyticsReactNativeE2E[24701:1af9a61] [com.apple.network:activity] Returning should log: 0 for activity cfnetwork:foreground_task
2026-02-11 19:29:00.931 I  AnalyticsReactNativeE2E[24701:1af9dc2] [com.apple.network:connection] nw_endpoint_handler_report_connection_idle [C17 IPv6#5661fd3a.9091 ready parent-flow (satisfied (Path is satisfied), interface: en0[802.11], uses wifi, LQM: unknown)] Reporting connection idle to protocols
2026-02-11 19:29:00.931 Db AnalyticsReactNativeE2E[24701:1af9a61] [com.apple.network:activity] Returning should log: 0 for activity cfnetwork:foreground_task
2026-02-11 19:29:00.931 I  AnalyticsReactNativeE2E[24701:1af9dc2] [com.apple.network:connection] nw_flow_passthrough_notify [C17.1.1 IPv6#5661fd3a.9091 ready socket-flow (satisfied (Path is satisfied), interface: lo0)] received notification connection_idle
2026-02-11 19:29:00.931 Db AnalyticsReactNativeE2E[24701:1af9a61] [com.apple.network:activity] No threshold for cfnetwork:foreground_task, returning NW_ACTIVITY_DURATION_INVALID
2026-02-11 19:29:00.931 Df AnalyticsReactNativeE2E[24701:1af9dc2] [com.apple.network:connection] nw_protocol_socket_notify [C17.1.1:2] nw_protocol_notification_type_connection_idle is true
2026-02-11 19:29:00.931 Db AnalyticsReactNativeE2E[24701:1af9a61] [com.apple.network:activity] No threshold for activity <nw_activity 12:2 [2F460CA1-5B6B-442B-8FB6-D2593FBEBADD] (reporting strategy default) complete (reason success)>
2026-02-11 19:29:00.931 E  AnalyticsReactNativeE2E[24701:1af9dc2] [com.apple.network:connection] nw_socket_set_connection_idle [C17.1.1:2] setsockopt SO_CONNECTION_IDLE failed [42: Protocol not available]
2026-02-11 19:29:00.931 I  AnalyticsReactNativeE2E[24701:1afbf17] [com.facebook.react.log:javascript] 'An internal error occurred: ', { [Error] type: 1, innerError: undefined, statusCode: 429 }
2026-02-11 19:29:00.931 I  AnalyticsReactNativeE2E[24701:1afbf17] [com.facebook.react.log:javascript] { [Error] type: 1, innerError: undefined, statusCode: 429 }
2026-02-11 19:29:00.931 E  AnalyticsReactNativeE2E[24701:1afbf17] [com.facebook.react.log:javascript] Failed to send 1 events.

