Filtering the log data using "processImagePath BEGINSWITH "/Users/abueide/Library/Developer/CoreSimulator/Devices/651CE25F-D2F4-404C-AC47-0364AA5C94A1/data/Containers/Bundle/Application/9D866461-291B-48FB-B6E1-BD13006561BC/AnalyticsReactNativeE2E.app""
Timestamp               Ty Process[PID:TID]
2026-02-11 19:24:58.960 I  AnalyticsReactNativeE2E[22143:1af5f25] [com.wix.Detox:WebSocket] Action received: invoke
2026-02-11 19:24:59.101 Df AnalyticsReactNativeE2E[22143:1af5f25] [com.apple.UIKit:EventDispatch] Sending UIEvent type: 0; subtype: 0; to windows: 1
2026-02-11 19:24:59.101 Df AnalyticsReactNativeE2E[22143:1af5f25] [com.apple.UIKit:EventDispatch] Sending UIEvent type: 0; subtype: 0; to window: <UIWindow: 0x10245e530>; contextId: 0x5BB28886
2026-02-11 19:24:59.102 A  AnalyticsReactNativeE2E[22143:1af5f25] (UIKitCore) send gesture actions
2026-02-11 19:24:59.118 Df AnalyticsReactNativeE2E[22143:1af5f25] [com.apple.UIKit:EventDispatch] Sending UIEvent type: 0; subtype: 0; to windows: 1
2026-02-11 19:24:59.118 Df AnalyticsReactNativeE2E[22143:1af5f25] [com.apple.UIKit:EventDispatch] Sending UIEvent type: 0; subtype: 0; to window: <UIWindow: 0x10245e530>; contextId: 0x5BB28886
2026-02-11 19:24:59.118 A  AnalyticsReactNativeE2E[22143:1af5f25] (UIKitCore) send gesture actions
2026-02-11 19:24:59.119 Df AnalyticsReactNativeE2E[22143:1af6038] [com.apple.CFNetwork:Default] Task <3391A589-A649-455F-A2AE-8D5EF6060A4A>.<2> resuming, timeouts(0.0, 604800.0) qos(0x19) voucher((null)) activity(00000000-0000-0000-0000-000000000000)
2026-02-11 19:24:59.119 Db AnalyticsReactNativeE2E[22143:1af6038] [com.apple.network:activity] Returning should log: 0 for activity cfnetwork:foreground_task
2026-02-11 19:24:59.119 Db AnalyticsReactNativeE2E[22143:1af6038] [com.apple.network:activity] Domain cfnetwork rate configured in registry as 1 / 20000
2026-02-11 19:24:59.119 Db AnalyticsReactNativeE2E[22143:1af6038] [com.apple.network:activity] Domain cfnetwork rate configured after remote default override as 1 / 20000
2026-02-11 19:24:59.119 Db AnalyticsReactNativeE2E[22143:1af6038] [com.apple.network:activity] After reading settings plist, domain cfnetwork rate configured as 1 / 2000000
2026-02-11 19:24:59.119 Db AnalyticsReactNativeE2E[22143:1af6038] [com.apple.network:activity] After settings override, domain cfnetwork rate configured as 1 / 2000000
2026-02-11 19:24:59.119 Db AnalyticsReactNativeE2E[22143:1af6038] [com.apple.network:activity] Final domain cfnetwork rate configured as 1 / 2000000
2026-02-11 19:24:59.119 Db AnalyticsReactNativeE2E[22143:1af6038] [com.apple.network:activity] <nw_activity 12:2 [No UUID] (reporting strategy default)> sampled at 1 / 2000000
2026-02-11 19:24:59.119 Db AnalyticsReactNativeE2E[22143:1af6038] [com.apple.network:activity] Returning should log: 0 for activity cfnetwork:foreground_task
2026-02-11 19:24:59.119 Db AnalyticsReactNativeE2E[22143:1af6038] [com.apple.network:activity] Returning should log: 0 for activity cfnetwork:foreground_task
2026-02-11 19:24:59.119 Db AnalyticsReactNativeE2E[22143:1af6038] [com.apple.CFNetwork:Default] [Telemetry]: Activity <nw_activity 12:2 [5613DB27-A2B8-42CC-A6DA-F453A8988A8D] (reporting strategy default)> on Task <3391A589-A649-455F-A2AE-8D5EF6060A4A>.<2> was not selected for reporting
2026-02-11 19:24:59.119 Db AnalyticsReactNativeE2E[22143:1af6038] [com.apple.networkextension:] ne_tracker_check_is_hostname_blocked() proceeding with the in_the_app check for hostname: localhost
2026-02-11 19:24:59.119 Db AnalyticsReactNativeE2E[22143:1af6038] [com.apple.CFBundle:resources] Resource lookup at CFBundle 0x600003b101c0 </Users/abueide/Library/Developer/CoreSimulator/Devices/651CE25F-D2F4-404C-AC47-0364AA5C94A1/data/Containers/Bundle/Application/9D866461-291B-48FB-B6E1-BD13006561BC/AnalyticsReactNativeE2E.app> (executable, loaded)
	Request       : InfoPlist type: strings
	Result        : None
2026-02-11 19:24:59.119 Db AnalyticsReactNativeE2E[22143:1af6038] [com.apple.CFBundle:resources] Resource lookup at CFBundle 0x600003b101c0 </Users/abueide/Library/Developer/CoreSimulator/Devices/651CE25F-D2F4-404C-AC47-0364AA5C94A1/data/Containers/Bundle/Application/9D866461-291B-48FB-B6E1-BD13006561BC/AnalyticsReactNativeE2E.app> (executable, loaded)
	Request       : InfoPlist type: stringsdict
	Result        : None
2026-02-11 19:24:59.119 Db AnalyticsReactNativeE2E[22143:1af6038] [com.apple.networkextension:] ne_tracker_check_is_hostname_blocked(): hostname localhost is not a tracker. Returning: ne_tracker_status_none
2026-02-11 19:24:59.119 Db AnalyticsReactNativeE2E[22143:1af6038] [com.apple.CFNetwork:ATS] Uploading ATS exception ATSAllowsLocalNetworking
2026-02-11 19:24:59.119 Db AnalyticsReactNativeE2E[22143:1af6038] [com.apple.CFNetwork:ATS] Uploading ATS exception ATSExceptionDomains
2026-02-11 19:24:59.119 A  AnalyticsReactNativeE2E[22143:1af604b] (Security) SecTrustReportNetworkingAnalytics
2026-02-11 19:24:59.119 Db AnalyticsReactNativeE2E[22143:1af6038] [com.apple.CFNetwork:Default] Connection 7: set is idle true
2026-02-11 19:24:59.119 Df AnalyticsReactNativeE2E[22143:1af6038] [com.apple.network:connection] [C7] event: client:connection_idle @2.291s
2026-02-11 19:24:59.119 I  AnalyticsReactNativeE2E[22143:1af6038] [com.apple.network:connection] nw_endpoint_handler_report_connection_idle [C7 IPv6#db82f2ed.9091 ready parent-flow (satisfied (Path is satisfied), interface: en0[802.11], uses wifi, LQM: unknown)] Reporting connection idle to protocols
2026-02-11 19:24:59.119 I  AnalyticsReactNativeE2E[22143:1af6038] [com.apple.network:connection] nw_flow_passthrough_notify [C7.1.1 IPv6#db82f2ed.9091 ready socket-flow (satisfied (Path is satisfied), interface: lo0)] received notification connection_idle
2026-02-11 19:24:59.119 Df AnalyticsReactNativeE2E[22143:1af6038] [com.apple.network:connection] nw_protocol_socket_notify [C7.1.1:2] nw_protocol_notification_type_connection_idle is true
2026-02-11 19:24:59.119 E  AnalyticsReactNativeE2E[22143:1af6038] [com.apple.network:connection] nw_socket_set_connection_idle [C7.1.1:2] setsockopt SO_CONNECTION_IDLE failed [42: Protocol not available]
2026-02-11 19:24:59.119 Df AnalyticsReactNativeE2E[22143:1af6038] [com.apple.CFNetwork:Default] Task <3391A589-A649-455F-A2AE-8D5EF6060A4A>.<2> now using Connection 7
2026-02-11 19:24:59.120 Db AnalyticsReactNativeE2E[22143:1af6038] [com.apple.network:activity] Returning should log: 0 for activity cfnetwork:foreground_task
2026-02-11 19:24:59.120 Db AnalyticsReactNativeE2E[22143:1af6038] [com.apple.network:connection] nw_connection_modify_estimated_bytes_block_invoke [C7] Incremented estimated bytes to send by 952, total now 952
2026-02-11 19:24:59.120 Db AnalyticsReactNativeE2E[22143:1af6038] [com.apple.network:connection] nw_connection_modify_estimated_bytes_block_invoke [C7] Using lower threshold 12582912, upper threshold 31457280
2026-02-11 19:24:59.120 Db AnalyticsReactNativeE2E[22143:1af6038] [com.apple.CFNetwork:Default] Connection 7: set is idle false
2026-02-11 19:24:59.120 Df AnalyticsReactNativeE2E[22143:1af6038] [com.apple.network:connection] [C7] event: client:connection_reused @2.292s
2026-02-11 19:24:59.120 I  AnalyticsReactNativeE2E[22143:1af6038] [com.apple.network:connection] nw_endpoint_handler_report_connection_idle [C7 IPv6#db82f2ed.9091 ready parent-flow (satisfied (Path is satisfied), interface: en0[802.11], uses wifi, LQM: unknown)] Reporting connection not idle to protocols
2026-02-11 19:24:59.120 I  AnalyticsReactNativeE2E[22143:1af6038] [com.apple.network:connection] nw_flow_passthrough_notify [C7.1.1 IPv6#db82f2ed.9091 ready socket-flow (satisfied (Path is satisfied), interface: lo0)] received notification connection_idle
2026-02-11 19:24:59.120 Df AnalyticsReactNativeE2E[22143:1af6038] [com.apple.network:connection] nw_protocol_socket_notify [C7.1.1:2] nw_protocol_notification_type_connection_idle is false
2026-02-11 19:24:59.120 E  AnalyticsReactNativeE2E[22143:1af6038] [com.apple.network:connection] nw_socket_set_connection_idle [C7.1.1:2] setsockopt SO_CONNECTION_IDLE failed [42: Protocol not available]
2026-02-11 19:24:59.120 Df AnalyticsReactNativeE2E[22143:1af5fc4] [com.apple.CFNetwork:Default] Task <3391A589-A649-455F-A2AE-8D5EF6060A4A>.<2> sent request, body S 952
2026-02-11 19:24:59.120 Df AnalyticsReactNativeE2E[22143:1af604b] [com.apple.securityd:SecError] SecTrustReportNetworkingAnalytics failed with error: -4
2026-02-11 19:24:59.120 A  AnalyticsReactNativeE2E[22143:1af604b] (Security) SecTrustReportNetworkingAnalytics
2026-02-11 19:24:59.120 Df AnalyticsReactNativeE2E[22143:1af604b] [com.apple.securityd:SecError] SecTrustReportNetworkingAnalytics failed with error: -4
2026-02-11 19:24:59.122 Df AnalyticsReactNativeE2E[22143:1af604b] [com.apple.CFNetwork:Default] Task <3391A589-A649-455F-A2AE-8D5EF6060A4A>.<2> received response, status 200 content K
2026-02-11 19:24:59.122 Db AnalyticsReactNativeE2E[22143:1af604b] [com.apple.network:connection] nw_connection_modify_estimated_bytes_block_invoke [C7] Incremented estimated bytes to receive by 20, total now 395
2026-02-11 19:24:59.122 Db AnalyticsReactNativeE2E[22143:1af604b] [com.apple.network:connection] nw_connection_modify_estimated_bytes_block_invoke [C7] Using lower threshold 12582912, upper threshold 31457280
2026-02-11 19:24:59.122 Df AnalyticsReactNativeE2E[22143:1af604b] [com.apple.CFNetwork:Default] Task <3391A589-A649-455F-A2AE-8D5EF6060A4A>.<2> response ended
2026-02-11 19:24:59.122 Df AnalyticsReactNativeE2E[22143:1af604b] [com.apple.CFNetwork:Default] Task <3391A589-A649-455F-A2AE-8D5EF6060A4A>.<2> done using Connection 7
2026-02-11 19:24:59.122 Db AnalyticsReactNativeE2E[22143:1af604b] [com.apple.network:activity] Returning should log: 0 for activity cfnetwork:foreground_task
2026-02-11 19:24:59.122 Db AnalyticsReactNativeE2E[22143:1af604b] [com.apple.CFNetwork:Default] Connection 7: set is idle true
2026-02-11 19:24:59.122 Df AnalyticsReactNativeE2E[22143:1af604b] [com.apple.network:connection] [C7] event: client:connection_idle @2.294s
2026-02-11 19:24:59.122 I  AnalyticsReactNativeE2E[22143:1af604b] [com.apple.network:connection] nw_endpoint_handler_report_connection_idle [C7 IPv6#db82f2ed.9091 ready parent-flow (satisfied (Path is satisfied), interface: en0[802.11], uses wifi, LQM: unknown)] Reporting connection idle to protocols
2026-02-11 19:24:59.122 I  AnalyticsReactNativeE2E[22143:1af604b] [com.apple.network:connection] nw_flow_passthrough_notify [C7.1.1 IPv6#db82f2ed.9091 ready socket-flow (satisfied (Path is satisfied), interface: lo0)] received notification connection_idle
2026-02-11 19:24:59.122 Df AnalyticsReactNativeE2E[22143:1af604b] [com.apple.network:connection] nw_protocol_socket_notify [C7.1.1:2] nw_protocol_notification_type_connection_idle is true
2026-02-11 19:24:59.122 E  AnalyticsReactNativeE2E[22143:1af604b] [com.apple.network:connection] nw_socket_set_connection_idle [C7.1.1:2] setsockopt SO_CONNECTION_IDLE failed [42: Protocol not available]
2026-02-11 19:24:59.122 I  AnalyticsReactNativeE2E[22143:1af5fc4] [com.apple.runningboard:assertion] Acquiring assertion: <RBSAssertionDescriptor| "com.apple.CFNetwork.StorageDB" ID:(null) target:22143>
2026-02-11 19:24:59.122 Df AnalyticsReactNativeE2E[22143:1af6038] [com.apple.CFNetwork:Summary] Task <3391A589-A649-455F-A2AE-8D5EF6060A4A>.<2> summary for task success {transaction_duration_ms=3, response_status=200, connection=7, reused=1, reused_after_ms=0, request_start_ms=0, request_duration_ms=0, response_start_ms=2, response_duration_ms=0, request_bytes=1242, request_throughput_kbps=75224, response_bytes=255, response_throughput_kbps=17900, cache_hit=true}
2026-02-11 19:24:59.122 Db AnalyticsReactNativeE2E[22143:1af604b] [com.apple.CFNetwork:Default] Connection 7: set is idle true
2026-02-11 19:24:59.122 Df AnalyticsReactNativeE2E[22143:1af6038] [com.apple.CFNetwork:Default] Task <3391A589-A649-455F-A2AE-8D5EF6060A4A>.<2> finished successfully
2026-02-11 19:24:59.122 Df AnalyticsReactNativeE2E[22143:1af604b] [com.apple.network:connection] [C7] event: client:connection_idle @2.294s
2026-02-11 19:24:59.122 Db AnalyticsReactNativeE2E[22143:1af6038] [com.apple.network:activity] Returning should log: 0 for activity cfnetwork:foreground_task
2026-02-11 19:24:59.122 I  AnalyticsReactNativeE2E[22143:1af604b] [com.apple.network:connection] nw_endpoint_handler_report_connection_idle [C7 IPv6#db82f2ed.9091 ready parent-flow (satisfied (Path is satisfied), interface: en0[802.11], uses wifi, LQM: unknown)] Reporting connection idle to protocols
2026-02-11 19:24:59.122 Db AnalyticsReactNativeE2E[22143:1af6038] [com.apple.network:activity] Returning should log: 0 for activity cfnetwork:foreground_task
2026-02-11 19:24:59.122 I  AnalyticsReactNativeE2E[22143:1af604b] [com.apple.network:connection] nw_flow_passthrough_notify [C7.1.1 IPv6#db82f2ed.9091 ready socket-flow (satisfied (Path is satisfied), interface: lo0)] received notification connection_idle
2026-02-11 19:24:59.122 Db AnalyticsReactNativeE2E[22143:1af6038] [com.apple.network:activity] No threshold for cfnetwork:foreground_task, returning NW_ACTIVITY_DURATION_INVALID
2026-02-11 19:24:59.123 Db AnalyticsReactNativeE2E[22143:1af6038] [com.apple.network:activity] No threshold for activity <nw_activity 12:2 [5613DB27-A2B8-42CC-A6DA-F453A8988A8D] (reporting strategy default) complete (reason success)>
2026-02-11 19:24:59.123 Df AnalyticsReactNativeE2E[22143:1af604b] [com.apple.network:connection] nw_protocol_socket_notify [C7.1.1:2] nw_protocol_notification_type_connection_idle is true
2026-02-11 19:24:59.123 E  AnalyticsReactNativeE2E[22143:1af604b] [com.apple.network:connection] nw_socket_set_connection_idle [C7.1.1:2] setsockopt SO_CONNECTION_IDLE failed [42: Protocol not available]
2026-02-11 19:24:59.123 I  AnalyticsReactNativeE2E[22143:1af690d] [com.facebook.react.log:javascript] Sent 1 events
2026-02-11 19:24:59.123 Db AnalyticsReactNativeE2E[22143:1af5fc4] [com.apple.runningboard:assertion] Adding assertion 1422-22143-1490 to dictionary
2026-02-11 19:25:00.512 I  AnalyticsReactNativeE2E[22143:1af5f25] [com.wix.Detox:WebSocket] Action received: invoke
2026-02-11 19:25:00.650 Df AnalyticsReactNativeE2E[22143:1af5f25] [com.apple.UIKit:EventDispatch] Sending UIEvent type: 0; subtype: 0; to windows: 1
2026-02-11 19:25:00.651 Df AnalyticsReactNativeE2E[22143:1af5f25] [com.apple.UIKit:EventDispatch] Sending UIEvent type: 0; subtype: 0; to window: <UIWindow: 0x10245e530>; contextId: 0x5BB28886
2026-02-11 19:25:00.651 A  AnalyticsReactNativeE2E[22143:1af5f25] (UIKitCore) send gesture actions
2026-02-11 19:25:00.667 Df AnalyticsReactNativeE2E[22143:1af5f25] [com.apple.UIKit:EventDispatch] Sending UIEvent type: 0; subtype: 0; to windows: 1
2026-02-11 19:25:00.667 Df AnalyticsReactNativeE2E[22143:1af5f25] [com.apple.UIKit:EventDispatch] Sending UIEvent type: 0; subtype: 0; to window: <UIWindow: 0x10245e530>; contextId: 0x5BB28886
2026-02-11 19:25:00.668 A  AnalyticsReactNativeE2E[22143:1af5f25] (UIKitCore) send gesture actions
2026-02-11 19:25:00.668 I  AnalyticsReactNativeE2E[22143:1af690d] [com.facebook.react.log:javascript] 'TRACK event saved', { type: 'track',
  event: 'Track pressed',
  properties: { foo: 'bar' } }
2026-02-11 19:25:01.358 I  AnalyticsReactNativeE2E[22143:1af5f25] [com.wix.Detox:WebSocket] Action received: invoke
2026-02-11 19:25:01.516 Df AnalyticsReactNativeE2E[22143:1af5f25] [com.apple.UIKit:EventDispatch] Sending UIEvent type: 0; subtype: 0; to windows: 1
2026-02-11 19:25:01.517 Df AnalyticsReactNativeE2E[22143:1af5f25] [com.apple.UIKit:EventDispatch] Sending UIEvent type: 0; subtype: 0; to window: <UIWindow: 0x10245e530>; contextId: 0x5BB28886
2026-02-11 19:25:01.517 A  AnalyticsReactNativeE2E[22143:1af5f25] (UIKitCore) send gesture actions
2026-02-11 19:25:01.534 Df AnalyticsReactNativeE2E[22143:1af5f25] [com.apple.UIKit:EventDispatch] Sending UIEvent type: 0; subtype: 0; to windows: 1
2026-02-11 19:25:01.534 Df AnalyticsReactNativeE2E[22143:1af5f25] [com.apple.UIKit:EventDispatch] Sending UIEvent type: 0; subtype: 0; to window: <UIWindow: 0x10245e530>; contextId: 0x5BB28886
2026-02-11 19:25:01.534 A  AnalyticsReactNativeE2E[22143:1af5f25] (UIKitCore) send gesture actions
2026-02-11 19:25:01.535 Df AnalyticsReactNativeE2E[22143:1af6633] [com.apple.CFNetwork:Default] Task <EDDCE250-E67E-4801-B4C4-E195622E0AF5>.<3> resuming, timeouts(0.0, 604800.0) qos(0x19) voucher((null)) activity(00000000-0000-0000-0000-000000000000)
2026-02-11 19:25:01.535 Db AnalyticsReactNativeE2E[22143:1af6633] [com.apple.network:activity] Returning should log: 0 for activity cfnetwork:foreground_task
2026-02-11 19:25:01.535 Db AnalyticsReactNativeE2E[22143:1af6633] [com.apple.network:activity] Domain cfnetwork rate configured in registry as 1 / 20000
2026-02-11 19:25:01.535 Db AnalyticsReactNativeE2E[22143:1af6633] [com.apple.network:activity] Domain cfnetwork rate configured after remote default override as 1 / 20000
2026-02-11 19:25:01.535 Db AnalyticsReactNativeE2E[22143:1af6633] [com.apple.network:activity] After reading settings plist, domain cfnetwork rate configured as 1 / 2000000
2026-02-11 19:25:01.535 Db AnalyticsReactNativeE2E[22143:1af6633] [com.apple.network:activity] After settings override, domain cfnetwork rate configured as 1 / 2000000
2026-02-11 19:25:01.535 Db AnalyticsReactNativeE2E[22143:1af6633] [com.apple.network:activity] Final domain cfnetwork rate configured as 1 / 2000000
2026-02-11 19:25:01.535 Db AnalyticsReactNativeE2E[22143:1af6633] [com.apple.network:activity] <nw_activity 12:2 [No UUID] (reporting strategy default)> sampled at 1 / 2000000
2026-02-11 19:25:01.535 Db AnalyticsReactNativeE2E[22143:1af6633] [com.apple.network:activity] Returning should log: 0 for activity cfnetwork:foreground_task
2026-02-11 19:25:01.535 Db AnalyticsReactNativeE2E[22143:1af6633] [com.apple.network:activity] Returning should log: 0 for activity cfnetwork:foreground_task
2026-02-11 19:25:01.535 Db AnalyticsReactNativeE2E[22143:1af6633] [com.apple.CFNetwork:Default] [Telemetry]: Activity <nw_activity 12:2 [E80F38F7-78F4-4E83-A5A2-D6A717CDAD23] (reporting strategy default)> on Task <EDDCE250-E67E-4801-B4C4-E195622E0AF5>.<3> was not selected for reporting
2026-02-11 19:25:01.535 Db AnalyticsReactNativeE2E[22143:1af5fc4] [com.apple.networkextension:] ne_tracker_check_is_hostname_blocked() proceeding with the in_the_app check for hostname: localhost
2026-02-11 19:25:01.535 Db AnalyticsReactNativeE2E[22143:1af5fc4] [com.apple.CFBundle:resources] Resource lookup at CFBundle 0x600003b101c0 </Users/abueide/Library/Developer/CoreSimulator/Devices/651CE25F-D2F4-404C-AC47-0364AA5C94A1/data/Containers/Bundle/Application/9D866461-291B-48FB-B6E1-BD13006561BC/AnalyticsReactNativeE2E.app> (executable, loaded)
	Request       : InfoPlist type: strings
	Result        : None
2026-02-11 19:25:01.535 Db AnalyticsReactNativeE2E[22143:1af5fc4] [com.apple.CFBundle:resources] Resource lookup at CFBundle 0x600003b101c0 </Users/abueide/Library/Developer/CoreSimulator/Devices/651CE25F-D2F4-404C-AC47-0364AA5C94A1/data/Containers/Bundle/Application/9D866461-291B-48FB-B6E1-BD13006561BC/AnalyticsReactNativeE2E.app> (executable, loaded)
	Request       : InfoPlist type: stringsdict
	Result        : None
2026-02-11 19:25:01.535 Db AnalyticsReactNativeE2E[22143:1af5fc4] [com.apple.networkextension:] ne_tracker_check_is_hostname_blocked(): hostname localhost is not a tracker. Returning: ne_tracker_status_none
2026-02-11 19:25:01.535 Db AnalyticsReactNativeE2E[22143:1af5fc4] [com.apple.CFNetwork:ATS] Uploading ATS exception ATSAllowsLocalNetworking
2026-02-11 19:25:01.535 Db AnalyticsReactNativeE2E[22143:1af5fc4] [com.apple.CFNetwork:ATS] Uploading ATS exception ATSExceptionDomains
2026-02-11 19:25:01.535 A  AnalyticsReactNativeE2E[22143:1af6633] (Security) SecTrustReportNetworkingAnalytics
2026-02-11 19:25:01.535 Db AnalyticsReactNativeE2E[22143:1af5fc4] [com.apple.CFNetwork:Default] Connection 7: set is idle true
2026-02-11 19:25:01.535 Df AnalyticsReactNativeE2E[22143:1af5fc4] [com.apple.network:connection] [C7] event: client:connection_idle @4.708s
2026-02-11 19:25:01.535 I  AnalyticsReactNativeE2E[22143:1af5fc4] [com.apple.network:connection] nw_endpoint_handler_report_connection_idle [C7 IPv6#db82f2ed.9091 ready parent-flow (satisfied (Path is satisfied), interface: en0[802.11], uses wifi, LQM: unknown)] Reporting connection idle to protocols
2026-02-11 19:25:01.535 I  AnalyticsReactNativeE2E[22143:1af5fc4] [com.apple.network:connection] nw_flow_passthrough_notify [C7.1.1 IPv6#db82f2ed.9091 ready socket-flow (satisfied (Path is satisfied), interface: lo0)] received notification connection_idle
2026-02-11 19:25:01.535 Df AnalyticsReactNativeE2E[22143:1af5fc4] [com.apple.network:connection] nw_protocol_socket_notify [C7.1.1:2] nw_protocol_notification_type_connection_idle is true
2026-02-11 19:25:01.535 E  AnalyticsReactNativeE2E[22143:1af5fc4] [com.apple.network:connection] nw_socket_set_connection_idle [C7.1.1:2] setsockopt SO_CONNECTION_IDLE failed [42: Protocol not available]
2026-02-11 19:25:01.535 Df AnalyticsReactNativeE2E[22143:1af5fc4] [com.apple.CFNetwork:Default] Task <EDDCE250-E67E-4801-B4C4-E195622E0AF5>.<3> now using Connection 7
2026-02-11 19:25:01.535 Db AnalyticsReactNativeE2E[22143:1af5fc4] [com.apple.network:activity] Returning should log: 0 for activity cfnetwork:foreground_task
2026-02-11 19:25:01.535 Db AnalyticsReactNativeE2E[22143:1af5fc4] [com.apple.network:connection] nw_connection_modify_estimated_bytes_block_invoke [C7] Incremented estimated bytes to send by 907, total now 1859
2026-02-11 19:25:01.535 Db AnalyticsReactNativeE2E[22143:1af5fc4] [com.apple.network:connection] nw_connection_modify_estimated_bytes_block_invoke [C7] Using lower threshold 12582912, upper threshold 31457280
2026-02-11 19:25:01.535 Db AnalyticsReactNativeE2E[22143:1af5fc4] [com.apple.CFNetwork:Default] Connection 7: set is idle false
2026-02-11 19:25:01.535 Df AnalyticsReactNativeE2E[22143:1af5fc4] [com.apple.network:connection] [C7] event: client:connection_reused @4.708s
2026-02-11 19:25:01.535 I  AnalyticsReactNativeE2E[22143:1af5fc4] [com.apple.network:connection] nw_endpoint_handler_report_connection_idle [C7 IPv6#db82f2ed.9091 ready parent-flow (satisfied (Path is satisfied), interface: en0[802.11], uses wifi, LQM: unknown)] Reporting connection not idle to protocols
2026-02-11 19:25:01.535 I  AnalyticsReactNativeE2E[22143:1af5fc4] [com.apple.network:connection] nw_flow_passthrough_notify [C7.1.1 IPv6#db82f2ed.9091 ready socket-flow (satisfied (Path is satisfied), interface: lo0)] received notification connection_idle
2026-02-11 19:25:01.536 Df AnalyticsReactNativeE2E[22143:1af5fc4] [com.apple.network:connection] nw_protocol_socket_notify [C7.1.1:2] nw_protocol_notification_type_connection_idle is false
2026-02-11 19:25:01.536 E  AnalyticsReactNativeE2E[22143:1af5fc4] [com.apple.network:connection] nw_socket_set_connection_idle [C7.1.1:2] setsockopt SO_CONNECTION_IDLE failed [42: Protocol not available]
2026-02-11 19:25:01.536 Df AnalyticsReactNativeE2E[22143:1af604b] [com.apple.CFNetwork:Default] Task <EDDCE250-E67E-4801-B4C4-E195622E0AF5>.<3> sent request, body S 907
2026-02-11 19:25:01.536 Df AnalyticsReactNativeE2E[22143:1af6633] [com.apple.securityd:SecError] SecTrustReportNetworkingAnalytics failed with error: -4
2026-02-11 19:25:01.536 A  AnalyticsReactNativeE2E[22143:1af6633] (Security) SecTrustReportNetworkingAnalytics
2026-02-11 19:25:01.537 Df AnalyticsReactNativeE2E[22143:1af6633] [com.apple.securityd:SecError] SecTrustReportNetworkingAnalytics failed with error: -4
2026-02-11 19:25:01.537 Df AnalyticsReactNativeE2E[22143:1af6633] [com.apple.CFNetwork:Default] Task <EDDCE250-E67E-4801-B4C4-E195622E0AF5>.<3> received response, status 429 content K
2026-02-11 19:25:01.537 Db AnalyticsReactNativeE2E[22143:1af6633] [com.apple.network:connection] nw_connection_modify_estimated_bytes_block_invoke [C7] Incremented estimated bytes to receive by 29, total now 424
2026-02-11 19:25:01.537 Db AnalyticsReactNativeE2E[22143:1af6633] [com.apple.network:connection] nw_connection_modify_estimated_bytes_block_invoke [C7] Using lower threshold 12582912, upper threshold 31457280
2026-02-11 19:25:01.537 Df AnalyticsReactNativeE2E[22143:1af6633] [com.apple.CFNetwork:Default] Task <EDDCE250-E67E-4801-B4C4-E195622E0AF5>.<3> response ended
2026-02-11 19:25:01.537 Df AnalyticsReactNativeE2E[22143:1af6633] [com.apple.CFNetwork:Default] Task <EDDCE250-E67E-4801-B4C4-E195622E0AF5>.<3> done using Connection 7
2026-02-11 19:25:01.537 Db AnalyticsReactNativeE2E[22143:1af6633] [com.apple.network:activity] Returning should log: 0 for activity cfnetwork:foreground_task
2026-02-11 19:25:01.537 Db AnalyticsReactNativeE2E[22143:1af6633] [com.apple.CFNetwork:Default] Connection 7: set is idle true
2026-02-11 19:25:01.537 Df AnalyticsReactNativeE2E[22143:1af6633] [com.apple.network:connection] [C7] event: client:connection_idle @4.710s
2026-02-11 19:25:01.537 I  AnalyticsReactNativeE2E[22143:1af6633] [com.apple.network:connection] nw_endpoint_handler_report_connection_idle [C7 IPv6#db82f2ed.9091 ready parent-flow (satisfied (Path is satisfied), interface: en0[802.11], uses wifi, LQM: unknown)] Reporting connection idle to protocols
2026-02-11 19:25:01.537 I  AnalyticsReactNativeE2E[22143:1af6633] [com.apple.network:connection] nw_flow_passthrough_notify [C7.1.1 IPv6#db82f2ed.9091 ready socket-flow (satisfied (Path is satisfied), interface: lo0)] received notification connection_idle
2026-02-11 19:25:01.537 Df AnalyticsReactNativeE2E[22143:1af6633] [com.apple.network:connection] nw_protocol_socket_notify [C7.1.1:2] nw_protocol_notification_type_connection_idle is true
2026-02-11 19:25:01.537 E  AnalyticsReactNativeE2E[22143:1af6633] [com.apple.network:connection] nw_socket_set_connection_idle [C7.1.1:2] setsockopt SO_CONNECTION_IDLE failed [42: Protocol not available]
2026-02-11 19:25:01.537 Df AnalyticsReactNativeE2E[22143:1af604b] [com.apple.CFNetwork:Summary] Task <EDDCE250-E67E-4801-B4C4-E195622E0AF5>.<3> summary for task success {transaction_duration_ms=2, response_status=429, connection=7, reused=1, reused_after_ms=0, request_start_ms=0, request_duration_ms=0, response_start_ms=1, response_duration_ms=0, request_bytes=1197, request_throughput_kbps=78523, response_bytes=295, response_throughput_kbps=16388, cache_hit=true}
2026-02-11 19:25:01.537 Db AnalyticsReactNativeE2E[22143:1af6633] [com.apple.CFNetwork:Default] Connection 7: set is idle true
2026-02-11 19:25:01.537 Df AnalyticsReactNativeE2E[22143:1af6633] [com.apple.network:connection] [C7] event: client:connection_idle @4.710s
2026-02-11 19:25:01.537 I  AnalyticsReactNativeE2E[22143:1af6633] [com.apple.network:connection] nw_endpoint_handler_report_connection_idle [C7 IPv6#db82f2ed.9091 ready parent-flow (satisfied (Path is satisfied), interface: en0[802.11], uses wifi, LQM: unknown)] Reporting connection idle to protocols
2026-02-11 19:25:01.537 Df AnalyticsReactNativeE2E[22143:1af604b] [com.apple.CFNetwork:Default] Task <EDDCE250-E67E-4801-B4C4-E195622E0AF5>.<3> finished successfully
2026-02-11 19:25:01.537 I  AnalyticsReactNativeE2E[22143:1af6633] [com.apple.network:connection] nw_flow_passthrough_notify [C7.1.1 IPv6#db82f2ed.9091 ready socket-flow (satisfied (Path is satisfied), interface: lo0)] received notification connection_idle
2026-02-11 19:25:01.537 Db AnalyticsReactNativeE2E[22143:1af604b] [com.apple.network:activity] Returning should log: 0 for activity cfnetwork:foreground_task
2026-02-11 19:25:01.537 Df AnalyticsReactNativeE2E[22143:1af6633] [com.apple.network:connection] nw_protocol_socket_notify [C7.1.1:2] nw_protocol_notification_type_connection_idle is true
2026-02-11 19:25:01.537 Db AnalyticsReactNativeE2E[22143:1af604b] [com.apple.network:activity] Returning should log: 0 for activity cfnetwork:foreground_task
2026-02-11 19:25:01.537 E  AnalyticsReactNativeE2E[22143:1af6633] [com.apple.network:connection] nw_socket_set_connection_idle [C7.1.1:2] setsockopt SO_CONNECTION_IDLE failed [42: Protocol not available]
2026-02-11 19:25:01.537 Db AnalyticsReactNativeE2E[22143:1af604b] [com.apple.network:activity] No threshold for cfnetwork:foreground_task, returning NW_ACTIVITY_DURATION_INVALID
2026-02-11 19:25:01.537 Db AnalyticsReactNativeE2E[22143:1af604b] [com.apple.network:activity] No threshold for activity <nw_activity 12:2 [E80F38F7-78F4-4E83-A5A2-D6A717CDAD23] (reporting strategy default) complete (reason success)>
2026-02-11 19:25:01.538 I  AnalyticsReactNativeE2E[22143:1af690d] [com.facebook.react.log:javascript] 'An internal error occurred: ', { [Error] type: 1, innerError: undefined, statusCode: 429 }
2026-02-11 19:25:01.538 I  AnalyticsReactNativeE2E[22143:1af690d] [com.facebook.react.log:javascript] { [Error] type: 1, innerError: undefined, statusCode: 429 }
2026-02-11 19:25:01.538 E  AnalyticsReactNativeE2E[22143:1af690d] [com.facebook.react.log:javascript] Failed to send 1 events.
2026-02-11 19:25:03.723 I  AnalyticsReactNativeE2E[22143:1af5f25] [com.wix.Detox:WebSocket] Action received: invoke
2026-02-11 19:25:03.865 Df AnalyticsReactNativeE2E[22143:1af5f25] [com.apple.UIKit:EventDispatch] Sending UIEvent type: 0; subtype: 0; to windows: 1
2026-02-11 19:25:03.866 Df AnalyticsReactNativeE2E[22143:1af5f25] [com.apple.UIKit:EventDispatch] Sending UIEvent type: 0; subtype: 0; to window: <UIWindow: 0x10245e530>; contextId: 0x5BB28886
2026-02-11 19:25:03.866 A  AnalyticsReactNativeE2E[22143:1af5f25] (UIKitCore) send gesture actions
2026-02-11 19:25:03.882 Df AnalyticsReactNativeE2E[22143:1af5f25] [com.apple.UIKit:EventDispatch] Sending UIEvent type: 0; subtype: 0; to windows: 1
2026-02-11 19:25:03.882 Df AnalyticsReactNativeE2E[22143:1af5f25] [com.apple.UIKit:EventDispatch] Sending UIEvent type: 0; subtype: 0; to window: <UIWindow: 0x10245e530>; contextId: 0x5BB28886
2026-02-11 19:25:03.882 A  AnalyticsReactNativeE2E[22143:1af5f25] (UIKitCore) send gesture actions
2026-02-11 19:25:03.883 I  AnalyticsReactNativeE2E[22143:1af690d] [com.facebook.react.log:javascript] 'TRACK event saved', { type: 'track',
  event: 'Track pressed',
  properties: { foo: 'bar' } }
2026-02-11 19:25:04.573 I  AnalyticsReactNativeE2E[22143:1af5f25] [com.wix.Detox:WebSocket] Action received: invoke
2026-02-11 19:25:04.715 Df AnalyticsReactNativeE2E[22143:1af5f25] [com.apple.UIKit:EventDispatch] Sending UIEvent type: 0; subtype: 0; to windows: 1
2026-02-11 19:25:04.716 Df AnalyticsReactNativeE2E[22143:1af5f25] [com.apple.UIKit:EventDispatch] Sending UIEvent type: 0; subtype: 0; to window: <UIWindow: 0x10245e530>; contextId: 0x5BB28886
2026-02-11 19:25:04.716 A  AnalyticsReactNativeE2E[22143:1af5f25] (UIKitCore) send gesture actions
2026-02-11 19:25:04.732 Df AnalyticsReactNativeE2E[22143:1af5f25] [com.apple.UIKit:EventDispatch] Sending UIEvent type: 0; subtype: 0; to windows: 1
2026-02-11 19:25:04.733 Df AnalyticsReactNativeE2E[22143:1af5f25] [com.apple.UIKit:EventDispatch] Sending UIEvent type: 0; subtype: 0; to window: <UIWindow: 0x10245e530>; contextId: 0x5BB28886
2026-02-11 19:25:04.733 A  AnalyticsReactNativeE2E[22143:1af5f25] (UIKitCore) send gesture actions
2026-02-11 19:25:04.734 Df AnalyticsReactNativeE2E[22143:1af6038] [com.apple.CFNetwork:Default] Task <B895DB31-D1EA-4D1C-9228-52AAE84F3025>.<4> resuming, timeouts(0.0, 604800.0) qos(0x19) voucher((null)) activity(00000000-0000-0000-0000-000000000000)
2026-02-11 19:25:04.734 Db AnalyticsReactNativeE2E[22143:1af6038] [com.apple.network:activity] Returning should log: 0 for activity cfnetwork:foreground_task
2026-02-11 19:25:04.734 Db AnalyticsReactNativeE2E[22143:1af6038] [com.apple.network:activity] Domain cfnetwork rate configured in registry as 1 / 20000
2026-02-11 19:25:04.734 Db AnalyticsReactNativeE2E[22143:1af6038] [com.apple.network:activity] Domain cfnetwork rate configured after remote default override as 1 / 20000
2026-02-11 19:25:04.734 Db AnalyticsReactNativeE2E[22143:1af6038] [com.apple.network:activity] After reading settings plist, domain cfnetwork rate configured as 1 / 2000000
2026-02-11 19:25:04.734 Db AnalyticsReactNativeE2E[22143:1af6038] [com.apple.network:activity] After settings override, domain cfnetwork rate configured as 1 / 2000000
2026-02-11 19:25:04.734 Db AnalyticsReactNativeE2E[22143:1af6038] [com.apple.network:activity] Final domain cfnetwork rate configured as 1 / 2000000
2026-02-11 19:25:04.734 Db AnalyticsReactNativeE2E[22143:1af6038] [com.apple.network:activity] <nw_activity 12:2 [No UUID] (reporting strategy default)> sampled at 1 / 2000000
2026-02-11 19:25:04.734 Db AnalyticsReactNativeE2E[22143:1af6038] [com.apple.network:activity] Returning should log: 0 for activity cfnetwork:foreground_task
2026-02-11 19:25:04.734 Db AnalyticsReactNativeE2E[22143:1af6038] [com.apple.network:activity] Returning should log: 0 for activity cfnetwork:foreground_task
2026-02-11 19:25:04.734 Db AnalyticsReactNativeE2E[22143:1af6038] [com.apple.CFNetwork:Default] [Telemetry]: Activity <nw_activity 12:2 [B7B5E388-C03A-4FE4-B278-1591C1D3CAE2] (reporting strategy default)> on Task <B895DB31-D1EA-4D1C-9228-52AAE84F3025>.<4> was not selected for reporting
2026-02-11 19:25:04.734 Db AnalyticsReactNativeE2E[22143:1af6038] [com.apple.networkextension:] ne_tracker_check_is_hostname_blocked() proceeding with the in_the_app check for hostname: localhost
2026-02-11 19:25:04.734 Db AnalyticsReactNativeE2E[22143:1af6038] [com.apple.CFBundle:resources] Resource lookup at CFBundle 0x600003b101c0 </Users/abueide/Library/Developer/CoreSimulator/Devices/651CE25F-D2F4-404C-AC47-0364AA5C94A1/data/Containers/Bundle/Application/9D866461-291B-48FB-B6E1-BD13006561BC/AnalyticsReactNativeE2E.app> (executable, loaded)
	Request       : InfoPlist type: strings
	Result        : None
2026-02-11 19:25:04.734 Db AnalyticsReactNativeE2E[22143:1af6038] [com.apple.CFBundle:resources] Resource lookup at CFBundle 0x600003b101c0 </Users/abueide/Library/Developer/CoreSimulator/Devices/651CE25F-D2F4-404C-AC47-0364AA5C94A1/data/Containers/Bundle/Application/9D866461-291B-48FB-B6E1-BD13006561BC/AnalyticsReactNativeE2E.app> (executable, loaded)
	Request       : InfoPlist type: stringsdict
	Result        : None
2026-02-11 19:25:04.734 Db AnalyticsReactNativeE2E[22143:1af6038] [com.apple.networkextension:] ne_tracker_check_is_hostname_blocked(): hostname localhost is not a tracker. Returning: ne_tracker_status_none
2026-02-11 19:25:04.734 Db AnalyticsReactNativeE2E[22143:1af6038] [com.apple.CFNetwork:ATS] Uploading ATS exception ATSAllowsLocalNetworking
2026-02-11 19:25:04.734 Db AnalyticsReactNativeE2E[22143:1af6038] [com.apple.CFNetwork:ATS] Uploading ATS exception ATSExceptionDomains
2026-02-11 19:25:04.734 A  AnalyticsReactNativeE2E[22143:1af604b] (Security) SecTrustReportNetworkingAnalytics
2026-02-11 19:25:04.734 Db AnalyticsReactNativeE2E[22143:1af6038] [com.apple.CFNetwork:Default] Connection 7: set is idle true
2026-02-11 19:25:04.734 Df AnalyticsReactNativeE2E[22143:1af6038] [com.apple.network:connection] [C7] event: client:connection_idle @7.908s
2026-02-11 19:25:04.734 I  AnalyticsReactNativeE2E[22143:1af6038] [com.apple.network:connection] nw_endpoint_handler_report_connection_idle [C7 IPv6#db82f2ed.9091 ready parent-flow (satisfied (Path is satisfied), interface: en0[802.11], uses wifi, LQM: unknown)] Reporting connection idle to protocols
2026-02-11 19:25:04.734 I  AnalyticsReactNativeE2E[22143:1af6038] [com.apple.network:connection] nw_flow_passthrough_notify [C7.1.1 IPv6#db82f2ed.9091 ready socket-flow (satisfied (Path is satisfied), interface: lo0)] received notification connection_idle
2026-02-11 19:25:04.734 Df AnalyticsReactNativeE2E[22143:1af6038] [com.apple.network:connection] nw_protocol_socket_notify [C7.1.1:2] nw_protocol_notification_type_connection_idle is true
2026-02-11 19:25:04.734 E  AnalyticsReactNativeE2E[22143:1af6038] [com.apple.network:connection] nw_socket_set_connection_idle [C7.1.1:2] setsockopt SO_CONNECTION_IDLE failed [42: Protocol not available]
2026-02-11 19:25:04.734 Df AnalyticsReactNativeE2E[22143:1af6038] [com.apple.CFNetwork:Default] Task <B895DB31-D1EA-4D1C-9228-52AAE84F3025>.<4> now using Connection 7
2026-02-11 19:25:04.734 Db AnalyticsReactNativeE2E[22143:1af6038] [com.apple.network:activity] Returning should log: 0 for activity cfnetwork:foreground_task
2026-02-11 19:25:04.734 Db AnalyticsReactNativeE2E[22143:1af6038] [com.apple.network:connection] nw_connection_modify_estimated_bytes_block_invoke [C7] Incremented estimated bytes to send by 1750, total now 3609
2026-02-11 19:25:04.734 Db AnalyticsReactNativeE2E[22143:1af6038] [com.apple.network:connection] nw_connection_modify_estimated_bytes_block_invoke [C7] Using lower threshold 12582912, upper threshold 31457280
2026-02-11 19:25:04.734 Db AnalyticsReactNativeE2E[22143:1af6038] [com.apple.CFNetwork:Default] Connection 7: set is idle false
2026-02-11 19:25:04.734 Df AnalyticsReactNativeE2E[22143:1af6038] [com.apple.network:connection] [C7] event: client:connection_reused @7.908s
2026-02-11 19:25:04.734 I  AnalyticsReactNativeE2E[22143:1af6038] [com.apple.network:connection] nw_endpoint_handler_report_connection_idle [C7 IPv6#db82f2ed.9091 ready parent-flow (satisfied (Path is satisfied), interface: en0[802.11], uses wifi, LQM: unknown)] Reporting connection not idle to protocols
2026-02-11 19:25:04.734 I  AnalyticsReactNativeE2E[22143:1af6038] [com.apple.network:connection] nw_flow_passthrough_notify [C7.1.1 IPv6#db82f2ed.9091 ready socket-flow (satisfied (Path is satisfied), interface: lo0)] received notification connection_idle
2026-02-11 19:25:04.734 Df AnalyticsReactNativeE2E[22143:1af6038] [com.apple.network:connection] nw_protocol_socket_notify [C7.1.1:2] nw_protocol_notification_type_connection_idle is false
2026-02-11 19:25:04.734 E  AnalyticsReactNativeE2E[22143:1af6038] [com.apple.network:connection] nw_socket_set_connection_idle [C7.1.1:2] setsockopt SO_CONNECTION_IDLE failed [42: Protocol not available]
2026-02-11 19:25:04.734 Df AnalyticsReactNativeE2E[22143:1af604b] [com.apple.securityd:SecError] SecTrustReportNetworkingAnalytics failed with error: -4
2026-02-11 19:25:04.734 A  AnalyticsReactNativeE2E[22143:1af604b] (Security) SecTrustReportNetworkingAnalytics
2026-02-11 19:25:04.735 Df AnalyticsReactNativeE2E[22143:1af6038] [com.apple.CFNetwork:Default] Task <B895DB31-D1EA-4D1C-9228-52AAE84F3025>.<4> sent request, body S 1750
2026-02-11 19:25:04.735 Df AnalyticsReactNativeE2E[22143:1af604b] [com.apple.securityd:SecError] SecTrustReportNetworkingAnalytics failed with error: -4
2026-02-11 19:25:04.735 Df AnalyticsReactNativeE2E[22143:1af604b] [com.apple.CFNetwork:Default] Task <B895DB31-D1EA-4D1C-9228-52AAE84F3025>.<4> received response, status 200 content K
2026-02-11 19:25:04.735 Db AnalyticsReactNativeE2E[22143:1af604b] [com.apple.network:connection] nw_connection_modify_estimated_bytes_block_invoke [C7] Incremented estimated bytes to receive by 20, total now 444
2026-02-11 19:25:04.735 Db AnalyticsReactNativeE2E[22143:1af604b] [com.apple.network:connection] nw_connection_modify_estimated_bytes_block_invoke [C7] Using lower threshold 12582912, upper threshold 31457280
2026-02-11 19:25:04.735 Df AnalyticsReactNativeE2E[22143:1af604b] [com.apple.CFNetwork:Default] Task <B895DB31-D1EA-4D1C-9228-52AAE84F3025>.<4> response ended
2026-02-11 19:25:04.735 Df AnalyticsReactNativeE2E[22143:1af604b] [com.apple.CFNetwork:Default] Task <B895DB31-D1EA-4D1C-9228-52AAE84F3025>.<4> done using Connection 7
2026-02-11 19:25:04.735 Db AnalyticsReactNativeE2E[22143:1af604b] [com.apple.network:activity] Returning should log: 0 for activity cfnetwork:foreground_task
2026-02-11 19:25:04.735 Db AnalyticsReactNativeE2E[22143:1af604b] [com.apple.CFNetwork:Default] Connection 7: set is idle true
2026-02-11 19:25:04.735 Df AnalyticsReactNativeE2E[22143:1af604b] [com.apple.network:connection] [C7] event: client:connection_idle @7.910s
2026-02-11 19:25:04.735 I  AnalyticsReactNativeE2E[22143:1af604b] [com.apple.network:connection] nw_endpoint_handler_report_connection_idle [C7 IPv6#db82f2ed.9091 ready parent-flow (satisfied (Path is satisfied), interface: en0[802.11], uses wifi, LQM: unknown)] Reporting connection idle to protocols
2026-02-11 19:25:04.735 I  AnalyticsReactNativeE2E[22143:1af604b] [com.apple.network:connection] nw_flow_passthrough_notify [C7.1.1 IPv6#db82f2ed.9091 ready socket-flow (satisfied (Path is satisfied), interface: lo0)] received notification connection_idle
2026-02-11 19:25:04.735 Df AnalyticsReactNativeE2E[22143:1af604b] [com.apple.network:connection] nw_protocol_socket_notify [C7.1.1:2] nw_protocol_notification_type_connection_idle is true
2026-02-11 19:25:04.735 E  AnalyticsReactNativeE2E[22143:1af604b] [com.apple.network:connection] nw_socket_set_connection_idle [C7.1.1:2] setsockopt SO_CONNECTION_IDLE failed [42: Protocol not available]
2026-02-11 19:25:04.735 I  AnalyticsReactNativeE2E[22143:1af6633] [com.apple.runningboard:assertion] Acquiring assertion: <RBSAssertionDescriptor| "com.apple.CFNetwork.StorageDB" ID:(null) target:22143>
2026-02-11 19:25:04.735 Df AnalyticsReactNativeE2E[22143:1af6038] [com.apple.CFNetwork:Summary] Task <B895DB31-D1EA-4D1C-9228-52AAE84F3025>.<4> summary for task success {transaction_duration_ms=1, response_status=200, connection=7, reused=1, reused_after_ms=0, request_start_ms=0, request_duration_ms=0, response_start_ms=1, response_duration_ms=0, request_bytes=2041, request_throughput_kbps=104000, response_bytes=255, response_throughput_kbps=12445, cache_hit=true}
2026-02-11 19:25:04.736 Db AnalyticsReactNativeE2E[22143:1af604b] [com.apple.CFNetwork:Default] Connection 7: set is idle true
2026-02-11 19:25:04.736 Df AnalyticsReactNativeE2E[22143:1af6038] [com.apple.CFNetwork:Default] Task <B895DB31-D1EA-4D1C-9228-52AAE84F3025>.<4> finished successfully
2026-02-11 19:25:04.736 Df AnalyticsReactNativeE2E[22143:1af604b] [com.apple.network:connection] [C7] event: client:connection_idle @7.910s
2026-02-11 19:25:04.736 Db AnalyticsReactNativeE2E[22143:1af6038] [com.apple.network:activity] Returning should log: 0 for activity cfnetwork:foreground_task
2026-02-11 19:25:04.736 I  AnalyticsReactNativeE2E[22143:1af604b] [com.apple.network:connection] nw_endpoint_handler_report_connection_idle [C7 IPv6#db82f2ed.9091 ready parent-flow (satisfied (Path is satisfied), interface: en0[802.11], uses wifi, LQM: unknown)] Reporting connection idle to protocols
2026-02-11 19:25:04.736 Db AnalyticsReactNativeE2E[22143:1af6038] [com.apple.network:activity] Returning should log: 0 for activity cfnetwork:foreground_task
2026-02-11 19:25:04.736 I  AnalyticsReactNativeE2E[22143:1af604b] [com.apple.network:connection] nw_flow_passthrough_notify [C7.1.1 IPv6#db82f2ed.9091 ready socket-flow (satisfied (Path is satisfied), interface: lo0)] received notification connection_idle
2026-02-11 19:25:04.736 I  AnalyticsReactNativeE2E[22143:1af690d] [com.facebook.react.log:javascript] Sent 2 events
2026-02-11 19:25:04.736 Db AnalyticsReactNativeE2E[22143:1af6038] [com.apple.network:activity] No threshold for cfnetwork:foreground_task, returning NW_ACTIVITY_DURATION_INVALID
2026-02-11 19:25:04.736 Df AnalyticsReactNativeE2E[22143:1af604b] [com.apple.network:connection] nw_protocol_socket_notify [C7.1.1:2] nw_protocol_notification_type_connection_idle is true
2026-02-11 19:25:04.736 Db AnalyticsReactNativeE2E[22143:1af6038] [com.apple.network:activity] No threshold for activity <nw_activity 12:2 [B7B5E388-C03A-4FE4-B278-1591C1D3CAE2] (reporting strategy default) complete (reason success)>
2026-02-11 19:25:04.736 E  AnalyticsReactNativeE2E[22143:1af604b] [com.apple.network:connection] nw_socket_set_connection_idle [C7.1.1:2] setsockopt SO_CONNECTION_IDLE failed [42: Protocol not available]
2026-02-11 19:25:04.736 Db AnalyticsReactNativeE2E[22143:1af6633] [com.apple.runningboard:assertion] Adding assertion 1422-22143-1491 to dictionary
2026-02-11 19:25:05.422 I  AnalyticsReactNativeE2E[22143:1af5f25] [com.wix.Detox:WebSocket] Action received: invoke
2026-02-11 19:25:05.532 Df AnalyticsReactNativeE2E[22143:1af5f25] [com.apple.UIKit:EventDispatch] Sending UIEvent type: 0; subtype: 0; to windows: 1
2026-02-11 19:25:05.532 Df AnalyticsReactNativeE2E[22143:1af5f25] [com.apple.UIKit:EventDispatch] Sending UIEvent type: 0; subtype: 0; to window: <UIWindow: 0x10245e530>; contextId: 0x5BB28886
2026-02-11 19:25:05.532 A  AnalyticsReactNativeE2E[22143:1af5f25] (UIKitCore) send gesture actions
2026-02-11 19:25:05.549 Df AnalyticsReactNativeE2E[22143:1af5f25] [com.apple.UIKit:EventDispatch] Sending UIEvent type: 0; subtype: 0; to windows: 1
2026-02-11 19:25:05.549 Df AnalyticsReactNativeE2E[22143:1af5f25] [com.apple.UIKit:EventDispatch] Sending UIEvent type: 0; subtype: 0; to window: <UIWindow: 0x10245e530>; contextId: 0x5BB28886
2026-02-11 19:25:05.549 A  AnalyticsReactNativeE2E[22143:1af5f25] (UIKitCore) send gesture actions
2026-02-11 19:25:05.549 I  AnalyticsReactNativeE2E[22143:1af690d] [com.facebook.react.log:javascript] 'TRACK event saved', { type: 'track',
  event: 'Track pressed',
  properties: { foo: 'bar' } }
2026-02-11 19:25:06.241 I  AnalyticsReactNativeE2E[22143:1af5f25] [com.wix.Detox:WebSocket] Action received: invoke
2026-02-11 19:25:06.382 Df AnalyticsReactNativeE2E[22143:1af5f25] [com.apple.UIKit:EventDispatch] Sending UIEvent type: 0; subtype: 0; to windows: 1
2026-02-11 19:25:06.382 Df AnalyticsReactNativeE2E[22143:1af5f25] [com.apple.UIKit:EventDispatch] Sending UIEvent type: 0; subtype: 0; to window: <UIWindow: 0x10245e530>; contextId: 0x5BB28886
2026-02-11 19:25:06.383 A  AnalyticsReactNativeE2E[22143:1af5f25] (UIKitCore) send gesture actions
2026-02-11 19:25:06.398 Df AnalyticsReactNativeE2E[22143:1af5f25] [com.apple.UIKit:EventDispatch] Sending UIEvent type: 0; subtype: 0; to windows: 1
2026-02-11 19:25:06.398 Df AnalyticsReactNativeE2E[22143:1af5f25] [com.apple.UIKit:EventDispatch] Sending UIEvent type: 0; subtype: 0; to window: <UIWindow: 0x10245e530>; contextId: 0x5BB28886
2026-02-11 19:25:06.398 A  AnalyticsReactNativeE2E[22143:1af5f25] (UIKitCore) send gesture actions
2026-02-11 19:25:06.399 Df AnalyticsReactNativeE2E[22143:1af5fc4] [com.apple.CFNetwork:Default] Task <2A423E33-32C2-4306-8852-FE1A21E7D771>.<5> resuming, timeouts(0.0, 604800.0) qos(0x19) voucher((null)) activity(00000000-0000-0000-0000-000000000000)
2026-02-11 19:25:06.399 Db AnalyticsReactNativeE2E[22143:1af5fc4] [com.apple.network:activity] Returning should log: 0 for activity cfnetwork:foreground_task
2026-02-11 19:25:06.399 Db AnalyticsReactNativeE2E[22143:1af5fc4] [com.apple.network:activity] Domain cfnetwork rate configured in registry as 1 / 20000
2026-02-11 19:25:06.399 Db AnalyticsReactNativeE2E[22143:1af5fc4] [com.apple.network:activity] Domain cfnetwork rate configured after remote default override as 1 / 20000
2026-02-11 19:25:06.399 Db AnalyticsReactNativeE2E[22143:1af5fc4] [com.apple.network:activity] After reading settings plist, domain cfnetwork rate configured as 1 / 2000000
2026-02-11 19:25:06.399 Db AnalyticsReactNativeE2E[22143:1af5fc4] [com.apple.network:activity] After settings override, domain cfnetwork rate configured as 1 / 2000000
2026-02-11 19:25:06.399 Db AnalyticsReactNativeE2E[22143:1af5fc4] [com.apple.network:activity] Final domain cfnetwork rate configured as 1 / 2000000
2026-02-11 19:25:06.399 Db AnalyticsReactNativeE2E[22143:1af5fc4] [com.apple.network:activity] <nw_activity 12:2 [No UUID] (reporting strategy default)> sampled at 1 / 2000000
2026-02-11 19:25:06.399 Db AnalyticsReactNativeE2E[22143:1af5fc4] [com.apple.network:activity] Returning should log: 0 for activity cfnetwork:foreground_task
2026-02-11 19:25:06.399 Db AnalyticsReactNativeE2E[22143:1af5fc4] [com.apple.network:activity] Returning should log: 0 for activity cfnetwork:foreground_task
2026-02-11 19:25:06.399 Db AnalyticsReactNativeE2E[22143:1af5fc4] [com.apple.CFNetwork:Default] [Telemetry]: Activity <nw_activity 12:2 [90ACCB5F-6169-4A55-ADCE-E9A7D3F10BA3] (reporting strategy default)> on Task <2A423E33-32C2-4306-8852-FE1A21E7D771>.<5> was not selected for reporting
2026-02-11 19:25:06.399 Db AnalyticsReactNativeE2E[22143:1af6633] [com.apple.networkextension:] ne_tracker_check_is_hostname_blocked() proceeding with the in_the_app check for hostname: localhost
2026-02-11 19:25:06.399 Db AnalyticsReactNativeE2E[22143:1af6633] [com.apple.CFBundle:resources] Resource lookup at CFBundle 0x600003b101c0 </Users/abueide/Library/Developer/CoreSimulator/Devices/651CE25F-D2F4-404C-AC47-0364AA5C94A1/data/Containers/Bundle/Application/9D866461-291B-48FB-B6E1-BD13006561BC/AnalyticsReactNativeE2E.app> (executable, loaded)
	Request       : InfoPlist type: strings
	Result        : None
2026-02-11 19:25:06.399 Db AnalyticsReactNativeE2E[22143:1af6633] [com.apple.CFBundle:resources] Resource lookup at CFBundle 0x600003b101c0 </Users/abueide/Library/Developer/CoreSimulator/Devices/651CE25F-D2F4-404C-AC47-0364AA5C94A1/data/Containers/Bundle/Application/9D866461-291B-48FB-B6E1-BD13006561BC/AnalyticsReactNativeE2E.app> (executable, loaded)
	Request       : InfoPlist type: stringsdict
	Result        : None
2026-02-11 19:25:06.399 Db AnalyticsReactNativeE2E[22143:1af6633] [com.apple.networkextension:] ne_tracker_check_is_hostname_blocked(): hostname localhost is not a tracker. Returning: ne_tracker_status_none
2026-02-11 19:25:06.400 Db AnalyticsReactNativeE2E[22143:1af6633] [com.apple.CFNetwork:ATS] Uploading ATS exception ATSAllowsLocalNetworking
2026-02-11 19:25:06.400 Db AnalyticsReactNativeE2E[22143:1af6633] [com.apple.CFNetwork:ATS] Uploading ATS exception ATSExceptionDomains
2026-02-11 19:25:06.400 A  AnalyticsReactNativeE2E[22143:1af5fc4] (Security) SecTrustReportNetworkingAnalytics
2026-02-11 19:25:06.400 Db AnalyticsReactNativeE2E[22143:1af6633] [com.apple.CFNetwork:Default] Connection 7: set is idle true
