Filtering the log data using "processImagePath BEGINSWITH "/Users/abueide/Library/Developer/CoreSimulator/Devices/651CE25F-D2F4-404C-AC47-0364AA5C94A1/data/Containers/Bundle/Application/EE7D5645-3D09-41B7-9BE5-741B512BFF76/AnalyticsReactNativeE2E.app""
Timestamp               Ty Process[PID:TID]
2026-02-11 19:22:37.658 I  AnalyticsReactNativeE2E[21069:1af2809] [com.wix.Detox:WebSocket] Action received: invoke
2026-02-11 19:22:37.729 Db AnalyticsReactNativeE2E[21069:1af3306] [com.apple.network:connection] nw_association_schedule_deactivation_block_invoke <nw_association Hostname#4aa8a16c:9091> becoming dormant
2026-02-11 19:22:37.729 Db AnalyticsReactNativeE2E[21069:1af3306] [com.apple.network:connection] nw_association_schedule_deactivation_block_invoke <nw_association IPv6#21de5f2f.9091> becoming dormant
2026-02-11 19:22:37.729 Db AnalyticsReactNativeE2E[21069:1af3306] [com.apple.CFNetwork:Coalescing] removing all entries config 0x600000222760
2026-02-11 19:22:37.729 I  AnalyticsReactNativeE2E[21069:1af3306] [com.apple.network:] nw_context_dealloc Deallocating context <nw_context (null) (private)>
2026-02-11 19:22:37.729 I  AnalyticsReactNativeE2E[21069:1af3306] [com.apple.network:] nw_context_purge_endpoints Context <nw_context com.apple.CFNetwork.NSURLSession.{7527B4C1-BF47-43EC-A5F6-62559436A822}{(null)}{Y}{2}{0x0} (private)> has more than 0 cache entries, purging 1 from 1 down to 0
2026-02-11 19:22:37.729 Db AnalyticsReactNativeE2E[21069:1af3306] [com.apple.network:endpoint] endpoint IPv6#21de5f2f.9091 has nothing to cleanup, no protocol instance registrars
2026-02-11 19:22:37.729 Db AnalyticsReactNativeE2E[21069:1af3306] [com.apple.network:endpoint] endpoint Hostname#4aa8a16c:9091 has nothing to cleanup, no protocol instance registrars
2026-02-11 19:22:37.729 I  AnalyticsReactNativeE2E[21069:1af3306] [com.apple.network:] nw_context_dealloc Deallocating context <nw_context (null) (private)>
2026-02-11 19:22:37.811 Df AnalyticsReactNativeE2E[21069:1af2809] [com.apple.UIKit:EventDispatch] Sending UIEvent type: 0; subtype: 0; to windows: 1
2026-02-11 19:22:37.812 Df AnalyticsReactNativeE2E[21069:1af2809] [com.apple.UIKit:EventDispatch] Sending UIEvent type: 0; subtype: 0; to window: <UIWindow: 0x104106d60>; contextId: 0x740D22C3
2026-02-11 19:22:37.812 A  AnalyticsReactNativeE2E[21069:1af2809] (UIKitCore) send gesture actions
2026-02-11 19:22:37.828 Df AnalyticsReactNativeE2E[21069:1af2809] [com.apple.UIKit:EventDispatch] Sending UIEvent type: 0; subtype: 0; to windows: 1
2026-02-11 19:22:37.828 Df AnalyticsReactNativeE2E[21069:1af2809] [com.apple.UIKit:EventDispatch] Sending UIEvent type: 0; subtype: 0; to window: <UIWindow: 0x104106d60>; contextId: 0x740D22C3
2026-02-11 19:22:37.828 A  AnalyticsReactNativeE2E[21069:1af2809] (UIKitCore) send gesture actions
2026-02-11 19:22:37.829 Df AnalyticsReactNativeE2E[21069:1af283d] [com.apple.CFNetwork:Default] Task <04B3BD87-A57B-4168-BCB2-66553679F9CF>.<2> resuming, timeouts(0.0, 604800.0) qos(0x19) voucher((null)) activity(00000000-0000-0000-0000-000000000000)
2026-02-11 19:22:37.829 Db AnalyticsReactNativeE2E[21069:1af283d] [com.apple.network:activity] Returning should log: 0 for activity cfnetwork:foreground_task
2026-02-11 19:22:37.829 Db AnalyticsReactNativeE2E[21069:1af283d] [com.apple.network:activity] Domain cfnetwork rate configured in registry as 1 / 20000
2026-02-11 19:22:37.829 Db AnalyticsReactNativeE2E[21069:1af283d] [com.apple.network:activity] Domain cfnetwork rate configured after remote default override as 1 / 20000
2026-02-11 19:22:37.829 Db AnalyticsReactNativeE2E[21069:1af283d] [com.apple.network:activity] After reading settings plist, domain cfnetwork rate configured as 1 / 2000000
2026-02-11 19:22:37.829 Db AnalyticsReactNativeE2E[21069:1af283d] [com.apple.network:activity] After settings override, domain cfnetwork rate configured as 1 / 2000000
2026-02-11 19:22:37.829 Db AnalyticsReactNativeE2E[21069:1af283d] [com.apple.network:activity] Final domain cfnetwork rate configured as 1 / 2000000
2026-02-11 19:22:37.829 Db AnalyticsReactNativeE2E[21069:1af283d] [com.apple.network:activity] <nw_activity 12:2 [No UUID] (reporting strategy default)> sampled at 1 / 2000000
2026-02-11 19:22:37.829 Db AnalyticsReactNativeE2E[21069:1af283d] [com.apple.network:activity] Returning should log: 0 for activity cfnetwork:foreground_task
2026-02-11 19:22:37.829 Db AnalyticsReactNativeE2E[21069:1af283d] [com.apple.network:activity] Returning should log: 0 for activity cfnetwork:foreground_task
2026-02-11 19:22:37.829 Db AnalyticsReactNativeE2E[21069:1af283d] [com.apple.CFNetwork:Default] [Telemetry]: Activity <nw_activity 12:2 [F5751406-BE29-45B2-9616-D2A9E01593F7] (reporting strategy default)> on Task <04B3BD87-A57B-4168-BCB2-66553679F9CF>.<2> was not selected for reporting
2026-02-11 19:22:37.830 Db AnalyticsReactNativeE2E[21069:1af3306] [com.apple.networkextension:] ne_tracker_check_is_hostname_blocked() proceeding with the in_the_app check for hostname: localhost
2026-02-11 19:22:37.830 Db AnalyticsReactNativeE2E[21069:1af3306] [com.apple.CFBundle:resources] Resource lookup at CFBundle 0x600003b000e0 </Users/abueide/Library/Developer/CoreSimulator/Devices/651CE25F-D2F4-404C-AC47-0364AA5C94A1/data/Containers/Bundle/Application/EE7D5645-3D09-41B7-9BE5-741B512BFF76/AnalyticsReactNativeE2E.app> (executable, loaded)
	Request       : InfoPlist type: strings
	Result        : None
2026-02-11 19:22:37.830 Db AnalyticsReactNativeE2E[21069:1af3306] [com.apple.CFBundle:resources] Resource lookup at CFBundle 0x600003b000e0 </Users/abueide/Library/Developer/CoreSimulator/Devices/651CE25F-D2F4-404C-AC47-0364AA5C94A1/data/Containers/Bundle/Application/EE7D5645-3D09-41B7-9BE5-741B512BFF76/AnalyticsReactNativeE2E.app> (executable, loaded)
	Request       : InfoPlist type: stringsdict
	Result        : None
2026-02-11 19:22:37.830 Db AnalyticsReactNativeE2E[21069:1af3306] [com.apple.networkextension:] ne_tracker_check_is_hostname_blocked(): hostname localhost is not a tracker. Returning: ne_tracker_status_none
2026-02-11 19:22:37.830 Db AnalyticsReactNativeE2E[21069:1af3306] [com.apple.CFNetwork:ATS] Uploading ATS exception ATSAllowsLocalNetworking
2026-02-11 19:22:37.830 Db AnalyticsReactNativeE2E[21069:1af3306] [com.apple.CFNetwork:ATS] Uploading ATS exception ATSExceptionDomains
2026-02-11 19:22:37.830 A  AnalyticsReactNativeE2E[21069:1af283d] (Security) SecTrustReportNetworkingAnalytics
2026-02-11 19:22:37.830 Db AnalyticsReactNativeE2E[21069:1af3306] [com.apple.CFNetwork:Default] Connection 15: set is idle true
2026-02-11 19:22:37.830 Df AnalyticsReactNativeE2E[21069:1af3306] [com.apple.network:connection] [C15] event: client:connection_idle @2.206s
2026-02-11 19:22:37.830 I  AnalyticsReactNativeE2E[21069:1af3306] [com.apple.network:connection] nw_endpoint_handler_report_connection_idle [C15 IPv6#21de5f2f.9091 ready parent-flow (satisfied (Path is satisfied), interface: en0[802.11], uses wifi, LQM: unknown)] Reporting connection idle to protocols
2026-02-11 19:22:37.830 I  AnalyticsReactNativeE2E[21069:1af3306] [com.apple.network:connection] nw_flow_passthrough_notify [C15.1.1 IPv6#21de5f2f.9091 ready socket-flow (satisfied (Path is satisfied), interface: lo0)] received notification connection_idle
2026-02-11 19:22:37.830 Df AnalyticsReactNativeE2E[21069:1af3306] [com.apple.network:connection] nw_protocol_socket_notify [C15.1.1:2] nw_protocol_notification_type_connection_idle is true
2026-02-11 19:22:37.830 E  AnalyticsReactNativeE2E[21069:1af3306] [com.apple.network:connection] nw_socket_set_connection_idle [C15.1.1:2] setsockopt SO_CONNECTION_IDLE failed [42: Protocol not available]
2026-02-11 19:22:37.830 Df AnalyticsReactNativeE2E[21069:1af3306] [com.apple.CFNetwork:Default] Task <04B3BD87-A57B-4168-BCB2-66553679F9CF>.<2> now using Connection 15
2026-02-11 19:22:37.830 Db AnalyticsReactNativeE2E[21069:1af3306] [com.apple.network:activity] Returning should log: 0 for activity cfnetwork:foreground_task
2026-02-11 19:22:37.830 Db AnalyticsReactNativeE2E[21069:1af3306] [com.apple.network:connection] nw_connection_modify_estimated_bytes_block_invoke [C15] Incremented estimated bytes to send by 952, total now 952
2026-02-11 19:22:37.830 Db AnalyticsReactNativeE2E[21069:1af3306] [com.apple.network:connection] nw_connection_modify_estimated_bytes_block_invoke [C15] Using lower threshold 12582912, upper threshold 31457280
2026-02-11 19:22:37.830 Db AnalyticsReactNativeE2E[21069:1af3306] [com.apple.CFNetwork:Default] Connection 15: set is idle false
2026-02-11 19:22:37.830 Df AnalyticsReactNativeE2E[21069:1af3306] [com.apple.network:connection] [C15] event: client:connection_reused @2.206s
2026-02-11 19:22:37.830 I  AnalyticsReactNativeE2E[21069:1af3306] [com.apple.network:connection] nw_endpoint_handler_report_connection_idle [C15 IPv6#21de5f2f.9091 ready parent-flow (satisfied (Path is satisfied), interface: en0[802.11], uses wifi, LQM: unknown)] Reporting connection not idle to protocols
2026-02-11 19:22:37.830 I  AnalyticsReactNativeE2E[21069:1af3306] [com.apple.network:connection] nw_flow_passthrough_notify [C15.1.1 IPv6#21de5f2f.9091 ready socket-flow (satisfied (Path is satisfied), interface: lo0)] received notification connection_idle
2026-02-11 19:22:37.830 Df AnalyticsReactNativeE2E[21069:1af3306] [com.apple.network:connection] nw_protocol_socket_notify [C15.1.1:2] nw_protocol_notification_type_connection_idle is false
2026-02-11 19:22:37.830 E  AnalyticsReactNativeE2E[21069:1af3306] [com.apple.network:connection] nw_socket_set_connection_idle [C15.1.1:2] setsockopt SO_CONNECTION_IDLE failed [42: Protocol not available]
2026-02-11 19:22:37.831 Df AnalyticsReactNativeE2E[21069:1af282f] [com.apple.CFNetwork:Default] Task <04B3BD87-A57B-4168-BCB2-66553679F9CF>.<2> sent request, body S 952
2026-02-11 19:22:37.833 Df AnalyticsReactNativeE2E[21069:1af3306] [com.apple.CFNetwork:Default] Task <04B3BD87-A57B-4168-BCB2-66553679F9CF>.<2> received response, status 200 content K
2026-02-11 19:22:37.833 Db AnalyticsReactNativeE2E[21069:1af3306] [com.apple.network:connection] nw_connection_modify_estimated_bytes_block_invoke [C15] Incremented estimated bytes to receive by 20, total now 395
2026-02-11 19:22:37.833 Db AnalyticsReactNativeE2E[21069:1af3306] [com.apple.network:connection] nw_connection_modify_estimated_bytes_block_invoke [C15] Using lower threshold 12582912, upper threshold 31457280
2026-02-11 19:22:37.833 Df AnalyticsReactNativeE2E[21069:1af3306] [com.apple.CFNetwork:Default] Task <04B3BD87-A57B-4168-BCB2-66553679F9CF>.<2> response ended
2026-02-11 19:22:37.833 Df AnalyticsReactNativeE2E[21069:1af3306] [com.apple.CFNetwork:Default] Task <04B3BD87-A57B-4168-BCB2-66553679F9CF>.<2> done using Connection 15
2026-02-11 19:22:37.833 Db AnalyticsReactNativeE2E[21069:1af3306] [com.apple.network:activity] Returning should log: 0 for activity cfnetwork:foreground_task
2026-02-11 19:22:37.833 Db AnalyticsReactNativeE2E[21069:1af3306] [com.apple.CFNetwork:Default] Connection 15: set is idle true
2026-02-11 19:22:37.833 Df AnalyticsReactNativeE2E[21069:1af3306] [com.apple.network:connection] [C15] event: client:connection_idle @2.209s
2026-02-11 19:22:37.833 I  AnalyticsReactNativeE2E[21069:1af3306] [com.apple.network:connection] nw_endpoint_handler_report_connection_idle [C15 IPv6#21de5f2f.9091 ready parent-flow (satisfied (Path is satisfied), interface: en0[802.11], uses wifi, LQM: unknown)] Reporting connection idle to protocols
2026-02-11 19:22:37.833 Df AnalyticsReactNativeE2E[21069:1af2831] [com.apple.CFNetwork:Summary] Task <04B3BD87-A57B-4168-BCB2-66553679F9CF>.<2> summary for task success {transaction_duration_ms=3, response_status=200, connection=15, reused=1, reused_after_ms=0, request_start_ms=0, request_duration_ms=0, response_start_ms=3, response_duration_ms=0, request_bytes=1242, request_throughput_kbps=33233, response_bytes=255, response_throughput_kbps=7260, cache_hit=true}
2026-02-11 19:22:37.833 I  AnalyticsReactNativeE2E[21069:1af3306] [com.apple.network:connection] nw_flow_passthrough_notify [C15.1.1 IPv6#21de5f2f.9091 ready socket-flow (satisfied (Path is satisfied), interface: lo0)] received notification connection_idle
2026-02-11 19:22:37.834 Df AnalyticsReactNativeE2E[21069:1af2831] [com.apple.CFNetwork:Default] Task <04B3BD87-A57B-4168-BCB2-66553679F9CF>.<2> finished successfully
2026-02-11 19:22:37.834 Df AnalyticsReactNativeE2E[21069:1af3306] [com.apple.network:connection] nw_protocol_socket_notify [C15.1.1:2] nw_protocol_notification_type_connection_idle is true
2026-02-11 19:22:37.833 I  AnalyticsReactNativeE2E[21069:1af282f] [com.apple.runningboard:assertion] Acquiring assertion: <RBSAssertionDescriptor| "com.apple.CFNetwork.StorageDB" ID:(null) target:21069>
2026-02-11 19:22:37.834 E  AnalyticsReactNativeE2E[21069:1af3306] [com.apple.network:connection] nw_socket_set_connection_idle [C15.1.1:2] setsockopt SO_CONNECTION_IDLE failed [42: Protocol not available]
2026-02-11 19:22:37.834 Db AnalyticsReactNativeE2E[21069:1af2831] [com.apple.network:activity] Returning should log: 0 for activity cfnetwork:foreground_task
2026-02-11 19:22:37.834 Db AnalyticsReactNativeE2E[21069:1af3306] [com.apple.CFNetwork:Default] Connection 15: set is idle true
2026-02-11 19:22:37.834 Db AnalyticsReactNativeE2E[21069:1af2831] [com.apple.network:activity] Returning should log: 0 for activity cfnetwork:foreground_task
2026-02-11 19:22:37.834 Df AnalyticsReactNativeE2E[21069:1af3306] [com.apple.network:connection] [C15] event: client:connection_idle @2.210s
2026-02-11 19:22:37.834 Df AnalyticsReactNativeE2E[21069:1af283d] [com.apple.securityd:SecError] SecTrustReportNetworkingAnalytics failed with error: -4
2026-02-11 19:22:37.834 I  AnalyticsReactNativeE2E[21069:1af3fe5] [com.facebook.react.log:javascript] Sent 1 events
2026-02-11 19:22:37.834 A  AnalyticsReactNativeE2E[21069:1af283d] (Security) SecTrustReportNetworkingAnalytics
2026-02-11 19:22:37.834 Db AnalyticsReactNativeE2E[21069:1af2831] [com.apple.network:activity] No threshold for cfnetwork:foreground_task, returning NW_ACTIVITY_DURATION_INVALID
2026-02-11 19:22:37.834 I  AnalyticsReactNativeE2E[21069:1af3306] [com.apple.network:connection] nw_endpoint_handler_report_connection_idle [C15 IPv6#21de5f2f.9091 ready parent-flow (satisfied (Path is satisfied), interface: en0[802.11], uses wifi, LQM: unknown)] Reporting connection idle to protocols
2026-02-11 19:22:37.834 Db AnalyticsReactNativeE2E[21069:1af2831] [com.apple.network:activity] No threshold for activity <nw_activity 12:2 [F5751406-BE29-45B2-9616-D2A9E01593F7] (reporting strategy default) complete (reason success)>
2026-02-11 19:22:37.834 I  AnalyticsReactNativeE2E[21069:1af3306] [com.apple.network:connection] nw_flow_passthrough_notify [C15.1.1 IPv6#21de5f2f.9091 ready socket-flow (satisfied (Path is satisfied), interface: lo0)] received notification connection_idle
2026-02-11 19:22:37.834 Df AnalyticsReactNativeE2E[21069:1af3306] [com.apple.network:connection] nw_protocol_socket_notify [C15.1.1:2] nw_protocol_notification_type_connection_idle is true
2026-02-11 19:22:37.834 E  AnalyticsReactNativeE2E[21069:1af3306] [com.apple.network:connection] nw_socket_set_connection_idle [C15.1.1:2] setsockopt SO_CONNECTION_IDLE failed [42: Protocol not available]
2026-02-11 19:22:37.835 Df AnalyticsReactNativeE2E[21069:1af283d] [com.apple.securityd:SecError] SecTrustReportNetworkingAnalytics failed with error: -4
2026-02-11 19:22:37.835 Db AnalyticsReactNativeE2E[21069:1af282f] [com.apple.runningboard:assertion] Adding assertion 1422-21069-1352 to dictionary

